t_iso io_some_avg10 io_full_avg10 cpu_some_avg10 loadavg1 vllm_running
2026-09-09T12:39:41+08:00 56.05 55.95 0.08 0.94 NA
2026-09-09T12:39:51+08:00 47.87 47.76 0.02 1.01 NA
2026-09-09T12:40:01+08:00 64.02 63.97 0.01 1.01 NA
2026-09-09T12:40:11+08:00 69.27 69.25 0.00 1.01 NA
2026-09-09T12:40:21+08:00 75.73 75.73 0.00 1.01 NA
2026-09-09T12:40:31+08:00 84.85 84.84 0.00 1.01 NA
2026-09-09T12:40:40+08:00 69.48 69.48 0.00 1.00 NA
2026-09-09T12:40:50+08:00 62.04 61.86 0.36 1.16 NA
2026-09-09T12:41:00+08:00 38.60 38.29 0.87 1.29 NA
2026-09-09T12:41:10+08:00 62.29 62.18 0.32 1.24 NA
2026-09-09T12:41:20+08:00 75.29 75.24 0.11 1.20 NA
2026-09-09T12:41:30+08:00 83.29 83.27 0.04 1.17 NA
2026-09-09T12:41:39+08:00 88.02 88.01 0.01 1.15 NA
2026-09-09T12:41:49+08:00 89.78 89.60 0.00 1.12 NA
2026-09-09T12:41:59+08:00 82.87 82.80 0.00 1.10 NA
2026-09-09T12:42:10+08:00 88.93 88.90 0.00 1.09 NA
2026-09-09T12:42:19+08:00 91.20 91.19 0.00 1.07 NA
2026-09-09T12:42:29+08:00 91.57 91.57 0.00 1.06 NA
2026-09-09T12:42:39+08:00 93.06 92.98 0.00 1.05 NA
2026-09-09T12:42:49+08:00 93.62 93.59 0.00 1.04 NA
2026-09-09T12:42:59+08:00 91.17 91.16 0.00 1.04 NA
2026-09-09T12:43:09+08:00 92.06 92.05 0.00 1.03 NA
2026-09-09T12:43:18+08:00 93.70 93.70 0.00 1.02 NA
2026-09-09T12:43:28+08:00 93.22 93.22 0.00 1.10 NA
2026-09-09T12:43:38+08:00 91.61 91.61 0.00 1.08 NA
2026-09-09T12:43:47+08:00 89.76 89.76 0.00 1.07 NA
2026-09-09T12:43:57+08:00 91.94 91.94 0.00 1.13 NA
2026-09-09T12:44:07+08:00 87.09 87.01 0.00 1.11 NA
2026-09-09T12:44:17+08:00 88.25 88.22 0.00 1.17 NA
2026-09-09T12:44:27+08:00 87.65 87.64 0.00 1.38 NA
2026-09-09T12:44:37+08:00 91.72 91.71 0.00 1.32 NA
2026-09-09T12:44:47+08:00 63.82 63.82 0.00 1.27 NA
2026-09-09T12:44:56+08:00 52.78 52.78 0.00 1.23 NA
2026-09-09T12:45:06+08:00 37.10 37.10 0.00 1.20 0.0
2026-09-09T12:45:16+08:00 14.33 14.33 0.00 1.16 1.0
2026-09-09T12:45:26+08:00 9.13 9.13 0.00 1.22 1.0
2026-09-09T12:45:36+08:00 4.44 4.44 0.00 1.18 1.0
2026-09-09T12:45:46+08:00 3.70 3.70 0.00 1.16 1.0
2026-09-09T12:45:55+08:00 3.68 3.68 0.00 1.13 1.0
2026-09-09T12:46:05+08:00 9.62 9.62 0.00 1.19 1.0
2026-09-09T12:46:15+08:00 3.54 3.54 0.00 1.16 1.0
2026-09-09T12:46:25+08:00 1.30 1.30 0.00 1.14 1.0
2026-09-09T12:46:35+08:00 2.40 2.40 0.00 1.12 1.0
2026-09-09T12:46:45+08:00 1.29 1.29 0.00 1.10 1.0
2026-09-09T12:46:55+08:00 1.01 1.01 0.00 1.08 1.0
2026-09-09T12:47:04+08:00 0.45 0.45 0.00 1.07 1.0
2026-09-09T12:47:14+08:00 0.16 0.16 0.00 1.06 1.0
2026-09-09T12:47:24+08:00 0.07 0.07 0.00 1.05 1.0
2026-09-09T12:47:34+08:00 2.20 2.20 0.00 1.04 1.0
2026-09-09T12:47:44+08:00 3.56 3.56 0.00 1.03 1.0
2026-09-09T12:47:54+08:00 1.39 1.39 0.00 1.03 0.0
2026-09-09T12:48:03+08:00 2.43 2.43 0.00 1.10 1.0
2026-09-09T12:48:13+08:00 0.89 0.89 0.00 1.16 1.0
2026-09-09T12:48:23+08:00 0.87 0.87 0.00 1.14 1.0
2026-09-09T12:48:33+08:00 2.19 2.19 0.00 1.11 1.0
2026-09-09T12:48:43+08:00 5.21 5.21 0.00 1.10 1.0
2026-09-09T12:48:53+08:00 4.36 4.36 0.00 1.16 1.0
2026-09-09T12:49:02+08:00 6.45 6.45 0.00 1.14 1.0
2026-09-09T12:49:12+08:00 10.29 10.29 0.00 1.20 0.0
2026-09-09T12:49:22+08:00 27.51 27.51 0.00 3.01 0.0
2026-09-09T12:49:32+08:00 65.02 65.02 0.00 2.77 0.0
2026-09-09T12:49:42+08:00 41.05 41.05 0.18 2.82 1.0
2026-09-09T12:49:52+08:00 15.11 15.11 0.84 2.54 1.0
2026-09-09T12:50:02+08:00 6.60 6.60 0.94 2.46 1.0
2026-09-09T12:50:11+08:00 2.62 2.62 0.98 2.40 1.0
2026-09-09T12:50:21+08:00 2.39 2.39 0.99 2.34 1.0
2026-09-09T12:50:31+08:00 1.37 1.37 0.99 2.30 1.0
2026-09-09T12:50:41+08:00 1.06 1.06 1.00 2.34 1.0
2026-09-09T12:50:51+08:00 1.38 1.38 1.00 2.13 1.0
2026-09-09T12:51:01+08:00 3.27 3.27 1.00 2.18 1.0
2026-09-09T12:51:10+08:00 2.37 2.37 1.00 2.22 1.0
2026-09-09T12:51:20+08:00 1.96 1.96 1.00 2.41 1.0
2026-09-09T12:51:30+08:00 1.48 1.48 1.00 2.58 1.0
2026-09-09T12:51:40+08:00 1.87 1.87 1.00 2.57 1.0
2026-09-09T12:51:49+08:00 1.91 1.91 1.00 2.57 1.0
2026-09-09T12:51:59+08:00 0.70 0.70 1.18 2.47 1.0
2026-09-09T12:52:09+08:00 0.90 0.90 1.06 2.49 1.0
2026-09-09T12:52:19+08:00 19.24 19.24 18.80 2.26 1.0
2026-09-09T12:52:29+08:00 9.04 9.04 9.20 2.45 1.0
2026-09-09T12:52:39+08:00 5.40 5.32 4.01 2.77 1.0
2026-09-09T12:52:48+08:00 2.28 2.25 2.11 2.72 1.0
2026-09-09T12:52:58+08:00 1.97 1.96 1.40 2.68 1.0
2026-09-09T12:53:08+08:00 0.72 0.72 1.14 2.81 1.0
2026-09-09T12:53:17+08:00 0.26 0.26 1.05 2.53 1.0
2026-09-09T12:53:27+08:00 6.65 5.51 0.83 2.45 0.0
2026-09-09T12:53:38+08:00 22.55 22.00 0.30 2.14 1.0
2026-09-09T12:53:47+08:00 15.14 14.94 0.11 2.04 1.0
2026-09-09T12:53:58+08:00 8.21 8.14 0.04 1.88 1.0
2026-09-09T12:54:08+08:00 5.84 5.82 0.01 1.82 1.0
2026-09-09T12:54:18+08:00 13.49 13.48 0.00 1.69 1.0
2026-09-09T12:54:27+08:00 11.27 11.26 0.00 1.66 0.0
2026-09-09T12:54:37+08:00 14.00 14.00 0.00 1.48 2.0
2026-09-09T12:54:47+08:00 5.35 5.35 0.00 1.56 2.0
2026-09-09T12:54:56+08:00 2.45 2.45 0.00 1.78 2.0
2026-09-09T12:55:06+08:00 0.90 0.90 0.00 1.90 2.0
2026-09-09T12:55:16+08:00 1.38 1.38 0.00 1.84 2.0
2026-09-09T12:55:26+08:00 1.67 1.67 0.00 1.95 2.0
2026-09-09T12:55:36+08:00 4.44 4.44 0.00 1.95 2.0
2026-09-09T12:55:46+08:00 1.63 1.63 0.00 1.95 2.0
2026-09-09T12:55:55+08:00 4.50 4.50 0.00 1.88 2.0
2026-09-09T12:56:05+08:00 2.02 2.02 0.00 1.90 2.0
2026-09-09T12:56:15+08:00 0.92 0.92 0.00 1.84 2.0
2026-09-09T12:56:25+08:00 0.94 0.94 0.00 2.02 2.0
2026-09-09T12:56:35+08:00 0.59 0.59 0.00 2.01 2.0
2026-09-09T12:56:45+08:00 1.18 1.18 0.00 2.02 2.0
2026-09-09T12:56:55+08:00 1.00 1.00 0.00 2.17 2.0
2026-09-09T12:57:04+08:00 0.61 0.61 0.00 2.14 2.0
2026-09-09T12:57:14+08:00 0.22 0.22 0.00 2.11 2.0
2026-09-09T12:57:24+08:00 0.93 0.93 0.00 2.10 2.0
2026-09-09T12:57:33+08:00 1.31 1.31 0.00 2.08 2.0
2026-09-09T12:57:43+08:00 0.58 0.58 0.00 2.07 2.0
2026-09-09T12:57:53+08:00 0.21 0.21 0.00 2.05 2.0
2026-09-09T12:58:03+08:00 1.11 1.11 0.00 2.21 2.0
2026-09-09T12:58:13+08:00 0.89 0.89 0.00 2.25 2.0
2026-09-09T12:58:23+08:00 3.15 3.15 0.00 2.05 1.0
2026-09-09T12:58:32+08:00 1.65 1.65 0.00 1.89 1.0
2026-09-09T12:58:42+08:00 2.05 1.87 0.00 1.82 1.0
2026-09-09T12:58:53+08:00 1.12 1.05 0.00 1.70 1.0
2026-09-09T12:59:02+08:00 1.30 1.28 0.00 1.68 1.0
2026-09-09T12:59:12+08:00 1.37 1.36 0.00 1.49 0.0
2026-09-09T12:59:22+08:00 0.93 0.93 0.00 1.34 3.0
2026-09-09T12:59:32+08:00 0.78 0.78 0.00 1.29 4.0
2026-09-09T12:59:41+08:00 0.89 0.89 0.00 1.32 4.0
2026-09-09T12:59:51+08:00 2.42 2.42 0.00 1.27 4.0
2026-09-09T13:00:01+08:00 1.33 1.33 0.00 1.23 4.0
2026-09-09T13:00:11+08:00 0.49 0.49 0.00 1.35 4.0
2026-09-09T13:00:21+08:00 0.62 0.62 0.00 1.45 4.0
2026-09-09T13:00:31+08:00 1.56 1.56 0.00 1.38 4.0
2026-09-09T13:00:40+08:00 0.73 0.73 0.00 1.39 4.0
2026-09-09T13:00:50+08:00 2.58 2.58 0.00 1.33 4.0
2026-09-09T13:01:00+08:00 1.46 1.46 0.00 1.28 4.0
2026-09-09T13:01:09+08:00 2.46 2.46 0.00 1.24 1.0
2026-09-09T13:01:19+08:00 1.20 1.20 0.00 1.20 4.0
2026-09-09T13:01:29+08:00 3.84 3.84 0.00 1.17 4.0
2026-09-09T13:01:39+08:00 5.53 5.53 0.00 1.14 4.0
2026-09-09T13:01:49+08:00 2.34 2.34 0.00 1.12 4.0
2026-09-09T13:01:59+08:00 0.86 0.86 0.00 1.10 4.0
2026-09-09T13:02:09+08:00 1.39 1.39 0.00 1.08 4.0
2026-09-09T13:02:18+08:00 0.71 0.71 0.00 1.07 4.0
2026-09-09T13:02:28+08:00 0.50 0.50 0.00 1.06 4.0
2026-09-09T13:02:38+08:00 2.15 2.15 0.00 1.05 4.0
2026-09-09T13:02:48+08:00 1.15 1.15 0.00 1.04 4.0
2026-09-09T13:02:58+08:00 4.90 4.90 0.00 0.96 0.0
2026-09-09T13:03:08+08:00 1.88 1.88 0.00 1.05 1.0
2026-09-09T13:03:17+08:00 2.56 2.56 0.00 1.04 1.0
2026-09-09T13:03:27+08:00 3.85 3.85 0.00 1.03 1.0
2026-09-09T13:03:37+08:00 1.71 1.71 0.00 1.03 1.0
2026-09-09T13:03:46+08:00 2.80 2.80 0.00 1.10 1.0
2026-09-09T13:03:56+08:00 1.43 1.43 0.00 1.01 0.0
2026-09-09T13:04:06+08:00 6.44 6.44 0.00 1.01 8.0
2026-09-09T13:04:16+08:00 2.91 2.91 0.00 1.01 8.0
2026-09-09T13:04:26+08:00 2.23 2.23 0.00 1.01 8.0
2026-09-09T13:04:36+08:00 0.82 0.82 0.00 1.01 8.0
2026-09-09T13:04:46+08:00 3.00 3.00 0.00 1.00 8.0
2026-09-09T13:04:55+08:00 1.89 1.89 0.00 1.00 8.0
2026-09-09T13:05:05+08:00 0.69 0.69 0.00 1.00 8.0
2026-09-09T13:05:15+08:00 0.33 0.33 0.00 1.00 8.0
2026-09-09T13:05:24+08:00 2.26 2.26 0.00 1.00 8.0
2026-09-09T13:05:34+08:00 2.46 2.46 0.00 1.00 8.0
2026-09-09T13:05:44+08:00 1.35 1.35 0.00 1.00 8.0
2026-09-09T13:05:54+08:00 1.71 1.71 0.00 1.00 8.0
2026-09-09T13:06:04+08:00 0.62 0.62 0.00 1.00 8.0
2026-09-09T13:06:14+08:00 1.49 1.49 0.00 1.00 8.0
2026-09-09T13:06:24+08:00 2.88 2.88 0.00 1.00 8.0
2026-09-09T13:06:33+08:00 1.06 1.06 0.00 1.00 8.0
2026-09-09T13:06:43+08:00 0.39 0.39 0.00 1.00 8.0
2026-09-09T13:06:53+08:00 0.14 0.14 0.00 1.07 8.0
2026-09-09T13:07:02+08:00 0.06 0.06 0.00 1.06 8.0
2026-09-09T13:07:12+08:00 0.63 0.63 0.00 1.05 8.0
2026-09-09T13:07:23+08:00 0.23 0.23 0.00 1.04 8.0
2026-09-09T13:07:32+08:00 0.08 0.08 0.00 1.04 4.0
2026-09-09T13:07:42+08:00 0.57 0.57 0.00 0.95 0.0
2026-09-09T13:07:52+08:00 0.21 0.21 0.08 0.96 1.0
2026-09-09T13:08:01+08:00 0.64 0.64 0.02 0.96 1.0
2026-09-09T13:08:11+08:00 0.83 0.83 0.00 0.97 1.0
2026-09-09T13:08:21+08:00 1.39 1.39 0.00 0.98 1.0
2026-09-09T13:08:31+08:00 2.23 2.23 0.00 1.05 1.0
2026-09-09T13:08:41+08:00 2.25 2.25 0.00 1.05 0.0
2026-09-09T13:08:51+08:00 2.43 2.43 0.00 1.12 16.0
2026-09-09T13:09:01+08:00 2.38 2.38 0.00 1.10 16.0
2026-09-09T13:09:10+08:00 0.97 0.97 0.00 1.08 16.0
2026-09-09T13:09:20+08:00 1.26 1.26 0.00 1.07 16.0
2026-09-09T13:09:30+08:00 1.55 1.55 0.00 1.06 16.0
2026-09-09T13:09:39+08:00 1.05 1.05 0.00 1.05 16.0
2026-09-09T13:09:49+08:00 2.15 2.15 0.00 1.04 16.0
2026-09-09T13:09:59+08:00 1.45 1.45 0.00 1.03 16.0
2026-09-09T13:10:09+08:00 0.61 0.61 0.00 1.25 16.0
2026-09-09T13:10:19+08:00 1.07 1.07 0.00 1.21 6.0
2026-09-09T13:10:29+08:00 3.23 3.23 0.00 1.18 16.0
2026-09-09T13:10:38+08:00 3.90 3.90 0.00 1.15 16.0
2026-09-09T13:10:48+08:00 1.73 1.73 0.44 1.13 16.0
2026-09-09T13:10:58+08:00 0.81 0.81 0.16 1.11 16.0
2026-09-09T13:11:07+08:00 0.89 0.89 0.05 1.32 16.0
2026-09-09T13:11:17+08:00 4.66 4.66 0.02 1.42 16.0
2026-09-09T13:11:28+08:00 3.83 3.83 0.00 1.36 16.0
2026-09-09T13:11:38+08:00 3.84 3.84 0.00 1.38 16.0
2026-09-09T13:11:47+08:00 1.77 1.77 0.00 1.32 16.0
2026-09-09T13:11:57+08:00 1.38 1.38 0.00 1.27 16.0
2026-09-09T13:12:07+08:00 1.65 1.65 0.00 1.23 16.0
2026-09-09T13:12:16+08:00 7.12 7.12 0.00 1.49 14.0
2026-09-09T13:12:26+08:00 3.52 3.52 0.00 1.41 0.0
2026-09-09T13:12:36+08:00 1.85 1.85 0.00 1.43 1.0
2026-09-09T13:12:46+08:00 0.68 0.68 0.00 1.36 1.0
2026-09-09T13:12:56+08:00 0.49 0.49 0.00 1.31 1.0
2026-09-09T13:13:06+08:00 0.22 0.22 0.00 1.26 1.0
2026-09-09T13:13:15+08:00 0.92 0.92 0.00 1.22 1.0
2026-09-09T13:13:25+08:00 1.67 1.67 0.00 1.18 0.0
2026-09-09T13:13:35+08:00 0.61 0.61 0.00 1.30 27.0
2026-09-09T13:13:45+08:00 1.16 1.16 0.00 1.26 32.0
2026-09-09T13:13:54+08:00 1.48 1.48 0.00 1.22 32.0
2026-09-09T13:14:04+08:00 0.54 0.54 0.00 1.55 32.0
2026-09-09T13:14:14+08:00 0.85 0.85 0.00 1.47 32.0
2026-09-09T13:14:24+08:00 1.00 1.00 0.00 1.39 32.0
2026-09-09T13:14:34+08:00 0.45 0.45 0.00 1.33 32.0
2026-09-09T13:14:44+08:00 0.32 0.32 0.00 1.28 32.0
2026-09-09T13:14:53+08:00 1.32 1.32 0.00 1.16 32.0
2026-09-09T13:15:03+08:00 1.47 1.47 0.00 1.13 32.0
2026-09-09T13:15:13+08:00 2.08 2.08 0.00 1.11 32.0
2026-09-09T13:15:22+08:00 3.75 3.75 0.00 1.09 32.0
2026-09-09T13:15:32+08:00 1.38 1.38 0.00 1.16 32.0
2026-09-09T13:15:42+08:00 0.87 0.87 0.00 1.13 32.0
2026-09-09T13:15:52+08:00 0.56 0.56 0.00 1.11 32.0
2026-09-09T13:16:02+08:00 0.99 0.99 0.00 1.17 32.0
2026-09-09T13:16:12+08:00 1.47 1.47 0.00 1.14 32.0
2026-09-09T13:16:22+08:00 0.54 0.54 0.00 1.12 32.0
2026-09-09T13:16:31+08:00 0.77 0.77 0.00 1.10 32.0
2026-09-09T13:16:41+08:00 0.28 0.28 0.00 1.08 32.0
2026-09-09T13:16:51+08:00 1.13 1.13 0.00 1.07 32.0
2026-09-09T13:17:00+08:00 1.47 1.47 0.00 1.06 0.0
2026-09-09T13:17:10+08:00 9.26 9.26 0.00 1.12 0.0
2026-09-09T13:17:20+08:00 14.22 14.22 0.00 1.25 0.0
2026-09-09T13:17:30+08:00 6.79 6.79 0.00 1.21 1.0
2026-09-09T13:17:40+08:00 2.50 2.50 0.00 1.18 1.0
2026-09-09T13:17:50+08:00 1.89 1.89 0.00 1.15 1.0
2026-09-09T13:17:59+08:00 0.92 0.77 0.00 1.12 1.0
2026-09-09T13:18:09+08:00 1.83 1.77 0.00 1.10 1.0
2026-09-09T13:18:19+08:00 9.01 8.99 0.00 1.17 45.0
2026-09-09T13:18:29+08:00 6.73 6.72 0.00 1.30 64.0
2026-09-09T13:18:38+08:00 8.44 8.43 0.00 1.33 28.0
2026-09-09T13:18:48+08:00 4.72 4.72 0.00 1.43 64.0
2026-09-09T13:18:58+08:00 6.68 6.54 0.00 1.60 28.0
2026-09-09T13:19:08+08:00 3.90 3.84 0.00 1.95 64.0
2026-09-09T13:19:18+08:00 5.00 4.98 0.00 1.81 28.0
2026-09-09T13:19:28+08:00 4.17 4.16 0.00 1.84 64.0
2026-09-09T13:19:37+08:00 4.93 4.92 0.00 1.71 35.0
2026-09-09T13:19:47+08:00 5.56 5.38 0.00 1.60 64.0
2026-09-09T13:19:57+08:00 7.33 7.26 0.00 1.50 57.0
2026-09-09T13:20:06+08:00 3.14 3.11 0.00 1.43 64.0
2026-09-09T13:20:16+08:00 4.58 4.42 0.00 1.52 64.0
2026-09-09T13:20:26+08:00 2.18 2.10 0.00 1.52 64.0
2026-09-09T13:20:36+08:00 2.22 2.19 0.00 1.52 64.0
2026-09-09T13:20:46+08:00 5.49 5.48 0.00 1.36 64.0
2026-09-09T13:20:56+08:00 6.33 6.32 0.00 1.31 64.0
2026-09-09T13:21:06+08:00 7.15 7.15 0.00 1.34 64.0
2026-09-09T13:21:15+08:00 6.87 6.87 0.00 1.29 64.0
2026-09-09T13:21:25+08:00 5.13 5.13 0.00 1.24 64.0
2026-09-09T13:21:35+08:00 5.80 5.70 0.00 1.20 64.0
2026-09-09T13:21:44+08:00 6.36 6.33 0.00 1.25 28.0
2026-09-09T13:21:54+08:00 4.24 4.22 0.00 1.14 0.0
2026-09-09T13:22:05+08:00 7.72 7.64 0.00 1.12 0.0
2026-09-09T13:22:14+08:00 6.35 6.32 0.00 1.02 0.0
2026-09-09T13:22:24+08:00 4.54 4.53 0.00 1.09 1.0
2026-09-09T13:22:34+08:00 5.32 5.32 0.00 1.08 1.0
2026-09-09T13:22:43+08:00 6.96 6.96 0.00 1.14 1.0
2026-09-09T13:22:53+08:00 10.53 10.53 0.00 1.12 1.0
2026-09-09T13:23:03+08:00 6.46 6.46 0.00 1.10 1.0
2026-09-09T13:23:12+08:00 7.90 7.90 0.00 1.08 0.0
2026-09-09T13:23:22+08:00 5.74 5.74 0.00 1.14 96.0
2026-09-09T13:23:33+08:00 2.11 2.11 0.00 1.20 96.0
2026-09-09T13:23:43+08:00 0.92 0.92 0.00 1.17 82.0
2026-09-09T13:23:52+08:00 0.33 0.33 0.00 1.52 96.0
2026-09-09T13:24:02+08:00 0.12 0.12 0.00 1.44 96.0
2026-09-09T13:24:12+08:00 1.54 1.54 0.00 1.37 96.0
2026-09-09T13:24:23+08:00 0.68 0.68 0.00 1.31 NA
2026-09-09T13:24:39+08:00 17.93 17.93 0.00 1.75 96.0
2026-09-09T13:24:48+08:00 18.01 18.01 0.00 2.03 96.0
2026-09-09T13:24:58+08:00 21.88 21.88 0.00 2.09 96.0
2026-09-09T13:25:08+08:00 8.05 8.05 0.00 1.92 70.0
2026-09-09T13:25:19+08:00 2.96 2.96 0.00 1.86 70.0
2026-09-09T13:25:28+08:00 1.09 1.09 0.00 1.72 96.0
2026-09-09T13:25:38+08:00 0.40 0.40 0.00 1.77 96.0
2026-09-09T13:25:48+08:00 0.14 0.14 0.00 1.65 96.0
2026-09-09T13:25:57+08:00 0.05 0.05 0.00 1.55 96.0
2026-09-09T13:26:07+08:00 0.01 0.01 0.00 1.46 96.0
2026-09-09T13:26:17+08:00 0.00 0.00 0.00 1.39 96.0
2026-09-09T13:26:26+08:00 0.00 0.00 0.00 1.41 69.0
2026-09-09T13:26:37+08:00 0.00 0.00 0.00 1.35 82.0
2026-09-09T13:26:47+08:00 0.00 0.00 0.00 1.29 96.0
2026-09-09T13:26:56+08:00 0.00 0.00 0.00 1.17 0.0
2026-09-09T13:27:06+08:00 0.00 0.00 0.00 1.15 0.0
2026-09-09T13:27:16+08:00 0.00 0.00 0.00 1.12 0.0
2026-09-09T13:27:25+08:00 0.14 0.14 0.14 1.10 0.0
2026-09-09T13:27:35+08:00 0.05 0.05 0.05 1.09 1.0
2026-09-09T13:27:45+08:00 0.02 0.02 0.02 1.07 1.0
2026-09-09T13:27:55+08:00 0.00 0.00 0.00 1.06 1.0
2026-09-09T13:28:05+08:00 2.22 2.22 0.00 1.05 1.0
2026-09-09T13:28:15+08:00 0.81 0.81 0.00 1.04 1.0
2026-09-09T13:28:25+08:00 0.29 0.29 0.00 1.03 102.0
2026-09-09T13:28:34+08:00 0.10 0.10 0.00 1.27 128.0
2026-09-09T13:28:44+08:00 0.20 0.20 0.00 1.22 128.0
2026-09-09T13:28:54+08:00 0.07 0.07 0.00 1.26 92.0
2026-09-09T13:29:03+08:00 0.02 0.02 0.00 1.22 128.0
2026-09-09T13:29:13+08:00 0.01 0.01 0.00 1.26 128.0
2026-09-09T13:29:23+08:00 0.00 0.00 0.00 1.22 116.0
2026-09-09T13:29:33+08:00 1.09 1.09 0.00 1.41 128.0
2026-09-09T13:29:43+08:00 0.40 0.40 0.00 1.42 128.0
2026-09-09T13:29:53+08:00 0.14 0.14 0.00 1.35 128.0
2026-09-09T13:30:03+08:00 0.35 0.35 0.00 1.30 128.0
2026-09-09T13:30:12+08:00 0.12 0.12 0.00 1.25 92.0
2026-09-09T13:30:22+08:00 0.04 0.04 0.00 1.21 128.0
2026-09-09T13:30:32+08:00 2.39 2.39 0.00 1.18 128.0
2026-09-09T13:30:41+08:00 1.07 1.07 0.00 1.15 92.0
2026-09-09T13:30:51+08:00 0.39 0.39 0.00 1.21 128.0
2026-09-09T13:31:01+08:00 0.14 0.14 0.00 1.18 128.0
2026-09-09T13:31:11+08:00 0.05 0.05 0.00 1.15 122.0
2026-09-09T13:31:21+08:00 0.01 0.01 0.00 1.12 128.0
2026-09-09T13:31:31+08:00 0.00 0.00 0.00 1.11 128.0
2026-09-09T13:31:40+08:00 0.00 0.00 0.00 1.09 0.0
2026-09-09T13:31:50+08:00 0.00 0.00 0.00 1.07 0.0
2026-09-09T13:32:00+08:00 0.00 0.00 0.00 1.06 0.0
2026-09-09T13:32:09+08:00 0.00 0.00 0.00 1.05 0.0
2026-09-09T13:32:19+08:00 0.00 0.00 0.00 1.04 1.0
2026-09-09T13:32:29+08:00 0.00 0.00 0.00 1.04 1.0
2026-09-09T13:32:39+08:00 0.00 0.00 0.00 1.03 1.0
2026-09-09T13:32:49+08:00 0.12 0.12 0.00 1.03 1.0
2026-09-09T13:32:59+08:00 4.46 4.46 0.00 1.02 1.0
2026-09-09T13:33:09+08:00 1.64 1.64 0.00 1.02 0.0
2026-09-09T13:33:18+08:00 0.60 0.60 0.00 1.01 192.0
2026-09-09T13:33:28+08:00 0.22 0.22 0.00 1.17 192.0
2026-09-09T13:33:38+08:00 0.09 0.09 0.00 1.14 192.0
2026-09-09T13:33:47+08:00 0.03 0.03 0.00 1.20 192.0
2026-09-09T13:33:57+08:00 0.01 0.01 0.00 1.25 192.0
2026-09-09T13:34:07+08:00 0.00 0.00 0.00 1.21 192.0
2026-09-09T13:34:17+08:00 0.00 0.00 0.00 1.18 192.0
2026-09-09T13:34:27+08:00 0.00 0.00 0.00 1.15 192.0
2026-09-09T13:34:37+08:00 0.00 0.00 0.00 1.13 158.0
2026-09-09T13:34:46+08:00 0.00 0.00 0.00 1.11 158.0
2026-09-09T13:34:56+08:00 0.00 0.00 0.00 1.16 158.0
2026-09-09T13:35:06+08:00 0.00 0.00 0.00 1.21 158.0
2026-09-09T13:35:16+08:00 0.00 0.00 0.00 1.18 184.0
2026-09-09T13:35:25+08:00 0.00 0.00 0.00 1.23 192.0
2026-09-09T13:35:35+08:00 0.88 0.88 0.00 1.26 192.0
2026-09-09T13:35:45+08:00 1.14 1.14 0.00 1.30 192.0
2026-09-09T13:35:55+08:00 0.41 0.41 0.00 1.26 192.0
2026-09-09T13:36:05+08:00 1.42 1.24 0.00 1.22 192.0
2026-09-09T13:36:15+08:00 0.68 0.61 0.00 1.26 192.0
2026-09-09T13:36:24+08:00 0.25 0.22 0.00 1.30 192.0
2026-09-09T13:36:34+08:00 0.11 0.10 0.00 1.26 0.0
2026-09-09T13:36:44+08:00 0.04 0.03 0.00 1.22 0.0
2026-09-09T13:36:53+08:00 0.01 0.01 0.00 1.18 0.0
2026-09-09T13:37:03+08:00 1.63 1.63 0.00 1.15 0.0
2026-09-09T13:37:14+08:00 0.60 0.60 0.00 1.13 0.0
2026-09-09T13:37:24+08:00 0.22 0.22 0.00 1.04 1.0
2026-09-09T13:37:33+08:00 0.08 0.08 0.00 1.03 1.0
2026-09-09T13:37:43+08:00 0.02 0.02 0.00 1.02 1.0
2026-09-09T13:37:53+08:00 2.07 2.07 0.00 1.02 1.0
2026-09-09T13:38:02+08:00 5.94 5.94 0.00 1.02 1.0
2026-09-09T13:38:12+08:00 2.18 2.18 0.00 1.01 0.0
2026-09-09T13:38:22+08:00 1.29 1.29 0.00 1.01 256.0
2026-09-09T13:38:32+08:00 0.55 0.55 0.00 1.16 222.0
2026-09-09T13:38:42+08:00 0.59 0.59 0.00 1.21 247.0
2026-09-09T13:38:52+08:00 0.74 0.74 0.00 1.18 256.0
2026-09-09T13:39:01+08:00 1.12 1.12 0.00 1.15 256.0
2026-09-09T13:39:11+08:00 1.75 1.67 0.00 1.21 222.0
2026-09-09T13:39:21+08:00 1.39 1.36 0.00 1.18 256.0
2026-09-09T13:39:30+08:00 0.72 0.71 0.00 1.15 256.0
2026-09-09T13:39:40+08:00 0.26 0.26 0.00 1.12 221.0
2026-09-09T13:39:50+08:00 0.09 0.09 0.00 1.19 256.0
2026-09-09T13:40:00+08:00 0.03 0.03 0.00 1.16 256.0
2026-09-09T13:40:10+08:00 0.01 0.01 0.00 1.29 222.0
2026-09-09T13:40:20+08:00 0.08 0.08 0.00 1.24 256.0
2026-09-09T13:40:30+08:00 0.11 0.11 0.00 1.20 256.0
2026-09-09T13:40:39+08:00 0.30 0.30 0.00 1.17 222.0
2026-09-09T13:40:49+08:00 0.11 0.11 0.00 1.15 256.0
2026-09-09T13:40:59+08:00 0.79 0.79 0.00 1.20 256.0
2026-09-09T13:41:08+08:00 0.69 0.69 0.00 1.17 222.0
2026-09-09T13:41:18+08:00 0.25 0.25 0.00 1.14 256.0
2026-09-09T13:41:28+08:00 0.09 0.09 0.00 1.27 256.0
2026-09-09T13:41:38+08:00 0.03 0.03 0.00 1.31 222.0
2026-09-09T13:41:48+08:00 0.55 0.55 0.00 1.34 0.0
2026-09-09T13:41:58+08:00 0.20 0.20 0.00 1.28 0.0
2026-09-09T13:42:07+08:00 0.40 0.40 0.00 1.24 0.0
2026-09-09T13:42:17+08:00 0.97 0.97 0.00 1.20 0.0
2026-09-09T13:42:27+08:00 0.43 0.43 0.00 1.17 0.0
2026-09-09T13:42:37+08:00 0.16 0.16 0.00 1.14 0.0
