t_iso io_some_avg10 io_full_avg10 cpu_some_avg10 loadavg1 vllm_running
2026-09-10T12:33:12+08:00 43.05 42.90 0.00 1.27 NA
2026-09-10T12:33:22+08:00 26.66 26.59 0.00 1.08 NA
2026-09-10T12:33:29+08:00 19.44 19.41 0.00 2.76 NA
2026-09-10T12:33:39+08:00 9.15 9.14 0.90 2.64 NA
2026-09-10T12:33:49+08:00 33.23 33.23 0.40 2.46 NA
2026-09-10T12:33:57+08:00 28.98 28.83 0.14 2.23 NA
2026-09-10T12:34:07+08:00 44.30 44.23 0.06 2.04 NA
2026-09-10T12:34:17+08:00 42.63 42.61 0.02 2.03 NA
2026-09-10T12:34:24+08:00 56.60 56.59 0.00 1.87 NA
2026-09-10T12:34:35+08:00 27.18 27.18 0.00 1.68 NA
2026-09-10T12:34:45+08:00 14.41 14.40 0.00 1.57 1.0
2026-09-10T12:34:52+08:00 8.93 8.93 0.00 1.63 1.0
2026-09-10T12:35:02+08:00 3.28 3.28 0.00 1.53 1.0
2026-09-10T12:35:12+08:00 2.32 2.32 0.00 1.45 1.0
2026-09-10T12:35:20+08:00 2.21 2.21 0.00 1.38 1.0
2026-09-10T12:35:30+08:00 1.26 1.26 0.00 1.40 1.0
2026-09-10T12:35:40+08:00 0.56 0.56 0.00 1.34 1.0
2026-09-10T12:35:47+08:00 1.98 1.83 0.00 1.29 1.0
2026-09-10T12:35:57+08:00 2.22 2.16 0.00 1.24 1.0
2026-09-10T12:36:07+08:00 9.66 9.63 0.00 1.36 1.0
2026-09-10T12:36:15+08:00 4.19 4.18 0.00 1.53 0.0
2026-09-10T12:36:25+08:00 2.79 2.78 0.00 1.44 13.0
2026-09-10T12:36:35+08:00 1.02 1.02 0.00 1.38 8.0
2026-09-10T12:36:42+08:00 3.54 3.54 0.00 1.32 7.0
2026-09-10T12:36:52+08:00 1.54 1.54 0.00 1.27 9.0
2026-09-10T12:37:02+08:00 0.69 0.69 0.00 1.23 8.0
2026-09-10T12:37:10+08:00 0.71 0.71 0.00 1.19 14.0
2026-09-10T12:37:20+08:00 0.26 0.26 0.00 1.16 10.0
2026-09-10T12:37:30+08:00 1.49 1.49 0.00 1.14 5.0
2026-09-10T12:37:38+08:00 0.69 0.69 0.00 1.11 11.0
2026-09-10T12:37:48+08:00 1.77 1.64 0.00 1.32 13.0
2026-09-10T12:37:58+08:00 1.55 1.51 0.00 1.27 8.0
2026-09-10T12:38:05+08:00 3.98 3.81 0.00 1.23 11.0
2026-09-10T12:38:15+08:00 2.39 2.32 0.00 1.19 9.0
2026-09-10T12:38:25+08:00 0.88 0.85 0.00 1.16 11.0
2026-09-10T12:38:33+08:00 1.20 1.19 0.00 1.14 8.0
2026-09-10T12:38:43+08:00 4.70 4.70 0.00 1.19 9.0
2026-09-10T12:38:53+08:00 4.83 4.83 0.00 1.16 10.0
2026-09-10T12:39:00+08:00 2.12 2.12 0.00 1.13 8.0
2026-09-10T12:39:10+08:00 1.01 1.01 0.00 1.19 12.0
2026-09-10T12:39:20+08:00 0.78 0.78 0.00 1.16 11.0
2026-09-10T12:39:28+08:00 1.13 1.13 0.00 1.21 13.0
2026-09-10T12:39:38+08:00 0.50 0.50 0.00 1.17 9.0
2026-09-10T12:39:48+08:00 0.58 0.58 0.00 1.30 6.0
2026-09-10T12:39:55+08:00 0.21 0.21 0.00 1.26 7.0
2026-09-10T12:40:05+08:00 2.99 2.99 0.00 1.22 14.0
2026-09-10T12:40:15+08:00 1.25 1.25 0.00 1.18 15.0
2026-09-10T12:40:23+08:00 0.71 0.71 0.00 1.23 9.0
2026-09-10T12:40:33+08:00 2.27 2.27 0.00 1.20 8.0
2026-09-10T12:40:43+08:00 4.46 4.28 0.00 1.33 4.0
2026-09-10T12:40:50+08:00 3.57 3.50 0.00 1.28 11.0
2026-09-10T12:41:01+08:00 1.31 1.28 0.00 1.23 0.0
2026-09-10T12:41:11+08:00 2.03 2.02 0.00 1.20 0.0
2026-09-10T12:41:18+08:00 4.11 4.10 0.00 1.17 1.0
2026-09-10T12:41:28+08:00 4.64 4.64 0.00 1.14 1.0
2026-09-10T12:41:38+08:00 7.20 7.20 0.00 1.04 0.0
2026-09-10T12:41:46+08:00 3.19 3.19 0.00 1.03 16.0
2026-09-10T12:41:56+08:00 1.63 1.63 0.00 1.03 17.0
2026-09-10T12:42:06+08:00 0.60 0.60 0.00 1.02 22.0
2026-09-10T12:42:13+08:00 2.79 2.65 0.00 1.09 20.0
2026-09-10T12:42:23+08:00 1.17 1.12 0.00 1.08 24.0
2026-09-10T12:42:33+08:00 0.52 0.50 0.00 1.22 18.0
2026-09-10T12:42:41+08:00 3.75 3.74 0.00 1.19 25.0
2026-09-10T12:42:51+08:00 1.72 1.72 0.00 1.08 28.0
2026-09-10T12:43:01+08:00 0.87 0.87 0.00 1.15 22.0
2026-09-10T12:43:08+08:00 0.52 0.52 0.00 1.20 18.0
2026-09-10T12:43:18+08:00 8.67 8.57 0.00 1.17 32.0
2026-09-10T12:43:28+08:00 4.08 4.04 0.00 1.14 32.0
2026-09-10T12:43:36+08:00 1.94 1.85 0.00 1.12 11.0
2026-09-10T12:43:46+08:00 1.07 1.03 0.00 1.10 30.0
2026-09-10T12:43:56+08:00 0.39 0.37 0.00 1.09 20.0
2026-09-10T12:44:04+08:00 1.76 1.66 0.00 1.07 19.0
2026-09-10T12:44:14+08:00 0.73 0.69 0.00 1.06 19.0
2026-09-10T12:44:24+08:00 0.26 0.25 0.00 1.12 17.0
2026-09-10T12:44:31+08:00 1.09 1.08 0.00 1.11 16.0
2026-09-10T12:44:41+08:00 0.92 0.92 0.00 1.09 19.0
2026-09-10T12:44:51+08:00 0.69 0.69 0.00 1.07 24.0
2026-09-10T12:44:59+08:00 1.01 1.01 0.00 1.06 12.0
2026-09-10T12:45:09+08:00 1.64 1.64 0.00 1.05 39.0
2026-09-10T12:45:19+08:00 0.60 0.60 0.00 1.20 26.0
2026-09-10T12:45:26+08:00 0.42 0.42 0.00 1.24 13.0
2026-09-10T12:45:36+08:00 0.19 0.19 0.00 1.20 14.0
2026-09-10T12:45:46+08:00 2.11 2.11 0.00 1.25 17.0
2026-09-10T12:45:54+08:00 2.59 2.59 0.00 1.28 33.0
2026-09-10T12:46:04+08:00 1.39 1.39 0.00 1.24 25.0
2026-09-10T12:46:14+08:00 1.32 1.32 0.00 1.20 19.0
2026-09-10T12:46:21+08:00 1.53 1.43 0.00 1.17 0.0
2026-09-10T12:46:31+08:00 0.56 0.52 0.00 1.14 0.0
2026-09-10T12:46:42+08:00 2.06 2.04 0.00 1.12 0.0
2026-09-10T12:46:51+08:00 2.51 2.50 0.00 1.10 0.0
2026-09-10T12:47:02+08:00 6.52 6.52 0.00 1.61 1.0
2026-09-10T12:47:12+08:00 4.98 4.98 0.00 1.52 1.0
2026-09-10T12:47:19+08:00 2.52 2.52 0.00 3.36 0.0
2026-09-10T12:47:29+08:00 1.74 1.74 0.00 2.92 33.0
2026-09-10T12:47:39+08:00 0.78 0.78 0.00 2.63 25.0
2026-09-10T12:47:47+08:00 2.50 2.50 0.00 2.30 18.0
2026-09-10T12:47:57+08:00 4.36 4.09 0.00 2.10 25.0
2026-09-10T12:48:07+08:00 1.78 1.68 0.00 1.93 19.0
2026-09-10T12:48:15+08:00 1.05 1.02 0.00 1.86 34.0
2026-09-10T12:48:25+08:00 1.08 1.07 0.00 1.73 17.0
2026-09-10T12:48:35+08:00 0.39 0.39 0.00 1.62 23.0
2026-09-10T12:48:42+08:00 1.80 1.80 0.00 1.59 15.0
2026-09-10T12:48:52+08:00 1.27 1.27 0.00 1.58 33.0
2026-09-10T12:49:02+08:00 0.69 0.69 0.00 1.49 23.0
2026-09-10T12:49:10+08:00 0.41 0.41 0.00 1.42 19.0
2026-09-10T12:49:20+08:00 2.00 2.00 0.00 1.35 26.0
2026-09-10T12:49:30+08:00 2.65 2.65 0.00 1.30 33.0
2026-09-10T12:49:37+08:00 1.15 1.15 0.00 1.25 29.0
2026-09-10T12:49:47+08:00 1.24 1.24 0.00 1.21 19.0
2026-09-10T12:49:57+08:00 1.69 1.69 0.00 1.18 22.0
2026-09-10T12:50:05+08:00 0.93 0.93 0.00 1.23 25.0
2026-09-10T12:50:15+08:00 0.78 0.78 0.00 1.20 22.0
2026-09-10T12:50:25+08:00 2.32 1.92 0.00 1.16 30.0
2026-09-10T12:50:33+08:00 3.59 3.41 0.00 1.14 32.0
2026-09-10T12:50:43+08:00 1.32 1.25 0.00 1.28 19.0
2026-09-10T12:50:53+08:00 2.58 2.37 0.00 1.38 37.0
2026-09-10T12:51:00+08:00 10.29 10.21 0.00 1.32 20.0
2026-09-10T12:51:10+08:00 4.82 4.65 0.00 1.27 21.0
2026-09-10T12:51:20+08:00 3.25 2.99 0.00 1.31 20.0
2026-09-10T12:51:28+08:00 2.78 2.53 0.00 1.34 20.0
2026-09-10T12:51:38+08:00 2.39 2.28 0.00 1.29 20.0
2026-09-10T12:51:48+08:00 0.88 0.84 0.00 1.22 25.0
2026-09-10T12:51:55+08:00 1.75 1.74 0.00 1.19 22.0
2026-09-10T12:52:05+08:00 0.78 0.78 0.00 1.16 0.0
2026-09-10T12:52:15+08:00 0.53 0.53 0.00 1.21 0.0
2026-09-10T12:52:23+08:00 3.69 3.69 0.00 1.18 0.0
2026-09-10T12:52:33+08:00 1.36 1.36 0.00 1.15 1.0
2026-09-10T12:52:43+08:00 0.88 0.88 0.00 1.13 1.0
2026-09-10T12:52:50+08:00 0.64 0.64 0.00 1.03 0.0
2026-09-10T12:53:00+08:00 0.46 0.46 0.00 1.02 24.0
2026-09-10T12:53:11+08:00 2.20 2.20 0.00 1.02 36.0
2026-09-10T12:53:18+08:00 1.72 1.72 0.00 1.02 43.0
2026-09-10T12:53:28+08:00 0.87 0.87 0.00 1.01 32.0
2026-09-10T12:53:38+08:00 0.86 0.86 0.00 0.94 17.0
2026-09-10T12:53:46+08:00 1.80 1.80 0.00 1.35 35.0
2026-09-10T12:53:56+08:00 0.80 0.80 0.00 1.37 38.0
2026-09-10T12:54:06+08:00 1.20 1.20 0.00 1.32 24.0
2026-09-10T12:54:13+08:00 1.73 1.73 0.00 1.51 24.0
2026-09-10T12:54:23+08:00 1.67 1.67 0.00 1.50 18.0
2026-09-10T12:54:33+08:00 0.76 0.76 0.00 1.43 29.0
2026-09-10T12:54:41+08:00 5.57 5.57 0.00 1.43 40.0
2026-09-10T12:54:51+08:00 2.05 2.05 0.00 1.37 15.0
2026-09-10T12:55:00+08:00 4.72 4.72 0.00 1.39 25.0
2026-09-10T12:55:08+08:00 3.87 3.87 0.00 1.33 46.0
2026-09-10T12:55:18+08:00 1.42 1.42 0.00 1.28 32.0
2026-09-10T12:55:28+08:00 0.63 0.63 0.00 1.32 29.0
2026-09-10T12:55:36+08:00 0.39 0.39 0.00 1.27 43.0
2026-09-10T12:55:46+08:00 2.54 2.54 0.00 1.23 40.0
2026-09-10T12:55:55+08:00 2.32 2.32 0.00 1.27 45.0
2026-09-10T12:56:04+08:00 1.59 1.59 0.00 1.39 42.0
2026-09-10T12:56:14+08:00 7.98 7.57 0.00 1.33 38.0
2026-09-10T12:56:23+08:00 5.37 5.22 0.00 1.28 26.0
2026-09-10T12:56:31+08:00 2.51 2.44 0.00 1.24 24.0
2026-09-10T12:56:41+08:00 1.22 1.19 0.00 1.20 46.0
2026-09-10T12:56:49+08:00 2.21 2.00 0.00 1.17 14.0
2026-09-10T12:56:59+08:00 1.22 1.14 0.00 1.14 44.0
2026-09-10T12:57:09+08:00 0.74 0.71 0.00 1.43 25.0
2026-09-10T12:57:16+08:00 1.32 1.31 0.00 1.36 25.0
2026-09-10T12:57:26+08:00 1.90 1.75 0.00 1.31 26.0
2026-09-10T12:57:36+08:00 0.85 0.78 0.00 1.26 0.0
2026-09-10T12:57:44+08:00 0.51 0.48 0.00 1.22 0.0
2026-09-10T12:57:54+08:00 5.02 5.01 0.00 1.18 0.0
2026-09-10T12:58:04+08:00 5.22 5.22 0.00 1.08 0.0
2026-09-10T12:58:11+08:00 3.08 3.08 0.00 1.14 1.0
2026-09-10T12:58:21+08:00 2.08 2.08 0.00 1.12 1.0
2026-09-10T12:58:31+08:00 0.86 0.86 0.00 1.03 0.0
2026-09-10T12:58:39+08:00 1.65 1.65 0.00 1.10 48.0
2026-09-10T12:58:49+08:00 8.80 8.70 0.00 1.32 25.0
2026-09-10T12:58:59+08:00 5.17 5.13 0.00 1.27 29.0
2026-09-10T12:59:07+08:00 3.06 3.04 0.00 1.55 24.0
2026-09-10T12:59:17+08:00 3.39 3.39 0.00 1.54 29.0
2026-09-10T12:59:27+08:00 2.32 2.31 0.00 1.61 37.0
2026-09-10T12:59:35+08:00 2.70 2.70 0.00 1.51 34.0
2026-09-10T12:59:45+08:00 1.50 1.50 0.00 1.51 36.0
2026-09-10T12:59:55+08:00 0.87 0.87 0.00 1.43 39.0
2026-09-10T13:00:02+08:00 1.59 1.59 0.00 1.52 30.0
2026-09-10T13:00:12+08:00 0.71 0.71 0.00 1.44 41.0
2026-09-10T13:00:22+08:00 0.50 0.50 0.00 1.37 18.0
2026-09-10T13:00:30+08:00 3.30 3.07 0.00 1.32 32.0
2026-09-10T13:00:40+08:00 1.48 1.38 0.00 1.27 33.0
2026-09-10T13:00:50+08:00 1.64 1.60 0.00 1.23 32.0
2026-09-10T13:00:57+08:00 0.88 0.86 0.00 1.35 23.0
2026-09-10T13:01:07+08:00 0.40 0.40 0.00 1.37 52.0
2026-09-10T13:01:17+08:00 1.28 1.28 0.00 1.60 30.0
2026-09-10T13:01:25+08:00 4.58 4.58 0.00 1.59 31.0
2026-09-10T13:01:35+08:00 2.78 2.78 0.00 1.50 31.0
2026-09-10T13:01:45+08:00 2.74 2.74 0.00 1.42 38.0
2026-09-10T13:01:52+08:00 2.50 2.50 0.00 1.36 45.0
2026-09-10T13:02:03+08:00 2.18 2.18 0.00 1.30 27.0
2026-09-10T13:02:13+08:00 0.97 0.97 0.00 1.26 33.0
2026-09-10T13:02:20+08:00 1.86 1.86 0.00 1.22 23.0
2026-09-10T13:02:30+08:00 4.82 4.82 0.00 1.18 24.0
2026-09-10T13:02:40+08:00 2.13 2.13 0.00 1.15 41.0
2026-09-10T13:02:48+08:00 4.23 4.23 0.00 1.13 27.0
2026-09-10T13:02:58+08:00 8.19 8.19 0.00 1.18 29.0
2026-09-10T13:03:08+08:00 3.01 3.01 0.00 1.23 22.0
2026-09-10T13:03:15+08:00 4.66 4.66 0.00 1.44 0.0
2026-09-10T13:03:25+08:00 1.87 1.87 0.00 1.37 0.0
2026-09-10T13:03:35+08:00 1.34 1.34 0.00 1.31 0.0
2026-09-10T13:03:43+08:00 3.74 3.74 0.00 1.27 0.0
2026-09-10T13:03:53+08:00 4.27 4.27 0.00 1.22 1.0
2026-09-10T13:04:03+08:00 2.19 2.19 0.00 1.19 1.0
2026-09-10T13:04:10+08:00 5.61 5.61 0.00 1.16 0.0
2026-09-10T13:04:21+08:00 2.52 2.52 0.00 1.13 33.0
2026-09-10T13:04:31+08:00 2.90 2.90 0.00 1.11 33.0
2026-09-10T13:04:38+08:00 1.24 1.24 0.00 1.10 40.0
2026-09-10T13:04:48+08:00 1.28 1.28 0.00 1.08 43.0
2026-09-10T13:04:58+08:00 1.92 1.92 0.00 1.07 47.0
2026-09-10T13:05:06+08:00 1.08 1.08 0.00 1.22 46.0
2026-09-10T13:05:16+08:00 2.38 2.18 0.00 1.18 25.0
2026-09-10T13:05:26+08:00 1.17 1.08 0.00 1.15 29.0
2026-09-10T13:05:33+08:00 1.81 1.78 0.00 1.13 41.0
2026-09-10T13:05:43+08:00 1.72 1.71 0.00 1.11 47.0
2026-09-10T13:05:53+08:00 1.27 1.26 0.00 1.17 35.0
2026-09-10T13:06:01+08:00 2.18 2.18 0.00 1.22 39.0
2026-09-10T13:06:11+08:00 0.98 0.98 0.00 1.26 56.0
2026-09-10T13:06:21+08:00 1.58 1.58 0.00 1.52 46.0
2026-09-10T13:06:28+08:00 3.40 3.31 0.00 1.44 29.0
2026-09-10T13:06:39+08:00 2.50 2.46 0.00 1.37 26.0
2026-09-10T13:06:49+08:00 2.38 2.29 0.00 1.39 34.0
2026-09-10T13:06:56+08:00 1.92 1.87 0.00 1.48 28.0
2026-09-10T13:07:06+08:00 0.70 0.69 0.00 1.56 39.0
2026-09-10T13:07:16+08:00 0.25 0.25 0.00 1.47 60.0
2026-09-10T13:07:24+08:00 0.96 0.96 0.00 1.40 33.0
2026-09-10T13:07:34+08:00 2.10 2.10 0.00 1.34 71.0
2026-09-10T13:07:44+08:00 0.94 0.94 0.00 1.37 48.0
2026-09-10T13:07:51+08:00 2.52 2.33 0.00 1.38 40.0
2026-09-10T13:08:01+08:00 1.13 1.05 0.00 1.32 37.0
2026-09-10T13:08:11+08:00 1.86 1.83 0.00 1.27 50.0
2026-09-10T13:08:19+08:00 1.47 1.46 0.00 1.23 41.0
2026-09-10T13:08:29+08:00 0.66 0.65 0.00 1.28 44.0
2026-09-10T13:08:39+08:00 0.36 0.36 0.00 1.23 66.0
2026-09-10T13:08:46+08:00 1.15 1.15 0.00 1.20 37.0
2026-09-10T13:08:56+08:00 0.83 0.83 0.00 1.25 0.0
2026-09-10T13:09:06+08:00 1.58 1.58 0.00 1.21 0.0
2026-09-10T13:09:14+08:00 3.66 3.66 0.00 1.18 0.0
2026-09-10T13:09:24+08:00 1.34 1.34 0.00 1.15 0.0
2026-09-10T13:09:36+08:00 11.71 11.71 0.00 1.04 0.0
2026-09-10T13:09:43+08:00 8.73 8.64 0.00 1.04 1.0
2026-09-10T13:09:53+08:00 6.53 6.49 0.00 1.03 1.0
2026-09-10T13:10:03+08:00 5.76 5.74 0.00 0.95 30.0
2026-09-10T13:10:11+08:00 3.80 3.79 0.00 1.04 39.0
2026-09-10T13:10:21+08:00 1.39 1.39 0.00 1.03 39.0
2026-09-10T13:10:31+08:00 1.70 1.70 0.00 1.03 40.0
2026-09-10T13:10:38+08:00 0.91 0.91 0.00 1.02 40.0
2026-09-10T13:10:48+08:00 0.33 0.33 0.00 1.02 73.0
2026-09-10T13:10:58+08:00 0.24 0.24 0.00 1.34 56.0
2026-09-10T13:11:06+08:00 2.20 2.20 0.00 1.28 60.0
2026-09-10T13:11:16+08:00 2.40 2.40 0.00 1.24 30.0
2026-09-10T13:11:26+08:00 1.07 1.07 0.00 1.20 46.0
2026-09-10T13:11:34+08:00 1.08 1.08 0.00 1.17 76.0
2026-09-10T13:11:44+08:00 0.61 0.61 0.00 1.14 67.0
2026-09-10T13:11:54+08:00 1.32 1.32 0.00 1.27 61.0
2026-09-10T13:12:01+08:00 0.48 0.48 0.00 1.60 53.0
2026-09-10T13:12:11+08:00 0.51 0.51 0.00 1.51 33.0
2026-09-10T13:12:21+08:00 2.66 2.66 0.00 1.51 44.0
2026-09-10T13:12:29+08:00 2.41 2.41 0.00 1.43 43.0
2026-09-10T13:12:39+08:00 0.88 0.88 0.00 1.37 63.0
2026-09-10T13:12:49+08:00 0.39 0.39 0.00 1.31 48.0
2026-09-10T13:12:56+08:00 6.23 6.23 0.00 1.26 57.0
2026-09-10T13:13:06+08:00 3.33 3.33 0.00 1.29 61.0
2026-09-10T13:13:16+08:00 2.22 2.22 0.00 1.25 42.0
2026-09-10T13:13:24+08:00 1.26 1.26 0.00 1.21 63.0
2026-09-10T13:13:34+08:00 2.37 2.18 0.00 1.33 58.0
2026-09-10T13:13:44+08:00 2.83 2.76 0.00 1.60 58.0
2026-09-10T13:13:51+08:00 1.73 1.58 0.00 1.75 43.0
2026-09-10T13:14:01+08:00 1.17 1.10 0.00 1.78 32.0
2026-09-10T13:14:11+08:00 1.74 1.72 0.00 1.82 45.0
2026-09-10T13:14:19+08:00 8.03 8.02 0.00 1.86 40.0
2026-09-10T13:14:29+08:00 3.35 3.35 0.00 1.80 56.0
2026-09-10T13:14:39+08:00 1.50 1.50 0.00 1.67 62.0
2026-09-10T13:14:47+08:00 2.33 2.33 0.00 1.73 0.0
2026-09-10T13:14:57+08:00 2.54 2.54 0.00 1.62 0.0
2026-09-10T13:15:07+08:00 6.06 6.06 0.00 1.52 0.0
2026-09-10T13:15:14+08:00 6.44 6.44 0.00 1.60 0.0
2026-09-10T13:15:24+08:00 3.62 3.62 0.00 1.51 0.0
2026-09-10T13:15:34+08:00 1.82 1.82 0.00 1.43 1.0
2026-09-10T13:15:42+08:00 4.13 4.13 0.00 1.67 1.0
2026-09-10T13:15:52+08:00 2.30 2.30 0.00 1.64 0.0
2026-09-10T13:16:02+08:00 0.84 0.84 0.00 1.91 121.0
2026-09-10T13:16:09+08:00 0.52 0.52 0.00 1.93 254.0
2026-09-10T13:16:19+08:00 2.08 2.08 0.00 1.79 253.0
2026-09-10T13:16:29+08:00 3.02 3.02 0.00 1.90 255.0
2026-09-10T13:16:37+08:00 1.70 1.70 0.00 2.00 255.0
2026-09-10T13:16:47+08:00 0.70 0.70 0.00 1.84 256.0
2026-09-10T13:16:57+08:00 0.31 0.31 0.00 1.71 255.0
2026-09-10T13:17:05+08:00 1.07 1.07 0.00 1.70 254.0
2026-09-10T13:17:15+08:00 1.97 1.97 0.00 1.59 254.0
2026-09-10T13:17:25+08:00 0.72 0.72 0.00 1.58 255.0
2026-09-10T13:17:32+08:00 1.02 1.02 0.00 1.64 256.0
2026-09-10T13:17:42+08:00 2.59 2.59 0.00 1.54 255.0
2026-09-10T13:17:52+08:00 2.57 2.57 0.00 1.46 255.0
2026-09-10T13:18:00+08:00 3.97 3.97 0.00 1.61 253.0
2026-09-10T13:18:10+08:00 1.66 1.66 0.00 1.51 256.0
2026-09-10T13:18:20+08:00 1.09 1.09 0.00 1.43 255.0
2026-09-10T13:18:27+08:00 0.64 0.64 0.00 1.52 255.0
2026-09-10T13:18:37+08:00 0.23 0.23 0.00 1.44 255.0
2026-09-10T13:18:47+08:00 0.60 0.60 0.00 1.37 255.0
2026-09-10T13:18:55+08:00 0.46 0.46 0.00 1.53 255.0
2026-09-10T13:19:05+08:00 0.20 0.20 0.00 1.75 255.0
2026-09-10T13:19:15+08:00 0.15 0.15 0.00 1.79 255.0
2026-09-10T13:19:22+08:00 1.32 1.32 0.00 1.82 255.0
2026-09-10T13:19:32+08:00 3.21 3.21 0.00 1.69 251.0
2026-09-10T13:19:42+08:00 1.92 1.92 0.00 1.58 255.0
2026-09-10T13:19:50+08:00 1.19 1.19 0.00 1.72 255.0
2026-09-10T13:20:00+08:00 2.49 2.49 0.00 1.61 251.0
2026-09-10T13:20:10+08:00 4.07 4.07 0.00 1.59 255.0
2026-09-10T13:20:18+08:00 3.07 3.07 0.00 1.65 253.0
2026-09-10T13:20:28+08:00 1.73 1.73 0.00 1.55 255.0
2026-09-10T13:20:38+08:00 0.92 0.92 0.00 1.54 254.0
2026-09-10T13:20:45+08:00 1.17 1.17 0.00 1.60 253.0
2026-09-10T13:20:55+08:00 2.37 2.37 0.00 1.51 254.0
2026-09-10T13:21:05+08:00 3.25 3.13 0.00 1.51 255.0
2026-09-10T13:21:13+08:00 2.08 2.03 0.00 1.43 151.0
2026-09-10T13:21:23+08:00 1.72 1.70 0.00 1.36 0.0
2026-09-10T13:21:33+08:00 0.78 0.77 0.00 1.31 0.0
2026-09-10T13:21:40+08:00 0.50 0.49 0.00 1.26 0.0
2026-09-10T13:21:50+08:00 0.18 0.18 0.00 1.22 0.0
2026-09-10T13:22:00+08:00 0.21 0.21 0.00 1.18 0.0
2026-09-10T13:22:08+08:00 4.01 4.01 0.00 1.30 0.0
2026-09-10T13:22:18+08:00 2.36 2.36 0.00 1.26 1.0
2026-09-10T13:22:28+08:00 2.51 2.51 0.00 1.22 1.0
2026-09-10T13:22:35+08:00 11.15 11.15 0.00 1.88 24.0
2026-09-10T13:22:45+08:00 14.46 13.79 0.00 1.82 254.0
2026-09-10T13:22:56+08:00 6.79 6.49 0.00 1.69 252.0
2026-09-10T13:23:03+08:00 3.95 3.84 0.00 1.73 255.0
2026-09-10T13:23:13+08:00 1.87 1.82 0.00 1.62 254.0
2026-09-10T13:23:23+08:00 0.98 0.96 0.00 1.52 254.0
2026-09-10T13:23:31+08:00 1.96 1.95 0.00 1.96 255.0
2026-09-10T13:23:41+08:00 1.12 1.12 0.00 2.12 254.0
2026-09-10T13:23:51+08:00 1.04 1.04 0.00 2.09 255.0
2026-09-10T13:23:58+08:00 0.56 0.56 0.00 1.93 256.0
2026-09-10T13:24:08+08:00 0.20 0.20 0.00 2.08 254.0
2026-09-10T13:24:18+08:00 1.28 1.28 0.00 2.14 252.0
2026-09-10T13:24:26+08:00 1.83 1.83 0.00 2.19 253.0
2026-09-10T13:24:36+08:00 0.67 0.67 0.00 2.01 252.0
2026-09-10T13:24:46+08:00 2.38 2.38 0.00 2.00 249.0
2026-09-10T13:24:54+08:00 1.96 1.96 0.00 2.00 255.0
2026-09-10T13:25:04+08:00 3.06 3.06 0.00 1.92 252.0
2026-09-10T13:25:14+08:00 1.20 1.20 0.00 1.86 253.0
2026-09-10T13:25:21+08:00 1.58 1.58 0.00 1.80 254.0
2026-09-10T13:25:31+08:00 1.37 1.37 0.00 1.90 254.0
2026-09-10T13:25:41+08:00 1.35 1.35 0.00 1.84 253.0
2026-09-10T13:25:49+08:00 2.13 2.13 0.00 1.86 251.0
2026-09-10T13:25:59+08:00 1.63 1.63 0.00 1.80 252.0
2026-09-10T13:26:09+08:00 1.72 1.72 0.00 1.76 254.0
2026-09-10T13:26:16+08:00 2.35 2.35 0.00 1.93 254.0
2026-09-10T13:26:26+08:00 4.35 4.35 0.00 1.94 255.0
2026-09-10T13:26:36+08:00 3.88 3.88 0.00 1.80 254.0
2026-09-10T13:26:44+08:00 3.29 3.29 0.00 1.98 254.0
2026-09-10T13:26:54+08:00 2.72 2.72 0.00 1.83 250.0
2026-09-10T13:27:04+08:00 2.73 2.73 0.00 1.85 255.0
2026-09-10T13:27:12+08:00 3.16 2.90 0.00 1.72 255.0
2026-09-10T13:27:22+08:00 2.11 2.00 0.00 1.61 256.0
2026-09-10T13:27:32+08:00 0.77 0.73 0.00 1.88 256.0
2026-09-10T13:27:39+08:00 0.47 0.45 0.00 1.75 256.0
2026-09-10T13:27:49+08:00 1.65 1.64 0.00 1.71 254.0
2026-09-10T13:27:59+08:00 0.93 0.93 0.00 1.68 254.0
2026-09-10T13:28:07+08:00 0.54 0.54 0.00 1.65 255.0
2026-09-10T13:28:17+08:00 0.28 0.27 0.00 1.62 256.0
2026-09-10T13:28:27+08:00 0.22 0.22 0.00 1.60 254.0
2026-09-10T13:28:34+08:00 0.57 0.57 0.00 1.51 254.0
2026-09-10T13:28:44+08:00 0.21 0.21 0.00 1.43 254.0
2026-09-10T13:28:54+08:00 0.09 0.09 0.00 1.36 256.0
2026-09-10T13:29:02+08:00 0.03 0.03 0.00 1.39 252.0
2026-09-10T13:29:12+08:00 0.01 0.01 0.00 1.73 254.0
2026-09-10T13:29:22+08:00 0.00 0.00 0.00 1.54 0.0
2026-09-10T13:29:30+08:00 0.39 0.39 0.00 1.54 0.0
2026-09-10T13:29:40+08:00 0.17 0.17 0.00 1.46 0.0
2026-09-10T13:29:50+08:00 1.17 1.17 0.00 1.39 0.0
2026-09-10T13:29:57+08:00 0.65 0.65 0.00 1.48 0.0
2026-09-10T13:30:07+08:00 0.40 0.40 0.00 1.41 0.0
2026-09-10T13:30:17+08:00 1.06 1.06 0.00 1.34 0.0
2026-09-10T13:30:25+08:00 25.96 25.63 0.00 1.68 0.0
2026-09-10T13:30:35+08:00 16.40 16.20 0.00 1.57 1.0
2026-09-10T13:30:45+08:00 7.81 7.72 0.00 1.48 1.0
2026-09-10T13:30:52+08:00 4.65 4.62 0.00 1.58 0.0
2026-09-10T13:31:02+08:00 4.47 4.45 0.00 1.49 251.0
2026-09-10T13:31:12+08:00 2.13 2.12 0.00 1.41 251.0
2026-09-10T13:31:20+08:00 3.14 3.04 0.00 1.50 253.0
2026-09-10T13:31:30+08:00 1.77 1.73 0.00 2.10 256.0
2026-09-10T13:31:40+08:00 2.82 2.81 0.00 2.16 256.0
2026-09-10T13:31:47+08:00 1.39 1.38 0.00 2.06 256.0
2026-09-10T13:31:58+08:00 1.05 1.05 0.00 2.06 240.0
2026-09-10T13:32:08+08:00 1.69 1.68 0.00 2.06 255.0
2026-09-10T13:32:15+08:00 0.88 0.88 0.00 1.97 251.0
2026-09-10T13:32:25+08:00 0.32 0.32 0.00 1.90 253.0
2026-09-10T13:32:35+08:00 1.23 1.23 0.00 1.84 256.0
2026-09-10T13:32:43+08:00 3.55 3.55 0.00 2.09 256.0
2026-09-10T13:32:53+08:00 1.96 1.96 0.00 2.08 256.0
2026-09-10T13:33:03+08:00 1.26 1.26 0.00 1.99 240.0
2026-09-10T13:33:10+08:00 1.68 1.68 0.00 1.99 254.0
2026-09-10T13:33:20+08:00 0.75 0.75 0.00 1.91 251.0
2026-09-10T13:33:30+08:00 1.24 1.24 0.00 1.84 253.0
2026-09-10T13:33:38+08:00 1.89 1.89 0.00 1.86 256.0
2026-09-10T13:33:48+08:00 2.02 2.02 0.00 1.73 256.0
2026-09-10T13:33:58+08:00 1.16 1.16 0.00 1.70 256.0
2026-09-10T13:34:05+08:00 0.64 0.64 0.00 1.59 240.0
2026-09-10T13:34:16+08:00 0.23 0.23 0.00 1.57 252.0
2026-09-10T13:34:26+08:00 0.10 0.10 0.00 1.48 255.0
2026-09-10T13:34:33+08:00 0.13 0.13 0.00 1.56 251.0
2026-09-10T13:34:43+08:00 0.24 0.24 0.00 1.40 256.0
2026-09-10T13:34:53+08:00 0.11 0.11 0.00 1.34 256.0
2026-09-10T13:35:01+08:00 0.33 0.33 0.00 1.29 256.0
2026-09-10T13:35:11+08:00 1.00 1.00 0.00 1.47 246.0
2026-09-10T13:35:21+08:00 1.99 1.99 0.00 1.63 254.0
2026-09-10T13:35:28+08:00 0.98 0.98 0.00 1.53 253.0
2026-09-10T13:35:38+08:00 0.44 0.44 0.00 1.45 251.0
2026-09-10T13:35:48+08:00 0.16 0.16 0.00 1.38 256.0
2026-09-10T13:35:56+08:00 0.76 0.76 0.00 1.32 256.0
2026-09-10T13:36:06+08:00 2.35 2.35 0.00 1.27 256.0
2026-09-10T13:36:16+08:00 1.20 1.20 0.00 1.23 240.0
2026-09-10T13:36:23+08:00 2.98 2.61 0.00 1.28 254.0
2026-09-10T13:36:34+08:00 1.21 0.96 0.00 1.23 251.0
2026-09-10T13:36:44+08:00 3.40 3.29 0.00 1.20 251.0
2026-09-10T13:36:51+08:00 2.24 2.10 0.00 1.17 256.0
2026-09-10T13:37:01+08:00 1.12 1.06 0.00 1.29 256.0
2026-09-10T13:37:11+08:00 0.41 0.39 0.00 1.24 256.0
2026-09-10T13:37:19+08:00 0.79 0.79 0.00 1.20 246.0
2026-09-10T13:37:29+08:00 0.35 0.35 0.00 1.25 254.0
2026-09-10T13:37:39+08:00 0.13 0.12 0.00 1.21 251.0
2026-09-10T13:37:46+08:00 0.15 0.15 0.00 1.18 253.0
2026-09-10T13:37:56+08:00 0.40 0.40 0.00 1.22 253.0
2026-09-10T13:38:06+08:00 0.14 0.14 0.00 1.11 0.0
2026-09-10T13:38:14+08:00 0.34 0.34 0.00 1.09 0.0
2026-09-10T13:38:24+08:00 4.77 4.77 0.00 1.22 0.0
2026-09-10T13:38:34+08:00 3.05 3.05 0.00 1.19 0.0
2026-09-10T13:38:41+08:00 2.10 2.10 0.00 1.16 0.0
2026-09-10T13:38:51+08:00 1.06 1.06 0.00 1.21 0.0
2026-09-10T13:39:01+08:00 1.66 1.56 0.00 1.18 0.0
2026-09-10T13:39:09+08:00 2.05 2.01 0.00 1.15 0.0
2026-09-10T13:39:19+08:00 0.92 0.90 0.00 1.05 0.0
2026-09-10T13:39:29+08:00 2.74 2.74 0.00 0.97 0.0
2026-09-10T13:39:37+08:00 19.27 19.19 0.00 1.19 1.0
2026-09-10T13:39:47+08:00 10.14 10.11 0.00 1.16 1.0
2026-09-10T13:39:57+08:00 10.73 10.72 0.00 1.06 0.0
2026-09-10T13:40:05+08:00 27.66 27.66 0.00 1.05 0.0
2026-09-10T13:40:15+08:00 19.62 19.61 0.00 1.26 255.0
2026-09-10T13:40:25+08:00 7.51 7.51 0.00 1.38 244.0
2026-09-10T13:40:32+08:00 6.95 6.86 0.00 1.48 247.0
2026-09-10T13:40:42+08:00 2.56 2.52 0.00 1.40 256.0
2026-09-10T13:40:52+08:00 1.15 1.13 0.00 1.50 256.0
2026-09-10T13:41:00+08:00 1.60 1.60 0.00 1.50 256.0
2026-09-10T13:41:10+08:00 0.91 0.91 0.00 1.42 252.0
2026-09-10T13:41:20+08:00 6.31 6.31 0.00 1.76 256.0
2026-09-10T13:41:27+08:00 2.56 2.56 0.00 1.64 240.0
2026-09-10T13:41:37+08:00 1.15 1.15 0.00 1.62 249.0
2026-09-10T13:41:47+08:00 2.94 2.79 0.00 1.69 256.0
2026-09-10T13:41:55+08:00 2.51 2.45 0.00 1.66 256.0
2026-09-10T13:42:05+08:00 2.02 1.99 0.00 1.71 256.0
2026-09-10T13:42:14+08:00 0.74 0.73 0.00 1.75 251.0
2026-09-10T13:42:23+08:00 0.53 0.52 0.00 1.64 255.0
2026-09-10T13:42:33+08:00 3.27 3.02 0.00 1.77 240.0
2026-09-10T13:42:42+08:00 1.76 1.65 0.00 1.73 249.0
2026-09-10T13:42:50+08:00 0.81 0.77 0.00 1.77 256.0
2026-09-10T13:43:00+08:00 1.33 1.31 0.00 1.72 256.0
2026-09-10T13:43:08+08:00 0.59 0.59 0.00 1.69 256.0
2026-09-10T13:43:18+08:00 1.27 1.19 0.00 1.74 251.0
2026-09-10T13:43:28+08:00 0.77 0.63 0.00 2.01 255.0
2026-09-10T13:43:35+08:00 0.28 0.23 0.00 2.01 248.0
2026-09-10T13:43:45+08:00 0.30 0.20 0.00 1.93 249.0
2026-09-10T13:43:55+08:00 1.17 1.13 0.00 1.94 256.0
2026-09-10T13:44:04+08:00 1.64 1.63 0.00 1.79 256.0
2026-09-10T13:44:14+08:00 1.49 1.37 0.00 1.91 251.0
2026-09-10T13:44:24+08:00 3.20 3.14 0.00 1.85 252.0
2026-09-10T13:44:31+08:00 2.88 2.86 0.00 1.94 255.0
2026-09-10T13:44:41+08:00 2.03 2.02 0.00 1.87 245.0
2026-09-10T13:44:51+08:00 1.32 1.31 0.14 1.89 256.0
2026-09-10T13:44:59+08:00 1.05 0.95 0.06 1.75 256.0
2026-09-10T13:45:09+08:00 0.53 0.49 0.02 1.63 256.0
2026-09-10T13:45:19+08:00 0.49 0.47 0.00 1.61 251.0
2026-09-10T13:45:26+08:00 2.40 2.39 0.00 1.51 255.0
2026-09-10T13:45:36+08:00 0.96 0.96 0.00 1.50 240.0
2026-09-10T13:45:46+08:00 0.43 0.43 0.00 1.43 248.0
2026-09-10T13:45:54+08:00 0.15 0.15 0.00 1.59 256.0
2026-09-10T13:46:04+08:00 2.31 2.31 0.00 1.58 256.0
2026-09-10T13:46:14+08:00 1.03 1.03 0.00 1.49 249.0
2026-09-10T13:46:22+08:00 3.00 3.00 0.00 1.41 255.0
2026-09-10T13:46:32+08:00 1.35 1.35 0.00 1.42 240.0
2026-09-10T13:46:42+08:00 1.91 1.81 0.00 1.52 249.0
t_iso io_some_avg10 io_full_avg10 cpu_some_avg10 loadavg1 vllm_running
2026-09-10T23:28:03+08:00 54.61 54.26 0.04 1.22 NA
2026-09-10T23:28:13+08:00 36.48 36.35 0.01 1.18 NA
2026-09-10T23:28:20+08:00 38.48 38.42 0.00 1.24 NA
2026-09-10T23:28:30+08:00 28.33 28.31 0.54 3.20 NA
2026-09-10T23:28:40+08:00 18.37 18.36 0.54 2.94 NA
2026-09-10T23:28:48+08:00 10.62 10.62 0.19 2.88 NA
2026-09-10T23:28:58+08:00 3.91 3.91 0.07 2.67 1.0
2026-09-10T23:29:08+08:00 3.93 3.93 0.03 2.49 1.0
2026-09-10T23:29:16+08:00 4.52 4.52 0.01 2.42 1.0
2026-09-10T23:29:26+08:00 1.66 1.66 0.00 2.28 1.0
2026-09-10T23:29:36+08:00 0.74 0.74 0.00 2.09 1.0
2026-09-10T23:29:44+08:00 3.00 3.00 0.00 1.92 1.0
2026-09-10T23:29:54+08:00 2.20 2.20 0.00 1.85 1.0
2026-09-10T23:30:04+08:00 0.80 0.80 0.00 1.72 1.0
2026-09-10T23:30:11+08:00 0.41 0.41 0.00 1.61 1.0
2026-09-10T23:30:21+08:00 0.48 0.48 0.00 1.59 1.0
2026-09-10T23:30:31+08:00 2.13 2.13 0.00 1.57 0.0
2026-09-10T23:30:39+08:00 1.32 1.14 0.00 1.48 70.0
2026-09-10T23:30:49+08:00 0.97 0.90 0.00 1.56 56.0
2026-09-10T23:30:59+08:00 1.54 1.51 0.00 1.56 61.0
2026-09-10T23:31:07+08:00 3.66 3.64 0.00 1.70 109.0
2026-09-10T23:31:17+08:00 3.46 3.46 0.00 1.60 95.0
2026-09-10T23:31:27+08:00 2.41 2.41 0.00 1.50 61.0
2026-09-10T23:31:35+08:00 1.82 1.82 0.00 1.43 67.0
2026-09-10T23:31:45+08:00 3.04 3.04 0.00 1.59 83.0
2026-09-10T23:31:55+08:00 2.09 2.09 0.00 1.50 76.0
2026-09-10T23:32:02+08:00 0.95 0.95 0.00 1.50 35.0
2026-09-10T23:32:12+08:00 1.17 1.17 0.00 1.58 58.0
2026-09-10T23:32:22+08:00 0.77 0.77 0.00 1.56 83.0
2026-09-10T23:32:30+08:00 0.46 0.46 0.00 1.48 78.0
2026-09-10T23:32:40+08:00 0.35 0.35 0.00 1.48 103.0
2026-09-10T23:32:50+08:00 0.13 0.13 0.00 1.41 93.0
2026-09-10T23:32:58+08:00 2.30 2.30 0.00 1.80 97.0
2026-09-10T23:33:08+08:00 1.27 1.27 0.00 1.68 97.0
2026-09-10T23:33:18+08:00 0.46 0.46 0.00 1.57 61.0
2026-09-10T23:33:26+08:00 2.38 2.38 0.00 1.48 76.0
2026-09-10T23:33:36+08:00 3.13 3.13 0.00 1.56 89.0
2026-09-10T23:33:46+08:00 1.70 1.70 0.00 1.55 120.0
2026-09-10T23:33:53+08:00 2.57 2.57 0.00 1.63 81.0
2026-09-10T23:34:03+08:00 1.75 1.75 0.00 1.53 82.0
2026-09-10T23:34:13+08:00 0.88 0.88 0.00 1.52 60.0
2026-09-10T23:34:21+08:00 2.48 2.48 0.00 1.44 18.0
2026-09-10T23:34:31+08:00 1.39 1.39 0.00 1.53 85.0
2026-09-10T23:34:41+08:00 0.62 0.62 0.00 1.45 107.0
2026-09-10T23:34:49+08:00 0.99 0.99 0.00 1.38 136.0
2026-09-10T23:34:59+08:00 0.36 0.36 0.00 1.40 106.0
2026-09-10T23:35:09+08:00 1.07 1.07 0.00 1.42 0.0
2026-09-10T23:35:17+08:00 1.66 1.66 0.00 1.36 0.0
2026-09-10T23:35:27+08:00 0.73 0.73 0.00 1.30 0.0
2026-09-10T23:35:37+08:00 1.66 1.66 0.00 1.25 0.0
2026-09-10T23:35:45+08:00 1.15 1.15 0.00 1.21 0.0
2026-09-10T23:35:55+08:00 3.35 3.35 0.00 1.18 1.0
2026-09-10T23:36:05+08:00 8.15 8.15 0.00 1.07 1.0
2026-09-10T23:36:13+08:00 4.58 4.58 0.00 1.06 0.0
2026-09-10T23:36:23+08:00 6.09 5.64 0.00 1.12 91.0
2026-09-10T23:36:33+08:00 3.22 3.02 0.00 1.11 81.0
2026-09-10T23:36:41+08:00 1.43 1.36 0.00 1.09 134.0
2026-09-10T23:36:51+08:00 2.45 2.42 0.00 1.23 147.0
2026-09-10T23:37:01+08:00 10.87 10.86 0.00 1.66 182.0
2026-09-10T23:37:08+08:00 4.20 4.20 0.00 1.55 253.0
2026-09-10T23:37:18+08:00 1.89 1.88 0.00 1.62 240.0
2026-09-10T23:37:28+08:00 0.84 0.84 0.00 1.68 254.0
2026-09-10T23:37:36+08:00 0.45 0.45 0.00 1.58 246.0
2026-09-10T23:37:46+08:00 0.20 0.20 0.00 1.49 254.0
2026-09-10T23:37:56+08:00 0.07 0.07 0.00 1.41 255.0
2026-09-10T23:38:04+08:00 0.88 0.88 0.00 1.50 255.0
2026-09-10T23:38:14+08:00 0.76 0.76 0.00 1.59 253.0
2026-09-10T23:38:24+08:00 0.57 0.57 0.00 1.58 254.0
2026-09-10T23:38:32+08:00 3.36 3.36 0.00 1.72 251.0
2026-09-10T23:38:42+08:00 1.41 1.41 0.00 1.61 253.0
2026-09-10T23:38:52+08:00 0.63 0.63 0.00 1.52 254.0
2026-09-10T23:38:59+08:00 0.38 0.38 0.00 1.44 255.0
2026-09-10T23:39:09+08:00 0.58 0.58 0.00 1.61 254.0
2026-09-10T23:39:20+08:00 0.80 0.80 0.00 1.67 254.0
2026-09-10T23:39:27+08:00 0.59 0.59 0.00 1.57 254.0
2026-09-10T23:39:37+08:00 0.67 0.67 0.00 1.48 255.0
2026-09-10T23:39:47+08:00 0.48 0.48 0.00 1.40 254.0
2026-09-10T23:39:55+08:00 0.42 0.42 0.00 1.42 254.0
2026-09-10T23:40:05+08:00 1.09 1.09 0.00 1.35 255.0
2026-09-10T23:40:15+08:00 1.09 1.09 0.00 1.37 253.0
2026-09-10T23:40:23+08:00 0.55 0.55 0.00 1.31 251.0
2026-09-10T23:40:33+08:00 1.24 1.24 0.00 1.34 254.0
2026-09-10T23:40:43+08:00 1.19 1.19 0.00 1.37 255.0
2026-09-10T23:40:50+08:00 4.10 4.10 0.00 1.46 255.0
2026-09-10T23:41:01+08:00 2.28 2.28 0.00 1.46 0.0
2026-09-10T23:41:11+08:00 1.42 1.42 0.00 1.39 0.0
2026-09-10T23:41:18+08:00 0.78 0.78 0.00 1.33 0.0
2026-09-10T23:41:28+08:00 0.91 0.91 0.00 1.36 0.0
2026-09-10T23:41:38+08:00 1.49 1.49 0.00 1.30 0.0
2026-09-10T23:41:46+08:00 3.24 3.24 0.00 1.33 0.0
2026-09-10T23:41:56+08:00 6.46 6.16 0.00 1.35 1.0
2026-09-10T23:42:06+08:00 7.19 7.05 0.00 1.30 1.0
2026-09-10T23:42:14+08:00 4.00 3.83 0.00 1.25 34.0
2026-09-10T23:42:24+08:00 2.59 2.53 0.00 1.29 148.0
2026-09-10T23:42:34+08:00 1.71 1.68 0.00 1.24 189.0
2026-09-10T23:42:42+08:00 1.66 1.65 0.00 1.20 214.0
2026-09-10T23:42:52+08:00 0.77 0.77 0.00 1.17 189.0
2026-09-10T23:43:02+08:00 0.34 0.34 0.00 1.15 195.0
2026-09-10T23:43:09+08:00 0.72 0.72 0.00 1.12 241.0
2026-09-10T23:43:19+08:00 1.21 1.11 0.00 1.18 255.0
2026-09-10T23:43:29+08:00 0.84 0.80 0.00 1.38 252.0
2026-09-10T23:43:37+08:00 0.67 0.66 0.00 1.41 254.0
2026-09-10T23:43:47+08:00 1.49 1.48 0.00 1.42 255.0
2026-09-10T23:43:57+08:00 1.04 1.04 0.00 1.36 255.0
2026-09-10T23:44:05+08:00 0.74 0.62 0.00 1.30 252.0
2026-09-10T23:44:15+08:00 0.33 0.28 0.00 1.26 253.0
2026-09-10T23:44:25+08:00 0.93 0.91 0.00 1.22 254.0
2026-09-10T23:44:33+08:00 1.60 1.59 0.00 1.18 255.0
2026-09-10T23:44:43+08:00 1.08 1.08 0.00 1.23 255.0
2026-09-10T23:44:53+08:00 0.64 0.64 0.00 1.19 255.0
2026-09-10T23:45:00+08:00 1.13 1.13 0.00 1.24 255.0
2026-09-10T23:45:11+08:00 0.67 0.67 0.00 1.27 254.0
2026-09-10T23:45:21+08:00 0.45 0.45 0.00 1.39 254.0
2026-09-10T23:45:28+08:00 1.10 1.10 0.00 1.63 255.0
2026-09-10T23:45:38+08:00 0.40 0.40 0.00 1.54 254.0
2026-09-10T23:45:48+08:00 4.43 4.43 0.00 1.61 255.0
2026-09-10T23:45:56+08:00 1.78 1.78 0.00 1.52 254.0
2026-09-10T23:46:06+08:00 1.30 1.30 0.00 1.44 255.0
2026-09-10T23:46:16+08:00 0.73 0.73 0.00 1.37 255.0
2026-09-10T23:46:24+08:00 1.39 1.39 0.00 1.31 252.0
2026-09-10T23:46:34+08:00 1.43 1.43 0.00 1.43 254.0
2026-09-10T23:46:44+08:00 0.52 0.52 0.00 1.36 256.0
2026-09-10T23:46:52+08:00 1.04 0.92 0.00 1.30 254.0
2026-09-10T23:47:02+08:00 1.64 1.58 0.00 1.34 250.0
2026-09-10T23:47:12+08:00 1.89 1.87 0.00 1.68 0.0
2026-09-10T23:47:19+08:00 7.00 6.99 0.00 1.57 0.0
2026-09-10T23:47:30+08:00 5.05 5.05 0.00 1.49 0.0
2026-09-10T23:47:40+08:00 1.86 1.86 0.00 1.41 0.0
2026-09-10T23:47:47+08:00 1.87 1.87 0.00 1.42 0.0
2026-09-10T23:47:58+08:00 3.43 3.31 0.00 1.43 0.0
