t_iso io_some_avg10 io_full_avg10 cpu_some_avg10 loadavg1 vllm_running
2026-09-10T05:21:28+08:00 39.00 38.93 0.00 1.40 NA
2026-09-10T05:21:38+08:00 14.68 14.65 0.00 1.27 NA
2026-09-10T05:21:48+08:00 6.60 6.59 0.36 1.37 NA
2026-09-10T05:21:55+08:00 3.22 3.22 0.29 1.54 NA
2026-09-10T05:22:05+08:00 3.06 3.06 0.13 1.38 1.0
2026-09-10T05:22:15+08:00 1.12 1.12 0.04 1.32 1.0
2026-09-10T05:22:23+08:00 0.61 0.61 0.01 1.35 1.0
2026-09-10T05:22:33+08:00 0.27 0.27 0.00 1.37 1.0
2026-09-10T05:22:43+08:00 0.26 0.26 0.00 1.31 1.0
2026-09-10T05:22:51+08:00 1.04 1.04 0.00 1.27 1.0
2026-09-10T05:23:01+08:00 0.71 0.71 0.00 1.30 1.0
2026-09-10T05:23:11+08:00 0.26 0.26 0.00 1.25 1.0
2026-09-10T05:23:19+08:00 1.33 1.33 0.00 1.21 1.0
2026-09-10T05:23:29+08:00 0.48 0.48 0.00 1.25 1.0
2026-09-10T05:23:39+08:00 0.54 0.54 0.00 1.29 1.0
2026-09-10T05:23:46+08:00 1.58 1.58 0.00 1.34 0.0
2026-09-10T05:23:56+08:00 0.94 0.94 0.00 1.28 19.0
2026-09-10T05:24:07+08:00 0.42 0.42 0.00 1.24 8.0
2026-09-10T05:24:14+08:00 0.39 0.39 0.00 1.28 10.0
2026-09-10T05:24:24+08:00 0.14 0.14 0.00 1.23 7.0
2026-09-10T05:24:34+08:00 0.06 0.06 0.00 1.28 16.0
2026-09-10T05:24:42+08:00 0.42 0.42 0.00 1.23 7.0
2026-09-10T05:24:52+08:00 1.37 1.37 0.00 1.42 13.0
2026-09-10T05:25:02+08:00 0.61 0.61 0.00 1.35 4.0
2026-09-10T05:25:10+08:00 0.52 0.52 0.00 1.30 9.0
2026-09-10T05:25:20+08:00 0.96 0.96 0.00 1.25 13.0
2026-09-10T05:25:30+08:00 2.23 2.23 0.00 1.37 5.0
2026-09-10T05:25:37+08:00 1.24 1.24 0.00 1.31 7.0
2026-09-10T05:25:47+08:00 0.63 0.63 0.00 1.26 6.0
2026-09-10T05:25:57+08:00 8.38 8.38 0.00 1.22 8.0
2026-09-10T05:26:05+08:00 4.25 4.25 0.00 1.27 13.0
2026-09-10T05:26:15+08:00 2.46 2.46 0.00 1.23 14.0
2026-09-10T05:26:25+08:00 1.22 1.22 0.00 1.19 6.0
2026-09-10T05:26:32+08:00 0.57 0.57 0.00 1.16 8.0
2026-09-10T05:26:43+08:00 0.20 0.20 0.00 1.21 9.0
2026-09-10T05:26:53+08:00 0.09 0.09 0.00 1.32 8.0
2026-09-10T05:27:00+08:00 0.33 0.33 0.00 1.35 7.0
2026-09-10T05:27:10+08:00 0.27 0.27 0.00 1.30 8.0
2026-09-10T05:27:20+08:00 1.31 1.31 0.00 1.26 13.0
2026-09-10T05:27:28+08:00 1.32 1.14 0.00 1.22 5.0
2026-09-10T05:27:38+08:00 1.32 1.24 0.00 1.18 6.0
2026-09-10T05:27:48+08:00 0.85 0.82 0.00 1.16 8.0
2026-09-10T05:27:56+08:00 3.68 3.57 0.00 1.21 7.0
2026-09-10T05:28:06+08:00 1.65 1.60 0.00 1.18 14.0
2026-09-10T05:28:16+08:00 0.60 0.58 0.00 1.15 12.0
2026-09-10T05:28:23+08:00 1.91 1.90 0.00 1.29 7.0
2026-09-10T05:28:33+08:00 0.94 0.94 0.00 1.32 5.0
2026-09-10T05:28:43+08:00 1.12 1.12 0.00 1.35 0.0
2026-09-10T05:28:51+08:00 0.62 0.62 0.00 1.29 1.0
2026-09-10T05:29:01+08:00 0.22 0.22 0.00 1.32 1.0
2026-09-10T05:29:11+08:00 2.62 2.62 0.00 1.27 1.0
2026-09-10T05:29:19+08:00 5.47 5.11 0.00 3.07 21.0
2026-09-10T05:29:29+08:00 2.01 1.88 0.00 2.83 24.0
2026-09-10T05:29:39+08:00 1.08 1.02 0.00 2.55 20.0
2026-09-10T05:29:46+08:00 0.49 0.37 0.00 2.31 10.0
2026-09-10T05:29:56+08:00 0.58 0.53 0.00 2.11 20.0
2026-09-10T05:30:06+08:00 0.82 0.80 0.00 1.94 19.0
2026-09-10T05:30:14+08:00 0.61 0.48 0.00 1.87 27.0
2026-09-10T05:30:24+08:00 0.70 0.55 0.00 1.81 21.0
2026-09-10T05:30:34+08:00 0.98 0.92 0.00 1.69 24.0
2026-09-10T05:30:41+08:00 0.56 0.53 0.00 1.58 21.0
2026-09-10T05:30:51+08:00 0.20 0.19 0.00 1.49 21.0
2026-09-10T05:31:02+08:00 0.09 0.08 0.00 1.50 23.0
2026-09-10T05:31:09+08:00 1.62 1.62 0.00 1.87 25.0
2026-09-10T05:31:19+08:00 0.83 0.83 0.00 1.88 21.0
2026-09-10T05:31:29+08:00 0.73 0.73 0.00 1.82 14.0
2026-09-10T05:31:37+08:00 1.73 1.73 0.00 1.77 24.0
2026-09-10T05:31:47+08:00 2.50 2.50 0.00 1.72 11.0
2026-09-10T05:31:57+08:00 0.92 0.92 0.00 1.69 26.0
2026-09-10T05:32:04+08:00 1.13 1.13 0.00 1.74 34.0
2026-09-10T05:32:14+08:00 1.00 1.00 0.00 1.86 14.0
2026-09-10T05:32:24+08:00 4.51 4.51 0.00 1.96 19.0
2026-09-10T05:32:32+08:00 3.49 3.49 0.00 1.96 19.0
2026-09-10T05:32:42+08:00 1.28 1.28 0.00 2.04 20.0
2026-09-10T05:32:52+08:00 0.57 0.57 0.00 2.04 21.0
2026-09-10T05:32:59+08:00 0.85 0.85 0.00 2.03 18.0
2026-09-10T05:33:09+08:00 1.20 1.20 0.00 2.02 25.0
2026-09-10T05:33:19+08:00 0.54 0.54 0.00 2.02 23.0
2026-09-10T05:33:27+08:00 0.29 0.29 0.00 2.02 18.0
2026-09-10T05:33:37+08:00 0.13 0.13 0.00 2.01 18.0
2026-09-10T05:33:47+08:00 0.04 0.04 0.00 2.01 19.0
2026-09-10T05:33:55+08:00 0.01 0.01 0.00 2.08 0.0
2026-09-10T05:34:05+08:00 0.00 0.00 0.00 2.07 0.0
2026-09-10T05:34:15+08:00 0.51 0.51 0.00 2.06 0.0
2026-09-10T05:34:22+08:00 1.24 1.24 0.00 2.13 1.0
2026-09-10T05:34:32+08:00 0.66 0.66 0.00 2.11 1.0
2026-09-10T05:34:42+08:00 0.24 0.24 0.00 2.17 1.0
2026-09-10T05:34:50+08:00 0.80 0.80 0.12 2.22 29.0
2026-09-10T05:35:00+08:00 0.29 0.29 0.04 2.11 25.0
2026-09-10T05:35:10+08:00 0.13 0.13 0.01 2.16 23.0
2026-09-10T05:35:17+08:00 0.04 0.04 0.00 2.14 30.0
2026-09-10T05:35:27+08:00 0.02 0.02 0.00 2.12 28.0
2026-09-10T05:35:37+08:00 0.79 0.79 0.00 2.18 30.0
2026-09-10T05:35:45+08:00 1.60 1.60 0.00 2.38 35.0
2026-09-10T05:35:55+08:00 1.02 1.02 0.00 2.48 32.0
2026-09-10T05:36:05+08:00 0.57 0.57 0.00 2.49 21.0
2026-09-10T05:36:13+08:00 2.99 2.99 0.00 2.41 39.0
2026-09-10T05:36:23+08:00 1.40 1.28 0.00 2.35 27.0
2026-09-10T05:36:33+08:00 0.51 0.47 0.00 2.29 31.0
2026-09-10T05:36:40+08:00 0.37 0.35 0.00 2.25 30.0
2026-09-10T05:36:50+08:00 0.13 0.13 0.00 2.29 46.0
2026-09-10T05:37:00+08:00 0.65 0.65 0.00 2.24 28.0
2026-09-10T05:37:08+08:00 0.93 0.93 0.00 2.28 24.0
2026-09-10T05:37:18+08:00 0.78 0.78 0.00 2.24 25.0
2026-09-10T05:37:28+08:00 0.48 0.48 0.00 2.35 24.0
2026-09-10T05:37:35+08:00 1.24 1.24 0.00 2.53 15.0
2026-09-10T05:37:45+08:00 0.85 0.85 0.00 2.45 22.0
2026-09-10T05:37:55+08:00 1.60 1.60 0.00 2.46 26.0
2026-09-10T05:38:03+08:00 3.12 3.12 0.00 2.55 34.0
2026-09-10T05:38:13+08:00 1.14 1.14 0.00 2.46 46.0
2026-09-10T05:38:23+08:00 0.42 0.42 0.00 2.31 26.0
2026-09-10T05:38:30+08:00 0.93 0.93 0.00 2.26 21.0
2026-09-10T05:38:40+08:00 0.54 0.54 0.00 2.30 22.0
2026-09-10T05:38:50+08:00 0.24 0.24 0.00 2.33 29.0
2026-09-10T05:38:58+08:00 0.08 0.08 0.00 2.28 23.0
2026-09-10T05:39:08+08:00 0.03 0.03 0.00 2.38 13.0
2026-09-10T05:39:18+08:00 0.01 0.01 0.00 2.32 24.0
2026-09-10T05:39:25+08:00 0.00 0.00 0.00 2.35 20.0
2026-09-10T05:39:35+08:00 1.27 1.27 0.00 2.30 0.0
2026-09-10T05:39:45+08:00 5.10 5.10 0.00 2.40 0.0
2026-09-10T05:39:53+08:00 4.31 4.31 0.00 2.34 0.0
2026-09-10T05:40:03+08:00 1.58 1.58 0.00 2.29 1.0
2026-09-10T05:40:13+08:00 1.95 1.85 0.14 2.09 1.0
2026-09-10T05:40:20+08:00 13.22 6.72 0.05 1.99 0.0
2026-09-10T05:40:30+08:00 4.86 2.47 0.01 1.76 25.0
2026-09-10T05:40:40+08:00 2.18 1.11 0.00 1.64 28.0
2026-09-10T05:40:48+08:00 3.94 3.45 0.00 1.70 25.0
2026-09-10T05:40:58+08:00 1.89 1.67 0.00 1.66 21.0
2026-09-10T05:41:08+08:00 0.79 0.71 0.00 1.71 17.0
2026-09-10T05:41:15+08:00 2.39 2.36 0.00 1.75 42.0
2026-09-10T05:41:25+08:00 1.07 1.06 0.00 1.63 37.0
2026-09-10T05:41:35+08:00 3.27 3.26 0.00 1.70 42.0
2026-09-10T05:41:43+08:00 1.56 1.56 0.00 1.59 33.0
2026-09-10T05:41:53+08:00 1.13 1.13 0.00 1.50 32.0
2026-09-10T05:42:03+08:00 3.58 3.58 0.00 1.42 26.0
2026-09-10T05:42:10+08:00 1.46 1.46 0.00 1.28 28.0
2026-09-10T05:42:20+08:00 0.65 0.65 0.00 1.31 51.0
2026-09-10T05:42:30+08:00 5.46 5.46 0.00 1.49 39.0
2026-09-10T05:42:38+08:00 2.25 2.25 0.00 1.41 39.0
2026-09-10T05:42:48+08:00 2.30 2.30 0.00 1.42 27.0
2026-09-10T05:42:57+08:00 2.48 2.48 0.00 1.36 39.0
2026-09-10T05:43:05+08:00 1.31 1.31 0.00 1.38 49.0
2026-09-10T05:43:15+08:00 0.48 0.48 0.00 1.39 30.0
2026-09-10T05:43:25+08:00 2.00 2.00 0.00 1.33 29.0
2026-09-10T05:43:33+08:00 1.29 1.29 0.00 1.28 19.0
2026-09-10T05:43:43+08:00 0.47 0.47 0.00 1.24 31.0
2026-09-10T05:43:52+08:00 0.84 0.84 0.00 1.20 32.0
2026-09-10T05:44:00+08:00 2.65 2.65 0.00 1.17 36.0
2026-09-10T05:44:10+08:00 1.88 1.88 0.00 1.29 40.0
2026-09-10T05:44:20+08:00 0.69 0.69 0.00 1.40 38.0
2026-09-10T05:44:28+08:00 0.41 0.41 0.00 1.34 31.0
2026-09-10T05:44:38+08:00 0.18 0.18 0.00 1.36 21.0
2026-09-10T05:44:45+08:00 1.46 1.46 0.00 1.38 24.0
2026-09-10T05:44:55+08:00 1.25 1.25 0.00 1.32 25.0
2026-09-10T05:45:05+08:00 1.15 1.15 0.00 1.27 0.0
2026-09-10T05:45:13+08:00 0.51 0.51 0.00 1.23 0.0
2026-09-10T05:45:23+08:00 1.09 1.09 0.00 1.20 0.0
2026-09-10T05:45:33+08:00 3.71 3.71 0.00 1.16 0.0
2026-09-10T05:45:40+08:00 1.66 1.66 0.00 1.23 1.0
2026-09-10T05:45:50+08:00 0.99 0.99 0.00 1.18 1.0
2026-09-10T05:46:01+08:00 4.24 4.24 0.00 1.15 0.0
2026-09-10T05:46:08+08:00 2.05 2.05 0.00 1.27 29.0
2026-09-10T05:46:18+08:00 2.01 2.01 0.00 1.31 37.0
2026-09-10T05:46:28+08:00 0.74 0.74 0.00 1.26 20.0
2026-09-10T05:46:35+08:00 0.63 0.63 0.00 1.51 45.0
2026-09-10T05:46:45+08:00 0.48 0.48 0.00 1.51 46.0
2026-09-10T05:46:55+08:00 0.42 0.42 0.00 1.59 40.0
2026-09-10T05:47:03+08:00 1.03 1.03 0.00 1.58 43.0
2026-09-10T05:47:13+08:00 1.80 1.80 0.00 1.49 59.0
2026-09-10T05:47:23+08:00 1.20 1.20 0.00 1.41 34.0
2026-09-10T05:47:30+08:00 1.77 1.77 0.00 1.43 51.0
2026-09-10T05:47:40+08:00 1.06 1.06 0.00 1.44 37.0
2026-09-10T05:47:50+08:00 2.51 2.51 0.00 1.52 34.0
2026-09-10T05:47:58+08:00 1.81 1.81 0.00 1.44 88.0
2026-09-10T05:48:08+08:00 1.01 1.01 0.00 1.37 56.0
2026-09-10T05:48:18+08:00 1.08 1.08 0.00 1.80 59.0
2026-09-10T05:48:25+08:00 3.46 3.46 0.00 1.67 53.0
2026-09-10T05:48:35+08:00 5.13 5.13 0.00 1.95 53.0
2026-09-10T05:48:45+08:00 2.13 2.13 0.00 1.88 61.0
2026-09-10T05:48:53+08:00 1.15 1.15 0.00 1.90 60.0
2026-09-10T05:49:03+08:00 0.75 0.75 0.00 1.84 62.0
2026-09-10T05:49:13+08:00 0.78 0.78 0.00 1.79 41.0
2026-09-10T05:49:20+08:00 3.53 3.53 0.00 1.67 46.0
2026-09-10T05:49:30+08:00 3.36 3.36 0.00 1.57 33.0
2026-09-10T05:49:40+08:00 1.42 1.42 0.00 1.48 25.0
2026-09-10T05:49:48+08:00 2.63 2.55 0.00 1.40 41.0
2026-09-10T05:49:58+08:00 1.18 1.14 0.00 1.34 38.0
2026-09-10T05:50:08+08:00 1.32 1.31 0.00 1.29 36.0
2026-09-10T05:50:15+08:00 2.87 2.86 0.00 1.24 33.0
2026-09-10T05:50:25+08:00 1.13 1.13 0.00 1.21 41.0
2026-09-10T05:50:35+08:00 1.00 1.00 0.00 1.17 0.0
2026-09-10T05:50:43+08:00 4.12 4.12 0.00 1.15 0.0
2026-09-10T05:50:53+08:00 1.72 1.72 0.00 1.13 0.0
2026-09-10T05:51:03+08:00 0.92 0.92 0.00 1.11 0.0
2026-09-10T05:51:10+08:00 1.52 1.52 0.00 1.09 0.0
2026-09-10T05:51:20+08:00 0.83 0.83 0.00 1.22 1.0
2026-09-10T05:51:30+08:00 0.38 0.38 0.00 1.19 1.0
2026-09-10T05:51:38+08:00 3.40 3.40 0.00 1.16 0.0
2026-09-10T05:51:48+08:00 1.41 1.41 0.00 1.13 52.0
2026-09-10T05:51:58+08:00 1.91 1.91 0.00 1.11 37.0
2026-09-10T05:52:05+08:00 1.83 1.83 0.00 1.24 33.0
2026-09-10T05:52:15+08:00 0.67 0.67 0.00 1.29 52.0
2026-09-10T05:52:25+08:00 0.30 0.30 0.00 1.24 33.0
2026-09-10T05:52:33+08:00 9.03 8.59 0.00 1.20 41.0
2026-09-10T05:52:43+08:00 4.85 4.55 0.00 1.17 21.0
2026-09-10T05:52:53+08:00 1.95 1.84 0.00 1.15 39.0
2026-09-10T05:53:00+08:00 2.64 2.60 0.00 1.20 50.0
2026-09-10T05:53:10+08:00 1.19 1.17 0.00 1.25 52.0
2026-09-10T05:53:20+08:00 0.43 0.43 0.00 1.21 64.0
2026-09-10T05:53:28+08:00 0.99 0.98 0.00 1.17 80.0
2026-09-10T05:53:38+08:00 1.99 1.99 0.00 1.23 24.0
2026-09-10T05:53:48+08:00 0.89 0.89 0.00 1.19 56.0
2026-09-10T05:53:55+08:00 1.95 1.95 0.00 1.31 87.0
2026-09-10T05:54:05+08:00 0.71 0.71 0.00 1.26 24.0
2026-09-10T05:54:15+08:00 0.32 0.32 0.00 1.54 50.0
2026-09-10T05:54:23+08:00 2.35 2.35 0.00 1.54 58.0
2026-09-10T05:54:33+08:00 1.05 1.05 0.00 1.85 80.0
2026-09-10T05:54:43+08:00 2.48 2.48 0.00 1.72 50.0
2026-09-10T05:54:50+08:00 1.89 1.89 0.00 1.69 28.0
2026-09-10T05:55:00+08:00 5.99 5.99 0.00 1.58 33.0
2026-09-10T05:55:10+08:00 2.69 2.69 0.00 1.49 49.0
2026-09-10T05:55:17+08:00 2.08 2.08 0.00 1.42 34.0
2026-09-10T05:55:27+08:00 2.30 2.30 0.00 1.35 71.0
2026-09-10T05:55:37+08:00 1.33 1.33 0.00 1.30 54.0
2026-09-10T05:55:45+08:00 4.41 4.22 0.00 1.25 50.0
2026-09-10T05:55:56+08:00 1.98 1.90 0.00 1.21 35.0
2026-09-10T05:56:06+08:00 2.13 2.10 0.00 1.25 48.0
2026-09-10T05:56:13+08:00 1.20 1.19 0.00 1.29 0.0
2026-09-10T05:56:23+08:00 0.54 0.53 0.00 1.32 0.0
2026-09-10T05:56:33+08:00 0.19 0.19 0.00 1.58 0.0
2026-09-10T05:56:40+08:00 0.63 0.63 0.00 1.49 0.0
2026-09-10T05:56:50+08:00 0.23 0.23 0.00 1.54 0.0
2026-09-10T05:57:00+08:00 1.38 1.38 0.00 1.54 1.0
2026-09-10T05:57:08+08:00 0.80 0.80 0.00 1.45 1.0
2026-09-10T05:57:18+08:00 0.53 0.53 0.00 1.39 0.0
2026-09-10T05:57:28+08:00 0.60 0.60 0.00 1.33 33.0
2026-09-10T05:57:35+08:00 0.49 0.49 0.00 1.28 50.0
2026-09-10T05:57:45+08:00 0.82 0.82 0.00 1.24 41.0
2026-09-10T05:57:55+08:00 0.30 0.30 0.00 1.27 67.0
2026-09-10T05:58:03+08:00 7.86 7.86 0.00 1.23 87.0
2026-09-10T05:58:13+08:00 4.35 4.35 0.00 1.27 48.0
2026-09-10T05:58:23+08:00 1.60 1.60 0.00 1.38 71.0
2026-09-10T05:58:30+08:00 9.91 9.91 0.00 1.32 54.0
2026-09-10T05:58:40+08:00 4.70 4.70 0.00 1.27 128.0
2026-09-10T05:58:50+08:00 2.11 2.11 0.00 1.23 138.0
2026-09-10T05:58:58+08:00 1.68 1.68 0.00 1.27 83.0
2026-09-10T05:59:08+08:00 1.73 1.73 0.00 1.30 53.0
2026-09-10T05:59:18+08:00 2.32 2.32 0.00 1.25 62.0
2026-09-10T05:59:25+08:00 1.81 1.81 0.00 1.21 118.0
2026-09-10T05:59:35+08:00 3.53 3.35 0.00 1.18 35.0
2026-09-10T05:59:45+08:00 1.64 1.57 0.00 1.15 68.0
2026-09-10T05:59:53+08:00 0.91 0.88 0.00 1.13 69.0
2026-09-10T06:00:03+08:00 0.33 0.32 0.00 1.19 137.0
2026-09-10T06:00:13+08:00 0.15 0.14 0.00 1.31 96.0
2026-09-10T06:00:20+08:00 4.94 4.94 0.00 1.48 90.0
2026-09-10T06:00:30+08:00 2.37 2.37 0.00 1.41 90.0
2026-09-10T06:00:40+08:00 0.87 0.87 0.00 1.50 32.0
2026-09-10T06:00:47+08:00 2.52 2.52 0.00 1.57 81.0
2026-09-10T06:00:57+08:00 1.13 1.13 0.00 1.56 65.0
2026-09-10T06:01:07+08:00 1.07 1.07 0.00 1.47 121.0
2026-09-10T06:01:15+08:00 1.69 1.69 0.00 1.40 68.0
2026-09-10T06:01:25+08:00 0.98 0.98 0.00 1.50 80.0
2026-09-10T06:01:35+08:00 0.44 0.44 0.00 1.50 111.0
2026-09-10T06:01:42+08:00 3.12 3.12 0.00 1.50 83.0
2026-09-10T06:01:52+08:00 2.23 2.23 0.00 1.43 0.0
2026-09-10T06:02:02+08:00 1.00 1.00 0.00 1.36 0.0
2026-09-10T06:02:10+08:00 0.51 0.51 0.00 1.30 0.0
2026-09-10T06:02:20+08:00 1.68 1.68 0.00 1.26 0.0
2026-09-10T06:02:30+08:00 2.98 2.98 0.00 1.22 0.0
2026-09-10T06:02:37+08:00 1.52 1.52 0.00 1.18 1.0
2026-09-10T06:02:47+08:00 0.97 0.97 0.00 1.15 1.0
2026-09-10T06:02:57+08:00 3.11 3.11 0.00 1.14 0.0
2026-09-10T06:03:05+08:00 10.40 10.40 0.00 1.28 162.0
2026-09-10T06:03:15+08:00 7.97 7.97 0.00 1.31 255.0
2026-09-10T06:03:25+08:00 3.58 3.58 0.00 1.26 253.0
2026-09-10T06:03:33+08:00 1.71 1.71 0.00 1.30 253.0
2026-09-10T06:03:43+08:00 1.57 1.57 0.00 1.33 255.0
2026-09-10T06:03:53+08:00 0.70 0.70 0.00 1.28 256.0
2026-09-10T06:04:00+08:00 4.41 4.41 0.00 1.31 252.0
2026-09-10T06:04:10+08:00 7.26 7.26 0.00 1.18 255.0
2026-09-10T06:04:20+08:00 4.35 4.35 0.00 1.23 256.0
2026-09-10T06:04:27+08:00 2.68 2.68 0.00 1.19 256.0
2026-09-10T06:04:37+08:00 2.37 2.37 0.00 1.24 256.0
2026-09-10T06:04:47+08:00 1.79 1.79 0.00 1.21 253.0
2026-09-10T06:04:55+08:00 0.85 0.85 0.00 1.25 253.0
2026-09-10T06:05:05+08:00 2.70 2.70 0.00 1.30 255.0
2026-09-10T06:05:15+08:00 3.38 3.38 0.00 1.25 254.0
2026-09-10T06:05:22+08:00 1.24 1.24 0.00 1.37 253.0
2026-09-10T06:05:32+08:00 2.19 2.19 0.00 1.39 253.0
2026-09-10T06:05:42+08:00 2.59 2.59 0.00 1.41 254.0
2026-09-10T06:05:50+08:00 4.79 4.79 0.00 1.50 252.0
2026-09-10T06:06:00+08:00 3.66 3.66 0.00 1.50 255.0
2026-09-10T06:06:10+08:00 1.49 1.49 0.00 1.43 256.0
2026-09-10T06:06:17+08:00 1.79 1.79 0.00 1.52 251.0
2026-09-10T06:06:27+08:00 0.86 0.86 0.00 1.44 255.0
2026-09-10T06:06:37+08:00 2.01 2.01 0.00 1.67 252.0
2026-09-10T06:06:45+08:00 1.83 1.83 0.00 1.72 254.0
2026-09-10T06:06:55+08:00 5.38 5.38 0.00 1.68 254.0
2026-09-10T06:07:05+08:00 1.98 1.98 0.00 1.58 255.0
2026-09-10T06:07:12+08:00 5.59 5.26 0.00 1.81 255.0
2026-09-10T06:07:22+08:00 2.81 2.66 0.00 1.92 255.0
2026-09-10T06:07:32+08:00 1.82 1.76 0.00 1.85 250.0
2026-09-10T06:07:40+08:00 0.96 0.94 0.00 1.79 255.0
2026-09-10T06:07:50+08:00 0.35 0.34 0.00 1.67 255.0
2026-09-10T06:08:00+08:00 0.64 0.64 0.00 1.64 256.0
2026-09-10T06:08:07+08:00 2.27 2.19 0.00 1.62 255.0
2026-09-10T06:08:17+08:00 1.02 0.98 0.00 1.52 256.0
2026-09-10T06:08:27+08:00 0.82 0.80 0.00 1.36 0.0
2026-09-10T06:08:34+08:00 2.48 2.47 0.00 1.30 0.0
2026-09-10T06:08:45+08:00 1.48 1.47 0.00 1.26 0.0
2026-09-10T06:08:55+08:00 2.48 2.48 0.00 1.22 0.0
2026-09-10T06:09:02+08:00 2.10 2.10 0.00 1.26 0.0
2026-09-10T06:09:12+08:00 0.97 0.97 0.00 1.30 0.0
2026-09-10T06:09:22+08:00 0.43 0.43 0.00 1.18 0.0
2026-09-10T06:09:29+08:00 4.21 4.21 0.00 1.15 0.0
2026-09-10T06:09:39+08:00 1.55 1.55 0.00 1.13 1.0
2026-09-10T06:09:49+08:00 0.81 0.81 0.00 1.35 25.0
2026-09-10T06:09:57+08:00 0.44 0.44 0.00 1.37 252.0
2026-09-10T06:10:07+08:00 0.64 0.64 0.00 1.32 252.0
2026-09-10T06:10:17+08:00 1.72 1.72 0.00 1.35 251.0
2026-09-10T06:10:24+08:00 1.31 1.31 0.00 1.29 253.0
2026-09-10T06:10:34+08:00 1.22 1.22 0.00 1.40 253.0
2026-09-10T06:10:44+08:00 1.63 1.48 0.00 1.48 255.0
2026-09-10T06:10:52+08:00 0.88 0.81 0.00 1.41 256.0
2026-09-10T06:11:02+08:00 0.32 0.29 0.00 1.34 256.0
2026-09-10T06:11:12+08:00 1.33 1.22 0.00 1.36 255.0
2026-09-10T06:11:19+08:00 3.71 3.67 0.00 1.31 256.0
2026-09-10T06:11:29+08:00 1.66 1.64 0.00 1.33 256.0
2026-09-10T06:11:39+08:00 0.61 0.60 0.00 1.52 254.0
2026-09-10T06:11:47+08:00 1.08 1.08 0.00 1.44 254.0
2026-09-10T06:11:57+08:00 3.71 3.56 0.00 1.45 256.0
2026-09-10T06:12:07+08:00 6.20 6.14 0.00 1.46 256.0
2026-09-10T06:12:14+08:00 3.75 3.62 0.00 1.61 256.0
2026-09-10T06:12:24+08:00 2.71 2.67 0.00 1.60 256.0
2026-09-10T06:12:34+08:00 3.18 3.16 0.00 1.58 255.0
2026-09-10T06:12:42+08:00 4.43 4.42 0.00 1.49 256.0
2026-09-10T06:12:52+08:00 1.83 1.83 0.00 1.49 255.0
2026-09-10T06:13:02+08:00 0.97 0.97 0.00 1.41 253.0
2026-09-10T06:13:09+08:00 2.13 2.13 0.00 1.35 253.0
2026-09-10T06:13:19+08:00 1.95 1.95 0.00 1.37 251.0
2026-09-10T06:13:29+08:00 0.71 0.71 0.00 1.31 253.0
2026-09-10T06:13:37+08:00 3.71 3.71 0.00 1.34 252.0
2026-09-10T06:13:47+08:00 2.66 2.66 0.00 1.37 250.0
2026-09-10T06:13:57+08:00 1.19 1.19 0.00 1.31 254.0
2026-09-10T06:14:04+08:00 4.15 3.66 0.00 1.49 255.0
2026-09-10T06:14:14+08:00 1.62 1.44 0.00 1.57 253.0
2026-09-10T06:14:24+08:00 1.57 1.49 0.00 1.48 253.0
2026-09-10T06:14:32+08:00 0.99 0.96 0.00 1.41 252.0
2026-09-10T06:14:42+08:00 1.70 1.68 0.00 1.42 253.0
2026-09-10T06:14:52+08:00 2.81 2.70 0.00 1.51 244.0
2026-09-10T06:14:59+08:00 1.51 1.46 0.00 1.43 249.0
2026-09-10T06:15:09+08:00 0.55 0.53 0.00 1.36 250.0
2026-09-10T06:15:19+08:00 0.20 0.19 0.00 1.31 254.0
2026-09-10T06:15:26+08:00 0.23 0.23 0.00 1.26 253.0
2026-09-10T06:15:36+08:00 0.08 0.08 0.00 1.37 255.0
2026-09-10T06:15:46+08:00 0.03 0.03 0.00 1.39 255.0
2026-09-10T06:15:54+08:00 2.20 2.19 0.00 1.41 256.0
2026-09-10T06:16:04+08:00 0.98 0.98 0.00 1.57 253.0
2026-09-10T06:16:14+08:00 0.36 0.36 0.00 1.49 256.0
2026-09-10T06:16:21+08:00 0.31 0.31 0.00 1.41 255.0
2026-09-10T06:16:31+08:00 0.26 0.26 0.00 1.35 255.0
2026-09-10T06:16:41+08:00 0.27 0.27 0.00 1.37 0.0
2026-09-10T06:16:49+08:00 0.27 0.27 0.00 1.32 0.0
2026-09-10T06:16:59+08:00 0.09 0.09 0.00 1.27 0.0
2026-09-10T06:17:09+08:00 0.04 0.04 0.00 1.23 0.0
2026-09-10T06:17:16+08:00 1.55 1.55 0.00 1.19 0.0
2026-09-10T06:17:26+08:00 4.83 4.83 0.00 1.16 0.0
2026-09-10T06:17:36+08:00 5.32 5.32 0.00 1.14 0.0
2026-09-10T06:17:44+08:00 13.84 13.84 0.00 1.35 0.0
2026-09-10T06:17:55+08:00 25.58 25.29 0.00 1.37 0.0
2026-09-10T06:18:05+08:00 25.99 21.82 0.00 1.54 1.0
2026-09-10T06:18:12+08:00 15.54 14.01 0.00 1.62 1.0
2026-09-10T06:18:22+08:00 16.71 16.02 0.00 1.45 0.0
2026-09-10T06:18:33+08:00 57.48 57.22 0.00 1.46 0.0
2026-09-10T06:18:40+08:00 22.95 22.85 0.00 1.39 253.0
2026-09-10T06:18:50+08:00 10.31 10.27 0.00 1.40 256.0
2026-09-10T06:19:00+08:00 5.06 5.05 0.00 1.42 256.0
2026-09-10T06:19:07+08:00 2.69 2.69 0.00 1.43 255.0
2026-09-10T06:19:17+08:00 0.99 0.98 0.00 1.37 254.0
2026-09-10T06:19:27+08:00 1.83 1.83 0.00 1.39 256.0
2026-09-10T06:19:35+08:00 1.81 1.81 0.00 1.41 256.0
2026-09-10T06:19:45+08:00 4.51 4.51 0.00 1.35 255.0
2026-09-10T06:19:55+08:00 3.36 3.36 0.00 1.29 256.0
2026-09-10T06:20:02+08:00 1.33 1.33 0.00 1.25 254.0
2026-09-10T06:20:12+08:00 0.60 0.60 0.00 1.21 253.0
2026-09-10T06:20:22+08:00 0.22 0.22 0.00 1.18 253.0
2026-09-10T06:20:30+08:00 2.04 2.04 0.00 1.15 255.0
2026-09-10T06:20:40+08:00 0.75 0.75 0.00 1.13 256.0
2026-09-10T06:20:50+08:00 1.67 1.67 0.00 1.11 256.0
2026-09-10T06:20:57+08:00 1.22 1.22 0.00 1.16 255.0
2026-09-10T06:21:07+08:00 1.04 1.04 0.00 1.29 256.0
2026-09-10T06:21:17+08:00 2.77 2.77 0.00 1.33 256.0
2026-09-10T06:21:25+08:00 2.57 2.57 0.00 1.28 255.0
2026-09-10T06:21:35+08:00 1.69 1.69 0.00 1.23 254.0
2026-09-10T06:21:45+08:00 1.99 1.99 0.00 1.28 256.0
2026-09-10T06:21:52+08:00 1.38 1.38 0.00 1.32 256.0
2026-09-10T06:22:02+08:00 0.50 0.50 0.00 1.27 256.0
2026-09-10T06:22:12+08:00 3.10 2.62 0.00 1.45 255.0
2026-09-10T06:22:19+08:00 2.05 1.72 0.00 1.54 253.0
2026-09-10T06:22:30+08:00 1.05 0.93 0.00 1.60 255.0
2026-09-10T06:22:40+08:00 0.47 0.41 0.00 1.54 255.0
2026-09-10T06:22:47+08:00 1.16 1.14 0.00 1.45 256.0
2026-09-10T06:22:57+08:00 0.82 0.81 0.00 1.38 256.0
2026-09-10T06:23:07+08:00 0.37 0.36 0.00 1.71 254.0
2026-09-10T06:23:15+08:00 0.23 0.23 0.00 1.60 256.0
2026-09-10T06:23:25+08:00 2.95 2.95 0.00 1.50 255.0
2026-09-10T06:23:35+08:00 2.18 2.06 0.00 1.43 256.0
2026-09-10T06:23:42+08:00 3.13 3.07 0.00 1.36 256.0
2026-09-10T06:23:52+08:00 2.97 2.83 0.00 1.38 256.0
2026-09-10T06:24:02+08:00 1.82 1.75 0.00 1.32 256.0
2026-09-10T06:24:10+08:00 1.01 0.99 0.00 1.27 256.0
2026-09-10T06:24:20+08:00 1.06 0.96 0.00 1.23 256.0
2026-09-10T06:24:30+08:00 7.30 7.07 0.00 1.19 256.0
2026-09-10T06:24:37+08:00 2.78 2.70 0.00 1.16 255.0
2026-09-10T06:24:47+08:00 1.73 1.70 0.00 1.22 255.0
2026-09-10T06:24:57+08:00 0.63 0.62 0.00 1.18 255.0
2026-09-10T06:25:04+08:00 0.56 0.56 0.00 1.24 256.0
2026-09-10T06:25:14+08:00 2.00 2.00 0.00 1.20 254.0
2026-09-10T06:25:24+08:00 1.32 1.32 0.00 1.17 252.0
2026-09-10T06:25:32+08:00 0.69 0.69 0.00 1.30 255.0
2026-09-10T06:25:42+08:00 2.06 2.06 0.00 1.42 253.0
2026-09-10T06:25:52+08:00 0.92 0.92 0.00 1.35 256.0
2026-09-10T06:25:59+08:00 0.44 0.44 0.00 1.30 255.0
2026-09-10T06:26:09+08:00 0.19 0.19 0.00 1.33 254.0
2026-09-10T06:26:19+08:00 1.85 1.85 0.00 1.28 254.0
2026-09-10T06:26:27+08:00 0.93 0.93 0.00 1.24 253.0
2026-09-10T06:26:37+08:00 3.06 3.06 0.00 1.28 0.0
2026-09-10T06:26:47+08:00 1.45 1.45 0.00 1.32 0.0
2026-09-10T06:26:54+08:00 2.92 2.92 0.00 1.27 0.0
2026-09-10T06:27:04+08:00 1.07 1.07 0.00 1.31 0.0
2026-09-10T06:27:14+08:00 1.05 1.05 0.00 1.41 0.0
2026-09-10T06:27:21+08:00 0.48 0.48 0.00 1.34 0.0
2026-09-10T06:27:31+08:00 0.21 0.21 0.00 1.29 0.0
2026-09-10T06:27:42+08:00 0.07 0.07 0.00 1.25 0.0
2026-09-10T06:27:49+08:00 1.32 1.32 0.00 1.21 0.0
2026-09-10T06:27:59+08:00 8.21 7.89 0.00 1.17 1.0
2026-09-10T06:28:09+08:00 3.02 2.90 0.00 1.15 1.0
2026-09-10T06:28:17+08:00 1.75 1.70 0.00 1.12 0.0
2026-09-10T06:28:27+08:00 14.56 14.54 0.12 1.35 55.0
2026-09-10T06:28:37+08:00 6.54 6.53 0.05 1.29 253.0
2026-09-10T06:28:44+08:00 2.49 2.48 0.01 1.25 248.0
2026-09-10T06:28:54+08:00 1.11 1.11 0.00 1.21 254.0
2026-09-10T06:29:04+08:00 1.00 1.00 0.00 1.25 256.0
2026-09-10T06:29:11+08:00 0.93 0.93 0.00 1.29 256.0
2026-09-10T06:29:22+08:00 0.86 0.86 0.00 1.32 256.0
2026-09-10T06:29:31+08:00 0.44 0.44 0.00 1.27 256.0
2026-09-10T06:29:39+08:00 0.29 0.29 0.00 1.38 247.0
2026-09-10T06:29:49+08:00 1.29 1.29 0.00 1.32 252.0
2026-09-10T06:29:58+08:00 0.77 0.77 0.00 1.27 252.0
2026-09-10T06:30:06+08:00 0.34 0.34 0.00 1.61 250.0
2026-09-10T06:30:16+08:00 0.12 0.12 0.00 1.74 251.0
2026-09-10T06:30:26+08:00 0.79 0.79 0.00 1.63 253.0
2026-09-10T06:30:34+08:00 2.99 2.99 0.00 1.53 256.0
2026-09-10T06:30:44+08:00 1.44 1.44 0.00 1.53 256.0
2026-09-10T06:30:52+08:00 0.53 0.53 0.00 1.60 256.0
2026-09-10T06:31:02+08:00 1.80 1.80 0.00 1.51 255.0
2026-09-10T06:31:12+08:00 0.80 0.80 0.00 1.50 255.0
2026-09-10T06:31:19+08:00 2.73 2.73 0.00 1.43 253.0
2026-09-10T06:31:29+08:00 1.42 1.42 0.00 1.44 251.0
2026-09-10T06:31:39+08:00 1.21 1.21 0.00 1.45 251.0
2026-09-10T06:31:46+08:00 2.17 2.02 0.00 1.37 253.0
2026-09-10T06:31:57+08:00 1.97 1.91 0.00 1.54 255.0
2026-09-10T06:32:07+08:00 2.93 2.91 0.00 1.45 256.0
2026-09-10T06:32:15+08:00 2.41 2.40 0.00 1.46 256.0
2026-09-10T06:32:25+08:00 1.45 1.45 0.00 1.39 255.0
2026-09-10T06:32:35+08:00 0.53 0.53 0.00 1.41 255.0
2026-09-10T06:32:42+08:00 0.66 0.48 0.00 1.72 251.0
2026-09-10T06:32:52+08:00 0.32 0.25 0.00 1.61 250.0
2026-09-10T06:33:02+08:00 0.26 0.23 0.00 1.59 253.0
2026-09-10T06:33:09+08:00 1.36 1.35 0.00 1.58 251.0
2026-09-10T06:33:20+08:00 0.61 0.60 0.00 1.49 254.0
2026-09-10T06:33:30+08:00 0.45 0.45 0.00 1.56 256.0
2026-09-10T06:33:37+08:00 2.75 2.56 0.00 1.63 256.0
2026-09-10T06:33:47+08:00 3.06 2.99 0.00 1.60 256.0
2026-09-10T06:33:57+08:00 2.34 2.32 0.00 1.91 256.0
2026-09-10T06:34:04+08:00 3.05 3.04 0.00 1.77 256.0
2026-09-10T06:34:14+08:00 2.47 2.46 0.00 1.65 254.0
2026-09-10T06:34:24+08:00 1.11 1.10 0.00 1.55 250.0
2026-09-10T06:34:32+08:00 4.14 4.14 0.00 1.47 254.0
2026-09-10T06:34:42+08:00 1.86 1.86 0.00 1.39 251.0
