t_iso io_some_avg10 io_full_avg10 cpu_some_avg10 loadavg1 vllm_running
2026-09-09T14:53:38+08:00 63.06 63.06 0.00 3.30 NA
2026-09-09T14:53:48+08:00 33.64 33.64 0.00 2.87 NA
2026-09-09T14:53:58+08:00 50.50 50.50 0.14 2.59 NA
2026-09-09T14:54:08+08:00 71.75 71.75 0.06 2.34 NA
2026-09-09T14:54:17+08:00 78.80 78.71 0.02 2.13 NA
2026-09-09T14:54:27+08:00 76.77 76.74 0.00 1.96 NA
2026-09-09T14:54:37+08:00 86.30 86.29 0.00 1.81 NA
2026-09-09T14:54:47+08:00 83.69 83.68 0.00 1.69 NA
2026-09-09T14:54:57+08:00 58.12 58.12 0.00 1.58 NA
2026-09-09T14:55:07+08:00 38.48 38.30 0.09 1.64 NA
2026-09-09T14:55:16+08:00 33.70 33.64 0.62 1.69 NA
2026-09-09T14:55:26+08:00 65.17 65.07 0.22 1.58 NA
2026-09-09T14:55:36+08:00 72.37 72.34 0.08 1.49 NA
2026-09-09T14:55:46+08:00 81.29 81.27 0.02 1.41 NA
2026-09-09T14:55:55+08:00 86.35 86.35 0.01 1.35 NA
2026-09-09T14:56:05+08:00 90.19 90.19 0.00 1.30 NA
2026-09-09T14:56:15+08:00 91.61 91.61 0.00 1.25 NA
2026-09-09T14:56:25+08:00 49.55 49.55 0.00 1.21 NA
2026-09-09T14:56:35+08:00 18.24 18.24 0.00 1.18 NA
2026-09-09T14:56:45+08:00 13.27 13.27 0.00 1.15 NA
2026-09-09T14:56:54+08:00 20.55 20.55 0.00 1.13 NA
2026-09-09T14:57:04+08:00 23.90 23.90 0.00 1.11 1.0
2026-09-09T14:57:14+08:00 9.63 9.63 0.00 1.17 1.0
2026-09-09T14:57:24+08:00 5.37 5.37 0.00 1.22 1.0
2026-09-09T14:57:34+08:00 1.97 1.97 0.00 1.18 1.0
2026-09-09T14:57:44+08:00 1.29 1.29 0.00 1.23 1.0
2026-09-09T14:57:54+08:00 0.55 0.55 0.00 1.19 1.0
2026-09-09T14:58:03+08:00 0.20 0.20 0.00 1.16 1.0
2026-09-09T14:58:13+08:00 0.07 0.07 0.00 1.14 1.0
t_iso io_some_avg10 io_full_avg10 cpu_some_avg10 loadavg1 vllm_running
2026-09-09T15:29:24+08:00 14.66 14.66 0.00 1.44 NA
2026-09-09T15:29:34+08:00 11.92 11.92 0.00 1.30 NA
2026-09-09T15:29:44+08:00 13.77 13.77 0.12 1.41 NA
2026-09-09T15:29:54+08:00 21.92 21.69 0.74 1.42 NA
2026-09-09T15:30:03+08:00 8.47 8.39 0.27 1.36 NA
2026-09-09T15:30:13+08:00 47.51 47.48 0.10 1.38 NA
2026-09-09T15:30:23+08:00 70.71 70.70 0.03 1.32 NA
2026-09-09T15:30:33+08:00 74.37 74.37 0.01 1.27 NA
2026-09-09T15:30:42+08:00 34.74 34.73 0.00 1.23 NA
2026-09-09T15:30:52+08:00 13.64 13.64 0.00 1.19 1.0
2026-09-09T15:31:02+08:00 5.10 5.10 0.00 1.24 1.0
2026-09-09T15:31:12+08:00 3.14 3.14 0.00 1.20 1.0
2026-09-09T15:31:22+08:00 1.60 1.60 0.00 1.32 1.0
2026-09-09T15:31:32+08:00 1.57 1.57 0.00 1.27 1.0
2026-09-09T15:31:41+08:00 1.66 1.66 0.00 1.23 1.0
2026-09-09T15:31:51+08:00 0.61 0.61 0.00 1.19 1.0
2026-09-09T15:32:01+08:00 0.22 0.22 0.00 1.24 1.0
2026-09-09T15:32:11+08:00 1.46 1.38 0.00 1.21 1.0
2026-09-09T15:32:21+08:00 0.53 0.50 0.00 1.17 1.0
2026-09-09T15:32:31+08:00 0.19 0.18 0.00 1.15 1.0
2026-09-09T15:32:41+08:00 0.43 0.43 0.00 1.20 1.0
2026-09-09T15:32:50+08:00 0.34 0.34 0.00 1.17 1.0
2026-09-09T15:33:00+08:00 1.51 1.51 0.00 1.14 1.0
2026-09-09T15:33:10+08:00 0.73 0.73 0.00 1.12 1.0
2026-09-09T15:33:19+08:00 0.27 0.27 0.00 1.18 1.0
2026-09-09T15:33:29+08:00 2.13 2.13 0.00 1.15 1.0
2026-09-09T15:33:39+08:00 3.25 3.25 0.00 1.13 1.0
2026-09-09T15:33:49+08:00 5.74 5.74 0.00 1.11 1.0
2026-09-09T15:33:59+08:00 3.93 3.93 0.00 1.24 1.0
2026-09-09T15:34:09+08:00 1.74 1.74 0.00 1.20 1.0
2026-09-09T15:34:18+08:00 0.64 0.64 0.00 1.17 1.0
2026-09-09T15:34:28+08:00 0.28 0.28 0.00 1.14 1.0
2026-09-09T15:34:38+08:00 0.10 0.10 0.00 1.12 1.0
2026-09-09T15:34:48+08:00 0.03 0.03 0.00 1.10 1.0
2026-09-09T15:34:58+08:00 1.35 1.35 0.00 1.09 1.0
2026-09-09T15:35:08+08:00 1.69 1.69 0.00 1.00 0.0
2026-09-09T15:35:18+08:00 1.95 1.95 0.00 0.93 33.0
2026-09-09T15:35:27+08:00 1.11 1.11 0.00 0.94 35.0
2026-09-09T15:35:37+08:00 1.23 1.23 0.00 0.95 32.0
2026-09-09T15:35:47+08:00 0.45 0.45 0.00 0.96 24.0
2026-09-09T15:35:57+08:00 0.61 0.61 0.00 0.96 18.0
2026-09-09T15:36:07+08:00 1.46 1.46 0.00 0.97 32.0
2026-09-09T15:36:17+08:00 1.56 1.56 0.00 1.06 19.0
2026-09-09T15:36:26+08:00 0.75 0.75 0.00 1.05 26.0
2026-09-09T15:36:36+08:00 1.73 1.73 0.00 1.04 34.0
2026-09-09T15:36:46+08:00 2.03 2.03 0.00 1.03 20.0
2026-09-09T15:36:56+08:00 0.74 0.74 0.00 1.03 27.0
2026-09-09T15:37:06+08:00 0.98 0.98 0.00 1.02 26.0
2026-09-09T15:37:16+08:00 0.65 0.65 0.00 1.10 20.0
2026-09-09T15:37:25+08:00 0.73 0.73 0.00 1.08 35.0
2026-09-09T15:37:35+08:00 0.45 0.45 0.00 1.07 22.0
2026-09-09T15:37:45+08:00 0.16 0.16 0.14 1.06 32.0
2026-09-09T15:37:55+08:00 0.50 0.50 0.05 1.05 15.0
2026-09-09T15:38:05+08:00 0.58 0.58 0.02 1.04 26.0
2026-09-09T15:38:15+08:00 0.94 0.94 0.00 1.03 23.0
2026-09-09T15:38:25+08:00 1.13 1.13 0.00 1.03 24.0
2026-09-09T15:38:34+08:00 0.96 0.96 0.00 1.02 27.0
2026-09-09T15:38:44+08:00 0.35 0.35 0.00 1.10 39.0
2026-09-09T15:38:54+08:00 0.85 0.85 0.00 1.08 28.0
2026-09-09T15:39:03+08:00 0.31 0.31 0.00 1.07 30.0
2026-09-09T15:39:13+08:00 0.11 0.11 0.00 1.06 39.0
2026-09-09T15:39:23+08:00 0.18 0.18 0.00 1.05 34.0
2026-09-09T15:39:33+08:00 0.94 0.94 0.00 1.12 30.0
2026-09-09T15:39:43+08:00 0.34 0.34 0.00 1.10 21.0
2026-09-09T15:39:53+08:00 0.12 0.12 0.00 1.09 32.0
2026-09-09T15:40:03+08:00 0.04 0.04 0.00 1.07 14.0
2026-09-09T15:40:12+08:00 0.74 0.74 0.00 1.14 0.0
2026-09-09T15:40:22+08:00 1.36 1.36 0.00 1.11 0.0
2026-09-09T15:40:33+08:00 4.42 4.42 0.12 1.02 1.0
2026-09-09T15:40:43+08:00 6.29 6.29 0.04 1.02 1.0
2026-09-09T15:40:53+08:00 4.20 4.20 0.01 1.02 1.0
2026-09-09T15:41:03+08:00 5.83 5.83 0.00 1.09 1.0
2026-09-09T15:41:12+08:00 3.45 3.45 0.00 1.07 1.0
2026-09-09T15:41:22+08:00 1.27 1.27 0.00 1.06 0.0
2026-09-09T15:41:32+08:00 1.64 1.64 0.00 1.05 59.0
2026-09-09T15:41:42+08:00 1.55 1.55 0.00 1.04 62.0
2026-09-09T15:41:52+08:00 0.86 0.86 0.00 1.04 68.0
2026-09-09T15:42:02+08:00 0.31 0.31 0.00 1.10 60.0
2026-09-09T15:42:11+08:00 7.91 7.76 0.00 1.25 83.0
2026-09-09T15:42:21+08:00 3.70 3.63 0.00 1.21 42.0
2026-09-09T15:42:31+08:00 1.52 1.50 0.00 1.25 51.0
2026-09-09T15:42:41+08:00 0.56 0.55 0.00 1.21 43.0
2026-09-09T15:42:51+08:00 0.20 0.20 0.00 1.18 86.0
2026-09-09T15:43:01+08:00 0.22 0.22 0.00 1.15 43.0
2026-09-09T15:43:11+08:00 0.97 0.97 0.00 1.13 65.0
2026-09-09T15:43:20+08:00 0.56 0.56 0.00 1.11 63.0
2026-09-09T15:43:30+08:00 0.92 0.92 0.00 1.09 46.0
2026-09-09T15:43:40+08:00 1.64 1.64 0.00 1.08 58.0
2026-09-09T15:43:49+08:00 1.33 1.33 0.00 1.06 65.0
2026-09-09T15:43:59+08:00 0.60 0.60 0.00 1.05 52.0
2026-09-09T15:44:09+08:00 0.22 0.22 0.00 1.12 68.0
2026-09-09T15:44:19+08:00 0.08 0.08 0.00 1.10 59.0
2026-09-09T15:44:29+08:00 0.67 0.67 0.00 1.08 47.0
2026-09-09T15:44:39+08:00 1.18 1.18 0.00 1.23 51.0
2026-09-09T15:44:48+08:00 1.28 1.28 0.00 1.26 65.0
2026-09-09T15:44:58+08:00 1.19 1.19 0.00 1.22 63.0
2026-09-09T15:45:08+08:00 0.43 0.43 0.00 1.19 61.0
2026-09-09T15:45:18+08:00 1.01 1.01 0.00 1.23 46.0
2026-09-09T15:45:28+08:00 1.46 1.46 0.00 1.20 43.0
2026-09-09T15:45:38+08:00 0.65 0.65 0.00 1.17 46.0
2026-09-09T15:45:48+08:00 1.20 1.20 0.00 1.21 77.0
2026-09-09T15:45:57+08:00 0.67 0.67 0.00 1.18 68.0
2026-09-09T15:46:07+08:00 2.34 2.34 0.00 1.45 75.0
2026-09-09T15:46:17+08:00 1.02 1.02 0.00 1.38 66.0
2026-09-09T15:46:26+08:00 0.78 0.78 0.00 1.32 0.0
2026-09-09T15:46:36+08:00 3.68 3.68 0.00 1.27 0.0
2026-09-09T15:46:47+08:00 4.40 4.40 0.00 1.23 0.0
2026-09-09T15:46:56+08:00 1.62 1.62 0.00 1.19 0.0
2026-09-09T15:47:06+08:00 3.56 3.56 0.00 1.16 0.0
2026-09-09T15:47:16+08:00 8.86 8.72 0.00 1.14 0.0
2026-09-09T15:47:25+08:00 5.62 5.57 0.00 1.12 1.0
2026-09-09T15:47:35+08:00 2.82 2.80 0.00 1.10 1.0
2026-09-09T15:47:45+08:00 3.68 3.68 0.00 1.16 1.0
2026-09-09T15:47:55+08:00 1.35 1.35 0.00 1.14 1.0
2026-09-09T15:48:05+08:00 1.30 1.15 0.00 1.04 0.0
2026-09-09T15:48:15+08:00 5.85 5.80 0.00 1.03 74.0
2026-09-09T15:48:25+08:00 2.49 2.47 0.00 1.10 78.0
2026-09-09T15:48:34+08:00 1.89 1.88 0.00 1.16 65.0
2026-09-09T15:48:44+08:00 0.94 0.93 0.00 1.14 87.0
2026-09-09T15:48:54+08:00 0.42 0.42 0.00 1.12 102.0
2026-09-09T15:49:04+08:00 0.71 0.71 0.00 1.10 65.0
2026-09-09T15:49:14+08:00 1.77 1.62 0.00 1.08 62.0
2026-09-09T15:49:24+08:00 1.09 1.04 0.00 1.07 109.0
2026-09-09T15:49:33+08:00 0.40 0.38 0.00 1.06 92.0
2026-09-09T15:49:43+08:00 0.14 0.14 0.00 1.05 77.0
2026-09-09T15:49:53+08:00 0.41 0.41 0.00 1.12 92.0
2026-09-09T15:50:03+08:00 0.69 0.69 0.00 1.18 69.0
2026-09-09T15:50:12+08:00 0.64 0.52 0.00 1.15 89.0
2026-09-09T15:50:22+08:00 0.23 0.19 0.00 1.13 56.0
2026-09-09T15:50:33+08:00 0.10 0.08 0.00 1.11 81.0
2026-09-09T15:50:42+08:00 0.87 0.87 0.00 1.25 49.0
2026-09-09T15:50:52+08:00 2.17 2.16 0.00 1.37 65.0
2026-09-09T15:51:02+08:00 0.79 0.79 0.00 1.31 66.0
2026-09-09T15:51:11+08:00 0.29 0.29 0.00 1.26 90.0
2026-09-09T15:51:21+08:00 0.40 0.40 0.00 1.30 97.0
2026-09-09T15:51:31+08:00 0.75 0.75 0.00 1.33 80.0
2026-09-09T15:51:41+08:00 0.27 0.27 0.00 1.28 76.0
2026-09-09T15:51:51+08:00 0.58 0.58 0.00 1.31 77.0
2026-09-09T15:52:01+08:00 2.28 2.28 0.00 1.56 73.0
2026-09-09T15:52:10+08:00 1.98 1.98 0.00 1.63 71.0
2026-09-09T15:52:20+08:00 1.02 1.02 0.00 1.61 75.0
2026-09-09T15:52:30+08:00 0.37 0.37 0.00 1.60 67.0
2026-09-09T15:52:40+08:00 0.33 0.33 0.00 1.51 68.0
2026-09-09T15:52:49+08:00 7.43 7.43 0.00 1.58 70.0
2026-09-09T15:53:00+08:00 2.93 2.93 0.00 1.49 81.0
2026-09-09T15:53:10+08:00 1.52 1.52 0.00 1.42 0.0
2026-09-09T15:53:19+08:00 0.85 0.85 0.00 1.35 0.0
2026-09-09T15:53:29+08:00 0.76 0.76 0.00 1.30 0.0
2026-09-09T15:53:39+08:00 1.16 1.16 0.00 1.25 0.0
2026-09-09T15:53:48+08:00 1.12 1.12 0.00 1.21 0.0
2026-09-09T15:53:58+08:00 0.71 0.71 0.00 1.11 1.0
2026-09-09T15:54:08+08:00 0.26 0.26 0.00 1.09 1.0
2026-09-09T15:54:18+08:00 1.55 1.55 0.00 1.08 1.0
2026-09-09T15:54:28+08:00 4.27 4.27 0.00 1.14 1.0
2026-09-09T15:54:38+08:00 2.37 2.37 0.00 1.12 1.0
2026-09-09T15:54:47+08:00 0.87 0.87 0.00 1.02 0.0
2026-09-09T15:54:57+08:00 1.47 1.47 0.00 1.01 101.0
2026-09-09T15:55:07+08:00 0.54 0.54 0.00 1.17 100.0
2026-09-09T15:55:17+08:00 2.31 1.89 0.00 1.22 86.0
2026-09-09T15:55:27+08:00 0.85 0.85 0.00 1.26 83.0
2026-09-09T15:55:37+08:00 0.49 0.49 0.00 1.22 91.0
2026-09-09T15:55:47+08:00 0.36 0.36 0.00 1.27 90.0
2026-09-09T15:55:56+08:00 1.82 1.82 0.00 1.22 84.0
2026-09-09T15:56:06+08:00 0.67 0.67 0.00 1.27 102.0
2026-09-09T15:56:16+08:00 0.24 0.24 0.00 1.23 94.0
2026-09-09T15:56:25+08:00 0.09 0.09 0.00 1.19 76.0
2026-09-09T15:56:35+08:00 0.03 0.03 0.00 1.24 97.0
2026-09-09T15:56:45+08:00 0.55 0.55 0.00 1.20 71.0
2026-09-09T15:56:55+08:00 0.24 0.24 0.00 1.17 66.0
2026-09-09T15:57:05+08:00 0.09 0.09 0.00 1.51 109.0
2026-09-09T15:57:15+08:00 0.03 0.03 0.00 1.43 101.0
2026-09-09T15:57:25+08:00 0.01 0.01 0.00 1.52 97.0
2026-09-09T15:57:34+08:00 0.00 0.00 0.00 1.51 65.0
2026-09-09T15:57:44+08:00 0.00 0.00 0.00 1.43 74.0
2026-09-09T15:57:54+08:00 0.48 0.48 0.00 1.45 89.0
2026-09-09T15:58:04+08:00 1.88 1.88 0.00 1.45 95.0
2026-09-09T15:58:14+08:00 1.79 1.79 0.00 1.38 95.0
2026-09-09T15:58:24+08:00 1.14 1.14 0.00 1.32 136.0
2026-09-09T15:58:33+08:00 0.81 0.81 0.00 1.27 93.0
2026-09-09T15:58:43+08:00 0.29 0.29 0.00 1.23 76.0
2026-09-09T15:58:53+08:00 0.10 0.10 0.00 1.19 83.0
2026-09-09T15:59:02+08:00 0.03 0.03 0.00 1.16 84.0
2026-09-09T15:59:12+08:00 0.85 0.85 0.00 1.29 86.0
2026-09-09T15:59:22+08:00 2.01 2.01 0.00 1.40 79.0
2026-09-09T15:59:32+08:00 0.98 0.98 0.00 1.34 78.0
2026-09-09T15:59:42+08:00 0.36 0.36 0.00 1.29 87.0
2026-09-09T15:59:52+08:00 0.25 0.25 0.00 1.16 0.0
2026-09-09T16:00:02+08:00 0.98 0.98 0.00 1.14 0.0
2026-09-09T16:00:11+08:00 3.26 3.26 0.00 1.12 0.0
2026-09-09T16:00:21+08:00 1.94 1.94 0.00 1.10 0.0
2026-09-09T16:00:31+08:00 1.32 1.32 0.00 1.08 0.0
2026-09-09T16:00:41+08:00 2.26 2.26 0.00 1.00 0.0
2026-09-09T16:00:51+08:00 1.16 1.16 0.00 1.00 1.0
2026-09-09T16:01:01+08:00 0.57 0.57 0.00 1.08 1.0
2026-09-09T16:01:10+08:00 6.60 6.60 0.00 1.07 1.0
2026-09-09T16:01:20+08:00 2.42 2.42 0.00 1.06 1.0
2026-09-09T16:01:30+08:00 3.61 3.61 0.18 0.97 0.0
2026-09-09T16:01:40+08:00 1.32 1.32 0.06 0.97 84.0
2026-09-09T16:01:50+08:00 1.03 1.03 0.02 1.06 102.0
2026-09-09T16:02:00+08:00 0.61 0.61 0.00 1.05 103.0
2026-09-09T16:02:10+08:00 2.89 2.89 0.00 1.27 128.0
2026-09-09T16:02:19+08:00 1.06 1.06 0.00 1.23 73.0
2026-09-09T16:02:29+08:00 0.39 0.39 0.00 1.19 89.0
2026-09-09T16:02:39+08:00 0.14 0.14 0.00 1.16 119.0
2026-09-09T16:02:48+08:00 0.05 0.05 0.00 1.14 83.0
2026-09-09T16:02:59+08:00 0.34 0.34 0.00 1.11 144.0
2026-09-09T16:03:09+08:00 0.12 0.12 0.00 1.10 115.0
2026-09-09T16:03:18+08:00 1.08 1.08 0.00 1.23 92.0
2026-09-09T16:03:28+08:00 2.23 2.23 0.00 1.27 85.0
2026-09-09T16:03:38+08:00 1.59 1.59 0.00 1.31 98.0
2026-09-09T16:03:47+08:00 0.58 0.58 0.00 1.26 97.0
2026-09-09T16:03:57+08:00 0.21 0.21 0.00 1.27 104.0
2026-09-09T16:04:07+08:00 0.07 0.07 0.00 1.23 109.0
2026-09-09T16:04:17+08:00 1.06 1.06 0.00 1.27 89.0
2026-09-09T16:04:27+08:00 0.83 0.83 0.00 1.30 108.0
2026-09-09T16:04:37+08:00 1.43 1.43 0.00 1.25 106.0
2026-09-09T16:04:47+08:00 1.16 1.16 0.00 1.21 118.0
2026-09-09T16:04:56+08:00 1.56 1.56 0.00 1.18 110.0
2026-09-09T16:05:06+08:00 0.57 0.57 0.00 1.15 98.0
2026-09-09T16:05:16+08:00 0.55 0.55 0.00 1.13 99.0
2026-09-09T16:05:26+08:00 0.20 0.20 0.00 1.11 102.0
2026-09-09T16:05:36+08:00 0.25 0.25 0.00 1.09 95.0
2026-09-09T16:05:46+08:00 0.09 0.09 0.00 1.08 100.0
2026-09-09T16:05:55+08:00 0.03 0.03 0.00 1.06 136.0
2026-09-09T16:06:05+08:00 0.09 0.09 0.00 1.05 96.0
2026-09-09T16:06:15+08:00 0.03 0.03 0.00 1.12 94.0
2026-09-09T16:06:24+08:00 0.50 0.50 0.00 1.10 127.0
2026-09-09T16:06:34+08:00 0.18 0.18 0.00 1.08 0.0
2026-09-09T16:06:44+08:00 0.06 0.06 0.00 1.07 0.0
2026-09-09T16:06:54+08:00 0.44 0.44 0.00 1.06 0.0
2026-09-09T16:07:04+08:00 0.16 0.16 0.00 1.05 0.0
2026-09-09T16:07:15+08:00 1.20 1.20 0.00 1.04 0.0
2026-09-09T16:07:26+08:00 15.88 15.52 0.18 0.96 1.0
2026-09-09T16:07:36+08:00 13.97 13.84 0.06 0.97 1.0
2026-09-09T16:07:46+08:00 5.38 5.33 0.02 0.97 1.0
2026-09-09T16:07:56+08:00 1.98 1.96 0.00 0.98 1.0
2026-09-09T16:08:05+08:00 1.72 1.71 0.00 1.06 1.0
2026-09-09T16:08:16+08:00 1.90 1.90 0.00 1.05 0.0
2026-09-09T16:08:26+08:00 4.63 4.63 0.00 1.04 143.0
2026-09-09T16:08:35+08:00 3.39 3.39 0.00 1.03 92.0
2026-09-09T16:08:45+08:00 1.49 1.49 0.00 1.40 120.0
2026-09-09T16:08:55+08:00 0.54 0.54 0.00 1.33 109.0
2026-09-09T16:09:04+08:00 0.20 0.20 0.00 1.28 106.0
2026-09-09T16:09:14+08:00 0.08 0.08 0.00 1.32 155.0
2026-09-09T16:09:24+08:00 0.15 0.15 0.00 1.27 148.0
2026-09-09T16:09:34+08:00 0.25 0.25 0.00 1.39 128.0
2026-09-09T16:09:44+08:00 0.09 0.09 0.00 1.40 154.0
2026-09-09T16:09:54+08:00 0.03 0.03 0.00 1.34 131.0
2026-09-09T16:10:04+08:00 0.01 0.01 0.00 1.53 118.0
2026-09-09T16:10:13+08:00 0.24 0.24 0.00 1.59 106.0
2026-09-09T16:10:23+08:00 0.09 0.09 0.00 1.50 131.0
2026-09-09T16:10:33+08:00 0.39 0.27 0.00 1.51 135.0
2026-09-09T16:10:43+08:00 0.44 0.39 0.00 1.43 106.0
2026-09-09T16:10:53+08:00 0.19 0.17 0.00 1.36 83.0
2026-09-09T16:11:03+08:00 0.19 0.18 0.00 1.30 128.0
2026-09-09T16:11:12+08:00 1.40 1.40 0.00 1.26 154.0
2026-09-09T16:11:22+08:00 1.41 1.33 0.00 1.30 145.0
2026-09-09T16:11:32+08:00 1.65 1.54 0.00 1.25 135.0
2026-09-09T16:11:42+08:00 0.61 0.56 0.00 1.21 123.0
2026-09-09T16:11:52+08:00 0.22 0.20 0.00 1.18 107.0
2026-09-09T16:12:02+08:00 0.08 0.07 0.00 1.15 157.0
2026-09-09T16:12:11+08:00 0.02 0.02 0.00 1.21 100.0
2026-09-09T16:12:21+08:00 1.56 1.56 0.00 1.25 96.0
2026-09-09T16:12:31+08:00 1.79 1.79 0.00 1.21 97.0
2026-09-09T16:12:41+08:00 2.16 2.15 0.00 1.26 124.0
2026-09-09T16:12:50+08:00 1.23 1.09 0.00 1.22 96.0
2026-09-09T16:13:00+08:00 0.60 0.54 0.00 1.48 90.0
2026-09-09T16:13:10+08:00 0.22 0.20 0.00 1.41 120.0
2026-09-09T16:13:20+08:00 0.08 0.07 0.00 1.64 101.0
2026-09-09T16:13:30+08:00 2.84 2.84 0.00 1.61 0.0
2026-09-09T16:13:40+08:00 1.04 1.04 0.00 1.52 0.0
2026-09-09T16:13:49+08:00 0.56 0.56 0.00 1.44 0.0
2026-09-09T16:13:59+08:00 0.32 0.32 0.00 1.37 0.0
2026-09-09T16:14:09+08:00 0.14 0.14 0.00 1.31 0.0
2026-09-09T16:14:19+08:00 0.37 0.37 0.54 1.26 0.0
2026-09-09T16:14:29+08:00 0.36 0.36 0.19 1.22 1.0
2026-09-09T16:14:39+08:00 0.87 0.87 0.07 1.19 1.0
2026-09-09T16:14:49+08:00 2.31 2.31 0.02 1.23 1.0
2026-09-09T16:14:58+08:00 5.46 5.46 0.00 1.20 1.0
2026-09-09T16:15:08+08:00 3.82 3.82 0.00 1.17 1.0
2026-09-09T16:15:18+08:00 1.65 1.65 0.00 1.22 0.0
2026-09-09T16:15:28+08:00 0.72 0.72 0.00 1.19 144.0
2026-09-09T16:15:38+08:00 1.08 1.00 0.00 1.23 154.0
2026-09-09T16:15:48+08:00 1.61 1.58 0.00 1.20 201.0
2026-09-09T16:15:57+08:00 0.72 0.71 0.00 1.24 196.0
2026-09-09T16:16:07+08:00 1.56 1.55 0.00 1.28 171.0
2026-09-09T16:16:17+08:00 3.83 3.83 0.00 1.23 251.0
2026-09-09T16:16:26+08:00 3.24 3.23 0.00 1.20 255.0
2026-09-09T16:16:36+08:00 1.39 1.39 0.00 1.17 255.0
2026-09-09T16:16:46+08:00 0.91 0.91 0.00 1.14 254.0
2026-09-09T16:16:56+08:00 1.06 1.06 0.00 1.12 254.0
2026-09-09T16:17:06+08:00 1.08 1.08 0.00 1.10 255.0
2026-09-09T16:17:16+08:00 0.59 0.59 0.00 1.08 255.0
2026-09-09T16:17:26+08:00 0.26 0.21 0.00 1.07 250.0
2026-09-09T16:17:35+08:00 0.09 0.09 0.00 1.13 256.0
2026-09-09T16:17:45+08:00 0.70 0.70 0.00 1.11 227.0
2026-09-09T16:17:55+08:00 1.10 0.92 0.00 1.09 157.0
2026-09-09T16:18:05+08:00 0.40 0.33 0.00 1.08 222.0
2026-09-09T16:18:15+08:00 1.53 1.51 0.00 1.07 187.0
2026-09-09T16:18:25+08:00 0.86 0.85 0.00 1.06 186.0
2026-09-09T16:18:34+08:00 0.49 0.49 0.00 1.05 165.0
2026-09-09T16:18:44+08:00 0.18 0.18 0.00 1.04 243.0
2026-09-09T16:18:54+08:00 0.06 0.06 0.00 1.19 239.0
2026-09-09T16:19:03+08:00 0.27 0.27 0.00 1.24 238.0
2026-09-09T16:19:13+08:00 0.82 0.82 0.00 1.50 253.0
2026-09-09T16:19:24+08:00 1.51 1.51 0.00 1.42 255.0
2026-09-09T16:19:33+08:00 0.67 0.67 0.00 1.35 256.0
2026-09-09T16:19:43+08:00 0.81 0.81 0.00 1.45 253.0
2026-09-09T16:19:53+08:00 1.93 1.93 0.00 1.54 256.0
2026-09-09T16:20:03+08:00 1.61 1.61 0.00 1.61 255.0
2026-09-09T16:20:12+08:00 0.75 0.75 0.00 1.59 254.0
2026-09-09T16:20:22+08:00 0.27 0.27 0.00 1.50 0.0
2026-09-09T16:20:32+08:00 0.10 0.10 0.00 1.42 0.0
2026-09-09T16:20:42+08:00 0.04 0.04 0.00 1.36 0.0
2026-09-09T16:20:52+08:00 1.64 1.64 0.00 1.30 0.0
2026-09-09T16:21:02+08:00 3.60 3.60 0.00 1.25 0.0
2026-09-09T16:21:11+08:00 1.32 1.32 0.00 1.21 0.0
2026-09-09T16:21:21+08:00 1.08 1.08 0.24 1.19 1.0
2026-09-09T16:21:31+08:00 0.39 0.39 0.08 1.16 1.0
2026-09-09T16:21:40+08:00 0.14 0.14 0.03 1.13 1.0
2026-09-09T16:21:51+08:00 5.19 5.19 0.01 1.27 1.0
2026-09-09T16:22:01+08:00 5.33 5.33 0.00 1.30 1.0
2026-09-09T16:22:11+08:00 1.96 1.96 0.00 1.25 0.0
2026-09-09T16:22:20+08:00 1.73 1.73 0.00 1.29 187.0
2026-09-09T16:22:30+08:00 0.95 0.95 0.00 1.25 256.0
2026-09-09T16:22:40+08:00 6.04 5.86 0.00 1.21 256.0
2026-09-09T16:22:49+08:00 2.76 2.70 0.00 1.18 255.0
2026-09-09T16:22:59+08:00 1.19 1.17 0.00 1.44 249.0
2026-09-09T16:23:09+08:00 1.34 1.33 0.00 1.46 251.0
2026-09-09T16:23:19+08:00 0.87 0.87 0.00 1.39 252.0
2026-09-09T16:23:29+08:00 0.32 0.32 0.00 1.41 254.0
2026-09-09T16:23:39+08:00 0.56 0.56 0.00 1.42 255.0
2026-09-09T16:23:48+08:00 0.20 0.20 0.00 1.50 254.0
2026-09-09T16:23:58+08:00 0.09 0.09 0.00 1.42 256.0
2026-09-09T16:24:08+08:00 0.51 0.51 0.00 1.36 256.0
2026-09-09T16:24:18+08:00 0.43 0.43 0.00 1.38 254.0
2026-09-09T16:24:28+08:00 0.34 0.34 0.00 1.32 255.0
2026-09-09T16:24:38+08:00 1.03 1.03 0.00 1.27 253.0
2026-09-09T16:24:48+08:00 3.01 3.01 0.00 1.23 254.0
2026-09-09T16:24:57+08:00 4.18 4.18 0.00 1.27 254.0
2026-09-09T16:25:07+08:00 1.82 1.82 0.00 1.31 255.0
2026-09-09T16:25:17+08:00 1.00 1.00 0.00 1.33 256.0
2026-09-09T16:25:26+08:00 0.66 0.66 0.00 1.28 252.0
2026-09-09T16:25:36+08:00 0.66 0.47 0.00 1.24 254.0
2026-09-09T16:25:46+08:00 0.24 0.17 0.00 1.20 255.0
2026-09-09T16:25:56+08:00 0.08 0.06 0.00 1.24 253.0
2026-09-09T16:26:06+08:00 0.75 0.74 0.00 1.36 253.0
2026-09-09T16:26:16+08:00 0.82 0.81 0.00 1.30 255.0
2026-09-09T16:26:25+08:00 2.61 2.61 0.00 1.26 253.0
2026-09-09T16:26:35+08:00 1.75 1.75 0.00 1.22 255.0
2026-09-09T16:26:45+08:00 0.64 0.64 0.00 1.26 255.0
2026-09-09T16:26:55+08:00 0.84 0.84 0.00 1.29 254.0
2026-09-09T16:27:05+08:00 0.30 0.30 0.00 1.25 255.0
2026-09-09T16:27:15+08:00 0.13 0.13 0.00 1.37 255.0
2026-09-09T16:27:25+08:00 1.04 1.04 0.00 1.31 256.0
2026-09-09T16:27:34+08:00 1.87 1.87 0.00 1.34 254.0
2026-09-09T16:27:44+08:00 1.23 1.23 0.00 1.37 254.0
2026-09-09T16:27:54+08:00 1.42 1.42 0.00 1.31 254.0
2026-09-09T16:28:04+08:00 0.52 0.52 0.00 1.27 256.0
2026-09-09T16:28:14+08:00 0.19 0.19 0.00 1.22 256.0
2026-09-09T16:28:24+08:00 0.26 0.06 0.00 1.19 255.0
2026-09-09T16:28:33+08:00 0.09 0.02 0.00 1.16 253.0
2026-09-09T16:28:43+08:00 1.01 0.98 0.00 1.21 0.0
2026-09-09T16:28:53+08:00 0.45 0.44 0.00 1.18 0.0
2026-09-09T16:29:04+08:00 0.47 0.46 0.00 1.15 NA
2026-09-09T16:29:17+08:00 16.33 16.33 0.00 1.53 0.0
2026-09-09T16:29:27+08:00 9.00 9.00 0.00 1.45 0.0
2026-09-09T16:29:36+08:00 4.53 4.53 0.00 1.38 0.0
2026-09-09T16:29:46+08:00 3.15 3.15 0.00 1.32 0.0
2026-09-09T16:29:56+08:00 1.53 1.53 0.00 1.35 0.0
2026-09-09T16:30:06+08:00 2.37 2.37 0.00 1.30 1.0
2026-09-09T16:30:16+08:00 2.93 2.93 0.00 1.25 1.0
2026-09-09T16:30:26+08:00 5.88 5.88 0.00 1.29 1.0
2026-09-09T16:30:36+08:00 12.86 12.86 0.00 1.40 1.0
2026-09-09T16:30:45+08:00 4.73 4.73 0.00 1.34 1.0
2026-09-09T16:30:55+08:00 2.49 2.49 0.00 1.29 0.0
2026-09-09T16:31:05+08:00 0.91 0.91 0.00 1.24 254.0
2026-09-09T16:31:15+08:00 0.41 0.41 0.00 1.28 255.0
2026-09-09T16:31:25+08:00 2.15 2.15 0.00 1.31 256.0
2026-09-09T16:31:35+08:00 2.05 2.05 0.00 1.66 256.0
2026-09-09T16:31:44+08:00 0.75 0.75 0.00 1.64 254.0
2026-09-09T16:31:54+08:00 1.37 1.37 0.00 1.70 254.0
2026-09-09T16:32:04+08:00 0.50 0.50 0.00 1.59 253.0
2026-09-09T16:32:13+08:00 0.18 0.18 0.00 1.98 255.0
2026-09-09T16:32:23+08:00 0.06 0.06 0.00 1.83 254.0
2026-09-09T16:32:33+08:00 0.15 0.15 0.00 1.92 253.0
2026-09-09T16:32:43+08:00 0.13 0.13 0.00 1.78 256.0
2026-09-09T16:32:53+08:00 0.04 0.04 0.00 1.73 252.0
2026-09-09T16:33:03+08:00 0.90 0.90 0.00 1.70 252.0
2026-09-09T16:33:13+08:00 2.93 2.93 0.00 1.59 254.0
2026-09-09T16:33:22+08:00 1.26 1.26 0.00 1.50 255.0
2026-09-09T16:33:32+08:00 0.70 0.70 0.00 1.50 256.0
2026-09-09T16:33:42+08:00 0.98 0.98 0.00 1.58 255.0
2026-09-09T16:33:52+08:00 0.36 0.36 0.00 1.64 254.0
2026-09-09T16:34:02+08:00 0.13 0.13 0.00 1.54 254.0
2026-09-09T16:34:12+08:00 0.04 0.04 0.00 1.53 254.0
2026-09-09T16:34:21+08:00 0.02 0.02 0.00 1.45 253.0
2026-09-09T16:34:31+08:00 0.00 0.00 0.00 1.38 254.0
2026-09-09T16:34:41+08:00 0.48 0.48 0.00 1.32 255.0
2026-09-09T16:34:51+08:00 0.58 0.58 0.29 1.35 255.0
2026-09-09T16:35:01+08:00 0.33 0.33 0.10 1.46 256.0
2026-09-09T16:35:11+08:00 0.93 0.93 0.03 1.83 253.0
2026-09-09T16:35:21+08:00 0.50 0.50 0.01 1.78 254.0
2026-09-09T16:35:30+08:00 1.40 1.40 0.00 1.95 256.0
2026-09-09T16:35:40+08:00 1.33 1.33 0.00 1.88 253.0
2026-09-09T16:35:50+08:00 1.21 1.21 0.00 1.92 255.0
2026-09-09T16:36:00+08:00 0.74 0.74 0.00 1.78 256.0
2026-09-09T16:36:10+08:00 1.93 1.93 0.00 1.66 255.0
2026-09-09T16:36:20+08:00 1.40 1.31 0.00 1.56 254.0
2026-09-09T16:36:30+08:00 2.18 2.15 0.00 1.47 253.0
2026-09-09T16:36:40+08:00 0.98 0.96 0.00 1.40 255.0
2026-09-09T16:36:50+08:00 0.36 0.35 0.00 1.34 254.0
2026-09-09T16:36:59+08:00 0.33 0.32 0.00 1.36 253.0
2026-09-09T16:37:09+08:00 0.12 0.12 0.00 1.30 254.0
2026-09-09T16:37:19+08:00 1.13 0.95 0.00 1.34 253.0
2026-09-09T16:37:29+08:00 0.74 0.67 0.00 1.28 252.0
2026-09-09T16:37:39+08:00 2.09 1.99 0.00 1.24 255.0
2026-09-09T16:37:49+08:00 1.06 1.02 0.00 1.20 254.0
2026-09-09T16:37:59+08:00 0.88 0.86 0.00 1.33 251.0
2026-09-09T16:38:08+08:00 0.77 0.76 0.00 1.35 255.0
2026-09-09T16:38:18+08:00 0.34 0.34 0.00 1.30 254.0
2026-09-09T16:38:28+08:00 0.57 0.57 0.00 1.33 253.0
2026-09-09T16:38:37+08:00 1.20 1.20 0.00 1.43 255.0
2026-09-09T16:38:48+08:00 0.44 0.44 0.00 1.36 252.0
2026-09-09T16:38:58+08:00 0.90 0.90 0.00 1.38 0.0
2026-09-09T16:39:07+08:00 1.50 1.50 0.00 1.32 0.0
2026-09-09T16:39:17+08:00 0.70 0.70 0.00 1.27 0.0
2026-09-09T16:39:27+08:00 0.25 0.25 0.00 1.23 0.0
2026-09-09T16:39:36+08:00 0.09 0.09 0.00 1.19 0.0
2026-09-09T16:39:46+08:00 2.75 2.75 0.00 1.16 0.0
2026-09-09T16:39:56+08:00 1.23 1.23 0.00 1.14 0.0
2026-09-09T16:40:06+08:00 1.54 1.54 0.00 1.12 0.0
2026-09-09T16:40:16+08:00 0.56 0.56 0.00 1.10 0.0
2026-09-09T16:40:26+08:00 12.52 12.34 0.00 1.31 0.0
2026-09-09T16:40:37+08:00 20.33 19.88 0.00 1.26 1.0
2026-09-09T16:40:46+08:00 12.31 12.15 0.00 1.22 1.0
2026-09-09T16:40:56+08:00 20.65 20.44 0.00 1.26 1.0
2026-09-09T16:41:06+08:00 8.57 8.49 0.00 1.22 1.0
2026-09-09T16:41:15+08:00 3.85 3.82 0.00 1.27 1.0
2026-09-09T16:41:25+08:00 2.86 2.85 0.00 1.23 0.0
2026-09-09T16:41:36+08:00 1.29 1.29 0.00 1.19 248.0
2026-09-09T16:41:45+08:00 1.37 1.37 0.00 1.31 251.0
2026-09-09T16:41:55+08:00 0.50 0.50 0.00 1.58 256.0
2026-09-09T16:42:05+08:00 0.18 0.18 0.00 1.73 252.0
2026-09-09T16:42:14+08:00 0.06 0.06 0.00 1.69 251.0
2026-09-09T16:42:24+08:00 0.21 0.21 0.00 1.67 253.0
2026-09-09T16:42:34+08:00 0.07 0.07 0.00 1.64 250.0
2026-09-09T16:42:44+08:00 0.51 0.51 0.00 1.61 256.0
2026-09-09T16:42:54+08:00 0.18 0.18 0.00 1.60 256.0
2026-09-09T16:43:04+08:00 0.06 0.06 0.00 1.66 251.0
2026-09-09T16:43:14+08:00 0.86 0.86 0.00 1.56 255.0
2026-09-09T16:43:23+08:00 1.23 1.23 0.00 1.62 252.0
2026-09-09T16:43:33+08:00 1.33 1.33 0.00 1.61 256.0
2026-09-09T16:43:43+08:00 1.23 1.23 0.00 1.51 252.0
2026-09-09T16:43:53+08:00 0.60 0.60 0.00 1.51 253.0
2026-09-09T16:44:03+08:00 0.27 0.27 0.00 1.51 254.0
2026-09-09T16:44:13+08:00 0.39 0.39 0.00 1.67 251.0
2026-09-09T16:44:22+08:00 1.06 1.06 0.00 1.57 256.0
2026-09-09T16:44:32+08:00 2.12 2.12 0.00 1.55 249.0
2026-09-09T16:44:43+08:00 2.26 2.26 0.00 1.54 250.0
2026-09-09T16:44:52+08:00 1.07 1.07 0.00 1.46 255.0
2026-09-09T16:45:02+08:00 0.39 0.39 0.00 1.39 255.0
2026-09-09T16:45:12+08:00 0.14 0.14 0.00 1.33 256.0
2026-09-09T16:45:22+08:00 0.05 0.05 0.00 1.28 256.0
2026-09-09T16:45:31+08:00 0.26 0.26 0.00 1.23 252.0
2026-09-09T16:45:41+08:00 2.17 2.17 0.00 1.20 255.0
2026-09-09T16:45:51+08:00 2.08 2.08 0.00 1.17 254.0
2026-09-09T16:46:01+08:00 0.88 0.88 0.00 1.62 256.0
2026-09-09T16:46:11+08:00 1.37 1.37 0.00 1.59 254.0
2026-09-09T16:46:21+08:00 1.31 1.31 0.00 1.50 253.0
2026-09-09T16:46:30+08:00 1.86 1.86 0.00 1.58 255.0
2026-09-09T16:46:40+08:00 1.23 1.23 0.00 1.57 252.0
2026-09-09T16:46:50+08:00 0.60 0.60 0.00 1.48 256.0
2026-09-09T16:47:00+08:00 0.91 0.91 0.00 1.56 252.0
2026-09-09T16:47:10+08:00 0.96 0.96 0.00 1.63 253.0
2026-09-09T16:47:20+08:00 1.39 1.39 0.00 1.61 254.0
2026-09-09T16:47:29+08:00 0.51 0.51 0.00 1.67 250.0
2026-09-09T16:47:39+08:00 1.09 1.09 0.00 1.56 247.0
2026-09-09T16:47:49+08:00 0.69 0.69 0.00 1.48 250.0
2026-09-09T16:47:59+08:00 0.55 0.55 0.00 1.48 256.0
