t_iso io_some_avg10 io_full_avg10 cpu_some_avg10 loadavg1 vllm_running
2026-09-10T13:58:10+08:00 3.35 3.35 0.00 1.25 NA
2026-09-10T13:58:18+08:00 2.15 1.96 0.00 1.14 NA
2026-09-10T13:58:28+08:00 1.39 1.33 0.14 1.11 NA
2026-09-10T13:58:38+08:00 22.80 22.77 0.36 1.10 NA
2026-09-10T13:58:46+08:00 54.51 54.50 0.13 1.08 NA
2026-09-10T13:58:56+08:00 64.51 64.51 0.04 1.07 NA
2026-09-10T13:59:06+08:00 50.88 50.77 0.02 1.06 NA
2026-09-10T13:59:13+08:00 65.75 65.53 0.00 1.05 NA
2026-09-10T13:59:23+08:00 69.94 69.84 0.00 1.04 NA
2026-09-10T13:59:33+08:00 69.58 69.44 0.00 1.03 NA
2026-09-10T13:59:41+08:00 67.78 67.73 0.00 1.03 NA
2026-09-10T13:59:51+08:00 67.77 67.75 0.00 1.02 NA
2026-09-10T14:00:01+08:00 72.44 72.31 0.00 1.39 NA
2026-09-10T14:00:08+08:00 63.77 63.71 0.00 1.33 NA
2026-09-10T14:00:18+08:00 71.01 70.99 0.00 1.28 NA
2026-09-10T14:00:28+08:00 70.88 70.87 0.00 1.23 NA
2026-09-10T14:00:36+08:00 45.96 45.95 0.14 1.28 NA
2026-09-10T14:00:46+08:00 17.66 17.65 0.13 1.23 NA
2026-09-10T14:00:56+08:00 11.57 11.45 0.06 1.27 NA
2026-09-10T14:01:04+08:00 6.49 6.44 0.02 1.23 0.0
2026-09-10T14:01:14+08:00 3.01 2.99 0.00 1.19 1.0
2026-09-10T14:01:24+08:00 3.82 3.82 0.00 1.40 1.0
2026-09-10T14:01:31+08:00 2.63 2.62 0.00 1.34 1.0
2026-09-10T14:01:41+08:00 4.70 4.70 0.00 1.51 1.0
2026-09-10T14:01:51+08:00 1.73 1.73 0.00 1.43 1.0
2026-09-10T14:01:59+08:00 2.22 2.22 0.00 1.45 1.0
2026-09-10T14:02:09+08:00 0.81 0.81 0.00 1.38 0.0
2026-09-10T14:02:19+08:00 0.30 0.30 0.00 1.24 1.0
2026-09-10T14:02:26+08:00 0.31 0.31 0.00 1.21 1.0
2026-09-10T14:02:36+08:00 0.11 0.11 0.00 1.17 1.0
2026-09-10T14:02:46+08:00 0.05 0.05 0.00 1.15 1.0
2026-09-10T14:02:54+08:00 1.20 1.20 0.00 1.12 1.0
2026-09-10T14:03:04+08:00 0.54 0.54 0.00 1.10 1.0
2026-09-10T14:03:14+08:00 0.37 0.37 0.00 1.09 1.0
2026-09-10T14:03:21+08:00 0.28 0.28 0.00 1.23 1.0
2026-09-10T14:03:31+08:00 1.03 1.03 0.00 1.20 1.0
2026-09-10T14:03:42+08:00 1.28 1.28 0.00 1.17 1.0
2026-09-10T14:03:49+08:00 1.30 1.12 0.00 1.14 1.0
2026-09-10T14:03:59+08:00 0.47 0.41 0.00 1.20 1.0
2026-09-10T14:04:09+08:00 0.17 0.15 0.00 1.17 1.0
2026-09-10T14:04:17+08:00 0.07 0.06 0.00 1.14 1.0
2026-09-10T14:04:27+08:00 0.02 0.02 0.00 1.20 1.0
2026-09-10T14:04:37+08:00 0.01 0.01 0.00 1.17 1.0
2026-09-10T14:04:44+08:00 0.55 0.55 0.00 1.14 0.0
2026-09-10T14:04:54+08:00 1.22 1.22 0.00 1.12 1.0
2026-09-10T14:05:04+08:00 0.81 0.81 0.00 1.02 0.0
2026-09-10T14:05:12+08:00 3.82 3.82 0.32 1.09 0.0
2026-09-10T14:05:22+08:00 2.00 2.00 0.69 1.16 1.0
2026-09-10T14:05:32+08:00 0.73 0.73 0.89 1.68 1.0
2026-09-10T14:05:39+08:00 0.89 0.89 0.95 1.65 1.0
2026-09-10T14:05:49+08:00 0.32 0.32 0.98 1.55 1.0
2026-09-10T14:05:59+08:00 0.12 0.12 0.99 1.63 1.0
2026-09-10T14:06:07+08:00 0.05 0.05 0.99 1.61 1.0
2026-09-10T14:06:17+08:00 1.10 1.10 1.00 1.52 1.0
2026-09-10T14:06:27+08:00 0.49 0.49 1.00 1.60 1.0
2026-09-10T14:06:34+08:00 0.18 0.18 1.00 1.65 1.0
2026-09-10T14:06:44+08:00 0.08 0.08 1.00 1.70 1.0
2026-09-10T14:06:54+08:00 0.02 0.02 1.00 1.89 1.0
2026-09-10T14:07:02+08:00 0.73 0.73 1.00 1.92 1.0
2026-09-10T14:07:12+08:00 0.87 0.87 1.00 2.01 1.0
2026-09-10T14:07:22+08:00 0.32 0.32 1.00 2.08 1.0
2026-09-10T14:07:30+08:00 0.50 0.50 1.00 2.08 1.0
2026-09-10T14:07:40+08:00 0.18 0.18 0.85 2.22 1.0
2026-09-10T14:07:50+08:00 0.06 0.06 0.91 2.11 1.0
2026-09-10T14:07:57+08:00 0.82 0.72 0.86 2.09 1.0
2026-09-10T14:08:07+08:00 0.30 0.26 0.95 2.22 1.0
2026-09-10T14:08:17+08:00 0.49 0.48 1.12 2.19 1.0
2026-09-10T14:08:25+08:00 0.18 0.17 1.04 2.40 1.0
2026-09-10T14:08:35+08:00 0.33 0.33 0.83 2.41 0.0
2026-09-10T14:08:45+08:00 2.32 2.32 0.74 2.34 0.0
2026-09-10T14:08:52+08:00 1.00 1.00 0.27 2.06 1.0
2026-09-10T14:09:02+08:00 0.94 0.94 0.12 1.90 1.0
2026-09-10T14:09:12+08:00 0.94 0.94 0.04 1.76 1.0
2026-09-10T14:09:20+08:00 2.02 2.02 0.01 1.64 1.0
2026-09-10T14:09:30+08:00 1.04 1.04 0.00 1.47 1.0
2026-09-10T14:09:40+08:00 3.14 2.96 0.00 1.32 0.0
2026-09-10T14:09:47+08:00 1.71 1.62 0.00 1.27 1.0
2026-09-10T14:09:57+08:00 0.62 0.59 0.00 1.37 2.0
2026-09-10T14:10:07+08:00 0.64 0.63 0.00 1.46 2.0
2026-09-10T14:10:15+08:00 0.23 0.23 0.00 1.54 2.0
2026-09-10T14:10:25+08:00 0.24 0.24 0.00 1.54 2.0
2026-09-10T14:10:35+08:00 0.65 0.65 0.00 1.53 2.0
2026-09-10T14:10:42+08:00 0.73 0.73 0.00 1.59 2.0
2026-09-10T14:10:52+08:00 0.69 0.69 0.00 1.72 1.0
2026-09-10T14:11:02+08:00 0.40 0.40 0.00 1.91 2.0
2026-09-10T14:11:10+08:00 0.18 0.18 0.00 1.77 2.0
2026-09-10T14:11:20+08:00 0.06 0.06 0.00 1.65 2.0
2026-09-10T14:11:30+08:00 0.02 0.02 0.00 1.55 2.0
2026-09-10T14:11:38+08:00 0.00 0.00 0.00 2.27 2.0
2026-09-10T14:11:48+08:00 0.79 0.79 0.00 2.39 2.0
2026-09-10T14:11:58+08:00 0.35 0.35 0.00 2.33 2.0
2026-09-10T14:12:05+08:00 2.38 2.38 0.00 2.12 2.0
2026-09-10T14:12:15+08:00 1.57 1.57 0.00 2.10 2.0
2026-09-10T14:12:25+08:00 0.70 0.70 0.00 2.01 2.0
2026-09-10T14:12:33+08:00 0.67 0.67 0.00 1.85 2.0
2026-09-10T14:12:43+08:00 0.76 0.76 0.00 1.80 2.0
2026-09-10T14:12:53+08:00 0.87 0.87 0.00 1.90 2.0
2026-09-10T14:13:00+08:00 0.39 0.39 0.00 1.76 2.0
2026-09-10T14:13:10+08:00 0.54 0.54 0.00 1.96 2.0
2026-09-10T14:13:20+08:00 0.19 0.19 0.00 1.89 2.0
2026-09-10T14:13:28+08:00 0.18 0.18 0.00 1.90 2.0
2026-09-10T14:13:38+08:00 0.06 0.06 0.00 1.84 2.0
2026-09-10T14:13:48+08:00 0.03 0.03 0.00 1.95 2.0
2026-09-10T14:13:55+08:00 1.49 1.49 0.00 1.88 2.0
2026-09-10T14:14:05+08:00 3.56 3.56 0.00 1.82 1.0
2026-09-10T14:14:15+08:00 2.69 2.69 0.00 1.69 1.0
2026-09-10T14:14:23+08:00 3.56 3.56 0.00 1.58 1.0
2026-09-10T14:14:33+08:00 2.90 2.90 0.00 1.64 1.0
2026-09-10T14:14:43+08:00 2.76 2.76 0.00 1.54 0.0
2026-09-10T14:14:51+08:00 3.16 3.16 0.00 1.54 1.0
2026-09-10T14:15:01+08:00 3.13 3.13 0.00 1.38 4.0
2026-09-10T14:15:11+08:00 1.15 1.15 0.00 1.32 4.0
2026-09-10T14:15:18+08:00 1.26 1.26 0.00 1.27 4.0
2026-09-10T14:15:28+08:00 0.46 0.46 0.00 1.79 4.0
2026-09-10T14:15:38+08:00 6.10 6.10 0.00 1.91 4.0
2026-09-10T14:15:46+08:00 4.34 4.34 0.00 1.77 4.0
2026-09-10T14:15:56+08:00 1.59 1.59 0.00 1.65 4.0
2026-09-10T14:16:06+08:00 0.89 0.89 0.00 1.55 4.0
2026-09-10T14:16:13+08:00 0.45 0.45 0.00 1.46 4.0
2026-09-10T14:16:23+08:00 1.09 1.09 0.00 1.39 4.0
2026-09-10T14:16:33+08:00 0.92 0.92 0.00 1.33 4.0
2026-09-10T14:16:41+08:00 0.58 0.58 0.00 1.51 4.0
2026-09-10T14:16:51+08:00 0.26 0.26 0.00 1.35 4.0
2026-09-10T14:17:01+08:00 0.17 0.17 0.00 1.30 4.0
2026-09-10T14:17:09+08:00 3.39 3.39 0.00 1.25 4.0
2026-09-10T14:17:19+08:00 1.94 1.94 0.00 1.29 4.0
2026-09-10T14:17:29+08:00 2.50 2.50 0.00 1.24 4.0
2026-09-10T14:17:36+08:00 1.14 1.14 0.00 1.20 4.0
2026-09-10T14:17:46+08:00 1.79 1.79 0.00 1.17 4.0
2026-09-10T14:17:56+08:00 1.69 1.69 0.00 1.15 4.0
2026-09-10T14:18:04+08:00 0.74 0.74 0.00 1.20 4.0
2026-09-10T14:18:14+08:00 0.33 0.33 0.00 1.17 4.0
2026-09-10T14:18:24+08:00 0.12 0.12 0.00 1.29 4.0
2026-09-10T14:18:31+08:00 0.16 0.16 0.00 1.24 4.0
2026-09-10T14:18:41+08:00 0.07 0.07 0.00 1.21 4.0
2026-09-10T14:18:52+08:00 1.65 1.57 0.00 1.17 4.0
2026-09-10T14:18:59+08:00 1.78 1.75 0.00 1.15 4.0
2026-09-10T14:19:09+08:00 0.65 0.64 0.00 1.12 4.0
2026-09-10T14:19:19+08:00 0.24 0.23 0.00 1.10 0.0
2026-09-10T14:19:27+08:00 1.23 1.23 0.00 1.16 1.0
2026-09-10T14:19:37+08:00 2.84 2.84 0.00 1.14 1.0
2026-09-10T14:19:47+08:00 4.49 4.49 0.00 1.11 1.0
2026-09-10T14:19:54+08:00 2.07 2.07 0.00 1.10 1.0
2026-09-10T14:20:04+08:00 2.62 2.62 0.00 1.08 1.0
2026-09-10T14:20:14+08:00 2.41 2.23 0.00 1.06 0.0
2026-09-10T14:20:22+08:00 1.55 1.48 0.00 1.05 8.0
2026-09-10T14:20:32+08:00 1.14 1.11 0.00 1.04 8.0
2026-09-10T14:20:42+08:00 0.90 0.77 0.00 1.04 8.0
2026-09-10T14:20:49+08:00 1.63 1.57 0.00 1.19 8.0
2026-09-10T14:20:59+08:00 0.75 0.72 0.00 1.16 8.0
2026-09-10T14:21:09+08:00 0.27 0.26 0.00 1.14 8.0
2026-09-10T14:21:17+08:00 0.48 0.48 0.00 1.11 8.0
2026-09-10T14:21:27+08:00 0.54 0.54 0.00 1.10 8.0
2026-09-10T14:21:37+08:00 1.72 1.72 0.00 1.16 8.0
2026-09-10T14:21:44+08:00 1.08 1.08 0.00 1.14 8.0
2026-09-10T14:21:54+08:00 2.26 2.11 0.00 1.27 8.0
2026-09-10T14:22:04+08:00 3.14 2.93 0.00 1.31 8.0
2026-09-10T14:22:12+08:00 2.86 2.79 0.00 1.41 8.0
2026-09-10T14:22:22+08:00 3.21 3.03 0.00 1.50 8.0
2026-09-10T14:22:32+08:00 2.61 2.54 0.00 1.50 8.0
2026-09-10T14:22:39+08:00 1.61 1.58 0.00 1.43 8.0
2026-09-10T14:22:49+08:00 0.83 0.82 0.00 1.36 8.0
2026-09-10T14:23:01+08:00 0.61 0.60 0.00 1.30 8.0
2026-09-10T14:23:08+08:00 2.66 2.66 0.00 1.51 8.0
2026-09-10T14:23:18+08:00 2.23 2.23 0.00 1.58 8.0
2026-09-10T14:23:28+08:00 0.82 0.82 0.00 1.49 8.0
2026-09-10T14:23:36+08:00 1.75 1.75 0.00 1.42 8.0
2026-09-10T14:23:46+08:00 0.64 0.64 0.00 1.59 8.0
2026-09-10T14:23:56+08:00 0.35 0.35 0.00 1.50 8.0
2026-09-10T14:24:03+08:00 0.45 0.45 0.00 1.42 8.0
2026-09-10T14:24:13+08:00 1.38 1.38 0.00 1.36 8.0
2026-09-10T14:24:23+08:00 0.62 0.62 0.00 1.38 4.0
2026-09-10T14:24:31+08:00 2.16 2.16 0.00 1.32 0.0
2026-09-10T14:24:41+08:00 1.71 1.71 0.00 1.27 1.0
2026-09-10T14:24:51+08:00 1.75 1.75 0.00 1.23 1.0
2026-09-10T14:24:58+08:00 0.82 0.82 0.00 1.20 1.0
2026-09-10T14:25:08+08:00 1.82 1.82 0.00 1.31 1.0
2026-09-10T14:25:18+08:00 1.03 1.03 0.00 1.26 1.0
2026-09-10T14:25:26+08:00 7.32 7.32 0.00 1.30 0.0
2026-09-10T14:25:36+08:00 3.95 3.87 0.00 1.26 16.0
2026-09-10T14:25:46+08:00 1.69 1.66 0.00 1.22 16.0
2026-09-10T14:25:54+08:00 1.26 1.24 0.00 1.18 16.0
2026-09-10T14:26:04+08:00 0.94 0.94 0.00 1.15 16.0
2026-09-10T14:26:14+08:00 1.86 1.86 0.00 1.13 16.0
2026-09-10T14:26:21+08:00 2.78 2.68 0.00 1.04 16.0
2026-09-10T14:26:31+08:00 2.29 2.24 0.00 1.03 16.0
2026-09-10T14:26:41+08:00 3.17 3.05 0.00 1.02 16.0
2026-09-10T14:26:49+08:00 2.85 2.81 0.00 1.02 16.0
2026-09-10T14:26:59+08:00 2.24 2.22 0.00 1.09 16.0
2026-09-10T14:27:09+08:00 3.32 3.31 0.00 1.16 16.0
2026-09-10T14:27:16+08:00 3.96 3.96 0.00 1.21 16.0
2026-09-10T14:27:26+08:00 1.82 1.82 0.00 1.17 16.0
2026-09-10T14:27:36+08:00 4.08 4.08 0.00 1.15 16.0
2026-09-10T14:27:44+08:00 3.23 3.23 0.00 1.12 16.0
2026-09-10T14:27:54+08:00 1.67 1.67 0.00 1.10 16.0
2026-09-10T14:28:04+08:00 0.75 0.75 0.00 1.09 16.0
2026-09-10T14:28:11+08:00 0.45 0.45 0.00 1.15 16.0
2026-09-10T14:28:21+08:00 0.20 0.20 0.00 1.12 16.0
2026-09-10T14:28:31+08:00 4.52 4.40 0.00 1.18 16.0
2026-09-10T14:28:39+08:00 2.35 2.31 0.00 1.23 16.0
2026-09-10T14:28:49+08:00 2.39 2.37 0.00 1.20 16.0
2026-09-10T14:28:59+08:00 1.24 1.23 0.00 1.16 16.0
2026-09-10T14:29:06+08:00 4.47 4.47 0.00 1.21 16.0
2026-09-10T14:29:16+08:00 1.64 1.64 0.00 1.26 16.0
2026-09-10T14:29:26+08:00 0.88 0.88 0.00 1.22 16.0
2026-09-10T14:29:34+08:00 1.98 1.88 0.00 1.18 16.0
2026-09-10T14:29:44+08:00 1.17 1.13 0.00 1.16 16.0
2026-09-10T14:29:54+08:00 0.52 0.51 0.00 1.13 0.0
2026-09-10T14:30:01+08:00 2.24 2.24 0.00 1.03 0.0
2026-09-10T14:30:11+08:00 1.50 1.40 0.00 1.03 1.0
2026-09-10T14:30:21+08:00 0.55 0.51 0.00 1.02 1.0
2026-09-10T14:30:29+08:00 2.64 1.36 0.00 1.02 1.0
2026-09-10T14:30:39+08:00 1.30 0.73 0.00 1.01 1.0
2026-09-10T14:30:49+08:00 0.92 0.71 0.00 1.01 1.0
2026-09-10T14:30:57+08:00 3.28 3.19 0.00 1.01 0.0
2026-09-10T14:31:07+08:00 3.16 3.13 0.00 1.09 7.0
2026-09-10T14:31:17+08:00 4.39 4.37 0.00 1.23 24.0
2026-09-10T14:31:24+08:00 4.33 4.32 0.00 1.19 24.0
2026-09-10T14:31:34+08:00 1.59 1.59 0.00 1.24 24.0
2026-09-10T14:31:44+08:00 0.71 0.71 0.00 1.21 24.0
2026-09-10T14:31:52+08:00 0.36 0.36 0.00 1.49 24.0
2026-09-10T14:32:02+08:00 0.16 0.16 0.00 1.42 24.0
2026-09-10T14:32:12+08:00 0.05 0.05 0.00 1.27 17.0
2026-09-10T14:32:19+08:00 0.91 0.91 0.00 1.75 24.0
2026-09-10T14:32:29+08:00 2.47 2.35 0.00 1.63 24.0
2026-09-10T14:32:39+08:00 0.91 0.86 0.00 1.53 24.0
2026-09-10T14:32:47+08:00 1.50 1.48 0.00 1.53 24.0
2026-09-10T14:32:57+08:00 1.24 1.24 0.00 1.67 24.0
2026-09-10T14:33:07+08:00 1.74 1.74 0.00 1.57 24.0
2026-09-10T14:33:14+08:00 0.98 0.98 0.00 1.48 24.0
2026-09-10T14:33:24+08:00 2.17 2.17 0.00 1.73 24.0
2026-09-10T14:33:34+08:00 1.46 1.46 0.00 1.61 16.0
2026-09-10T14:33:42+08:00 0.94 0.94 0.00 1.52 24.0
2026-09-10T14:33:52+08:00 0.42 0.42 0.00 1.44 24.0
2026-09-10T14:34:02+08:00 0.15 0.15 0.00 1.37 24.0
2026-09-10T14:34:09+08:00 0.21 0.21 0.00 1.39 24.0
2026-09-10T14:34:19+08:00 0.58 0.58 0.00 1.33 24.0
2026-09-10T14:34:30+08:00 0.21 0.21 0.00 1.28 24.0
2026-09-10T14:34:37+08:00 1.09 0.99 0.00 1.23 24.0
2026-09-10T14:34:47+08:00 1.48 1.45 0.00 1.20 23.0
2026-09-10T14:34:57+08:00 1.51 1.49 0.00 1.17 24.0
2026-09-10T14:35:05+08:00 0.65 0.64 0.00 1.22 24.0
2026-09-10T14:35:15+08:00 0.98 0.97 0.00 1.19 24.0
2026-09-10T14:35:25+08:00 1.65 1.65 0.00 1.23 24.0
2026-09-10T14:35:32+08:00 1.03 1.03 0.00 1.20 0.0
2026-09-10T14:35:42+08:00 0.46 0.46 0.00 1.16 0.0
2026-09-10T14:35:52+08:00 4.84 4.84 0.00 1.14 1.0
2026-09-10T14:36:00+08:00 5.15 4.96 0.00 1.52 1.0
2026-09-10T14:36:10+08:00 5.58 5.50 0.00 1.59 1.0
2026-09-10T14:36:20+08:00 2.30 2.27 0.00 1.50 1.0
2026-09-10T14:36:27+08:00 2.17 2.16 0.00 1.50 1.0
2026-09-10T14:36:37+08:00 6.07 6.07 0.00 1.50 0.0
2026-09-10T14:36:46+08:00 5.34 5.34 0.00 1.42 32.0
2026-09-10T14:36:55+08:00 2.79 2.64 0.00 1.36 32.0
2026-09-10T14:37:05+08:00 2.81 2.76 0.00 1.30 32.0
2026-09-10T14:37:14+08:00 1.63 1.60 0.00 1.26 32.0
2026-09-10T14:37:23+08:00 3.16 3.15 0.00 1.22 32.0
2026-09-10T14:37:33+08:00 1.42 1.41 0.00 1.18 32.0
2026-09-10T14:37:42+08:00 1.13 1.12 0.00 1.23 32.0
2026-09-10T14:37:50+08:00 0.65 0.65 0.00 1.28 30.0
2026-09-10T14:38:00+08:00 0.39 0.39 0.00 1.24 32.0
2026-09-10T14:38:09+08:00 0.14 0.14 0.00 1.20 32.0
2026-09-10T14:38:18+08:00 0.26 0.26 0.00 1.33 32.0
2026-09-10T14:38:28+08:00 0.09 0.09 0.00 1.28 32.0
2026-09-10T14:38:35+08:00 0.23 0.23 0.00 1.31 32.0
2026-09-10T14:38:45+08:00 0.20 0.20 0.00 1.34 32.0
2026-09-10T14:38:55+08:00 0.07 0.07 0.00 1.29 32.0
2026-09-10T14:39:03+08:00 0.03 0.03 0.00 1.24 9.0
2026-09-10T14:39:13+08:00 1.46 1.46 0.00 1.13 32.0
2026-09-10T14:39:23+08:00 0.65 0.65 0.00 1.11 32.0
2026-09-10T14:39:30+08:00 1.69 1.69 0.00 1.09 32.0
2026-09-10T14:39:40+08:00 0.70 0.70 0.00 1.16 32.0
2026-09-10T14:39:50+08:00 0.46 0.46 0.00 1.21 32.0
2026-09-10T14:39:58+08:00 2.63 2.63 0.00 1.17 32.0
2026-09-10T14:40:08+08:00 1.38 1.38 0.00 1.15 32.0
2026-09-10T14:40:18+08:00 2.39 2.39 0.00 1.12 32.0
2026-09-10T14:40:26+08:00 1.16 1.16 0.00 1.10 32.0
2026-09-10T14:40:36+08:00 0.91 0.91 0.00 1.17 32.0
2026-09-10T14:40:46+08:00 3.12 3.12 0.00 1.38 32.0
2026-09-10T14:40:53+08:00 2.18 2.18 0.00 1.32 32.0
2026-09-10T14:41:03+08:00 1.62 1.62 0.00 1.27 0.0
2026-09-10T14:41:13+08:00 3.13 3.13 0.00 1.31 0.0
2026-09-10T14:41:21+08:00 3.47 3.47 0.00 1.19 1.0
2026-09-10T14:41:31+08:00 1.44 1.44 0.00 1.24 1.0
2026-09-10T14:41:41+08:00 1.37 1.37 0.00 1.28 1.0
2026-09-10T14:41:48+08:00 1.07 1.07 0.00 1.39 1.0
2026-09-10T14:41:58+08:00 3.86 2.59 0.00 1.48 1.0
2026-09-10T14:42:08+08:00 2.34 1.77 0.00 1.33 0.0
2026-09-10T14:42:16+08:00 2.20 1.99 0.00 1.42 40.0
2026-09-10T14:42:26+08:00 1.93 1.84 0.00 1.36 40.0
2026-09-10T14:42:36+08:00 1.30 1.27 0.00 1.38 40.0
2026-09-10T14:42:44+08:00 2.03 2.02 0.00 1.32 40.0
2026-09-10T14:42:54+08:00 0.83 0.82 0.00 1.27 40.0
2026-09-10T14:43:04+08:00 1.65 1.64 0.00 1.23 40.0
2026-09-10T14:43:11+08:00 0.94 0.93 0.00 1.20 40.0
2026-09-10T14:43:21+08:00 0.50 0.50 0.00 1.16 28.0
2026-09-10T14:43:31+08:00 1.80 1.80 0.00 1.14 40.0
2026-09-10T14:43:39+08:00 0.66 0.66 0.00 1.04 40.0
2026-09-10T14:43:49+08:00 0.40 0.40 0.00 1.04 40.0
2026-09-10T14:43:59+08:00 0.47 0.47 0.00 1.03 40.0
2026-09-10T14:44:06+08:00 1.72 1.72 0.00 1.10 40.0
2026-09-10T14:44:16+08:00 0.77 0.77 0.00 1.08 40.0
2026-09-10T14:44:26+08:00 0.36 0.36 0.00 1.07 40.0
2026-09-10T14:44:34+08:00 2.65 2.65 0.00 1.06 40.0
2026-09-10T14:44:44+08:00 3.07 3.07 0.00 1.05 40.0
2026-09-10T14:44:54+08:00 3.01 3.01 0.00 1.12 27.0
2026-09-10T14:45:02+08:00 1.35 1.35 0.00 1.10 40.0
2026-09-10T14:45:12+08:00 2.06 1.98 0.00 1.09 40.0
2026-09-10T14:45:22+08:00 0.75 0.72 0.00 1.31 40.0
2026-09-10T14:45:29+08:00 0.48 0.47 0.00 1.33 40.0
2026-09-10T14:45:39+08:00 0.42 0.41 0.00 1.28 40.0
2026-09-10T14:45:49+08:00 2.95 2.95 0.00 1.24 40.0
2026-09-10T14:45:57+08:00 1.45 1.45 0.00 1.20 40.0
2026-09-10T14:46:07+08:00 0.53 0.53 0.00 1.17 40.0
2026-09-10T14:46:17+08:00 0.23 0.23 0.00 1.14 40.0
2026-09-10T14:46:24+08:00 2.63 2.63 0.00 1.12 40.0
2026-09-10T14:46:34+08:00 2.17 2.17 0.00 1.10 0.0
2026-09-10T14:46:45+08:00 2.73 2.73 0.00 1.17 0.0
2026-09-10T14:46:52+08:00 1.42 1.42 0.00 1.14 0.0
