t_iso io_some_avg10 io_full_avg10 cpu_some_avg10 loadavg1 vllm_running
2026-09-12T09:09:34+08:00 0.71 0.71 0.10 1.17 NA
2026-09-12T09:09:45+08:00 5.88 5.88 0.03 1.07 NA
2026-09-12T09:09:52+08:00 8.55 8.55 0.01 1.06 NA
2026-09-12T09:10:02+08:00 32.98 32.98 0.30 1.13 NA
2026-09-12T09:10:12+08:00 65.19 65.19 0.13 1.11 NA
2026-09-12T09:10:20+08:00 78.84 78.84 0.04 1.09 NA
2026-09-12T09:10:30+08:00 79.12 79.12 0.01 1.08 NA
2026-09-12T09:10:40+08:00 84.09 84.09 0.00 1.06 NA
2026-09-12T09:10:50+08:00 89.61 89.61 0.00 1.05 NA
2026-09-12T09:10:58+08:00 92.88 92.88 0.00 1.04 NA
2026-09-12T09:11:08+08:00 90.94 90.94 0.00 1.11 NA
2026-09-12T09:11:18+08:00 90.02 90.02 0.00 1.09 NA
2026-09-12T09:11:25+08:00 90.12 90.12 0.00 1.08 NA
2026-09-12T09:11:35+08:00 40.49 40.49 0.00 1.07 NA
2026-09-12T09:11:45+08:00 15.11 15.11 0.00 1.06 NA
2026-09-12T09:11:53+08:00 8.81 8.81 0.00 1.05 NA
2026-09-12T09:12:03+08:00 7.49 7.49 0.00 1.03 0.0
2026-09-12T09:12:13+08:00 3.42 3.42 0.00 1.03 1.0
2026-09-12T09:12:21+08:00 1.54 1.54 0.00 1.02 1.0
2026-09-12T09:12:31+08:00 0.86 0.86 0.00 1.02 1.0
2026-09-12T09:12:41+08:00 0.31 0.31 0.00 1.09 1.0
2026-09-12T09:12:48+08:00 0.73 0.73 0.00 1.00 1.0
2026-09-12T09:12:58+08:00 1.64 1.64 0.00 1.00 1.0
2026-09-12T09:13:08+08:00 4.44 4.44 0.00 1.07 1.0
2026-09-12T09:13:19+08:00 3.44 3.44 0.00 1.22 1.0
2026-09-12T09:13:26+08:00 1.38 1.38 0.00 1.18 1.0
2026-09-12T09:13:36+08:00 0.62 0.62 0.00 1.15 1.0
2026-09-12T09:13:46+08:00 0.22 0.22 0.00 1.13 1.0
2026-09-12T09:13:54+08:00 1.53 1.53 0.00 1.11 1.0
2026-09-12T09:14:04+08:00 1.13 1.13 0.00 1.09 1.0
2026-09-12T09:14:14+08:00 0.95 0.95 0.00 1.08 1.0
2026-09-12T09:14:21+08:00 0.58 0.58 0.00 1.07 0.0
2026-09-12T09:14:31+08:00 0.41 0.41 0.45 1.37 1.0
2026-09-12T09:14:41+08:00 0.29 0.29 0.79 1.39 1.0
2026-09-12T09:14:49+08:00 0.13 0.13 0.91 1.79 1.0
2026-09-12T09:14:59+08:00 1.37 1.37 0.96 1.83 1.0
2026-09-12T09:15:09+08:00 3.35 3.35 0.98 1.95 1.0
2026-09-12T09:15:19+08:00 1.80 1.80 0.99 2.11 1.0
2026-09-12T09:15:27+08:00 2.30 2.30 0.99 2.16 1.0
2026-09-12T09:15:37+08:00 1.08 1.08 1.00 2.13 1.0
2026-09-12T09:15:47+08:00 3.22 3.22 0.85 2.18 1.0
2026-09-12T09:15:54+08:00 1.84 1.84 0.94 2.30 1.0
2026-09-12T09:16:04+08:00 0.97 0.97 0.97 2.34 1.0
2026-09-12T09:16:14+08:00 0.35 0.35 0.99 2.28 1.0
2026-09-12T09:16:22+08:00 0.75 0.75 0.99 2.62 1.0
2026-09-12T09:16:32+08:00 0.33 0.33 1.00 2.45 1.0
2026-09-12T09:16:42+08:00 1.64 1.64 1.08 2.46 1.0
2026-09-12T09:16:49+08:00 1.23 1.23 1.03 2.62 1.0
2026-09-12T09:16:59+08:00 0.73 0.73 1.01 2.37 1.0
2026-09-12T09:17:09+08:00 0.27 0.27 1.00 2.09 1.0
2026-09-12T09:17:17+08:00 0.61 0.61 1.00 1.92 1.0
2026-09-12T09:17:27+08:00 0.32 0.32 1.00 1.93 1.0
2026-09-12T09:17:37+08:00 0.11 0.11 1.00 1.93 1.0
2026-09-12T09:17:47+08:00 0.95 0.95 1.00 1.93 1.0
2026-09-12T09:17:55+08:00 1.84 1.84 1.00 1.86 1.0
2026-09-12T09:18:05+08:00 0.82 0.82 1.00 1.81 1.0
2026-09-12T09:18:15+08:00 0.30 0.30 1.00 1.84 1.0
2026-09-12T09:18:22+08:00 0.11 0.11 1.18 1.95 0.0
2026-09-12T09:18:32+08:00 0.58 0.58 0.53 1.81 0.0
2026-09-12T09:18:42+08:00 0.70 0.70 0.19 1.68 1.0
2026-09-12T09:18:50+08:00 2.39 2.39 0.08 1.58 1.0
2026-09-12T09:19:00+08:00 2.42 2.42 0.03 1.49 0.0
2026-09-12T09:19:10+08:00 2.06 2.06 0.01 1.41 8.0
2026-09-12T09:19:17+08:00 3.46 3.28 0.00 1.35 8.0
2026-09-12T09:19:27+08:00 2.62 2.56 0.00 1.44 8.0
2026-09-12T09:19:37+08:00 4.69 4.67 0.00 1.37 8.0
2026-09-12T09:19:45+08:00 2.11 2.10 0.00 1.31 8.0
2026-09-12T09:19:55+08:00 2.22 2.22 0.00 1.26 8.0
2026-09-12T09:20:05+08:00 1.00 0.99 0.00 1.22 8.0
2026-09-12T09:20:15+08:00 1.69 1.69 0.00 1.19 8.0
2026-09-12T09:20:23+08:00 0.62 0.62 0.00 1.32 8.0
2026-09-12T09:20:33+08:00 0.28 0.28 0.00 1.27 8.0
2026-09-12T09:20:43+08:00 0.75 0.75 0.00 1.23 8.0
2026-09-12T09:20:50+08:00 0.33 0.33 0.00 1.19 8.0
2026-09-12T09:21:00+08:00 0.61 0.61 0.00 1.16 7.0
2026-09-12T09:21:10+08:00 0.22 0.22 0.00 1.14 8.0
2026-09-12T09:21:18+08:00 0.91 0.91 0.00 1.11 8.0
2026-09-12T09:21:28+08:00 1.67 1.67 0.00 1.10 8.0
2026-09-12T09:21:38+08:00 0.61 0.61 0.00 1.22 8.0
2026-09-12T09:21:45+08:00 2.36 2.36 0.00 1.27 8.0
2026-09-12T09:21:55+08:00 1.41 1.41 0.00 1.23 8.0
2026-09-12T09:22:05+08:00 0.63 0.63 0.00 1.19 8.0
2026-09-12T09:22:15+08:00 0.85 0.85 0.00 1.16 8.0
2026-09-12T09:22:23+08:00 2.85 2.85 0.00 1.14 7.0
2026-09-12T09:22:33+08:00 1.28 1.28 0.00 1.11 8.0
2026-09-12T09:22:43+08:00 2.28 2.28 0.00 1.10 8.0
2026-09-12T09:22:51+08:00 1.12 1.12 0.00 1.08 8.0
2026-09-12T09:23:01+08:00 0.83 0.83 0.00 1.22 8.0
2026-09-12T09:23:11+08:00 0.91 0.91 0.00 1.26 8.0
2026-09-12T09:23:18+08:00 0.41 0.41 0.00 1.22 8.0
2026-09-12T09:23:28+08:00 0.39 0.39 0.00 1.18 8.0
2026-09-12T09:23:38+08:00 2.14 2.14 0.00 1.15 8.0
2026-09-12T09:23:46+08:00 1.16 1.16 0.00 1.05 0.0
2026-09-12T09:23:56+08:00 0.83 0.83 0.00 0.96 1.0
2026-09-12T09:24:06+08:00 0.81 0.81 0.00 0.97 1.0
2026-09-12T09:24:16+08:00 1.12 1.12 0.00 0.97 1.0
2026-09-12T09:24:23+08:00 0.73 0.73 0.00 0.98 0.0
2026-09-12T09:24:33+08:00 0.33 0.33 0.00 0.98 9.0
2026-09-12T09:24:43+08:00 0.12 0.12 0.00 0.98 32.0
2026-09-12T09:24:51+08:00 0.05 0.05 0.00 0.99 30.0
2026-09-12T09:25:01+08:00 0.38 0.38 0.00 1.28 32.0
2026-09-12T09:25:11+08:00 0.58 0.58 0.00 1.24 30.0
2026-09-12T09:25:18+08:00 3.71 3.71 0.00 1.20 32.0
2026-09-12T09:25:28+08:00 1.44 1.44 0.00 1.17 30.0
2026-09-12T09:25:38+08:00 2.34 2.34 0.00 1.14 32.0
2026-09-12T09:25:46+08:00 1.29 1.29 0.00 1.27 30.0
2026-09-12T09:25:56+08:00 0.89 0.89 0.00 1.52 32.0
2026-09-12T09:26:06+08:00 0.40 0.40 0.00 1.52 30.0
2026-09-12T09:26:14+08:00 0.14 0.14 0.00 1.44 32.0
2026-09-12T09:26:24+08:00 1.54 1.54 0.00 1.37 32.0
2026-09-12T09:26:34+08:00 2.86 2.86 0.00 1.32 32.0
2026-09-12T09:26:44+08:00 1.37 1.37 0.00 1.27 32.0
2026-09-12T09:26:51+08:00 0.61 0.61 0.00 1.22 32.0
2026-09-12T09:27:01+08:00 1.85 1.85 0.00 1.19 32.0
2026-09-12T09:27:11+08:00 4.33 4.33 0.00 1.16 32.0
2026-09-12T09:27:19+08:00 1.94 1.94 0.00 1.14 32.0
2026-09-12T09:27:29+08:00 2.06 2.06 0.00 1.19 32.0
2026-09-12T09:27:39+08:00 4.37 4.37 0.00 1.16 32.0
2026-09-12T09:27:46+08:00 1.96 1.96 0.00 1.21 32.0
2026-09-12T09:27:56+08:00 2.48 2.48 0.00 1.18 32.0
2026-09-12T09:28:06+08:00 1.70 1.70 0.00 1.15 32.0
2026-09-12T09:28:14+08:00 1.25 1.25 0.00 1.13 32.0
2026-09-12T09:28:24+08:00 1.69 1.59 0.00 1.18 32.0
2026-09-12T09:28:34+08:00 2.68 2.64 0.00 1.39 32.0
2026-09-12T09:28:44+08:00 1.68 1.66 0.00 1.41 32.0
2026-09-12T09:28:51+08:00 3.77 3.76 0.00 1.34 32.0
2026-09-12T09:29:01+08:00 1.38 1.38 0.00 1.29 32.0
2026-09-12T09:29:12+08:00 1.20 1.20 0.00 1.25 32.0
2026-09-12T09:29:19+08:00 0.54 0.54 0.00 1.21 32.0
2026-09-12T09:29:29+08:00 3.57 3.57 0.00 1.10 0.0
2026-09-12T09:29:39+08:00 2.20 2.20 0.00 1.08 0.0
2026-09-12T09:29:47+08:00 1.83 1.83 0.00 1.07 0.0
2026-09-12T09:29:57+08:00 0.85 0.85 0.00 1.06 0.0
2026-09-12T09:30:07+08:00 0.50 0.50 0.00 1.05 1.0
2026-09-12T09:30:14+08:00 0.18 0.18 0.00 1.04 1.0
2026-09-12T09:30:24+08:00 0.67 0.67 0.00 1.03 0.0
2026-09-12T09:30:34+08:00 1.49 1.49 0.00 1.10 128.0
2026-09-12T09:30:44+08:00 0.64 0.64 0.00 1.16 128.0
2026-09-12T09:30:52+08:00 0.70 0.70 0.00 1.28 92.0
2026-09-12T09:31:02+08:00 2.07 2.07 0.00 1.79 128.0
2026-09-12T09:31:12+08:00 2.09 2.09 0.00 1.66 128.0
2026-09-12T09:31:19+08:00 0.94 0.94 0.00 1.48 110.0
2026-09-12T09:31:29+08:00 1.25 1.25 0.00 1.49 128.0
2026-09-12T09:31:39+08:00 0.88 0.88 0.00 1.41 128.0
2026-09-12T09:31:47+08:00 1.12 1.12 0.00 1.35 128.0
2026-09-12T09:31:57+08:00 1.40 1.32 0.00 1.61 92.0
2026-09-12T09:32:07+08:00 0.63 0.59 0.00 1.66 128.0
2026-09-12T09:32:14+08:00 5.91 5.78 0.00 1.63 128.0
2026-09-12T09:32:25+08:00 2.17 2.12 0.00 1.61 109.0
2026-09-12T09:32:35+08:00 0.97 0.95 0.00 1.52 128.0
2026-09-12T09:32:42+08:00 0.48 0.47 0.00 1.52 128.0
2026-09-12T09:32:52+08:00 1.44 1.44 0.00 1.51 128.0
2026-09-12T09:33:02+08:00 1.19 1.19 0.00 1.58 93.0
2026-09-12T09:33:12+08:00 0.43 0.43 0.00 1.56 128.0
2026-09-12T09:33:20+08:00 0.80 0.80 0.00 1.48 128.0
2026-09-12T09:33:30+08:00 2.42 2.42 0.00 1.48 109.0
2026-09-12T09:33:40+08:00 0.97 0.97 0.00 1.49 128.0
2026-09-12T09:33:47+08:00 0.43 0.43 0.00 1.57 128.0
2026-09-12T09:33:57+08:00 10.60 10.09 0.00 1.49 128.0
2026-09-12T09:34:07+08:00 4.99 4.80 0.00 1.41 122.0
2026-09-12T09:34:15+08:00 2.36 2.28 0.00 1.51 128.0
2026-09-12T09:34:25+08:00 2.53 2.50 0.00 1.43 128.0
2026-09-12T09:34:35+08:00 2.47 2.31 0.00 1.44 105.0
2026-09-12T09:34:43+08:00 0.91 0.85 0.00 1.37 128.0
2026-09-12T09:34:53+08:00 3.97 3.95 0.00 1.32 128.0
2026-09-12T09:35:03+08:00 2.38 2.22 0.00 1.27 127.0
2026-09-12T09:35:13+08:00 1.28 1.14 0.00 1.46 128.0
2026-09-12T09:35:20+08:00 0.47 0.41 0.00 1.54 128.0
2026-09-12T09:35:30+08:00 0.21 0.18 0.00 1.38 0.0
2026-09-12T09:35:40+08:00 0.19 0.18 0.00 1.40 0.0
2026-09-12T09:35:48+08:00 0.08 0.08 0.00 1.63 0.0
2026-09-12T09:35:58+08:00 0.63 0.63 0.00 1.54 0.0
2026-09-12T09:36:08+08:00 1.43 1.43 0.00 1.57 0.0
2026-09-12T09:36:16+08:00 0.84 0.84 0.00 1.48 0.0
2026-09-12T09:36:26+08:00 0.31 0.30 0.00 1.41 0.0
2026-09-12T09:36:36+08:00 0.83 0.83 0.00 1.42 0.0
2026-09-12T09:36:43+08:00 13.03 13.03 0.00 1.51 1.0
2026-09-12T09:36:53+08:00 6.36 6.36 0.00 1.50 1.0
2026-09-12T09:37:03+08:00 6.13 6.13 0.00 1.43 1.0
2026-09-12T09:37:11+08:00 2.80 2.80 0.00 1.36 0.0
2026-09-12T09:37:21+08:00 2.17 2.17 0.00 1.23 256.0
2026-09-12T09:37:31+08:00 6.21 6.06 0.00 1.34 256.0
2026-09-12T09:37:41+08:00 3.11 3.05 0.00 1.37 256.0
2026-09-12T09:37:48+08:00 1.76 1.73 0.00 1.31 256.0
2026-09-12T09:37:58+08:00 2.22 2.09 0.00 1.26 256.0
2026-09-12T09:38:08+08:00 1.48 1.43 0.00 1.22 256.0
2026-09-12T09:38:16+08:00 0.66 0.64 0.00 1.41 227.0
2026-09-12T09:38:26+08:00 0.24 0.23 0.00 1.35 222.0
2026-09-12T09:38:36+08:00 0.27 0.26 0.00 1.37 222.0
2026-09-12T09:38:44+08:00 0.48 0.48 0.00 1.54 238.0
2026-09-12T09:38:54+08:00 3.19 2.46 0.00 1.53 256.0
2026-09-12T09:39:04+08:00 1.43 1.10 0.00 1.61 256.0
2026-09-12T09:39:11+08:00 1.25 1.13 0.00 1.74 256.0
2026-09-12T09:39:21+08:00 0.62 0.57 0.00 1.71 256.0
2026-09-12T09:39:31+08:00 0.72 0.70 0.00 1.67 256.0
2026-09-12T09:39:41+08:00 0.89 0.70 0.00 1.81 227.0
2026-09-12T09:39:49+08:00 1.09 1.01 0.00 1.68 222.0
2026-09-12T09:39:59+08:00 0.40 0.37 0.00 1.89 222.0
2026-09-12T09:40:09+08:00 2.15 2.14 0.00 1.97 231.0
2026-09-12T09:40:16+08:00 0.96 0.96 0.00 1.90 256.0
2026-09-12T09:40:26+08:00 0.43 0.43 0.00 1.99 256.0
2026-09-12T09:40:36+08:00 0.28 0.28 0.00 2.07 256.0
2026-09-12T09:40:44+08:00 0.30 0.30 0.00 2.06 256.0
2026-09-12T09:40:54+08:00 0.11 0.11 0.00 2.12 256.0
2026-09-12T09:41:04+08:00 0.47 0.47 0.00 1.95 256.0
2026-09-12T09:41:11+08:00 0.45 0.45 0.00 2.11 221.0
2026-09-12T09:41:21+08:00 0.26 0.26 0.00 2.01 213.0
2026-09-12T09:41:31+08:00 0.11 0.11 0.00 1.94 222.0
2026-09-12T09:41:41+08:00 0.40 0.40 0.00 1.87 256.0
2026-09-12T09:41:49+08:00 0.18 0.18 0.00 1.98 256.0
2026-09-12T09:41:59+08:00 0.31 0.31 0.00 2.28 256.0
2026-09-12T09:42:09+08:00 6.30 6.30 0.00 2.09 256.0
2026-09-12T09:42:17+08:00 2.83 2.83 0.00 2.00 256.0
2026-09-12T09:42:27+08:00 1.63 1.63 0.00 1.84 256.0
2026-09-12T09:42:37+08:00 1.55 1.55 0.00 1.79 224.0
2026-09-12T09:42:44+08:00 1.58 1.58 0.00 1.67 222.0
2026-09-12T09:42:54+08:00 3.71 3.57 0.00 1.80 222.0
2026-09-12T09:43:04+08:00 3.02 2.95 0.00 1.67 0.0
2026-09-12T09:43:12+08:00 2.10 2.08 0.00 1.57 0.0
2026-09-12T09:43:22+08:00 1.07 1.06 0.00 1.48 0.0
2026-09-12T09:43:32+08:00 1.87 1.86 0.00 1.40 0.0
2026-09-12T09:43:39+08:00 1.28 1.28 0.00 1.34 0.0
2026-09-12T09:43:49+08:00 0.55 0.55 0.00 1.29 0.0
2026-09-12T09:43:59+08:00 0.24 0.24 0.00 1.24 0.0
2026-09-12T09:44:09+08:00 0.09 0.09 0.00 1.21 0.0
2026-09-12T09:44:17+08:00 0.03 0.03 0.00 1.17 0.0
2026-09-12T09:44:27+08:00 0.31 0.31 0.00 1.15 0.0
2026-09-12T09:44:43+08:00 27.21 27.21 0.00 1.12 0.0
2026-09-12T09:44:56+08:00 51.37 51.17 0.00 1.55 0.0
