t_iso io_some_avg10 io_full_avg10 cpu_some_avg10 loadavg1 vllm_running
2026-09-12T11:19:31+08:00 6.77 6.77 0.28 1.29 NA
2026-09-12T11:19:37+08:00 21.60 21.60 0.10 1.25 NA
2026-09-12T11:19:47+08:00 60.00 52.57 0.03 1.21 NA
2026-09-12T11:19:57+08:00 66.24 66.24 0.01 1.18 NA
2026-09-12T11:20:08+08:00 79.59 79.59 0.00 1.15 NA
2026-09-12T11:20:18+08:00 88.91 88.91 0.00 1.12 NA
2026-09-12T11:20:28+08:00 91.35 91.20 0.00 1.10 NA
2026-09-12T11:20:36+08:00 80.69 80.63 0.00 1.09 NA
2026-09-12T11:20:46+08:00 51.84 51.82 0.00 1.07 NA
2026-09-12T11:20:56+08:00 33.60 33.46 0.12 1.14 NA
2026-09-12T11:21:03+08:00 58.49 58.44 0.04 1.20 NA
2026-09-12T11:21:14+08:00 74.56 74.55 0.01 1.25 NA
2026-09-12T11:21:24+08:00 77.71 77.70 0.00 1.29 NA
2026-09-12T11:21:31+08:00 72.39 72.38 0.00 1.24 NA
2026-09-12T11:21:41+08:00 66.90 66.90 0.00 1.20 NA
2026-09-12T11:21:51+08:00 33.77 33.77 0.00 1.17 0.0
2026-09-12T11:22:01+08:00 14.62 14.62 0.00 1.07 1.0
2026-09-12T11:22:09+08:00 6.57 6.57 0.00 1.13 1.0
2026-09-12T11:22:19+08:00 2.41 2.41 0.00 1.11 1.0
2026-09-12T11:22:29+08:00 2.31 2.31 0.00 1.10 1.0
2026-09-12T11:22:36+08:00 1.04 1.04 0.00 1.08 1.0
2026-09-12T11:22:46+08:00 1.67 1.67 0.00 1.14 1.0
2026-09-12T11:22:56+08:00 0.75 0.75 0.00 1.19 1.0
2026-09-12T11:23:06+08:00 0.43 0.43 0.00 1.08 1.0
2026-09-12T11:23:13+08:00 0.16 0.16 0.00 1.07 1.0
2026-09-12T11:23:23+08:00 0.55 0.55 0.00 0.98 0.0
2026-09-12T11:23:33+08:00 4.21 4.21 0.45 1.06 1.0
2026-09-12T11:23:43+08:00 1.89 1.89 0.75 1.05 0.0
2026-09-12T11:23:50+08:00 0.87 0.87 0.91 1.27 1.0
2026-09-12T11:24:00+08:00 0.32 0.32 0.96 1.23 1.0
2026-09-12T11:24:10+08:00 0.14 0.14 0.98 1.19 1.0
2026-09-12T11:24:18+08:00 0.49 0.49 0.99 1.24 1.0
2026-09-12T11:24:28+08:00 0.42 0.42 0.99 1.36 1.0
2026-09-12T11:24:38+08:00 0.19 0.19 1.00 1.53 1.0
2026-09-12T11:24:46+08:00 0.06 0.06 1.00 1.59 1.0
2026-09-12T11:24:56+08:00 0.03 0.03 1.00 1.73 1.0
2026-09-12T11:25:06+08:00 0.01 0.01 1.00 1.78 1.0
2026-09-12T11:25:13+08:00 0.00 0.00 1.00 1.73 1.0
2026-09-12T11:25:23+08:00 0.00 0.00 1.00 1.92 1.0
2026-09-12T11:25:33+08:00 0.00 0.00 1.00 1.94 1.0
2026-09-12T11:25:43+08:00 0.00 0.00 1.00 1.79 1.0
2026-09-12T11:25:51+08:00 0.00 0.00 1.00 1.83 1.0
2026-09-12T11:26:01+08:00 0.14 0.14 1.00 1.85 1.0
2026-09-12T11:26:11+08:00 0.30 0.30 1.00 2.04 0.0
2026-09-12T11:26:18+08:00 1.32 1.32 1.00 1.88 1.0
2026-09-12T11:26:28+08:00 5.34 5.34 1.00 1.96 1.0
2026-09-12T11:26:38+08:00 2.60 2.60 1.00 2.21 1.0
2026-09-12T11:26:46+08:00 1.12 1.12 1.00 2.17 1.0
2026-09-12T11:26:56+08:00 2.80 2.80 1.00 2.45 1.0
2026-09-12T11:27:06+08:00 1.03 1.03 1.00 2.46 1.0
2026-09-12T11:27:14+08:00 0.37 0.37 1.00 2.23 1.0
2026-09-12T11:27:24+08:00 0.16 0.16 1.00 2.04 1.0
2026-09-12T11:27:34+08:00 0.20 0.20 1.18 1.88 0.0
2026-09-12T11:27:41+08:00 6.63 6.53 0.43 1.75 1.0
2026-09-12T11:27:51+08:00 3.16 3.11 0.19 1.63 1.0
2026-09-12T11:28:01+08:00 1.52 1.51 0.07 1.46 8.0
2026-09-12T11:28:11+08:00 0.68 0.67 0.03 1.39 7.0
2026-09-12T11:28:19+08:00 1.14 1.13 0.01 1.57 8.0
2026-09-12T11:28:29+08:00 1.51 1.43 0.00 1.64 8.0
2026-09-12T11:28:39+08:00 0.68 0.64 0.00 1.54 7.0
2026-09-12T11:28:47+08:00 3.04 3.03 0.00 1.53 8.0
2026-09-12T11:28:57+08:00 1.12 1.11 0.00 1.45 8.0
2026-09-12T11:29:07+08:00 7.95 7.95 0.00 1.38 8.0
2026-09-12T11:29:14+08:00 15.95 15.95 0.00 1.48 8.0
2026-09-12T11:29:24+08:00 8.26 7.89 0.00 1.48 7.0
2026-09-12T11:29:34+08:00 3.76 3.63 0.00 1.41 8.0
2026-09-12T11:29:42+08:00 1.38 1.33 0.00 1.34 7.0
2026-09-12T11:29:52+08:00 0.62 0.60 0.00 1.29 8.0
2026-09-12T11:30:02+08:00 3.02 3.01 0.00 1.33 8.0
2026-09-12T11:30:09+08:00 5.83 5.68 0.00 1.28 8.0
2026-09-12T11:30:19+08:00 5.53 5.46 0.00 1.31 8.0
2026-09-12T11:30:29+08:00 2.23 2.21 0.00 1.26 8.0
2026-09-12T11:30:39+08:00 1.54 1.53 0.00 1.22 8.0
2026-09-12T11:30:47+08:00 1.83 1.83 0.00 1.27 7.0
2026-09-12T11:30:57+08:00 2.89 2.71 0.00 1.46 8.0
2026-09-12T11:31:07+08:00 1.30 1.22 0.00 1.39 7.0
2026-09-12T11:31:15+08:00 0.47 0.44 0.00 1.41 8.0
2026-09-12T11:31:25+08:00 0.21 0.20 0.00 1.35 8.0
2026-09-12T11:31:35+08:00 0.37 0.37 0.00 1.29 8.0
2026-09-12T11:31:42+08:00 2.92 2.92 0.00 1.17 7.0
2026-09-12T11:31:52+08:00 1.51 1.51 0.00 1.15 7.0
2026-09-12T11:32:02+08:00 1.89 1.89 0.00 1.20 7.0
2026-09-12T11:32:10+08:00 3.05 3.05 0.00 1.33 8.0
2026-09-12T11:32:20+08:00 2.10 2.09 0.00 1.28 8.0
2026-09-12T11:32:30+08:00 1.06 1.06 0.00 1.23 6.0
2026-09-12T11:32:40+08:00 1.02 1.02 0.00 1.20 8.0
2026-09-12T11:32:47+08:00 0.37 0.37 0.00 1.33 8.0
2026-09-12T11:32:57+08:00 2.02 2.02 0.00 1.20 0.0
2026-09-12T11:33:07+08:00 3.09 3.09 0.00 1.17 1.0
2026-09-12T11:33:17+08:00 1.62 1.62 0.00 1.14 1.0
2026-09-12T11:33:24+08:00 1.02 1.02 0.00 1.12 32.0
2026-09-12T11:33:34+08:00 0.37 0.37 0.00 1.10 30.0
2026-09-12T11:33:44+08:00 0.91 0.91 0.00 1.09 32.0
2026-09-12T11:33:54+08:00 0.41 0.41 0.00 1.07 30.0
2026-09-12T11:34:01+08:00 3.99 3.81 0.00 1.06 31.0
2026-09-12T11:34:11+08:00 3.03 2.78 0.00 1.12 32.0
2026-09-12T11:34:22+08:00 1.36 1.25 0.00 1.03 31.0
2026-09-12T11:34:29+08:00 0.50 0.45 0.00 1.19 32.0
2026-09-12T11:34:39+08:00 2.65 2.51 0.00 1.16 31.0
2026-09-12T11:34:49+08:00 1.40 1.34 0.00 1.21 29.0
2026-09-12T11:34:57+08:00 0.51 0.49 0.00 1.18 32.0
2026-09-12T11:35:07+08:00 2.17 2.16 0.00 1.15 30.0
2026-09-12T11:35:17+08:00 1.19 1.19 0.00 1.05 32.0
2026-09-12T11:35:24+08:00 1.08 1.08 0.00 1.20 32.0
2026-09-12T11:35:34+08:00 1.79 1.79 0.00 1.17 30.0
2026-09-12T11:35:44+08:00 4.84 4.84 0.00 1.22 31.0
2026-09-12T11:35:52+08:00 2.29 2.29 0.00 1.18 31.0
2026-09-12T11:36:02+08:00 1.92 1.92 0.00 1.15 32.0
2026-09-12T11:36:12+08:00 1.19 1.19 0.00 1.13 31.0
2026-09-12T11:36:22+08:00 0.53 0.53 0.00 1.19 32.0
2026-09-12T11:36:29+08:00 1.80 1.80 0.00 1.24 30.0
2026-09-12T11:36:39+08:00 1.20 1.20 0.00 1.28 31.0
2026-09-12T11:36:49+08:00 2.47 2.32 0.00 1.40 32.0
2026-09-12T11:36:57+08:00 0.90 0.85 0.00 1.33 31.0
2026-09-12T11:37:07+08:00 1.00 0.98 0.00 1.36 31.0
2026-09-12T11:37:17+08:00 0.36 0.36 0.00 1.38 31.0
2026-09-12T11:37:25+08:00 0.28 0.28 0.00 1.32 32.0
2026-09-12T11:37:35+08:00 0.12 0.12 0.00 1.35 32.0
2026-09-12T11:37:45+08:00 0.19 0.19 0.00 1.21 30.0
2026-09-12T11:37:52+08:00 0.08 0.08 0.00 1.18 31.0
2026-09-12T11:38:02+08:00 0.72 0.72 0.00 1.08 30.0
2026-09-12T11:38:12+08:00 0.38 0.38 0.00 1.14 30.0
2026-09-12T11:38:20+08:00 0.53 0.53 0.00 1.19 32.0
2026-09-12T11:38:30+08:00 0.19 0.19 0.00 1.40 31.0
2026-09-12T11:38:40+08:00 0.20 0.20 0.00 1.27 30.0
2026-09-12T11:38:50+08:00 0.74 0.74 0.00 1.23 32.0
2026-09-12T11:38:57+08:00 0.45 0.45 0.00 1.19 32.0
2026-09-12T11:39:07+08:00 0.32 0.32 0.00 1.16 31.0
2026-09-12T11:39:17+08:00 0.21 0.21 0.00 1.21 32.0
2026-09-12T11:39:27+08:00 0.26 0.26 0.00 1.18 31.0
2026-09-12T11:39:34+08:00 0.72 0.72 0.00 1.15 0.0
2026-09-12T11:39:44+08:00 1.13 1.13 0.00 1.13 0.0
2026-09-12T11:39:54+08:00 0.80 0.80 0.00 1.11 0.0
2026-09-12T11:40:04+08:00 0.29 0.29 0.00 1.09 0.0
2026-09-12T11:40:14+08:00 0.18 0.18 0.08 1.08 1.0
2026-09-12T11:40:21+08:00 0.08 0.08 0.03 1.06 0.0
2026-09-12T11:40:31+08:00 5.43 5.43 0.01 0.98 128.0
2026-09-12T11:40:41+08:00 2.18 2.18 0.00 1.06 122.0
2026-09-12T11:40:48+08:00 3.24 3.24 0.00 1.05 127.0
2026-09-12T11:40:58+08:00 2.52 2.52 0.00 1.04 121.0
2026-09-12T11:41:08+08:00 1.13 1.13 0.00 1.03 125.0
2026-09-12T11:41:18+08:00 0.57 0.57 0.00 1.18 125.0
2026-09-12T11:41:26+08:00 0.49 0.49 0.00 1.15 122.0
2026-09-12T11:41:36+08:00 0.66 0.66 0.00 1.28 126.0
2026-09-12T11:41:46+08:00 1.15 1.15 0.00 1.39 125.0
2026-09-12T11:41:53+08:00 1.72 1.64 0.00 1.65 128.0
2026-09-12T11:42:03+08:00 0.77 0.74 0.00 1.55 123.0
2026-09-12T11:42:13+08:00 2.33 2.32 0.00 1.78 123.0
2026-09-12T11:42:21+08:00 1.54 1.54 0.00 1.73 126.0
2026-09-12T11:42:31+08:00 0.71 0.71 0.00 1.62 123.0
2026-09-12T11:42:41+08:00 0.26 0.26 0.00 1.52 126.0
2026-09-12T11:42:48+08:00 1.15 1.00 0.00 1.44 125.0
2026-09-12T11:42:58+08:00 0.72 0.66 0.00 1.37 127.0
2026-09-12T11:43:08+08:00 0.52 0.49 0.00 1.32 125.0
2026-09-12T11:43:16+08:00 2.22 2.21 0.00 1.27 128.0
2026-09-12T11:43:26+08:00 1.06 1.05 0.00 1.23 124.0
2026-09-12T11:43:36+08:00 0.47 0.47 0.00 1.19 124.0
2026-09-12T11:43:46+08:00 0.17 0.17 0.00 1.24 124.0
2026-09-12T11:43:54+08:00 2.65 2.65 0.00 1.28 126.0
2026-09-12T11:44:04+08:00 1.19 1.19 0.00 1.24 122.0
2026-09-12T11:44:14+08:00 1.18 1.18 0.00 1.28 127.0
2026-09-12T11:44:21+08:00 0.62 0.62 0.12 1.32 126.0
2026-09-12T11:44:31+08:00 1.07 1.07 0.04 1.27 124.0
2026-09-12T11:44:41+08:00 0.69 0.69 0.01 1.23 126.0
2026-09-12T11:44:49+08:00 0.45 0.31 0.00 1.27 127.0
2026-09-12T11:44:59+08:00 0.46 0.41 0.00 1.37 126.0
2026-09-12T11:45:09+08:00 2.88 2.57 0.00 1.48 124.0
2026-09-12T11:45:16+08:00 3.17 3.06 0.00 1.45 125.0
2026-09-12T11:45:26+08:00 1.46 1.42 0.00 1.38 125.0
2026-09-12T11:45:36+08:00 0.65 0.63 0.00 1.32 125.0
2026-09-12T11:45:46+08:00 0.24 0.23 0.00 1.27 127.0
2026-09-12T11:45:54+08:00 0.55 0.55 0.00 1.23 127.0
2026-09-12T11:46:04+08:00 0.24 0.24 0.00 1.27 126.0
2026-09-12T11:46:14+08:00 0.21 0.21 0.00 1.31 126.0
2026-09-12T11:46:22+08:00 0.09 0.09 0.00 1.33 124.0
2026-09-12T11:46:32+08:00 0.03 0.03 0.00 1.35 127.0
2026-09-12T11:46:42+08:00 2.57 2.42 0.00 1.30 124.0
2026-09-12T11:46:49+08:00 1.15 1.08 0.00 1.25 126.0
2026-09-12T11:46:59+08:00 0.42 0.40 0.00 1.21 126.0
2026-09-12T11:47:09+08:00 0.38 0.37 0.00 1.18 122.0
2026-09-12T11:47:17+08:00 1.62 1.62 0.00 1.15 128.0
2026-09-12T11:47:27+08:00 0.84 0.84 0.00 1.29 126.0
2026-09-12T11:47:37+08:00 0.52 0.52 0.00 1.24 126.0
2026-09-12T11:47:44+08:00 0.19 0.19 0.00 1.21 127.0
2026-09-12T11:47:54+08:00 1.93 1.93 0.00 1.17 125.0
2026-09-12T11:48:04+08:00 0.86 0.86 0.00 1.22 126.0
2026-09-12T11:48:14+08:00 1.90 1.90 0.00 1.19 127.0
2026-09-12T11:48:22+08:00 0.85 0.85 0.00 1.16 125.0
2026-09-12T11:48:32+08:00 0.71 0.71 0.00 1.21 121.0
2026-09-12T11:48:42+08:00 1.55 1.55 0.00 1.33 124.0
2026-09-12T11:48:50+08:00 0.69 0.69 0.00 1.28 122.0
2026-09-12T11:49:00+08:00 1.20 1.20 0.00 1.32 125.0
2026-09-12T11:49:10+08:00 2.89 2.89 0.00 1.27 127.0
2026-09-12T11:49:17+08:00 1.60 1.60 0.00 1.23 127.0
2026-09-12T11:49:27+08:00 0.59 0.59 0.00 1.19 127.0
2026-09-12T11:49:37+08:00 0.26 0.26 0.00 1.16 126.0
2026-09-12T11:49:45+08:00 0.29 0.29 0.00 1.14 124.0
2026-09-12T11:49:55+08:00 2.09 2.09 0.00 1.19 124.0
2026-09-12T11:50:05+08:00 3.29 3.29 0.00 1.24 124.0
2026-09-12T11:50:15+08:00 3.56 3.56 0.00 1.20 125.0
2026-09-12T11:50:25+08:00 1.60 1.60 0.00 1.25 127.0
2026-09-12T11:50:31+08:00 1.72 1.72 0.00 1.21 125.0
2026-09-12T11:50:41+08:00 1.52 1.52 0.00 1.26 123.0
2026-09-12T11:50:51+08:00 0.98 0.98 0.00 1.23 124.0
2026-09-12T11:50:59+08:00 0.36 0.36 0.00 1.26 124.0
2026-09-12T11:51:09+08:00 0.16 0.16 0.00 1.22 123.0
2026-09-12T11:51:19+08:00 0.35 0.35 0.00 1.19 127.0
2026-09-12T11:51:29+08:00 1.17 1.17 0.00 1.16 126.0
2026-09-12T11:51:36+08:00 0.90 0.90 0.00 1.21 124.0
2026-09-12T11:51:46+08:00 1.23 1.23 0.00 1.18 0.0
2026-09-12T11:51:56+08:00 0.45 0.45 0.00 1.15 0.0
2026-09-12T11:52:04+08:00 0.20 0.20 0.00 1.13 0.0
2026-09-12T11:52:14+08:00 1.04 1.04 0.00 1.18 0.0
2026-09-12T11:52:24+08:00 0.76 0.76 0.00 1.15 0.0
2026-09-12T11:52:31+08:00 1.79 1.79 0.00 1.13 0.0
2026-09-12T11:52:42+08:00 0.90 0.90 0.00 1.11 0.0
2026-09-12T11:52:52+08:00 1.40 1.40 0.36 1.09 0.0
2026-09-12T11:53:00+08:00 1.88 1.88 0.13 1.08 1.0
2026-09-12T11:53:10+08:00 0.69 0.69 0.04 1.07 0.0
2026-09-12T11:53:20+08:00 1.33 1.33 0.01 1.22 256.0
2026-09-12T11:53:28+08:00 3.08 2.96 0.00 1.26 256.0
2026-09-12T11:53:38+08:00 1.43 1.38 0.00 1.30 250.0
2026-09-12T11:53:48+08:00 0.72 0.70 0.00 1.25 249.0
2026-09-12T11:53:55+08:00 0.32 0.31 0.00 1.21 250.0
2026-09-12T11:54:05+08:00 3.45 3.26 0.00 1.33 248.0
2026-09-12T11:54:15+08:00 1.79 1.71 0.00 1.28 251.0
2026-09-12T11:54:26+08:00 0.65 0.62 0.00 1.24 249.0
2026-09-12T11:54:33+08:00 0.73 0.72 0.00 1.27 250.0
2026-09-12T11:54:43+08:00 1.17 1.17 0.00 1.47 255.0
2026-09-12T11:54:53+08:00 1.91 1.90 0.00 1.39 249.0
2026-09-12T11:55:01+08:00 1.96 1.96 0.00 1.33 246.0
2026-09-12T11:55:11+08:00 1.65 1.65 0.00 1.28 251.0
2026-09-12T11:55:21+08:00 2.66 2.66 0.00 1.39 252.0
2026-09-12T11:55:31+08:00 4.51 4.51 0.00 1.33 245.0
2026-09-12T11:55:41+08:00 1.66 1.66 0.00 1.28 242.0
2026-09-12T11:55:47+08:00 2.53 2.53 0.00 1.31 250.0
2026-09-12T11:55:57+08:00 1.83 1.83 0.00 1.26 247.0
2026-09-12T11:56:07+08:00 0.67 0.67 0.00 1.22 247.0
2026-09-12T11:56:15+08:00 5.50 5.50 0.00 1.19 247.0
2026-09-12T11:56:25+08:00 2.43 2.43 0.00 1.16 248.0
2026-09-12T11:56:35+08:00 3.68 3.68 0.00 1.13 249.0
2026-09-12T11:56:42+08:00 2.55 2.55 0.00 1.33 252.0
2026-09-12T11:56:52+08:00 0.93 0.93 0.00 1.43 252.0
2026-09-12T11:57:02+08:00 1.38 1.38 0.00 1.36 249.0
2026-09-12T11:57:10+08:00 0.60 0.60 0.00 1.31 253.0
2026-09-12T11:57:20+08:00 2.26 2.16 0.00 1.26 246.0
2026-09-12T11:57:30+08:00 1.01 0.97 0.00 1.22 249.0
2026-09-12T11:57:40+08:00 1.56 1.45 0.00 1.18 249.0
2026-09-12T11:57:47+08:00 1.79 1.75 0.00 1.16 247.0
2026-09-12T11:57:57+08:00 7.43 7.41 0.00 1.13 251.0
2026-09-12T11:58:08+08:00 2.73 2.72 0.00 1.11 250.0
2026-09-12T11:58:15+08:00 1.22 1.22 0.00 1.33 249.0
2026-09-12T11:58:25+08:00 0.89 0.89 0.00 1.66 252.0
2026-09-12T11:58:35+08:00 3.59 3.44 0.00 1.64 246.0
2026-09-12T11:58:43+08:00 1.71 1.64 0.00 1.54 243.0
2026-09-12T11:58:53+08:00 1.62 1.50 0.00 1.45 245.0
2026-09-12T11:59:03+08:00 1.02 0.97 0.00 1.62 250.0
2026-09-12T11:59:10+08:00 0.82 0.80 0.00 1.53 252.0
2026-09-12T11:59:20+08:00 0.30 0.29 0.00 1.45 250.0
2026-09-12T11:59:30+08:00 0.76 0.75 0.00 1.38 253.0
2026-09-12T11:59:38+08:00 1.16 1.16 0.00 1.32 251.0
2026-09-12T11:59:48+08:00 1.55 1.55 0.00 1.34 252.0
2026-09-12T11:59:58+08:00 2.33 2.33 0.00 1.29 250.0
2026-09-12T12:00:08+08:00 2.73 2.73 0.00 1.25 251.0
2026-09-12T12:00:15+08:00 1.77 1.77 0.00 1.21 250.0
2026-09-12T12:00:25+08:00 2.69 2.69 0.00 1.26 249.0
2026-09-12T12:00:35+08:00 1.58 1.58 0.00 1.14 250.0
2026-09-12T12:00:43+08:00 0.71 0.71 0.00 1.48 248.0
2026-09-12T12:00:53+08:00 0.75 0.75 0.00 1.41 250.0
2026-09-12T12:01:03+08:00 0.58 0.58 0.00 1.35 252.0
2026-09-12T12:01:11+08:00 1.00 1.00 0.00 1.37 248.0
2026-09-12T12:01:21+08:00 3.48 3.48 0.00 1.39 249.0
2026-09-12T12:01:31+08:00 5.12 5.12 0.00 1.71 252.0
2026-09-12T12:01:41+08:00 3.69 3.69 0.00 1.68 245.0
2026-09-12T12:01:51+08:00 1.55 1.55 0.00 1.65 245.0
2026-09-12T12:02:01+08:00 1.06 1.06 0.00 1.79 247.0
2026-09-12T12:02:11+08:00 0.39 0.39 0.00 1.75 253.0
2026-09-12T12:02:17+08:00 0.41 0.41 0.00 1.63 252.0
2026-09-12T12:02:27+08:00 3.74 3.74 0.00 1.61 251.0
2026-09-12T12:02:37+08:00 1.92 1.92 0.00 1.52 249.0
2026-09-12T12:02:48+08:00 2.61 2.43 0.00 1.88 245.0
2026-09-12T12:02:58+08:00 2.20 2.13 0.00 1.74 250.0
2026-09-12T12:03:08+08:00 2.01 1.99 0.00 1.71 251.0
2026-09-12T12:03:18+08:00 1.15 1.13 0.00 1.60 246.0
2026-09-12T12:03:28+08:00 1.15 1.14 0.00 1.51 254.0
2026-09-12T12:03:36+08:00 0.51 0.51 0.00 1.43 249.0
2026-09-12T12:03:46+08:00 0.55 0.55 0.00 1.36 253.0
2026-09-12T12:03:56+08:00 0.74 0.74 0.00 1.31 250.0
2026-09-12T12:04:03+08:00 1.99 1.99 0.00 1.42 250.0
2026-09-12T12:04:13+08:00 3.88 3.70 0.00 1.50 250.0
2026-09-12T12:04:23+08:00 4.14 4.08 0.00 1.50 251.0
2026-09-12T12:04:31+08:00 2.22 2.19 0.00 1.42 247.0
2026-09-12T12:04:41+08:00 1.18 1.17 0.00 1.44 250.0
2026-09-12T12:04:51+08:00 0.53 0.52 0.00 1.37 251.0
2026-09-12T12:04:59+08:00 0.34 0.34 0.00 1.31 249.0
2026-09-12T12:05:09+08:00 0.28 0.28 0.00 1.34 248.0
2026-09-12T12:05:19+08:00 0.12 0.12 0.00 1.29 249.0
2026-09-12T12:05:29+08:00 0.65 0.65 0.00 1.33 252.0
2026-09-12T12:05:36+08:00 1.48 1.48 0.00 1.28 254.0
2026-09-12T12:05:46+08:00 0.87 0.87 0.00 1.23 248.0
2026-09-12T12:05:56+08:00 1.27 1.27 0.00 1.20 251.0
2026-09-12T12:06:04+08:00 1.46 1.46 0.00 1.09 248.0
2026-09-12T12:06:14+08:00 0.54 0.54 0.24 1.08 248.0
2026-09-12T12:06:24+08:00 1.85 1.85 0.08 1.06 253.0
2026-09-12T12:06:31+08:00 1.23 1.23 0.03 1.05 247.0
2026-09-12T12:06:41+08:00 0.65 0.65 0.01 1.05 250.0
2026-09-12T12:06:51+08:00 0.39 0.39 0.00 1.04 252.0
2026-09-12T12:06:59+08:00 0.83 0.83 0.08 1.11 252.0
2026-09-12T12:07:09+08:00 1.89 1.89 0.02 1.39 250.0
2026-09-12T12:07:19+08:00 0.85 0.85 0.01 1.41 252.0
2026-09-12T12:07:29+08:00 2.07 2.07 0.00 1.74 251.0
2026-09-12T12:07:37+08:00 0.93 0.93 0.00 1.70 251.0
2026-09-12T12:07:47+08:00 1.07 1.07 0.00 1.59 0.0
2026-09-12T12:07:57+08:00 3.35 3.35 0.00 1.50 0.0
2026-09-12T12:08:04+08:00 3.58 3.58 0.00 1.42 0.0
2026-09-12T12:08:14+08:00 1.31 1.31 0.00 1.36 0.0
2026-09-12T12:08:24+08:00 1.66 1.66 0.00 1.30 0.0
2026-09-12T12:08:32+08:00 0.74 0.74 0.00 1.25 0.0
2026-09-12T12:08:42+08:00 0.84 0.84 0.00 1.29 0.0
2026-09-12T12:08:52+08:00 1.12 1.12 0.00 1.25 0.0
2026-09-12T12:08:59+08:00 0.49 0.49 0.00 1.21 0.0
2026-09-12T12:09:09+08:00 1.63 1.63 0.00 1.18 0.0
2026-09-12T12:09:23+08:00 31.93 31.83 0.00 1.38 0.0
