t_iso io_some_avg10 io_full_avg10 cpu_some_avg10 loadavg1 vllm_running
2026-09-10T20:03:23+08:00 32.58 32.58 0.00 1.19 NA
2026-09-10T20:03:33+08:00 26.03 26.03 0.00 1.08 NA
2026-09-10T20:03:41+08:00 40.97 40.97 0.08 1.39 NA
2026-09-10T20:03:52+08:00 33.18 41.94 0.02 1.33 NA
2026-09-10T20:04:02+08:00 24.63 24.59 0.75 1.44 NA
2026-09-10T20:04:09+08:00 11.92 11.90 0.76 1.37 NA
2026-09-10T20:04:19+08:00 6.69 6.68 0.34 1.39 NA
2026-09-10T20:04:29+08:00 2.46 2.46 0.12 1.33 NA
2026-09-10T20:04:37+08:00 3.00 2.90 0.04 1.28 NA
2026-09-10T20:04:47+08:00 1.35 1.30 0.01 1.24 NA
2026-09-10T20:04:57+08:00 0.49 0.47 0.00 1.20 NA
2026-09-10T20:05:05+08:00 0.34 0.33 0.00 1.17 NA
2026-09-10T20:05:15+08:00 4.53 4.53 0.00 1.14 NA
2026-09-10T20:05:25+08:00 8.64 8.56 0.00 1.12 NA
2026-09-10T20:05:32+08:00 4.80 4.77 0.00 1.02 1.0
2026-09-10T20:05:42+08:00 4.07 4.06 0.00 1.02 1.0
2026-09-10T20:05:52+08:00 1.83 1.82 0.00 1.17 1.0
2026-09-10T20:06:00+08:00 1.03 1.03 0.00 1.15 1.0
2026-09-10T20:06:10+08:00 0.38 0.38 0.00 1.12 1.0
2026-09-10T20:06:20+08:00 1.66 1.66 0.00 1.10 1.0
2026-09-10T20:06:28+08:00 2.36 2.18 0.00 1.09 1.0
2026-09-10T20:06:38+08:00 1.06 0.98 0.00 1.07 1.0
2026-09-10T20:06:48+08:00 0.39 0.36 0.00 1.14 1.0
2026-09-10T20:06:55+08:00 2.52 2.51 0.00 1.27 1.0
2026-09-10T20:07:05+08:00 2.47 2.46 0.00 1.23 1.0
2026-09-10T20:07:15+08:00 1.05 1.05 0.00 1.20 1.0
2026-09-10T20:07:23+08:00 0.83 0.83 0.00 1.24 1.0
2026-09-10T20:07:33+08:00 0.67 0.67 0.00 1.20 1.0
2026-09-10T20:07:43+08:00 0.24 0.24 0.00 1.24 1.0
2026-09-10T20:07:51+08:00 0.11 0.11 0.00 1.37 1.0
2026-09-10T20:08:01+08:00 0.73 0.73 0.00 1.31 1.0
2026-09-10T20:08:11+08:00 2.28 2.28 0.00 1.41 1.0
2026-09-10T20:08:19+08:00 1.14 1.14 0.00 1.42 1.0
2026-09-10T20:08:29+08:00 0.42 0.42 0.00 1.35 1.0
2026-09-10T20:08:39+08:00 1.17 1.17 0.00 1.30 1.0
2026-09-10T20:08:46+08:00 0.43 0.43 0.00 1.25 1.0
2026-09-10T20:08:56+08:00 0.15 0.15 0.00 1.21 1.0
2026-09-10T20:09:06+08:00 0.07 0.07 0.00 1.18 1.0
2026-09-10T20:09:14+08:00 1.46 1.46 0.00 1.15 1.0
2026-09-10T20:09:24+08:00 0.65 0.65 0.00 1.13 1.0
2026-09-10T20:09:34+08:00 0.24 0.24 0.00 1.11 1.0
2026-09-10T20:09:42+08:00 2.39 2.39 0.00 1.17 1.0
2026-09-10T20:09:52+08:00 1.07 1.07 0.00 1.14 0.0
2026-09-10T20:10:02+08:00 0.39 0.39 0.00 1.12 22.0
2026-09-10T20:10:09+08:00 0.84 0.84 0.00 1.18 22.0
2026-09-10T20:10:19+08:00 1.73 1.64 0.00 1.67 28.0
2026-09-10T20:10:29+08:00 0.73 0.70 0.00 1.56 18.0
2026-09-10T20:10:37+08:00 1.05 1.04 0.00 1.48 29.0
2026-09-10T20:10:47+08:00 2.32 2.31 0.00 1.40 25.0
2026-09-10T20:10:57+08:00 1.04 1.04 0.00 1.42 29.0
2026-09-10T20:11:05+08:00 0.58 0.58 0.00 1.28 35.0
2026-09-10T20:11:15+08:00 0.21 0.21 0.00 1.23 30.0
2026-09-10T20:11:25+08:00 0.09 0.09 0.00 1.20 29.0
2026-09-10T20:11:33+08:00 0.78 0.78 0.00 1.33 25.0
2026-09-10T20:11:43+08:00 1.42 1.42 0.00 1.35 19.0
2026-09-10T20:11:53+08:00 0.76 0.76 0.00 1.30 25.0
2026-09-10T20:12:00+08:00 0.28 0.28 0.00 1.25 33.0
2026-09-10T20:12:10+08:00 0.48 0.48 0.00 1.21 18.0
2026-09-10T20:12:20+08:00 1.63 1.51 0.00 1.26 30.0
2026-09-10T20:12:28+08:00 0.70 0.65 0.00 1.22 30.0
2026-09-10T20:12:38+08:00 0.31 0.29 0.00 1.18 36.0
2026-09-10T20:12:48+08:00 1.02 1.01 0.00 1.16 41.0
2026-09-10T20:12:56+08:00 0.45 0.45 0.00 1.13 30.0
2026-09-10T20:13:06+08:00 0.16 0.16 0.00 1.11 27.0
2026-09-10T20:13:16+08:00 1.61 1.39 0.00 1.09 26.0
2026-09-10T20:13:23+08:00 2.54 2.44 0.00 1.45 35.0
2026-09-10T20:13:34+08:00 2.41 2.37 0.00 1.38 20.0
2026-09-10T20:13:44+08:00 1.38 1.36 0.00 1.32 27.0
2026-09-10T20:13:51+08:00 1.75 1.75 0.00 1.27 22.0
2026-09-10T20:14:01+08:00 0.64 0.64 0.00 1.23 33.0
2026-09-10T20:14:11+08:00 1.01 1.01 0.00 1.28 23.0
2026-09-10T20:14:19+08:00 0.47 0.47 0.00 1.23 0.0
2026-09-10T20:14:29+08:00 0.90 0.90 0.00 1.12 0.0
2026-09-10T20:14:39+08:00 1.31 1.31 0.00 1.10 0.0
2026-09-10T20:14:47+08:00 0.48 0.48 0.08 1.09 1.0
2026-09-10T20:14:57+08:00 0.57 0.57 0.03 1.07 1.0
2026-09-10T20:15:07+08:00 0.21 0.21 0.01 1.06 1.0
2026-09-10T20:15:14+08:00 0.58 0.58 0.00 1.13 1.0
2026-09-10T20:15:24+08:00 0.26 0.26 0.00 1.19 1.0
2026-09-10T20:15:34+08:00 0.09 0.09 0.00 1.16 0.0
2026-09-10T20:15:42+08:00 0.68 0.68 0.00 1.14 74.0
2026-09-10T20:15:52+08:00 0.25 0.25 0.00 1.12 72.0
2026-09-10T20:16:02+08:00 0.09 0.09 0.00 1.10 72.0
2026-09-10T20:16:10+08:00 0.04 0.04 0.00 1.08 80.0
2026-09-10T20:16:20+08:00 1.81 1.81 0.00 1.07 67.0
2026-09-10T20:16:30+08:00 0.81 0.81 0.00 1.06 64.0
2026-09-10T20:16:37+08:00 1.69 1.69 0.00 1.13 66.0
2026-09-10T20:16:47+08:00 0.62 0.62 0.00 1.11 88.0
2026-09-10T20:16:57+08:00 0.27 0.27 0.00 1.09 45.0
2026-09-10T20:17:05+08:00 0.35 0.35 0.00 1.23 59.0
2026-09-10T20:17:15+08:00 0.15 0.15 0.00 1.20 62.0
2026-09-10T20:17:25+08:00 1.25 1.25 0.00 1.16 61.0
2026-09-10T20:17:33+08:00 1.05 1.05 0.00 1.14 71.0
2026-09-10T20:17:43+08:00 2.66 2.53 0.00 1.19 67.0
2026-09-10T20:17:53+08:00 1.27 1.23 0.00 1.16 51.0
2026-09-10T20:18:01+08:00 0.63 0.61 0.00 0.98 61.0
2026-09-10T20:18:11+08:00 0.78 0.77 0.00 1.07 55.0
2026-09-10T20:18:21+08:00 1.28 1.17 0.00 1.28 68.0
2026-09-10T20:18:28+08:00 1.40 1.35 0.00 1.23 56.0
2026-09-10T20:18:38+08:00 1.80 1.79 0.00 1.20 65.0
2026-09-10T20:18:48+08:00 2.45 2.44 0.00 1.17 60.0
2026-09-10T20:18:56+08:00 5.07 5.07 0.00 1.29 77.0
2026-09-10T20:19:06+08:00 3.90 3.90 0.00 1.25 72.0
2026-09-10T20:19:16+08:00 2.61 2.61 0.00 1.21 68.0
2026-09-10T20:19:24+08:00 1.08 1.08 0.00 1.18 75.0
2026-09-10T20:19:34+08:00 0.80 0.80 0.00 1.23 78.0
2026-09-10T20:19:44+08:00 0.80 0.80 0.00 1.19 63.0
2026-09-10T20:19:51+08:00 0.54 0.54 0.00 1.24 56.0
2026-09-10T20:20:01+08:00 0.24 0.24 0.00 1.20 50.0
2026-09-10T20:20:11+08:00 2.23 2.23 0.00 1.17 79.0
2026-09-10T20:20:19+08:00 1.36 1.36 0.00 1.14 0.0
2026-09-10T20:20:29+08:00 0.61 0.61 0.00 1.12 0.0
2026-09-10T20:20:39+08:00 0.42 0.42 0.00 1.10 0.0
2026-09-10T20:20:47+08:00 14.39 14.24 0.00 1.16 0.0
2026-09-10T20:20:57+08:00 6.56 6.51 0.00 1.13 1.0
2026-09-10T20:21:07+08:00 4.56 4.36 0.00 1.11 1.0
2026-09-10T20:21:14+08:00 3.12 3.03 0.00 1.10 1.0
2026-09-10T20:21:24+08:00 3.52 3.39 0.00 1.08 1.0
2026-09-10T20:21:34+08:00 3.86 3.80 0.00 1.07 1.0
2026-09-10T20:21:42+08:00 2.76 2.74 0.00 1.13 1.0
2026-09-10T20:21:52+08:00 4.47 4.46 0.00 1.11 12.0
2026-09-10T20:22:02+08:00 2.00 2.00 0.00 1.39 80.0
2026-09-10T20:22:10+08:00 0.90 0.90 0.00 1.33 103.0
2026-09-10T20:22:20+08:00 2.87 2.87 0.00 1.36 107.0
2026-09-10T20:22:30+08:00 1.20 1.20 0.00 1.68 56.0
2026-09-10T20:22:38+08:00 1.74 1.74 0.00 1.57 91.0
2026-09-10T20:22:48+08:00 0.78 0.78 0.00 1.56 83.0
2026-09-10T20:22:58+08:00 1.65 1.65 0.00 1.55 79.0
2026-09-10T20:23:05+08:00 1.01 1.01 0.00 1.46 58.0
2026-09-10T20:23:15+08:00 0.85 0.85 0.00 1.39 77.0
2026-09-10T20:23:25+08:00 0.31 0.31 0.00 1.33 80.0
2026-09-10T20:23:33+08:00 0.24 0.24 0.00 1.28 73.0
2026-09-10T20:23:43+08:00 1.42 1.42 0.00 1.24 85.0
2026-09-10T20:23:52+08:00 0.52 0.52 0.00 1.20 61.0
2026-09-10T20:24:01+08:00 3.38 3.38 0.00 1.17 70.0
2026-09-10T20:24:11+08:00 1.64 1.64 0.00 1.14 74.0
2026-09-10T20:24:20+08:00 0.73 0.73 0.00 1.12 74.0
2026-09-10T20:24:28+08:00 2.04 2.04 0.00 1.25 54.0
2026-09-10T20:24:38+08:00 0.75 0.75 0.00 1.21 58.0
2026-09-10T20:24:48+08:00 3.41 3.41 0.00 1.18 70.0
2026-09-10T20:24:56+08:00 1.58 1.58 0.00 1.37 75.0
2026-09-10T20:25:06+08:00 0.71 0.71 0.00 1.31 63.0
2026-09-10T20:25:15+08:00 0.26 0.26 0.00 1.43 55.0
2026-09-10T20:25:24+08:00 0.25 0.25 0.00 1.58 71.0
2026-09-10T20:25:34+08:00 0.21 0.21 0.00 1.49 66.0
2026-09-10T20:25:41+08:00 0.22 0.22 0.00 1.41 82.0
2026-09-10T20:25:52+08:00 1.06 1.06 0.00 1.90 51.0
2026-09-10T20:26:02+08:00 0.48 0.48 0.00 1.83 55.0
2026-09-10T20:26:09+08:00 0.27 0.27 0.00 2.01 66.0
2026-09-10T20:26:19+08:00 0.12 0.12 0.00 1.92 71.0
2026-09-10T20:26:29+08:00 0.12 0.12 0.00 1.86 72.0
2026-09-10T20:26:37+08:00 2.79 2.79 0.00 1.81 0.0
2026-09-10T20:26:47+08:00 1.33 1.33 0.00 1.77 0.0
2026-09-10T20:26:57+08:00 1.33 1.33 0.00 1.65 0.0
2026-09-10T20:27:05+08:00 1.45 1.45 0.00 1.71 0.0
2026-09-10T20:27:15+08:00 1.38 1.38 0.00 1.52 0.0
2026-09-10T20:27:25+08:00 4.92 4.92 0.00 1.44 1.0
2026-09-10T20:27:33+08:00 3.47 3.47 0.00 1.53 1.0
2026-09-10T20:27:43+08:00 1.56 1.56 0.00 1.74 1.0
2026-09-10T20:27:53+08:00 2.05 2.05 0.00 1.63 1.0
2026-09-10T20:28:01+08:00 3.03 3.03 0.00 1.69 1.0
2026-09-10T20:28:11+08:00 1.19 1.19 0.00 1.59 0.0
2026-09-10T20:28:21+08:00 3.26 3.26 0.00 1.50 64.0
2026-09-10T20:28:29+08:00 2.11 2.11 0.00 1.58 81.0
2026-09-10T20:28:39+08:00 0.85 0.85 0.00 1.57 68.0
2026-09-10T20:28:49+08:00 0.38 0.38 0.00 1.48 92.0
2026-09-10T20:28:56+08:00 0.89 0.89 0.00 1.57 88.0
2026-09-10T20:29:06+08:00 1.74 1.74 0.00 1.48 96.0
2026-09-10T20:29:16+08:00 0.78 0.78 0.00 1.41 82.0
2026-09-10T20:29:24+08:00 1.37 1.37 0.00 1.50 84.0
2026-09-10T20:29:34+08:00 1.11 1.11 0.00 1.57 91.0
2026-09-10T20:29:44+08:00 1.44 1.44 0.00 1.48 91.0
2026-09-10T20:29:52+08:00 1.91 1.79 0.00 1.79 102.0
2026-09-10T20:30:02+08:00 0.86 0.80 0.00 1.67 95.0
2026-09-10T20:30:12+08:00 2.31 2.29 0.00 1.57 79.0
2026-09-10T20:30:19+08:00 3.07 3.06 0.00 1.64 83.0
2026-09-10T20:30:29+08:00 1.37 1.37 0.00 1.54 87.0
2026-09-10T20:30:39+08:00 3.96 3.95 0.00 1.46 85.0
2026-09-10T20:30:47+08:00 1.96 1.96 0.00 1.55 84.0
2026-09-10T20:30:57+08:00 1.93 1.69 0.00 1.46 102.0
2026-09-10T20:31:07+08:00 1.79 1.52 0.00 1.47 90.0
2026-09-10T20:31:15+08:00 1.38 1.11 0.00 1.64 79.0
2026-09-10T20:31:25+08:00 0.87 0.77 0.00 1.54 79.0
2026-09-10T20:31:35+08:00 0.39 0.34 0.00 1.46 70.0
2026-09-10T20:31:42+08:00 1.83 1.81 0.00 1.55 87.0
2026-09-10T20:31:53+08:00 1.92 1.73 0.00 1.54 90.0
2026-09-10T20:32:03+08:00 1.16 1.07 0.00 1.46 61.0
2026-09-10T20:32:10+08:00 4.14 3.92 0.00 1.71 93.0
2026-09-10T20:32:20+08:00 4.38 4.28 0.00 1.60 125.0
2026-09-10T20:32:30+08:00 1.97 1.94 0.14 1.51 95.0
2026-09-10T20:32:38+08:00 2.03 1.93 0.05 1.66 88.0
2026-09-10T20:32:48+08:00 1.09 1.05 0.02 1.72 96.0
2026-09-10T20:32:58+08:00 1.63 1.61 0.00 1.69 0.0
2026-09-10T20:33:06+08:00 0.88 0.87 0.00 1.66 0.0
2026-09-10T20:33:16+08:00 0.55 0.55 0.00 1.56 0.0
2026-09-10T20:33:26+08:00 0.32 0.32 0.00 1.47 0.0
2026-09-10T20:33:33+08:00 4.29 4.29 0.00 1.40 0.0
2026-09-10T20:33:48+08:00 12.51 12.51 0.00 1.34 0.0
2026-09-10T20:34:00+08:00 13.30 11.00 0.00 1.33 1.0
2026-09-10T20:34:07+08:00 5.90 4.95 0.00 1.28 1.0
2026-09-10T20:34:17+08:00 2.17 1.82 0.00 1.31 1.0
2026-09-10T20:34:27+08:00 1.12 0.96 0.00 1.26 1.0
2026-09-10T20:34:35+08:00 0.83 0.78 0.00 1.22 1.0
2026-09-10T20:34:45+08:00 1.58 1.56 0.00 1.19 0.0
2026-09-10T20:34:55+08:00 1.85 1.84 0.00 1.23 93.0
2026-09-10T20:35:03+08:00 0.68 0.67 0.00 1.20 105.0
2026-09-10T20:35:13+08:00 3.74 3.74 0.00 1.39 105.0
2026-09-10T20:35:23+08:00 3.07 3.07 0.00 1.33 132.0
2026-09-10T20:35:30+08:00 1.92 1.92 0.00 1.35 118.0
2026-09-10T20:35:40+08:00 0.70 0.70 0.00 1.30 117.0
2026-09-10T20:35:50+08:00 0.25 0.25 0.00 1.33 78.0
2026-09-10T20:35:58+08:00 0.94 0.94 0.00 1.60 135.0
2026-09-10T20:36:08+08:00 1.53 1.53 0.00 1.58 93.0
2026-09-10T20:36:18+08:00 0.69 0.69 0.00 1.64 71.0
2026-09-10T20:36:26+08:00 0.79 0.79 0.00 1.70 91.0
2026-09-10T20:36:36+08:00 0.29 0.29 0.00 1.68 176.0
2026-09-10T20:36:46+08:00 0.33 0.33 0.00 1.65 145.0
2026-09-10T20:36:54+08:00 0.22 0.22 0.00 1.55 94.0
2026-09-10T20:37:04+08:00 0.09 0.09 0.00 1.54 145.0
2026-09-10T20:37:14+08:00 0.63 0.63 0.00 1.53 116.0
2026-09-10T20:37:21+08:00 0.33 0.33 0.00 1.52 102.0
2026-09-10T20:37:31+08:00 0.44 0.44 0.00 1.52 96.0
2026-09-10T20:37:41+08:00 0.16 0.16 0.00 1.58 98.0
2026-09-10T20:37:49+08:00 1.70 1.70 0.00 1.66 93.0
2026-09-10T20:37:59+08:00 1.37 1.37 0.00 1.78 121.0
2026-09-10T20:38:09+08:00 1.40 1.40 0.00 1.74 117.0
2026-09-10T20:38:17+08:00 1.45 1.45 0.00 1.78 123.0
2026-09-10T20:38:27+08:00 2.05 1.72 0.00 2.14 86.0
2026-09-10T20:38:37+08:00 3.72 2.42 0.00 2.19 144.0
2026-09-10T20:38:44+08:00 2.57 1.98 0.00 2.31 146.0
2026-09-10T20:38:54+08:00 0.94 0.72 0.00 2.10 108.0
2026-09-10T20:39:04+08:00 0.42 0.32 0.00 1.93 102.0
2026-09-10T20:39:12+08:00 0.15 0.11 0.00 1.79 97.0
2026-09-10T20:39:22+08:00 0.85 0.83 0.00 1.82 98.0
2026-09-10T20:39:32+08:00 0.48 0.47 0.00 1.70 0.0
2026-09-10T20:39:40+08:00 1.46 1.46 0.00 1.67 0.0
2026-09-10T20:39:50+08:00 2.96 2.96 0.00 1.57 0.0
2026-09-10T20:40:00+08:00 1.73 1.73 0.00 1.48 0.0
2026-09-10T20:40:08+08:00 1.86 1.86 0.00 1.48 0.0
2026-09-10T20:40:18+08:00 27.47 26.63 0.00 1.57 1.0
2026-09-10T20:40:28+08:00 15.08 14.77 0.00 1.48 1.0
2026-09-10T20:40:36+08:00 5.71 5.60 0.00 1.48 1.0
2026-09-10T20:40:46+08:00 5.15 5.10 0.00 1.70 1.0
2026-09-10T20:40:55+08:00 1.89 1.87 0.00 1.59 1.0
2026-09-10T20:41:03+08:00 1.05 1.04 0.00 1.50 1.0
2026-09-10T20:41:13+08:00 0.54 0.54 0.00 1.42 0.0
2026-09-10T20:41:22+08:00 0.20 0.20 0.00 1.66 146.0
2026-09-10T20:41:31+08:00 0.18 0.18 0.00 1.56 138.0
2026-09-10T20:41:41+08:00 0.81 0.81 0.00 1.55 118.0
2026-09-10T20:41:50+08:00 1.70 1.52 0.00 1.54 94.0
2026-09-10T20:41:59+08:00 0.72 0.65 0.00 1.46 115.0
2026-09-10T20:42:09+08:00 0.87 0.84 0.00 1.69 163.0
2026-09-10T20:42:18+08:00 1.49 1.48 0.00 1.58 229.0
2026-09-10T20:42:26+08:00 2.12 2.12 0.00 1.64 187.0
2026-09-10T20:42:36+08:00 2.83 2.83 0.00 1.54 157.0
2026-09-10T20:42:44+08:00 1.19 1.18 0.00 1.46 190.0
2026-09-10T20:42:54+08:00 2.86 2.86 0.00 1.53 155.0
2026-09-10T20:43:04+08:00 1.56 1.56 0.00 1.45 163.0
2026-09-10T20:43:12+08:00 1.61 1.61 0.00 1.54 142.0
2026-09-10T20:43:22+08:00 6.47 6.39 0.00 1.76 127.0
2026-09-10T20:43:33+08:00 2.90 2.87 0.00 1.64 104.0
2026-09-10T20:43:40+08:00 1.16 1.15 0.00 1.54 97.0
2026-09-10T20:43:50+08:00 2.26 2.10 0.00 1.53 119.0
2026-09-10T20:44:00+08:00 1.74 1.67 0.00 1.60 108.0
2026-09-10T20:44:08+08:00 1.16 1.14 0.00 1.51 104.0
2026-09-10T20:44:18+08:00 2.36 2.17 0.00 2.03 102.0
2026-09-10T20:44:28+08:00 1.06 0.97 0.00 2.03 96.0
2026-09-10T20:44:36+08:00 1.78 1.62 0.00 2.02 111.0
2026-09-10T20:44:46+08:00 0.80 0.73 0.00 1.94 146.0
2026-09-10T20:44:56+08:00 0.94 0.91 0.00 1.96 133.0
2026-09-10T20:45:03+08:00 0.63 0.62 0.00 1.88 176.0
2026-09-10T20:45:13+08:00 0.52 0.52 0.00 1.75 91.0
2026-09-10T20:45:23+08:00 0.63 0.63 0.00 1.71 126.0
2026-09-10T20:45:31+08:00 0.38 0.38 0.00 1.76 138.0
2026-09-10T20:45:41+08:00 0.87 0.87 0.00 1.80 71.0
2026-09-10T20:45:51+08:00 0.84 0.84 0.00 1.83 158.0
2026-09-10T20:45:59+08:00 2.45 2.45 0.00 1.71 0.0
2026-09-10T20:46:09+08:00 2.52 2.52 0.00 1.68 0.0
2026-09-10T20:46:19+08:00 2.32 2.32 0.00 1.57 0.0
2026-09-10T20:46:27+08:00 1.00 1.00 0.00 1.48 0.0
2026-09-10T20:46:37+08:00 0.49 0.49 0.00 1.41 0.0
2026-09-10T20:46:47+08:00 3.22 3.22 0.00 1.27 0.0
2026-09-10T20:46:55+08:00 2.50 2.50 0.00 1.22 1.0
2026-09-10T20:47:05+08:00 4.66 4.48 0.00 1.50 1.0
2026-09-10T20:47:15+08:00 2.09 2.01 0.00 1.43 1.0
2026-09-10T20:47:22+08:00 5.18 5.15 0.00 1.52 1.0
2026-09-10T20:47:32+08:00 14.01 13.99 0.00 1.66 1.0
2026-09-10T20:47:42+08:00 7.49 7.48 0.00 1.48 0.0
2026-09-10T20:47:50+08:00 7.22 7.03 0.00 1.41 89.0
2026-09-10T20:48:00+08:00 4.43 4.15 0.00 1.34 137.0
2026-09-10T20:48:10+08:00 1.63 1.52 0.00 1.74 132.0
2026-09-10T20:48:18+08:00 2.05 1.83 0.00 1.70 148.0
2026-09-10T20:48:28+08:00 2.33 2.24 0.00 1.74 133.0
2026-09-10T20:48:38+08:00 1.64 1.61 0.00 1.62 221.0
2026-09-10T20:48:45+08:00 1.82 1.81 0.00 1.61 245.0
2026-09-10T20:48:55+08:00 1.84 1.72 0.00 1.51 222.0
2026-09-10T20:49:06+08:00 0.94 0.89 0.00 1.43 237.0
2026-09-10T20:49:13+08:00 0.87 0.85 0.00 1.52 217.0
2026-09-10T20:49:23+08:00 1.59 1.58 0.00 1.75 226.0
2026-09-10T20:49:33+08:00 0.71 0.71 0.00 1.63 228.0
2026-09-10T20:49:41+08:00 0.56 0.56 0.00 1.61 151.0
2026-09-10T20:49:51+08:00 0.20 0.20 0.00 1.52 198.0
2026-09-10T20:50:01+08:00 1.55 1.42 0.00 1.51 193.0
2026-09-10T20:50:09+08:00 1.29 1.25 0.00 1.59 206.0
2026-09-10T20:50:19+08:00 0.58 0.56 0.00 1.66 253.0
2026-09-10T20:50:29+08:00 0.37 0.36 0.00 1.71 255.0
2026-09-10T20:50:36+08:00 2.46 2.45 0.00 1.92 256.0
2026-09-10T20:50:46+08:00 1.34 1.34 0.00 1.78 253.0
2026-09-10T20:50:56+08:00 2.62 2.62 0.00 1.66 255.0
2026-09-10T20:51:04+08:00 3.53 3.53 0.00 1.70 255.0
2026-09-10T20:51:14+08:00 1.30 1.30 0.00 1.68 255.0
2026-09-10T20:51:24+08:00 0.94 0.94 0.00 1.57 255.0
2026-09-10T20:51:32+08:00 0.66 0.66 0.00 1.48 256.0
2026-09-10T20:51:42+08:00 0.24 0.24 0.00 1.48 253.0
2026-09-10T20:51:52+08:00 0.83 0.83 0.00 1.49 215.0
2026-09-10T20:51:59+08:00 4.11 4.11 0.00 1.57 183.0
2026-09-10T20:52:09+08:00 3.87 3.69 0.00 1.48 169.0
2026-09-10T20:52:20+08:00 1.86 1.78 0.00 1.49 165.0
2026-09-10T20:52:27+08:00 1.40 1.38 0.00 1.41 0.0
2026-09-10T20:52:37+08:00 1.09 1.08 0.00 1.35 0.0
2026-09-10T20:52:47+08:00 0.49 0.48 0.00 1.30 0.0
2026-09-10T20:52:55+08:00 1.31 1.31 0.00 1.32 0.0
2026-09-10T20:53:05+08:00 0.59 0.59 0.00 1.27 0.0
2026-09-10T20:53:15+08:00 0.21 0.21 0.00 1.23 0.0
2026-09-10T20:53:23+08:00 0.52 0.52 0.00 1.28 0.0
2026-09-10T20:53:33+08:00 3.31 3.31 0.00 1.31 1.0
2026-09-10T20:53:43+08:00 1.21 1.21 0.00 1.27 1.0
2026-09-10T20:53:50+08:00 1.57 1.57 0.00 1.22 1.0
2026-09-10T20:54:00+08:00 1.73 1.73 0.00 1.41 1.0
2026-09-10T20:54:10+08:00 2.62 2.62 0.00 1.35 1.0
2026-09-10T20:54:18+08:00 2.40 2.40 0.00 1.21 0.0
2026-09-10T20:54:28+08:00 1.42 1.42 0.00 1.18 212.0
2026-09-10T20:54:38+08:00 2.34 2.22 0.00 1.37 256.0
2026-09-10T20:54:46+08:00 1.54 1.49 0.00 1.39 255.0
2026-09-10T20:54:56+08:00 2.36 2.34 0.00 1.56 256.0
2026-09-10T20:55:06+08:00 1.06 1.05 0.00 1.48 254.0
2026-09-10T20:55:13+08:00 5.01 5.00 0.00 1.40 254.0
2026-09-10T20:55:23+08:00 2.12 2.12 0.00 1.34 253.0
2026-09-10T20:55:33+08:00 4.51 4.51 0.00 1.44 256.0
2026-09-10T20:55:41+08:00 2.50 2.50 0.00 1.53 255.0
2026-09-10T20:55:51+08:00 1.24 1.24 0.00 1.45 254.0
2026-09-10T20:56:01+08:00 0.45 0.45 0.00 1.38 252.0
2026-09-10T20:56:09+08:00 1.80 1.79 0.00 1.40 253.0
2026-09-10T20:56:19+08:00 0.80 0.80 0.00 1.49 256.0
2026-09-10T20:56:29+08:00 0.29 0.29 0.00 1.80 254.0
2026-09-10T20:56:37+08:00 0.67 0.67 0.00 1.83 254.0
2026-09-10T20:56:47+08:00 0.64 0.64 0.00 1.70 253.0
2026-09-10T20:56:57+08:00 0.43 0.43 0.00 1.59 253.0
2026-09-10T20:57:04+08:00 2.55 2.55 0.00 1.50 255.0
2026-09-10T20:57:14+08:00 1.48 1.48 0.00 1.58 256.0
2026-09-10T20:57:24+08:00 1.02 1.02 0.00 1.80 255.0
2026-09-10T20:57:32+08:00 0.82 0.82 0.00 1.83 252.0
2026-09-10T20:57:42+08:00 1.14 1.14 0.00 1.94 253.0
2026-09-10T20:57:52+08:00 1.10 1.10 0.00 1.88 255.0
2026-09-10T20:58:00+08:00 2.43 2.43 0.00 1.97 256.0
2026-09-10T20:58:10+08:00 1.78 1.78 0.00 1.90 254.0
2026-09-10T20:58:20+08:00 1.91 1.91 0.00 2.08 252.0
2026-09-10T20:58:28+08:00 0.85 0.85 0.00 2.14 255.0
2026-09-10T20:58:38+08:00 1.46 1.46 0.00 1.96 255.0
2026-09-10T20:58:48+08:00 0.78 0.78 0.00 1.89 254.0
2026-09-10T20:58:55+08:00 1.03 1.03 0.00 1.75 252.0
2026-09-10T20:59:05+08:00 0.64 0.64 0.00 1.72 253.0
2026-09-10T20:59:15+08:00 0.23 0.23 0.00 1.69 254.0
2026-09-10T20:59:23+08:00 5.90 5.90 0.00 1.74 255.0
2026-09-10T20:59:33+08:00 2.17 2.17 0.00 1.63 254.0
2026-09-10T20:59:43+08:00 1.89 1.89 0.00 1.53 256.0
2026-09-10T20:59:51+08:00 1.41 1.41 0.00 1.60 253.0
2026-09-10T21:00:01+08:00 3.66 2.96 0.00 1.74 253.0
2026-09-10T21:00:11+08:00 1.64 1.33 0.00 1.63 256.0
2026-09-10T21:00:18+08:00 2.09 1.97 0.00 1.53 0.0
2026-09-10T21:00:28+08:00 0.76 0.72 0.00 1.44 0.0
2026-09-10T21:00:38+08:00 0.34 0.32 0.00 1.38 0.0
2026-09-10T21:00:46+08:00 2.17 2.17 0.00 1.32 0.0
2026-09-10T21:00:56+08:00 0.80 0.79 0.00 1.35 0.0
2026-09-10T21:01:06+08:00 0.90 0.90 0.00 1.29 0.0
2026-09-10T21:01:14+08:00 0.48 0.47 0.00 1.25 0.0
2026-09-10T21:01:24+08:00 0.21 0.21 0.00 1.21 0.0
2026-09-10T21:01:36+08:00 5.81 5.81 0.00 1.26 1.0
2026-09-10T21:01:43+08:00 3.36 3.36 0.00 1.22 1.0
2026-09-10T21:01:53+08:00 2.27 2.27 0.00 1.34 1.0
2026-09-10T21:02:03+08:00 1.56 1.56 0.00 1.29 1.0
2026-09-10T21:02:11+08:00 16.56 16.02 0.00 1.40 1.0
2026-09-10T21:02:21+08:00 14.89 14.59 0.00 1.63 0.0
2026-09-10T21:02:31+08:00 6.69 6.56 0.00 1.46 147.0
2026-09-10T21:02:39+08:00 4.89 4.84 0.00 1.39 251.0
2026-09-10T21:02:49+08:00 3.18 3.16 0.00 1.41 254.0
2026-09-10T21:02:59+08:00 1.97 1.96 0.00 1.42 254.0
2026-09-10T21:03:06+08:00 1.94 1.85 0.00 1.43 253.0
2026-09-10T21:03:16+08:00 0.87 0.83 0.00 1.36 256.0
2026-09-10T21:03:26+08:00 0.68 0.67 0.00 1.31 256.0
2026-09-10T21:03:34+08:00 1.83 1.82 0.00 1.57 254.0
2026-09-10T21:03:44+08:00 1.22 1.21 0.00 1.55 253.0
2026-09-10T21:03:54+08:00 0.89 0.89 0.00 1.55 256.0
2026-09-10T21:04:03+08:00 0.32 0.32 0.00 1.55 255.0
2026-09-10T21:04:11+08:00 0.84 0.84 0.00 1.54 253.0
2026-09-10T21:04:21+08:00 1.34 1.34 0.00 1.60 255.0
2026-09-10T21:04:30+08:00 2.76 2.76 0.00 1.51 256.0
2026-09-10T21:04:40+08:00 1.68 1.68 0.00 1.39 252.0
2026-09-10T21:04:50+08:00 2.67 2.67 0.00 1.49 250.0
2026-09-10T21:04:57+08:00 2.17 2.17 0.00 1.49 255.0
2026-09-10T21:05:08+08:00 3.60 3.60 0.00 1.81 255.0
2026-09-10T21:05:18+08:00 2.94 2.94 0.00 1.92 253.0
2026-09-10T21:05:26+08:00 1.93 1.93 0.00 1.78 255.0
2026-09-10T21:05:36+08:00 2.38 2.38 0.00 1.66 255.0
2026-09-10T21:05:46+08:00 2.32 2.32 0.00 1.70 255.0
2026-09-10T21:05:53+08:00 0.97 0.97 0.00 1.59 252.0
2026-09-10T21:06:03+08:00 0.96 0.96 0.00 1.50 253.0
2026-09-10T21:06:13+08:00 3.21 3.21 0.00 1.50 256.0
2026-09-10T21:06:21+08:00 1.38 1.38 0.18 1.57 249.0
2026-09-10T21:06:31+08:00 0.50 0.50 0.06 1.56 254.0
2026-09-10T21:06:41+08:00 1.13 0.95 0.02 1.70 256.0
2026-09-10T21:06:49+08:00 1.99 1.92 0.00 1.60 254.0
2026-09-10T21:06:59+08:00 0.89 0.86 0.00 1.50 253.0
2026-09-10T21:07:09+08:00 0.32 0.31 0.00 1.50 254.0
2026-09-10T21:07:17+08:00 1.53 1.53 0.00 1.57 255.0
2026-09-10T21:07:27+08:00 0.83 0.83 0.00 1.48 253.0
2026-09-10T21:07:37+08:00 0.83 0.83 0.00 1.41 255.0
2026-09-10T21:07:44+08:00 0.47 0.47 0.00 1.42 256.0
2026-09-10T21:07:54+08:00 0.17 0.17 0.00 1.35 254.0
2026-09-10T21:08:04+08:00 0.91 0.91 0.00 1.38 253.0
2026-09-10T21:08:12+08:00 1.55 1.55 0.00 1.32 254.0
2026-09-10T21:08:22+08:00 0.57 0.57 0.00 1.27 256.0
2026-09-10T21:08:32+08:00 0.55 0.55 0.00 1.23 256.0
2026-09-10T21:08:40+08:00 0.62 0.62 0.00 1.27 250.0
2026-09-10T21:08:50+08:00 0.92 0.92 0.00 1.30 256.0
2026-09-10T21:09:00+08:00 0.41 0.41 0.00 1.25 255.0
2026-09-10T21:09:07+08:00 1.28 1.28 0.00 1.37 253.0
2026-09-10T21:09:18+08:00 1.19 1.19 0.00 1.32 255.0
2026-09-10T21:09:28+08:00 0.73 0.73 0.00 1.27 0.0
2026-09-10T21:09:35+08:00 1.78 1.78 0.00 1.23 0.0
2026-09-10T21:09:45+08:00 4.95 4.95 0.00 1.19 0.0
2026-09-10T21:09:55+08:00 4.87 4.87 0.00 1.16 0.0
2026-09-10T21:10:03+08:00 2.33 2.33 0.00 1.14 0.0
2026-09-10T21:10:13+08:00 1.04 1.04 0.00 1.11 0.0
2026-09-10T21:10:23+08:00 2.53 2.53 0.00 1.18 0.0
2026-09-10T21:10:31+08:00 3.19 3.19 0.00 1.15 0.0
2026-09-10T21:10:41+08:00 2.51 2.51 0.00 1.20 0.0
2026-09-10T21:10:51+08:00 3.30 3.30 0.00 1.16 0.0
2026-09-10T21:10:58+08:00 2.09 2.09 0.00 1.14 1.0
2026-09-10T21:11:08+08:00 0.77 0.77 0.00 1.12 1.0
2026-09-10T21:11:18+08:00 1.18 1.18 0.00 1.10 1.0
2026-09-10T21:11:26+08:00 43.09 42.84 0.00 2.55 1.0
2026-09-10T21:11:36+08:00 19.10 19.01 0.00 2.31 1.0
2026-09-10T21:11:46+08:00 8.78 8.74 0.00 2.03 0.0
2026-09-10T21:11:54+08:00 3.41 3.39 0.00 1.87 256.0
2026-09-10T21:12:04+08:00 2.44 2.43 0.00 1.81 255.0
2026-09-10T21:12:14+08:00 2.34 2.16 0.00 1.84 253.0
2026-09-10T21:12:21+08:00 2.41 2.25 0.00 1.79 256.0
2026-09-10T21:12:31+08:00 1.08 1.01 0.00 1.67 254.0
2026-09-10T21:12:41+08:00 0.39 0.37 0.00 1.64 253.0
2026-09-10T21:12:49+08:00 1.94 1.93 0.00 1.62 253.0
2026-09-10T21:12:59+08:00 0.87 0.86 0.00 1.53 256.0
2026-09-10T21:13:09+08:00 0.65 0.64 0.00 1.52 255.0
2026-09-10T21:13:17+08:00 3.43 3.43 0.00 1.52 254.0
2026-09-10T21:13:27+08:00 1.74 1.74 0.00 1.51 255.0
2026-09-10T21:13:37+08:00 2.32 2.32 0.00 1.43 254.0
2026-09-10T21:13:45+08:00 1.24 1.24 0.00 1.52 252.0
2026-09-10T21:13:55+08:00 1.34 1.34 0.00 1.52 254.0
2026-09-10T21:14:05+08:00 0.60 0.60 0.00 1.44 253.0
2026-09-10T21:14:12+08:00 0.58 0.58 0.00 1.52 248.0
2026-09-10T21:14:22+08:00 0.70 0.70 0.00 1.52 253.0
2026-09-10T21:14:32+08:00 1.22 1.22 0.00 1.58 252.0
2026-09-10T21:14:40+08:00 1.90 1.90 0.00 1.57 252.0
2026-09-10T21:14:50+08:00 0.85 0.85 0.00 1.48 255.0
2026-09-10T21:15:00+08:00 4.65 4.65 0.00 1.48 255.0
2026-09-10T21:15:08+08:00 1.81 1.81 0.00 1.57 252.0
2026-09-10T21:15:18+08:00 2.57 2.57 0.00 1.48 255.0
2026-09-10T21:15:28+08:00 2.52 2.52 0.00 1.41 256.0
2026-09-10T21:15:35+08:00 1.02 1.02 0.00 1.34 250.0
2026-09-10T21:15:45+08:00 3.18 3.18 0.00 1.53 253.0
2026-09-10T21:15:56+08:00 1.16 1.16 0.00 1.53 255.0
2026-09-10T21:16:03+08:00 2.33 2.33 0.00 1.53 252.0
2026-09-10T21:16:13+08:00 2.49 2.49 0.00 1.60 255.0
2026-09-10T21:16:23+08:00 1.46 1.46 0.00 1.66 255.0
2026-09-10T21:16:31+08:00 1.05 1.05 0.00 1.56 252.0
2026-09-10T21:16:41+08:00 0.80 0.80 0.00 1.77 254.0
2026-09-10T21:16:51+08:00 8.86 8.53 0.00 1.72 255.0
2026-09-10T21:16:59+08:00 4.20 4.08 0.00 1.69 254.0
2026-09-10T21:17:09+08:00 2.45 2.40 0.00 1.58 250.0
2026-09-10T21:17:19+08:00 1.58 1.56 0.00 1.56 256.0
