t_iso io_some_avg10 io_full_avg10 cpu_some_avg10 loadavg1 vllm_running
2026-09-12T21:39:24+08:00 34.66 34.66 0.00 1.36 0.0
2026-09-12T21:39:34+08:00 16.08 16.08 0.00 1.30 1.0
2026-09-12T21:39:44+08:00 5.91 5.91 0.00 1.26 1.0
2026-09-12T21:39:51+08:00 2.66 2.66 0.00 1.22 1.0
2026-09-12T21:40:01+08:00 0.97 0.97 0.00 1.18 1.0
2026-09-12T21:40:11+08:00 0.35 0.35 0.00 1.15 1.0
2026-09-12T21:40:21+08:00 0.16 0.16 0.00 1.13 1.0
2026-09-12T21:40:29+08:00 0.05 0.05 0.00 1.11 1.0
2026-09-12T21:40:39+08:00 0.02 0.02 0.00 1.09 1.0
2026-09-12T21:40:49+08:00 0.00 0.00 0.00 1.08 1.0
2026-09-12T21:40:56+08:00 1.95 1.95 0.00 1.07 1.0
2026-09-12T21:41:06+08:00 2.51 2.51 0.00 1.06 1.0
2026-09-12T21:41:16+08:00 2.42 2.42 0.00 1.13 1.0
2026-09-12T21:41:24+08:00 2.16 2.16 0.00 1.11 1.0
2026-09-12T21:41:34+08:00 0.97 0.97 0.00 1.09 1.0
2026-09-12T21:41:44+08:00 0.35 0.35 0.00 1.08 1.0
2026-09-12T21:41:51+08:00 0.16 0.16 0.00 1.06 1.0
2026-09-12T21:42:01+08:00 1.99 1.99 0.00 1.05 1.0
2026-09-12T21:42:11+08:00 0.73 0.73 0.00 1.04 1.0
2026-09-12T21:42:21+08:00 0.32 0.32 0.00 1.04 1.0
2026-09-12T21:42:29+08:00 0.12 0.12 0.00 1.03 1.0
2026-09-12T21:42:39+08:00 0.04 0.04 0.00 0.95 1.0
2026-09-12T21:42:49+08:00 0.56 0.56 0.00 0.96 1.0
2026-09-12T21:42:57+08:00 0.20 0.20 0.00 0.97 1.0
2026-09-12T21:43:07+08:00 0.09 0.09 0.00 0.97 1.0
2026-09-12T21:43:17+08:00 0.35 0.35 0.00 0.98 1.0
2026-09-12T21:43:24+08:00 1.16 1.16 0.00 0.98 1.0
2026-09-12T21:43:34+08:00 5.39 5.39 0.00 0.90 0.0
2026-09-12T21:43:44+08:00 46.01 46.01 0.00 0.92 0.0
2026-09-12T21:43:52+08:00 28.07 28.07 0.00 1.25 59.0
2026-09-12T21:44:02+08:00 14.15 14.15 0.00 1.28 56.0
2026-09-12T21:44:12+08:00 9.02 9.02 0.00 1.39 64.0
2026-09-12T21:44:22+08:00 5.30 5.30 0.00 1.41 70.0
2026-09-12T21:44:29+08:00 8.80 8.80 0.00 1.34 48.0
2026-09-12T21:44:39+08:00 3.23 3.23 0.00 1.29 81.0
2026-09-12T21:44:49+08:00 1.78 1.78 0.00 1.24 77.0
2026-09-12T21:44:57+08:00 0.77 0.77 0.00 1.35 70.0
2026-09-12T21:45:07+08:00 0.54 0.54 0.00 1.30 72.0
2026-09-12T21:45:17+08:00 0.20 0.20 0.00 1.25 78.0
2026-09-12T21:45:25+08:00 3.24 3.24 0.00 1.29 76.0
2026-09-12T21:45:35+08:00 2.90 2.90 0.00 1.32 62.0
2026-09-12T21:45:45+08:00 2.79 2.79 0.00 1.58 66.0
2026-09-12T21:45:52+08:00 1.02 1.02 0.00 1.49 54.0
2026-09-12T21:46:02+08:00 0.46 0.46 0.00 1.41 80.0
2026-09-12T21:46:12+08:00 1.11 1.11 0.00 1.50 66.0
2026-09-12T21:46:22+08:00 2.97 2.97 0.00 1.50 65.0
2026-09-12T21:46:30+08:00 1.09 1.09 0.00 1.42 63.0
2026-09-12T21:46:40+08:00 0.40 0.40 0.00 1.36 64.0
2026-09-12T21:46:50+08:00 0.18 0.18 0.00 1.30 64.0
2026-09-12T21:46:57+08:00 5.70 5.70 0.00 1.26 77.0
2026-09-12T21:47:07+08:00 5.64 5.64 0.00 1.37 54.0
2026-09-12T21:47:17+08:00 2.07 2.07 0.00 1.31 61.0
2026-09-12T21:47:25+08:00 4.18 4.18 0.00 1.42 76.0
2026-09-12T21:47:35+08:00 4.35 4.22 0.00 1.51 72.0
2026-09-12T21:47:45+08:00 1.60 1.55 0.00 1.43 78.0
2026-09-12T21:47:52+08:00 4.31 4.29 0.00 1.68 100.0
2026-09-12T21:48:02+08:00 4.10 4.09 0.00 1.58 72.0
2026-09-12T21:48:12+08:00 2.08 1.99 0.00 1.49 66.0
2026-09-12T21:48:22+08:00 2.37 2.33 0.00 1.41 71.0
2026-09-12T21:48:30+08:00 3.39 3.23 0.00 1.35 192.0
2026-09-12T21:48:40+08:00 1.24 1.18 0.00 1.30 190.0
2026-09-12T21:48:50+08:00 0.56 0.53 0.00 1.47 192.0
2026-09-12T21:48:57+08:00 1.57 1.56 0.00 1.40 192.0
2026-09-12T21:49:08+08:00 1.78 1.65 0.00 1.50 191.0
2026-09-12T21:49:18+08:00 1.64 1.43 0.00 1.50 191.0
2026-09-12T21:49:25+08:00 0.80 0.72 0.00 1.57 181.0
2026-09-12T21:49:35+08:00 2.43 2.29 0.00 1.72 192.0
2026-09-12T21:49:45+08:00 3.68 3.29 0.00 1.77 187.0
2026-09-12T21:49:53+08:00 1.43 1.29 0.00 1.72 192.0
2026-09-12T21:50:03+08:00 1.73 1.67 0.00 1.77 190.0
2026-09-12T21:50:13+08:00 2.81 2.79 0.00 1.72 188.0
2026-09-12T21:50:20+08:00 3.26 3.25 0.00 1.77 184.0
2026-09-12T21:50:30+08:00 6.02 6.02 0.00 1.87 192.0
2026-09-12T21:50:40+08:00 3.11 3.11 0.00 1.98 192.0
2026-09-12T21:50:50+08:00 2.84 2.66 0.00 1.82 189.0
2026-09-12T21:50:58+08:00 1.41 1.34 0.00 1.70 188.0
2026-09-12T21:51:08+08:00 1.36 1.23 0.00 1.59 192.0
2026-09-12T21:51:18+08:00 4.36 4.31 0.00 1.66 184.0
2026-09-12T21:51:25+08:00 2.12 2.10 0.00 1.63 186.0
2026-09-12T21:51:36+08:00 0.95 0.94 0.00 1.53 192.0
2026-09-12T21:51:46+08:00 4.01 3.83 0.00 1.60 183.0
2026-09-12T21:51:53+08:00 1.47 1.40 0.00 1.80 185.0
2026-09-12T21:52:03+08:00 1.75 1.72 0.00 1.84 189.0
2026-09-12T21:52:13+08:00 1.73 1.72 0.00 2.02 192.0
2026-09-12T21:52:21+08:00 1.56 1.56 0.00 1.86 172.0
2026-09-12T21:52:31+08:00 0.81 0.81 0.00 1.80 184.0
2026-09-12T21:52:41+08:00 2.47 2.29 0.00 2.14 190.0
2026-09-12T21:52:51+08:00 1.11 1.03 0.00 1.96 185.0
2026-09-12T21:52:58+08:00 0.40 0.37 0.00 1.82 191.0
2026-09-12T21:53:08+08:00 0.14 0.13 0.00 1.69 65.0
2026-09-12T21:53:18+08:00 0.36 0.35 0.00 1.58 80.0
2026-09-12T21:53:26+08:00 0.21 0.21 0.00 1.49 88.0
2026-09-12T21:53:36+08:00 0.09 0.09 0.00 1.42 59.0
2026-09-12T21:53:46+08:00 0.03 0.03 0.00 1.43 57.0
2026-09-12T21:53:53+08:00 1.22 1.22 0.00 1.43 87.0
2026-09-12T21:54:03+08:00 0.73 0.73 0.00 1.44 71.0
2026-09-12T21:54:13+08:00 2.14 2.02 0.00 1.37 62.0
2026-09-12T21:54:21+08:00 1.46 1.40 0.00 1.56 82.0
2026-09-12T21:54:31+08:00 2.08 1.17 0.00 1.63 71.0
2026-09-12T21:54:41+08:00 2.16 1.82 0.00 1.53 55.0
2026-09-12T21:54:51+08:00 1.86 1.61 0.00 1.45 70.0
2026-09-12T21:54:59+08:00 0.68 0.59 0.00 1.38 67.0
2026-09-12T21:55:09+08:00 1.36 1.33 0.00 1.62 63.0
2026-09-12T21:55:19+08:00 0.61 0.59 0.00 1.52 68.0
2026-09-12T21:55:26+08:00 0.22 0.21 0.00 1.52 63.0
2026-09-12T21:55:36+08:00 0.10 0.09 0.00 1.44 78.0
2026-09-12T21:55:46+08:00 0.03 0.03 0.00 1.37 47.0
2026-09-12T21:55:54+08:00 0.90 0.90 0.00 1.47 56.0
2026-09-12T21:56:04+08:00 0.40 0.40 0.00 1.39 55.0
2026-09-12T21:56:14+08:00 0.14 0.14 0.00 1.65 69.0
2026-09-12T21:56:21+08:00 0.05 0.05 0.00 1.85 91.0
2026-09-12T21:56:31+08:00 1.06 1.06 0.00 1.79 80.0
2026-09-12T21:56:41+08:00 1.58 1.58 0.00 1.91 67.0
2026-09-12T21:56:49+08:00 0.71 0.71 0.00 1.84 53.0
2026-09-12T21:56:59+08:00 0.26 0.26 0.00 1.79 74.0
2026-09-12T21:57:09+08:00 0.09 0.09 0.00 1.75 56.0
2026-09-12T21:57:19+08:00 1.50 1.50 0.00 1.70 80.0
2026-09-12T21:57:27+08:00 2.57 2.57 0.00 1.60 72.0
2026-09-12T21:57:37+08:00 1.28 1.28 0.00 1.50 58.0
2026-09-12T21:57:47+08:00 0.47 0.47 0.00 1.35 67.0
2026-09-12T21:57:54+08:00 5.15 5.15 0.00 1.29 71.0
2026-09-12T21:58:04+08:00 2.41 2.41 0.00 1.25 63.0
2026-09-12T21:58:14+08:00 0.88 0.88 0.00 1.21 50.0
2026-09-12T21:58:22+08:00 2.19 2.19 0.00 1.18 70.0
2026-09-12T21:58:32+08:00 4.37 4.37 0.00 1.15 57.0
2026-09-12T21:58:42+08:00 3.78 3.78 0.00 1.12 65.0
2026-09-12T21:58:49+08:00 2.42 2.24 0.00 1.33 67.0
2026-09-12T21:58:59+08:00 1.05 0.98 0.00 1.28 89.0
2026-09-12T21:59:09+08:00 1.83 1.81 0.00 1.31 67.0
2026-09-12T21:59:19+08:00 1.00 0.99 0.00 1.26 72.0
2026-09-12T21:59:27+08:00 2.97 2.96 0.00 1.44 62.0
2026-09-12T21:59:37+08:00 1.69 1.69 0.00 1.38 77.0
2026-09-12T21:59:47+08:00 0.70 0.70 0.00 1.40 85.0
2026-09-12T21:59:54+08:00 0.25 0.25 0.00 1.34 60.0
2026-09-12T22:00:04+08:00 0.11 0.11 0.00 1.28 92.0
2026-09-12T22:00:14+08:00 0.94 0.94 0.00 1.24 68.0
2026-09-12T22:00:22+08:00 0.94 0.94 0.00 1.20 60.0
2026-09-12T22:00:32+08:00 0.42 0.42 0.00 1.17 77.0
2026-09-12T22:00:42+08:00 5.44 5.44 0.00 1.07 53.0
2026-09-12T22:00:49+08:00 2.75 2.75 0.00 1.06 59.0
2026-09-12T22:01:00+08:00 1.37 1.37 0.00 1.28 68.0
2026-09-12T22:01:10+08:00 0.50 0.50 0.00 1.23 72.0
2026-09-12T22:01:20+08:00 0.22 0.22 0.00 1.35 43.0
2026-09-12T22:01:27+08:00 0.82 0.82 0.00 1.30 90.0
2026-09-12T22:01:37+08:00 1.39 1.39 0.00 1.25 72.0
2026-09-12T22:01:47+08:00 0.63 0.63 0.00 1.21 60.0
2026-09-12T22:01:55+08:00 0.23 0.23 0.00 1.18 64.0
2026-09-12T22:02:05+08:00 0.84 0.84 0.00 1.15 65.0
2026-09-12T22:02:15+08:00 2.71 2.71 0.00 1.21 51.0
2026-09-12T22:02:22+08:00 5.36 5.36 0.00 1.18 73.0
2026-09-12T22:02:32+08:00 2.41 2.41 0.00 1.22 58.0
2026-09-12T22:02:42+08:00 8.61 8.61 0.00 1.19 47.0
2026-09-12T22:02:50+08:00 3.99 3.99 0.00 1.16 66.0
2026-09-12T22:03:00+08:00 2.99 2.99 0.00 1.21 59.0
2026-09-12T22:03:10+08:00 1.20 1.20 0.00 1.25 74.0
2026-09-12T22:03:20+08:00 0.63 0.63 0.00 1.22 81.0
2026-09-12T22:03:27+08:00 0.23 0.23 0.00 1.18 64.0
2026-09-12T22:03:37+08:00 1.01 1.01 0.00 1.31 61.0
2026-09-12T22:03:47+08:00 0.99 0.86 0.00 1.26 95.0
2026-09-12T22:03:55+08:00 0.36 0.31 0.00 1.22 51.0
2026-09-12T22:04:05+08:00 0.16 0.14 0.00 1.35 57.0
2026-09-12T22:04:15+08:00 2.74 2.74 0.00 1.29 89.0
2026-09-12T22:04:22+08:00 1.01 1.00 0.00 1.32 94.0
2026-09-12T22:04:32+08:00 4.97 4.97 0.00 1.27 74.0
2026-09-12T22:04:42+08:00 24.02 24.02 0.00 1.38 77.0
2026-09-12T22:04:50+08:00 33.11 33.11 0.00 1.72 67.0
2026-09-12T22:05:00+08:00 15.86 15.86 0.00 1.70 70.0
2026-09-12T22:05:10+08:00 7.33 7.33 0.00 1.59 86.0
2026-09-12T22:05:20+08:00 3.29 3.29 0.00 1.50 52.0
2026-09-12T22:05:28+08:00 1.41 1.41 0.00 1.42 85.0
2026-09-12T22:05:38+08:00 2.20 2.20 0.00 1.36 65.0
2026-09-12T22:05:48+08:00 0.81 0.81 0.00 1.30 44.0
2026-09-12T22:05:55+08:00 1.02 1.02 0.00 1.26 77.0
2026-09-12T22:06:05+08:00 0.45 0.45 0.00 1.22 56.0
2026-09-12T22:06:15+08:00 2.38 2.38 0.00 1.34 68.0
2026-09-12T22:06:23+08:00 0.99 0.99 0.00 1.29 74.0
2026-09-12T22:06:33+08:00 0.44 0.44 0.00 1.32 77.0
2026-09-12T22:06:43+08:00 0.40 0.40 0.00 1.27 67.0
2026-09-12T22:06:50+08:00 0.18 0.18 0.00 1.30 64.0
2026-09-12T22:07:00+08:00 1.86 1.86 0.00 1.33 0.0
2026-09-12T22:07:10+08:00 3.35 3.35 0.00 1.35 0.0
2026-09-12T22:07:20+08:00 4.57 4.57 0.00 1.52 0.0
2026-09-12T22:07:28+08:00 2.12 2.12 0.00 1.44 0.0
2026-09-12T22:07:38+08:00 0.95 0.95 0.00 1.37 0.0
2026-09-12T22:07:48+08:00 2.32 2.32 0.00 1.31 0.0
2026-09-12T22:07:55+08:00 3.24 3.24 0.00 1.27 0.0
2026-09-12T22:08:05+08:00 3.33 3.33 0.00 1.38 0.0
2026-09-12T22:08:16+08:00 2.09 2.09 0.00 1.32 0.0
2026-09-12T22:08:23+08:00 1.47 1.47 0.00 1.27 0.0
2026-09-12T22:08:33+08:00 1.26 1.26 0.00 1.23 0.0
2026-09-12T22:08:43+08:00 0.70 0.70 0.00 1.19 0.0
2026-09-12T22:08:51+08:00 1.35 1.35 0.00 1.16 0.0
2026-09-12T22:09:01+08:00 1.00 1.00 0.00 1.14 0.0
2026-09-12T22:09:11+08:00 2.23 2.23 0.00 1.12 0.0
2026-09-12T22:09:21+08:00 1.44 1.44 0.00 1.10 0.0
2026-09-12T22:09:28+08:00 3.78 3.78 0.00 1.08 0.0
2026-09-12T22:09:38+08:00 1.70 1.70 0.00 1.07 0.0
2026-09-12T22:09:48+08:00 1.48 1.48 0.00 1.06 0.0
2026-09-12T22:09:57+08:00 3.78 3.78 0.00 1.05 0.0
2026-09-12T22:10:17+08:00 58.62 58.62 0.00 1.72 0.0
2026-09-12T22:10:26+08:00 71.00 71.00 0.00 1.61 0.0
2026-09-12T22:10:36+08:00 48.43 45.66 0.59 1.51 0.0
2026-09-12T22:10:46+08:00 22.67 21.65 0.21 1.43 NA
