t_iso io_some_avg10 io_full_avg10 cpu_some_avg10 loadavg1 vllm_running
2026-09-10T04:17:54+08:00 29.41 29.04 0.01 4.15 NA
2026-09-10T04:18:04+08:00 26.10 25.82 0.00 3.90 NA
2026-09-10T04:18:12+08:00 35.79 35.38 0.00 3.76 NA
2026-09-10T04:18:22+08:00 21.37 21.06 1.05 5.41 NA
2026-09-10T04:18:32+08:00 47.26 47.12 0.47 4.73 NA
2026-09-10T04:18:40+08:00 49.84 49.79 0.17 4.16 NA
2026-09-10T04:18:50+08:00 44.51 44.41 0.06 3.82 NA
2026-09-10T04:19:00+08:00 45.41 45.36 0.02 3.39 NA
2026-09-10T04:19:08+08:00 41.18 41.16 0.00 3.02 NA
2026-09-10T04:19:18+08:00 54.46 54.46 0.00 2.71 NA
2026-09-10T04:19:28+08:00 42.69 42.53 0.00 2.60 NA
2026-09-10T04:19:36+08:00 21.38 21.32 0.44 2.51 NA
2026-09-10T04:19:46+08:00 8.90 8.88 0.24 2.43 NA
2026-09-10T04:19:56+08:00 4.00 3.99 0.10 2.36 NA
2026-09-10T04:20:04+08:00 5.29 5.29 0.13 2.31 NA
2026-09-10T04:20:14+08:00 8.99 8.99 0.23 2.40 NA
2026-09-10T04:20:24+08:00 4.58 4.58 0.10 2.33 1.0
2026-09-10T04:20:32+08:00 4.22 4.22 0.03 2.35 1.0
2026-09-10T04:20:42+08:00 6.84 6.84 0.01 2.22 1.0
2026-09-10T04:20:52+08:00 2.71 2.71 0.00 2.03 1.0
2026-09-10T04:21:00+08:00 3.99 3.99 0.00 1.95 1.0
2026-09-10T04:21:10+08:00 13.66 13.56 0.00 1.95 1.0
2026-09-10T04:21:20+08:00 6.02 5.98 0.00 1.80 1.0
2026-09-10T04:21:28+08:00 4.36 4.34 0.00 1.68 1.0
2026-09-10T04:21:38+08:00 1.96 1.95 0.00 1.73 1.0
2026-09-10T04:21:48+08:00 0.88 0.88 0.00 1.70 1.0
2026-09-10T04:21:55+08:00 1.75 1.75 0.00 1.59 1.0
2026-09-10T04:22:05+08:00 3.37 3.37 0.00 1.43 0.0
2026-09-10T04:22:16+08:00 1.24 1.24 0.73 1.60 1.0
2026-09-10T04:22:24+08:00 0.75 0.75 0.90 1.50 1.0
2026-09-10T04:22:34+08:00 0.33 0.33 0.95 1.51 1.0
2026-09-10T04:22:44+08:00 0.94 0.94 0.98 1.59 1.0
2026-09-10T04:22:52+08:00 0.67 0.67 0.99 1.50 1.0
2026-09-10T04:23:02+08:00 0.30 0.30 0.99 1.67 1.0
2026-09-10T04:23:12+08:00 0.11 0.11 1.12 2.03 1.0
2026-09-10T04:23:20+08:00 0.04 0.04 1.04 2.03 1.0
2026-09-10T04:23:30+08:00 0.01 0.01 1.01 2.42 1.0
2026-09-10T04:23:40+08:00 0.36 0.36 0.67 2.27 0.0
2026-09-10T04:23:48+08:00 2.96 2.96 0.24 2.15 1.0
2026-09-10T04:23:58+08:00 1.33 1.33 0.11 1.90 1.0
2026-09-10T04:24:08+08:00 1.17 1.17 0.03 1.69 2.0
2026-09-10T04:24:16+08:00 1.43 1.43 0.01 1.89 2.0
2026-09-10T04:24:26+08:00 0.77 0.77 0.00 2.06 2.0
2026-09-10T04:24:36+08:00 0.60 0.60 0.00 1.89 2.0
2026-09-10T04:24:43+08:00 1.07 1.07 0.00 2.06 2.0
2026-09-10T04:24:54+08:00 0.59 0.59 0.00 2.44 0.0
2026-09-10T04:25:04+08:00 0.89 0.89 0.00 2.37 2.0
2026-09-10T04:25:12+08:00 1.22 1.22 0.00 2.23 2.0
2026-09-10T04:25:22+08:00 0.54 0.54 0.00 2.12 2.0
2026-09-10T04:25:32+08:00 0.56 0.56 0.00 2.03 2.0
2026-09-10T04:25:40+08:00 1.83 1.68 0.00 2.11 2.0
2026-09-10T04:25:50+08:00 0.97 0.90 0.00 2.32 0.0
2026-09-10T04:26:00+08:00 2.72 2.55 0.00 2.13 1.0
2026-09-10T04:26:08+08:00 2.41 2.34 0.00 2.03 1.0
2026-09-10T04:26:18+08:00 1.08 1.05 0.00 1.87 0.0
2026-09-10T04:26:28+08:00 0.88 0.87 0.00 1.73 4.0
2026-09-10T04:26:36+08:00 3.57 3.57 0.00 1.70 4.0
2026-09-10T04:26:46+08:00 1.72 1.72 0.00 1.67 4.0
2026-09-10T04:26:56+08:00 3.43 3.43 0.00 1.64 4.0
2026-09-10T04:27:04+08:00 4.21 4.01 0.00 1.62 4.0
2026-09-10T04:27:14+08:00 3.06 2.99 0.00 1.53 4.0
2026-09-10T04:27:24+08:00 9.97 9.94 0.00 1.44 4.0
2026-09-10T04:27:32+08:00 7.70 7.69 0.00 1.70 4.0
2026-09-10T04:27:42+08:00 3.74 3.73 0.00 1.59 4.0
2026-09-10T04:27:52+08:00 5.72 5.18 0.00 1.50 4.0
2026-09-10T04:28:00+08:00 5.65 5.41 0.00 1.42 4.0
2026-09-10T04:28:10+08:00 13.78 13.55 0.00 1.44 0.0
2026-09-10T04:28:20+08:00 7.77 7.68 0.00 1.60 1.0
2026-09-10T04:28:28+08:00 11.34 11.30 0.00 1.89 1.0
2026-09-10T04:28:38+08:00 5.63 5.49 0.00 1.67 0.0
2026-09-10T04:28:48+08:00 2.07 2.02 0.00 1.79 8.0
2026-09-10T04:28:56+08:00 2.47 2.45 0.00 1.67 8.0
2026-09-10T04:29:06+08:00 0.91 0.90 0.00 1.57 8.0
2026-09-10T04:29:16+08:00 0.33 0.33 0.00 1.48 8.0
2026-09-10T04:29:24+08:00 1.23 1.23 0.00 1.41 8.0
2026-09-10T04:29:34+08:00 0.45 0.45 0.00 1.42 8.0
2026-09-10T04:29:44+08:00 9.47 9.47 0.00 1.35 8.0
2026-09-10T04:29:52+08:00 6.10 6.10 0.00 1.30 8.0
2026-09-10T04:30:02+08:00 2.24 2.24 0.00 1.25 8.0
2026-09-10T04:30:12+08:00 1.00 1.00 0.00 1.21 8.0
2026-09-10T04:30:20+08:00 3.81 3.81 0.00 1.25 8.0
2026-09-10T04:30:30+08:00 6.11 6.11 0.00 1.21 0.0
2026-09-10T04:30:40+08:00 8.11 7.71 0.00 1.33 0.0
2026-09-10T04:30:48+08:00 4.43 4.28 0.00 1.28 1.0
2026-09-10T04:30:58+08:00 2.09 2.03 0.00 1.23 0.0
2026-09-10T04:31:08+08:00 0.94 0.91 0.00 1.20 16.0
2026-09-10T04:31:16+08:00 6.25 6.24 0.00 1.17 16.0
2026-09-10T04:31:26+08:00 10.83 10.70 0.12 1.37 12.0
2026-09-10T04:31:36+08:00 6.17 6.11 0.05 1.31 16.0
2026-09-10T04:31:44+08:00 3.83 3.81 0.01 1.26 16.0
2026-09-10T04:31:54+08:00 1.41 1.40 0.00 1.22 16.0
2026-09-10T04:32:04+08:00 0.63 0.63 0.00 1.18 16.0
2026-09-10T04:32:12+08:00 0.89 0.89 0.00 1.16 16.0
2026-09-10T04:32:22+08:00 0.32 0.32 0.00 1.13 5.0
2026-09-10T04:32:32+08:00 1.23 1.23 0.00 1.18 16.0
2026-09-10T04:32:39+08:00 3.00 2.99 0.00 3.23 16.0
t_iso io_some_avg10 io_full_avg10 cpu_some_avg10 loadavg1 vllm_running
2026-09-10T09:23:09+08:00 2.40 2.40 0.00 1.13 NA
2026-09-10T09:23:19+08:00 6.00 6.00 0.00 1.04 NA
2026-09-10T09:23:26+08:00 2.75 2.75 0.58 1.03 NA
2026-09-10T09:23:37+08:00 37.27 37.27 0.61 1.03 NA
2026-09-10T09:23:47+08:00 35.95 35.95 0.27 1.02 NA
2026-09-10T09:23:54+08:00 35.34 35.34 0.10 1.83 NA
2026-09-10T09:24:04+08:00 32.77 32.77 0.04 1.70 NA
2026-09-10T09:24:14+08:00 50.85 50.85 0.01 1.59 NA
2026-09-10T09:24:22+08:00 48.48 48.48 0.00 1.50 NA
2026-09-10T09:24:32+08:00 32.43 32.43 0.00 1.73 NA
2026-09-10T09:24:42+08:00 18.33 18.33 0.00 1.62 1.0
2026-09-10T09:24:49+08:00 8.88 8.88 0.00 1.68 1.0
2026-09-10T09:24:59+08:00 3.98 3.98 0.00 1.57 1.0
2026-09-10T09:25:10+08:00 2.27 2.27 0.00 1.48 1.0
2026-09-10T09:25:17+08:00 2.11 2.11 0.00 1.41 1.0
2026-09-10T09:25:27+08:00 0.85 0.85 0.00 1.35 1.0
2026-09-10T09:25:37+08:00 2.31 2.31 0.00 1.29 1.0
2026-09-10T09:25:44+08:00 3.71 3.51 0.00 1.25 1.0
2026-09-10T09:25:54+08:00 3.30 3.21 0.00 1.29 1.0
2026-09-10T09:26:04+08:00 1.45 1.42 0.00 1.32 1.0
2026-09-10T09:26:12+08:00 2.06 2.05 0.00 1.27 0.0
2026-09-10T09:26:22+08:00 7.58 7.57 0.00 1.31 16.0
2026-09-10T09:26:32+08:00 4.23 4.23 0.00 1.25 16.0
2026-09-10T09:26:39+08:00 2.20 2.20 0.00 1.29 16.0
2026-09-10T09:26:49+08:00 0.97 0.97 0.00 1.32 16.0
2026-09-10T09:26:59+08:00 0.43 0.43 0.00 1.27 16.0
2026-09-10T09:27:07+08:00 1.26 1.26 0.00 1.30 16.0
2026-09-10T09:27:17+08:00 1.60 1.60 0.00 1.26 16.0
2026-09-10T09:27:27+08:00 2.65 2.65 0.00 1.22 16.0
2026-09-10T09:27:34+08:00 1.15 1.15 0.00 1.26 16.0
2026-09-10T09:27:44+08:00 0.88 0.88 0.00 1.22 16.0
2026-09-10T09:27:54+08:00 6.18 5.85 0.00 1.75 16.0
2026-09-10T09:28:02+08:00 2.78 2.63 0.00 1.63 16.0
2026-09-10T09:28:12+08:00 1.10 1.05 0.00 1.54 16.0
2026-09-10T09:28:22+08:00 12.30 12.02 0.00 1.37 0.0
2026-09-10T09:28:29+08:00 10.40 10.27 0.00 1.24 0.0
2026-09-10T09:28:39+08:00 4.81 4.77 0.00 1.20 1.0
2026-09-10T09:28:49+08:00 2.16 2.14 0.00 1.17 1.0
2026-09-10T09:28:57+08:00 2.63 2.62 0.00 0.99 32.0
2026-09-10T09:29:07+08:00 1.18 1.17 0.00 1.06 32.0
2026-09-10T09:29:17+08:00 1.47 1.47 0.00 1.05 32.0
2026-09-10T09:29:24+08:00 0.87 0.87 0.00 1.04 32.0
2026-09-10T09:29:34+08:00 0.63 0.63 0.00 1.04 32.0
2026-09-10T09:29:44+08:00 1.13 1.13 0.00 0.96 32.0
2026-09-10T09:29:52+08:00 2.33 2.33 0.00 1.04 32.0
2026-09-10T09:30:02+08:00 6.79 6.79 0.00 1.03 26.0
2026-09-10T09:30:12+08:00 3.70 3.70 0.00 0.95 32.0
2026-09-10T09:30:19+08:00 1.72 1.72 0.00 1.04 32.0
2026-09-10T09:30:29+08:00 0.63 0.63 0.00 1.03 32.0
2026-09-10T09:30:39+08:00 0.28 0.28 0.00 1.03 32.0
2026-09-10T09:30:47+08:00 0.64 0.64 0.00 1.02 32.0
2026-09-10T09:30:57+08:00 0.53 0.53 0.00 1.02 32.0
2026-09-10T09:31:07+08:00 0.19 0.19 0.00 1.02 0.0
2026-09-10T09:31:14+08:00 2.88 2.70 0.00 1.01 0.0
2026-09-10T09:31:24+08:00 1.30 1.23 0.00 0.93 1.0
2026-09-10T09:31:34+08:00 1.81 1.79 0.00 1.02 1.0
2026-09-10T09:31:42+08:00 1.87 1.86 0.00 1.02 1.0
2026-09-10T09:31:52+08:00 0.68 0.68 0.00 0.86 64.0
2026-09-10T09:32:02+08:00 0.30 0.30 0.00 0.88 64.0
2026-09-10T09:32:09+08:00 2.38 2.38 0.00 1.13 44.0
2026-09-10T09:32:19+08:00 1.07 1.07 0.00 1.11 32.0
2026-09-10T09:32:29+08:00 0.80 0.80 0.00 1.09 48.0
2026-09-10T09:32:37+08:00 2.53 2.53 0.00 1.16 58.0
2026-09-10T09:32:47+08:00 1.13 1.13 0.00 1.35 64.0
2026-09-10T09:32:57+08:00 1.87 1.87 0.00 1.83 64.0
2026-09-10T09:33:04+08:00 1.83 1.83 0.00 1.71 64.0
2026-09-10T09:33:14+08:00 1.39 1.39 0.00 1.60 64.0
2026-09-10T09:33:24+08:00 0.92 0.92 0.00 1.58 64.0
2026-09-10T09:33:32+08:00 2.23 2.23 0.00 1.49 64.0
2026-09-10T09:33:42+08:00 1.78 1.78 0.00 1.41 64.0
2026-09-10T09:33:52+08:00 0.80 0.80 0.00 1.35 64.0
2026-09-10T09:33:59+08:00 0.55 0.55 0.00 1.30 64.0
2026-09-10T09:34:09+08:00 0.97 0.97 0.00 1.25 64.0
2026-09-10T09:34:19+08:00 0.50 0.50 0.00 1.21 64.0
2026-09-10T09:34:27+08:00 1.86 1.86 0.00 1.25 64.0
2026-09-10T09:34:37+08:00 1.29 1.29 0.00 1.21 0.0
2026-09-10T09:34:47+08:00 2.38 2.38 0.00 1.18 0.0
2026-09-10T09:34:54+08:00 1.25 1.25 0.00 1.15 0.0
2026-09-10T09:35:04+08:00 0.70 0.70 0.00 1.13 0.0
2026-09-10T09:35:14+08:00 2.86 2.86 0.00 2.88 1.0
2026-09-10T09:35:22+08:00 3.32 3.32 0.00 2.59 1.0
2026-09-10T09:35:32+08:00 5.11 5.11 0.00 2.42 20.0
2026-09-10T09:35:42+08:00 2.62 2.62 0.00 2.20 96.0
2026-09-10T09:35:49+08:00 2.97 2.97 0.00 2.01 96.0
2026-09-10T09:35:59+08:00 1.33 1.33 0.00 1.86 96.0
2026-09-10T09:36:09+08:00 2.15 2.15 0.00 1.72 96.0
2026-09-10T09:36:17+08:00 3.62 3.62 0.00 1.69 71.0
2026-09-10T09:36:27+08:00 1.45 1.45 0.00 1.59 77.0
2026-09-10T09:36:37+08:00 5.54 5.36 0.00 1.50 96.0
2026-09-10T09:36:44+08:00 3.10 3.04 0.00 1.42 96.0
2026-09-10T09:36:54+08:00 2.07 2.05 0.00 1.60 96.0
2026-09-10T09:37:04+08:00 1.05 1.04 0.00 1.87 89.0
2026-09-10T09:37:12+08:00 0.98 0.97 0.00 2.41 60.0
2026-09-10T09:37:22+08:00 1.30 1.30 0.00 2.19 75.0
2026-09-10T09:37:32+08:00 1.17 1.17 0.00 2.01 96.0
2026-09-10T09:37:39+08:00 0.57 0.57 0.00 1.85 96.0
2026-09-10T09:37:49+08:00 2.25 2.07 0.00 1.72 96.0
2026-09-10T09:37:59+08:00 2.45 2.39 0.00 1.61 96.0
2026-09-10T09:38:07+08:00 1.22 1.19 0.00 1.52 60.0
2026-09-10T09:38:17+08:00 0.45 0.43 0.00 1.52 75.0
2026-09-10T09:38:27+08:00 1.53 1.52 0.00 1.44 96.0
2026-09-10T09:38:34+08:00 1.87 1.87 0.00 1.37 96.0
2026-09-10T09:38:44+08:00 0.69 0.68 0.00 1.39 96.0
2026-09-10T09:38:54+08:00 1.75 1.75 0.00 1.49 0.0
2026-09-10T09:39:02+08:00 2.17 2.17 0.00 1.41 0.0
2026-09-10T09:39:12+08:00 1.33 1.33 0.00 1.35 0.0
2026-09-10T09:39:22+08:00 0.67 0.67 0.00 1.29 0.0
2026-09-10T09:39:29+08:00 2.26 2.26 0.00 1.25 1.0
2026-09-10T09:39:39+08:00 2.64 2.64 0.00 1.21 1.0
2026-09-10T09:39:49+08:00 0.97 0.97 0.00 1.18 0.0
2026-09-10T09:39:57+08:00 0.92 0.80 0.00 1.08 87.0
2026-09-10T09:40:07+08:00 0.52 0.47 0.00 1.30 128.0
2026-09-10T09:40:17+08:00 8.92 8.90 0.00 1.26 128.0
2026-09-10T09:40:24+08:00 3.43 3.42 0.00 1.30 128.0
2026-09-10T09:40:34+08:00 2.39 2.38 0.00 1.25 93.0
2026-09-10T09:40:44+08:00 1.06 1.05 0.00 1.29 128.0
2026-09-10T09:40:52+08:00 1.60 1.60 0.00 1.24 128.0
2026-09-10T09:41:02+08:00 0.82 0.82 0.00 1.43 92.0
2026-09-10T09:41:12+08:00 1.60 1.60 0.00 1.51 128.0
2026-09-10T09:41:19+08:00 1.35 1.35 0.00 1.52 128.0
2026-09-10T09:41:29+08:00 0.59 0.59 0.00 1.44 128.0
2026-09-10T09:41:39+08:00 1.96 1.96 0.00 1.44 93.0
2026-09-10T09:41:47+08:00 2.30 2.30 0.00 1.45 128.0
2026-09-10T09:41:57+08:00 0.84 0.84 0.00 1.38 128.0
2026-09-10T09:42:07+08:00 0.92 0.92 0.00 1.32 92.0
2026-09-10T09:42:14+08:00 0.73 0.73 0.00 1.27 128.0
2026-09-10T09:42:24+08:00 0.51 0.51 0.00 1.30 128.0
2026-09-10T09:42:34+08:00 1.07 1.07 0.00 1.71 128.0
2026-09-10T09:42:42+08:00 2.92 2.92 0.00 1.60 93.0
2026-09-10T09:42:52+08:00 1.37 1.37 0.00 1.59 128.0
2026-09-10T09:43:02+08:00 1.20 1.20 0.00 1.57 128.0
2026-09-10T09:43:09+08:00 0.83 0.83 0.00 1.64 92.0
2026-09-10T09:43:19+08:00 0.30 0.30 0.00 1.62 44.0
2026-09-10T09:43:30+08:00 0.13 0.13 0.00 1.52 0.0
2026-09-10T09:43:37+08:00 0.83 0.83 0.00 1.52 0.0
2026-09-10T09:43:47+08:00 3.38 3.38 0.00 1.44 0.0
2026-09-10T09:43:57+08:00 3.07 3.07 0.00 1.37 0.0
2026-09-10T09:44:04+08:00 4.84 4.72 0.00 1.47 1.0
2026-09-10T09:44:14+08:00 8.88 8.82 0.00 1.48 1.0
2026-09-10T09:44:24+08:00 3.41 3.39 0.00 1.40 0.0
2026-09-10T09:44:32+08:00 4.09 4.08 0.00 1.34 154.0
2026-09-10T09:44:42+08:00 3.15 3.15 0.00 1.29 192.0
2026-09-10T09:44:52+08:00 1.76 1.76 0.00 1.24 157.0
2026-09-10T09:44:59+08:00 0.94 0.94 0.00 1.20 192.0
2026-09-10T09:45:09+08:00 0.34 0.34 0.00 1.17 192.0
2026-09-10T09:45:19+08:00 1.02 1.02 0.00 1.15 158.0
2026-09-10T09:45:27+08:00 0.47 0.47 0.00 1.20 192.0
2026-09-10T09:45:37+08:00 0.57 0.57 0.00 1.17 158.0
2026-09-10T09:45:47+08:00 7.15 7.15 0.00 1.14 192.0
2026-09-10T09:45:54+08:00 3.30 3.30 0.00 1.28 176.0
2026-09-10T09:46:04+08:00 2.22 2.22 0.00 1.23 192.0
2026-09-10T09:46:14+08:00 0.96 0.96 0.00 1.35 192.0
2026-09-10T09:46:22+08:00 1.34 1.34 0.00 1.30 158.0
2026-09-10T09:46:32+08:00 1.29 1.29 0.00 1.25 192.0
2026-09-10T09:46:42+08:00 0.57 0.57 0.00 1.29 158.0
2026-09-10T09:46:49+08:00 0.61 0.61 0.00 1.25 192.0
2026-09-10T09:47:00+08:00 0.22 0.22 0.00 1.29 192.0
2026-09-10T09:47:10+08:00 0.10 0.10 0.00 1.39 158.0
2026-09-10T09:47:17+08:00 1.62 1.62 0.00 1.41 192.0
2026-09-10T09:47:27+08:00 3.91 3.91 0.00 1.46 158.0
2026-09-10T09:47:37+08:00 2.03 2.03 0.00 1.55 192.0
2026-09-10T09:47:44+08:00 1.35 1.35 0.00 1.62 192.0
2026-09-10T09:47:55+08:00 1.78 1.78 0.00 1.52 192.0
2026-09-10T09:48:05+08:00 1.75 1.75 0.00 1.52 192.0
2026-09-10T09:48:12+08:00 1.23 1.23 0.00 1.44 158.0
2026-09-10T09:48:22+08:00 0.61 0.61 0.00 1.37 192.0
2026-09-10T09:48:32+08:00 0.65 0.65 0.00 1.31 0.0
2026-09-10T09:48:39+08:00 1.82 1.82 0.00 1.27 0.0
2026-09-10T09:48:49+08:00 1.41 1.41 0.00 1.22 0.0
2026-09-10T09:49:00+08:00 0.52 0.52 0.00 1.19 0.0
2026-09-10T09:49:07+08:00 1.09 1.09 0.00 1.16 0.0
2026-09-10T09:49:17+08:00 2.63 2.63 0.00 1.13 1.0
2026-09-10T09:49:27+08:00 6.23 6.23 0.00 1.27 1.0
2026-09-10T09:49:35+08:00 5.48 5.48 0.00 1.22 0.0
2026-09-10T09:49:45+08:00 2.26 2.26 0.00 1.19 256.0
2026-09-10T09:49:55+08:00 1.74 1.74 0.00 1.16 256.0
2026-09-10T09:50:02+08:00 2.09 2.09 0.00 1.13 256.0
2026-09-10T09:50:12+08:00 1.25 1.25 0.00 1.19 222.0
2026-09-10T09:50:22+08:00 0.66 0.66 0.00 1.23 223.0
2026-09-10T09:50:29+08:00 0.48 0.48 0.00 1.19 256.0
2026-09-10T09:50:40+08:00 0.21 0.21 0.00 1.16 256.0
2026-09-10T09:50:50+08:00 0.64 0.64 0.00 1.29 256.0
2026-09-10T09:50:57+08:00 1.77 1.62 0.00 1.24 222.0
2026-09-10T09:51:07+08:00 0.65 0.59 0.00 1.20 245.0
2026-09-10T09:51:17+08:00 0.23 0.21 0.00 1.25 256.0
2026-09-10T09:51:25+08:00 1.59 1.58 0.00 1.21 256.0
2026-09-10T09:51:35+08:00 1.17 1.17 0.00 1.42 222.0
2026-09-10T09:51:45+08:00 2.00 2.00 0.00 1.36 222.0
2026-09-10T09:51:52+08:00 1.07 1.07 0.00 1.37 256.0
2026-09-10T09:52:02+08:00 0.56 0.55 0.00 1.40 256.0
2026-09-10T09:52:12+08:00 0.63 0.63 0.00 1.34 256.0
2026-09-10T09:52:20+08:00 2.04 1.94 0.00 1.50 222.0
2026-09-10T09:52:30+08:00 1.41 1.37 0.00 1.50 222.0
2026-09-10T09:52:40+08:00 0.71 0.70 0.00 1.42 256.0
2026-09-10T09:52:47+08:00 0.59 0.58 0.00 1.59 256.0
2026-09-10T09:52:57+08:00 0.21 0.21 0.00 1.49 256.0
2026-09-10T09:53:07+08:00 1.05 1.05 0.00 1.34 222.0
2026-09-10T09:53:15+08:00 3.09 2.94 0.00 1.66 245.0
2026-09-10T09:53:25+08:00 2.17 2.12 0.00 1.63 256.0
2026-09-10T09:53:35+08:00 1.70 1.67 0.00 1.53 256.0
2026-09-10T09:53:42+08:00 0.86 0.86 0.00 1.60 222.0
2026-09-10T09:53:52+08:00 1.08 1.08 0.00 1.59 222.0
2026-09-10T09:54:02+08:00 1.58 1.58 0.00 1.57 256.0
2026-09-10T09:54:10+08:00 0.70 0.70 0.00 1.63 0.0
2026-09-10T09:54:20+08:00 0.31 0.31 0.00 1.53 0.0
2026-09-10T09:54:30+08:00 0.23 0.23 0.00 1.45 0.0
2026-09-10T09:54:37+08:00 0.25 0.25 0.00 1.45 0.0
2026-09-10T09:54:47+08:00 0.58 0.58 0.00 1.38 0.0
2026-09-10T09:54:57+08:00 0.39 0.39 0.00 1.49 0.0
