t_iso io_some_avg10 io_full_avg10 cpu_some_avg10 loadavg1 vllm_running
2026-09-12T12:09:28+08:00 43.54 43.49 0.00 1.55 NA
2026-09-12T12:09:35+08:00 19.23 19.09 0.00 1.47 NA
2026-09-12T12:09:45+08:00 27.40 27.34 0.00 1.39 NA
2026-09-12T12:09:55+08:00 16.50 16.48 0.18 3.19 NA
2026-09-12T12:10:03+08:00 51.76 51.75 0.06 2.85 NA
2026-09-12T12:10:13+08:00 70.94 70.94 0.02 2.57 NA
2026-09-12T12:10:23+08:00 72.55 72.55 0.00 2.33 NA
2026-09-12T12:10:30+08:00 73.22 73.22 0.00 2.12 NA
2026-09-12T12:10:40+08:00 79.52 79.52 0.00 1.95 NA
2026-09-12T12:10:50+08:00 68.24 68.24 0.00 1.88 NA
2026-09-12T12:10:58+08:00 37.86 37.86 0.00 1.74 NA
2026-09-12T12:11:08+08:00 20.46 20.46 0.00 1.63 1.0
2026-09-12T12:11:18+08:00 7.53 7.53 0.00 1.53 1.0
2026-09-12T12:11:26+08:00 3.38 3.38 0.00 1.45 1.0
2026-09-12T12:11:36+08:00 1.54 1.54 0.00 1.30 1.0
2026-09-12T12:11:46+08:00 0.87 0.87 0.00 1.25 1.0
2026-09-12T12:11:56+08:00 0.42 0.42 0.00 1.29 1.0
2026-09-12T12:12:03+08:00 3.59 3.59 0.00 1.25 1.0
2026-09-12T12:12:13+08:00 2.50 2.50 0.00 1.21 1.0
2026-09-12T12:12:23+08:00 4.71 4.71 0.00 1.18 1.0
2026-09-12T12:12:31+08:00 6.12 6.12 0.00 1.07 0.0
2026-09-12T12:12:41+08:00 10.50 10.50 0.00 1.06 3.0
2026-09-12T12:12:51+08:00 4.95 4.95 0.00 1.20 6.0
2026-09-12T12:12:59+08:00 2.95 2.95 0.00 1.33 3.0
2026-09-12T12:13:09+08:00 1.08 1.08 0.00 1.43 6.0
2026-09-12T12:13:19+08:00 3.63 3.63 0.00 1.52 6.0
2026-09-12T12:13:26+08:00 1.63 1.63 0.00 1.59 6.0
2026-09-12T12:13:36+08:00 1.87 1.87 0.00 1.58 5.0
2026-09-12T12:13:46+08:00 1.93 1.93 0.00 1.64 6.0
2026-09-12T12:13:56+08:00 2.01 2.01 0.00 1.55 2.0
2026-09-12T12:14:04+08:00 2.07 2.07 0.00 1.46 6.0
2026-09-12T12:14:14+08:00 1.95 1.95 0.00 1.47 11.0
2026-09-12T12:14:24+08:00 1.29 1.29 0.00 1.47 2.0
2026-09-12T12:14:31+08:00 2.10 2.10 0.00 1.40 3.0
2026-09-12T12:14:41+08:00 1.26 1.26 0.00 1.49 11.0
2026-09-12T12:14:51+08:00 0.46 0.46 0.00 1.56 9.0
2026-09-12T12:14:59+08:00 0.20 0.20 0.00 1.40 6.0
2026-09-12T12:15:09+08:00 1.34 1.34 0.00 1.34 15.0
2026-09-12T12:15:19+08:00 5.02 5.02 0.00 1.28 3.0
2026-09-12T12:15:27+08:00 2.37 2.37 0.00 1.24 5.0
2026-09-12T12:15:37+08:00 0.87 0.87 0.00 1.28 6.0
2026-09-12T12:15:47+08:00 0.39 0.39 0.00 1.24 4.0
2026-09-12T12:15:54+08:00 1.95 1.95 0.00 1.20 3.0
2026-09-12T12:16:04+08:00 1.13 1.13 0.00 1.17 6.0
2026-09-12T12:16:14+08:00 0.51 0.51 0.00 1.22 6.0
2026-09-12T12:16:24+08:00 1.63 1.63 0.00 1.18 7.0
2026-09-12T12:16:32+08:00 1.14 1.14 0.00 1.16 5.0
2026-09-12T12:16:42+08:00 2.57 2.57 0.00 1.13 3.0
2026-09-12T12:16:52+08:00 1.79 1.79 0.00 1.03 3.0
2026-09-12T12:16:59+08:00 0.80 0.80 0.00 1.03 6.0
2026-09-12T12:17:09+08:00 0.71 0.71 0.00 1.24 9.0
2026-09-12T12:17:19+08:00 0.38 0.38 0.00 1.20 0.0
2026-09-12T12:17:27+08:00 0.39 0.39 0.00 1.25 1.0
2026-09-12T12:17:37+08:00 2.92 2.92 0.00 1.21 1.0
2026-09-12T12:17:47+08:00 4.93 4.93 0.00 2.79 8.0
2026-09-12T12:17:54+08:00 5.63 5.63 0.00 2.52 3.0
2026-09-12T12:18:04+08:00 2.07 2.07 0.00 2.36 7.0
2026-09-12T12:18:14+08:00 1.37 1.37 0.00 2.15 4.0
2026-09-12T12:18:22+08:00 1.64 1.64 0.00 1.97 4.0
2026-09-12T12:18:32+08:00 0.60 0.60 0.00 1.82 3.0
2026-09-12T12:18:42+08:00 0.27 0.27 0.00 1.70 6.0
2026-09-12T12:18:52+08:00 0.09 0.09 0.00 1.66 5.0
2026-09-12T12:19:00+08:00 0.48 0.48 0.00 1.56 6.0
2026-09-12T12:19:10+08:00 0.62 0.62 0.00 1.47 4.0
2026-09-12T12:19:20+08:00 0.82 0.82 0.00 1.48 5.0
2026-09-12T12:19:27+08:00 5.26 5.11 0.00 1.41 5.0
2026-09-12T12:19:37+08:00 1.93 1.88 0.00 1.34 3.0
2026-09-12T12:19:47+08:00 0.87 0.84 0.00 1.29 7.0
2026-09-12T12:19:55+08:00 0.51 0.50 0.00 1.25 2.0
2026-09-12T12:20:05+08:00 1.08 1.07 0.00 1.21 4.0
2026-09-12T12:20:15+08:00 1.92 1.92 0.00 1.25 4.0
2026-09-12T12:20:22+08:00 0.70 0.70 0.00 1.21 4.0
2026-09-12T12:20:32+08:00 0.63 0.63 0.00 1.26 6.0
2026-09-12T12:20:42+08:00 1.08 1.08 0.00 1.22 2.0
2026-09-12T12:20:52+08:00 0.49 0.49 0.00 1.10 7.0
2026-09-12T12:21:00+08:00 0.58 0.58 0.00 1.09 2.0
2026-09-12T12:21:10+08:00 0.21 0.21 0.00 1.07 1.0
2026-09-12T12:21:20+08:00 0.47 0.47 0.00 1.06 5.0
2026-09-12T12:21:28+08:00 2.96 2.96 0.00 1.13 6.0
2026-09-12T12:21:38+08:00 1.65 1.53 0.00 1.18 5.0
2026-09-12T12:21:48+08:00 0.84 0.78 0.00 1.16 1.0
2026-09-12T12:21:55+08:00 0.70 0.68 0.00 1.13 6.0
2026-09-12T12:22:05+08:00 0.25 0.25 0.00 1.18 5.0
2026-09-12T12:22:15+08:00 0.29 0.29 0.00 1.32 6.0
2026-09-12T12:22:23+08:00 2.24 2.24 0.00 1.19 0.0
2026-09-12T12:22:33+08:00 1.36 1.36 0.00 1.16 1.0
2026-09-12T12:22:43+08:00 0.89 0.89 0.00 1.21 1.0
2026-09-12T12:22:50+08:00 1.54 1.54 0.00 1.17 0.0
2026-09-12T12:23:00+08:00 1.78 1.78 0.00 1.15 2.0
2026-09-12T12:23:10+08:00 0.65 0.65 0.00 1.12 3.0
2026-09-12T12:23:20+08:00 3.03 3.03 0.00 1.10 4.0
2026-09-12T12:23:28+08:00 6.06 6.06 0.00 1.17 4.0
2026-09-12T12:23:38+08:00 4.33 4.33 0.00 1.14 3.0
2026-09-12T12:23:48+08:00 1.94 1.94 0.00 1.12 3.0
2026-09-12T12:23:56+08:00 2.34 2.34 0.00 1.10 5.0
2026-09-12T12:24:06+08:00 0.86 0.86 0.00 1.08 3.0
2026-09-12T12:24:16+08:00 0.50 0.50 0.00 1.15 7.0
2026-09-12T12:24:23+08:00 0.60 0.60 0.00 1.20 9.0
2026-09-12T12:24:33+08:00 1.06 1.06 0.00 1.17 7.0
2026-09-12T12:24:43+08:00 5.73 5.58 0.00 1.14 5.0
2026-09-12T12:24:51+08:00 3.20 3.15 0.00 1.12 2.0
2026-09-12T12:25:01+08:00 1.44 1.41 0.00 1.10 6.0
2026-09-12T12:25:11+08:00 0.52 0.52 0.00 1.09 4.0
2026-09-12T12:25:21+08:00 1.73 1.72 0.00 1.07 5.0
2026-09-12T12:25:28+08:00 0.77 0.77 0.00 1.14 8.0
2026-09-12T12:25:38+08:00 0.28 0.28 0.00 1.11 8.0
2026-09-12T12:25:48+08:00 1.44 1.44 0.00 1.10 3.0
2026-09-12T12:25:56+08:00 1.01 1.01 0.00 1.16 3.0
2026-09-12T12:26:06+08:00 1.25 1.25 0.00 1.14 7.0
2026-09-12T12:26:16+08:00 3.14 3.14 0.00 1.11 5.0
2026-09-12T12:26:23+08:00 2.29 2.29 0.00 1.10 4.0
2026-09-12T12:26:33+08:00 1.02 1.02 0.00 1.08 3.0
2026-09-12T12:26:43+08:00 0.46 0.46 0.00 1.07 6.0
2026-09-12T12:26:51+08:00 0.57 0.57 0.00 1.13 4.0
2026-09-12T12:27:01+08:00 2.04 2.04 0.00 1.11 7.0
2026-09-12T12:27:11+08:00 1.26 1.26 0.00 1.17 6.0
2026-09-12T12:27:19+08:00 0.46 0.46 0.00 1.15 2.0
2026-09-12T12:27:29+08:00 2.09 2.09 0.00 1.12 0.0
2026-09-12T12:27:39+08:00 2.84 2.84 0.00 1.02 0.0
2026-09-12T12:27:49+08:00 1.04 1.04 0.00 1.02 1.0
2026-09-12T12:27:56+08:00 7.11 7.11 0.00 1.02 0.0
2026-09-12T12:28:06+08:00 2.71 2.71 0.00 1.01 18.0
2026-09-12T12:28:16+08:00 1.76 1.76 0.00 1.09 9.0
2026-09-12T12:28:24+08:00 1.90 1.90 0.00 1.08 16.0
2026-09-12T12:28:34+08:00 0.70 0.70 0.00 1.06 12.0
2026-09-12T12:28:44+08:00 1.83 1.83 0.00 1.14 10.0
2026-09-12T12:28:51+08:00 0.77 0.77 0.00 1.19 23.0
2026-09-12T12:29:01+08:00 4.20 4.02 0.00 1.31 18.0
2026-09-12T12:29:11+08:00 1.54 1.48 0.00 1.26 17.0
2026-09-12T12:29:19+08:00 0.71 0.69 0.00 1.22 16.0
2026-09-12T12:29:29+08:00 0.42 0.41 0.00 1.19 14.0
2026-09-12T12:29:39+08:00 2.50 2.50 0.00 1.16 13.0
2026-09-12T12:29:47+08:00 0.92 0.92 0.00 1.06 15.0
2026-09-12T12:29:57+08:00 0.95 0.95 0.00 1.05 12.0
2026-09-12T12:30:07+08:00 0.35 0.35 0.00 1.04 8.0
2026-09-12T12:30:17+08:00 0.70 0.70 0.00 1.04 21.0
2026-09-12T12:30:24+08:00 0.80 0.80 0.00 1.03 11.0
2026-09-12T12:30:34+08:00 1.53 1.53 0.00 1.02 15.0
2026-09-12T12:30:44+08:00 3.10 3.10 0.00 1.02 9.0
2026-09-12T12:30:52+08:00 2.41 2.41 0.00 0.94 14.0
2026-09-12T12:31:02+08:00 1.08 1.08 0.00 0.95 10.0
2026-09-12T12:31:12+08:00 3.12 3.12 0.00 1.03 15.0
2026-09-12T12:31:19+08:00 1.33 1.33 0.00 1.03 20.0
2026-09-12T12:31:29+08:00 1.50 1.50 0.00 1.10 14.0
2026-09-12T12:31:39+08:00 0.95 0.95 0.00 1.00 11.0
2026-09-12T12:31:47+08:00 0.45 0.45 0.00 1.00 13.0
2026-09-12T12:31:57+08:00 0.56 0.56 0.00 1.00 13.0
2026-09-12T12:32:07+08:00 0.99 0.99 0.00 0.93 11.0
2026-09-12T12:32:17+08:00 2.69 2.69 0.00 0.94 10.0
2026-09-12T12:32:25+08:00 8.98 8.98 0.00 0.95 12.0
2026-09-12T12:32:35+08:00 4.21 4.21 0.00 0.80 0.0
2026-09-12T12:32:45+08:00 1.89 1.89 0.00 0.83 0.0
2026-09-12T12:32:52+08:00 2.51 2.51 0.00 0.86 1.0
2026-09-12T12:33:02+08:00 1.00 1.00 0.00 0.88 1.0
2026-09-12T12:33:12+08:00 1.24 1.24 0.00 0.90 0.0
2026-09-12T12:33:20+08:00 1.13 1.13 0.00 0.92 15.0
2026-09-12T12:33:30+08:00 1.00 1.00 0.00 0.93 11.0
2026-09-12T12:33:40+08:00 1.45 1.45 0.00 0.94 11.0
2026-09-12T12:33:47+08:00 0.61 0.61 0.00 0.95 14.0
2026-09-12T12:33:57+08:00 0.27 0.27 0.00 0.89 9.0
2026-09-12T12:34:07+08:00 0.59 0.59 0.00 0.91 15.0
2026-09-12T12:34:15+08:00 0.81 0.81 0.00 0.92 17.0
2026-09-12T12:34:25+08:00 0.39 0.39 0.00 0.85 15.0
2026-09-12T12:34:35+08:00 1.95 1.95 0.00 0.88 14.0
2026-09-12T12:34:45+08:00 0.87 0.87 0.00 0.90 23.0
2026-09-12T12:34:53+08:00 0.68 0.68 0.00 0.91 17.0
2026-09-12T12:35:03+08:00 1.93 1.93 0.00 1.07 18.0
2026-09-12T12:35:13+08:00 1.11 1.11 0.00 1.06 14.0
2026-09-12T12:35:20+08:00 1.14 1.14 0.00 1.05 18.0
2026-09-12T12:35:30+08:00 0.66 0.66 0.00 1.04 18.0
2026-09-12T12:35:40+08:00 0.73 0.73 0.00 1.04 16.0
2026-09-12T12:35:48+08:00 2.41 2.41 0.00 1.03 17.0
2026-09-12T12:35:58+08:00 1.68 1.68 0.00 1.02 21.0
2026-09-12T12:36:08+08:00 0.61 0.61 0.00 1.02 11.0
2026-09-12T12:36:15+08:00 0.37 0.37 0.00 1.10 12.0
2026-09-12T12:36:25+08:00 0.88 0.88 0.00 1.08 13.0
2026-09-12T12:36:35+08:00 0.73 0.73 0.00 0.99 8.0
2026-09-12T12:36:45+08:00 2.10 2.10 0.00 0.99 10.0
2026-09-12T12:36:53+08:00 1.14 1.14 0.00 0.99 10.0
2026-09-12T12:37:03+08:00 2.82 2.82 0.00 1.07 13.0
2026-09-12T12:37:13+08:00 1.27 1.27 0.00 1.06 12.0
2026-09-12T12:37:20+08:00 0.46 0.46 0.00 1.05 10.0
2026-09-12T12:37:31+08:00 0.20 0.20 0.00 1.04 14.0
2026-09-12T12:37:41+08:00 0.43 0.43 0.00 1.11 11.0
2026-09-12T12:37:48+08:00 1.05 1.05 0.00 1.17 14.0
2026-09-12T12:37:58+08:00 1.66 1.66 0.00 1.22 0.0
2026-09-12T12:38:08+08:00 0.61 0.61 0.00 1.18 0.0
2026-09-12T12:38:16+08:00 0.57 0.57 0.00 1.15 1.0
2026-09-12T12:38:26+08:00 0.50 0.50 0.00 1.13 1.0
2026-09-12T12:38:36+08:00 0.36 0.36 0.00 1.11 0.0
2026-09-12T12:38:43+08:00 0.16 0.16 0.00 1.09 10.0
2026-09-12T12:38:53+08:00 1.20 1.20 0.00 1.32 13.0
2026-09-12T12:39:03+08:00 1.37 1.37 0.00 1.27 17.0
2026-09-12T12:39:13+08:00 1.41 1.31 0.00 1.30 12.0
2026-09-12T12:39:21+08:00 1.74 1.70 0.00 1.25 11.0
2026-09-12T12:39:31+08:00 0.98 0.96 0.00 1.21 19.0
2026-09-12T12:39:41+08:00 1.11 0.92 0.00 1.34 15.0
2026-09-12T12:39:48+08:00 1.06 0.99 0.00 1.36 10.0
2026-09-12T12:39:58+08:00 2.80 2.77 0.00 1.30 6.0
2026-09-12T12:40:09+08:00 4.29 4.28 0.00 1.26 8.0
2026-09-12T12:40:16+08:00 1.92 1.92 0.00 1.36 10.0
2026-09-12T12:40:26+08:00 0.70 0.70 0.00 1.31 10.0
2026-09-12T12:40:36+08:00 1.00 1.00 0.00 1.26 16.0
2026-09-12T12:40:44+08:00 0.45 0.45 0.00 1.30 17.0
2026-09-12T12:40:54+08:00 0.80 0.80 0.00 1.25 9.0
2026-09-12T12:41:04+08:00 0.29 0.29 0.00 1.21 15.0
2026-09-12T12:41:11+08:00 0.13 0.13 0.00 1.18 11.0
2026-09-12T12:41:21+08:00 0.31 0.31 0.00 1.21 15.0
2026-09-12T12:41:32+08:00 0.66 0.66 0.00 1.25 8.0
2026-09-12T12:41:42+08:00 2.59 2.59 0.00 1.21 12.0
2026-09-12T12:41:49+08:00 3.67 3.67 0.00 1.18 12.0
2026-09-12T12:41:59+08:00 1.64 1.64 0.00 1.23 8.0
2026-09-12T12:42:09+08:00 1.69 1.69 0.00 1.19 11.0
2026-09-12T12:42:19+08:00 1.10 1.10 0.00 1.25 12.0
2026-09-12T12:42:26+08:00 0.86 0.86 0.00 1.28 16.0
2026-09-12T12:42:36+08:00 0.64 0.64 0.00 1.24 14.0
2026-09-12T12:42:46+08:00 1.47 1.47 0.00 1.20 8.0
2026-09-12T12:42:56+08:00 2.12 2.12 0.00 1.25 17.0
2026-09-12T12:43:03+08:00 2.49 2.49 0.00 1.21 9.0
2026-09-12T12:43:14+08:00 1.48 1.48 0.00 1.18 20.0
2026-09-12T12:43:24+08:00 2.90 2.90 0.00 1.07 0.0
2026-09-12T12:43:31+08:00 1.48 1.38 0.00 1.06 0.0
2026-09-12T12:43:41+08:00 0.66 0.62 0.14 0.98 1.0
2026-09-12T12:43:51+08:00 0.50 0.49 0.05 0.98 1.0
2026-09-12T12:43:59+08:00 6.02 6.01 0.01 0.91 0.0
2026-09-12T12:44:09+08:00 6.46 6.46 0.00 0.92 58.0
2026-09-12T12:44:19+08:00 5.52 5.34 0.20 0.94 57.0
2026-09-12T12:44:26+08:00 8.09 7.77 0.08 0.95 45.0
2026-09-12T12:44:36+08:00 4.25 4.13 0.03 0.96 76.0
2026-09-12T12:44:46+08:00 1.56 1.52 0.01 0.96 44.0
2026-09-12T12:44:54+08:00 1.54 1.52 0.00 1.05 50.0
2026-09-12T12:45:04+08:00 0.65 0.64 0.00 1.12 75.0
2026-09-12T12:45:15+08:00 0.42 0.41 0.00 1.10 58.0
2026-09-12T12:45:25+08:00 1.62 1.61 0.00 1.08 87.0
2026-09-12T12:45:33+08:00 0.72 0.72 0.00 1.07 49.0
2026-09-12T12:45:43+08:00 0.26 0.26 0.00 1.21 36.0
2026-09-12T12:45:53+08:00 4.28 4.13 0.00 1.49 46.0
2026-09-12T12:46:00+08:00 3.19 3.12 0.00 1.50 52.0
2026-09-12T12:46:10+08:00 2.98 2.96 0.00 1.50 70.0
2026-09-12T12:46:20+08:00 3.04 3.03 0.00 1.89 65.0
2026-09-12T12:46:28+08:00 3.91 3.91 0.00 1.90 40.0
2026-09-12T12:46:38+08:00 3.27 3.26 0.00 1.84 54.0
2026-09-12T12:46:48+08:00 1.46 1.46 0.00 1.71 28.0
2026-09-12T12:46:56+08:00 2.35 2.35 0.00 1.60 45.0
2026-09-12T12:47:06+08:00 1.94 1.94 0.00 1.51 80.0
2026-09-12T12:47:16+08:00 0.87 0.87 0.00 1.51 71.0
2026-09-12T12:47:23+08:00 0.42 0.42 0.00 1.43 70.0
2026-09-12T12:47:33+08:00 0.91 0.91 0.00 1.36 63.0
2026-09-12T12:47:43+08:00 3.00 3.00 0.00 1.38 73.0
2026-09-12T12:47:53+08:00 1.10 1.10 0.00 1.32 79.0
2026-09-12T12:48:01+08:00 0.85 0.85 0.00 1.27 94.0
2026-09-12T12:48:11+08:00 1.05 1.05 0.00 1.23 32.0
2026-09-12T12:48:21+08:00 0.47 0.47 0.00 1.19 37.0
2026-09-12T12:48:28+08:00 1.14 1.14 0.00 1.16 72.0
2026-09-12T12:48:38+08:00 0.86 0.86 0.00 1.14 62.0
2026-09-12T12:48:49+08:00 0.53 0.53 0.00 1.12 0.0
2026-09-12T12:48:56+08:00 0.29 0.29 0.00 1.10 0.0
2026-09-12T12:49:06+08:00 2.18 2.18 0.00 1.08 0.0
2026-09-12T12:49:16+08:00 3.04 3.04 0.00 1.00 1.0
2026-09-12T12:49:24+08:00 1.69 1.69 0.00 1.00 1.0
2026-09-12T12:49:34+08:00 3.45 3.45 0.00 1.00 0.0
2026-09-12T12:49:44+08:00 2.68 2.68 0.00 1.24 77.0
2026-09-12T12:49:54+08:00 0.98 0.98 0.00 1.20 50.0
2026-09-12T12:50:01+08:00 1.08 0.93 0.00 1.17 66.0
2026-09-12T12:50:11+08:00 0.39 0.34 0.00 1.22 67.0
2026-09-12T12:50:21+08:00 0.67 0.65 0.00 1.26 96.0
2026-09-12T12:50:29+08:00 0.70 0.69 0.00 1.22 76.0
2026-09-12T12:50:39+08:00 1.45 1.44 0.00 1.19 76.0
2026-09-12T12:50:49+08:00 1.87 1.87 0.00 1.16 86.0
2026-09-12T12:50:56+08:00 1.18 1.18 0.00 1.13 39.0
2026-09-12T12:51:06+08:00 3.55 3.40 0.00 1.19 42.0
2026-09-12T12:51:16+08:00 1.59 1.52 0.00 1.16 52.0
2026-09-12T12:51:24+08:00 1.32 1.30 0.00 1.14 52.0
2026-09-12T12:51:34+08:00 2.10 2.09 0.00 1.28 63.0
2026-09-12T12:51:44+08:00 1.45 1.35 0.00 1.39 37.0
2026-09-12T12:51:52+08:00 1.42 1.38 0.00 1.73 42.0
2026-09-12T12:52:02+08:00 0.63 0.62 0.00 1.70 49.0
2026-09-12T12:52:12+08:00 1.59 1.58 0.00 1.97 38.0
2026-09-12T12:52:22+08:00 2.78 2.78 0.00 1.90 63.0
2026-09-12T12:52:29+08:00 1.73 1.73 0.00 1.84 51.0
2026-09-12T12:52:39+08:00 0.63 0.63 0.00 1.71 42.0
2026-09-12T12:52:49+08:00 0.28 0.28 0.00 1.60 53.0
2026-09-12T12:52:57+08:00 0.43 0.43 0.00 1.51 33.0
2026-09-12T12:53:07+08:00 0.60 0.60 0.00 1.43 45.0
2026-09-12T12:53:17+08:00 0.27 0.27 0.00 1.36 29.0
2026-09-12T12:53:24+08:00 0.19 0.19 0.00 1.31 52.0
2026-09-12T12:53:34+08:00 1.51 1.51 0.00 1.33 52.0
2026-09-12T12:53:44+08:00 0.75 0.75 0.00 1.28 57.0
2026-09-12T12:53:52+08:00 0.67 0.67 0.00 1.39 46.0
2026-09-12T12:54:02+08:00 4.53 4.53 0.00 1.63 36.0
2026-09-12T12:54:12+08:00 1.86 1.86 0.00 1.69 34.0
2026-09-12T12:54:20+08:00 0.83 0.83 0.00 1.51 0.0
2026-09-12T12:54:30+08:00 0.37 0.37 0.00 1.43 0.0
2026-09-12T12:54:40+08:00 0.31 0.31 0.00 1.36 0.0
2026-09-12T12:54:50+08:00 0.14 0.14 0.00 3.08 1.0
2026-09-12T12:54:57+08:00 0.05 0.05 0.00 2.76 0.0
2026-09-12T12:55:07+08:00 0.01 0.01 0.09 2.80 48.0
2026-09-12T12:55:17+08:00 1.70 1.70 0.04 2.67 45.0
2026-09-12T12:55:25+08:00 2.13 2.13 0.01 2.49 44.0
2026-09-12T12:55:35+08:00 1.32 1.32 0.00 2.26 26.0
2026-09-12T12:55:45+08:00 1.03 1.03 0.00 2.47 34.0
2026-09-12T12:55:52+08:00 0.74 0.74 0.00 2.24 37.0
2026-09-12T12:56:02+08:00 0.60 0.60 0.00 2.05 48.0
2026-09-12T12:56:12+08:00 4.38 4.38 0.00 1.89 50.0
2026-09-12T12:56:20+08:00 1.61 1.61 0.00 1.75 69.0
2026-09-12T12:56:30+08:00 1.11 1.11 0.00 1.71 36.0
2026-09-12T12:56:40+08:00 1.57 1.57 0.00 1.67 41.0
2026-09-12T12:56:50+08:00 0.70 0.70 0.00 1.64 60.0
2026-09-12T12:56:58+08:00 1.80 1.80 0.00 1.62 76.0
2026-09-12T12:57:08+08:00 1.22 1.22 0.00 1.52 55.0
2026-09-12T12:57:18+08:00 0.55 0.55 0.00 1.44 94.0
2026-09-12T12:57:25+08:00 0.38 0.38 0.00 1.37 85.0
2026-09-12T12:57:35+08:00 0.32 0.32 0.00 1.32 47.0
2026-09-12T12:57:45+08:00 0.14 0.14 0.00 1.27 65.0
2026-09-12T12:57:53+08:00 0.05 0.05 0.00 1.31 51.0
2026-09-12T12:58:03+08:00 0.38 0.38 0.00 1.26 34.0
2026-09-12T12:58:13+08:00 8.71 8.71 0.00 1.22 59.0
2026-09-12T12:58:20+08:00 5.02 5.02 0.00 1.18 62.0
2026-09-12T12:58:30+08:00 2.25 2.25 0.00 1.16 49.0
2026-09-12T12:58:40+08:00 0.91 0.91 0.00 1.13 48.0
2026-09-12T12:58:48+08:00 0.70 0.70 0.00 1.27 53.0
2026-09-12T12:58:58+08:00 0.34 0.34 0.00 1.23 77.0
2026-09-12T12:59:08+08:00 0.28 0.28 0.00 1.19 43.0
2026-09-12T12:59:18+08:00 0.12 0.12 0.00 1.32 38.0
2026-09-12T12:59:26+08:00 1.26 1.26 0.00 1.27 50.0
2026-09-12T12:59:36+08:00 3.36 3.36 0.00 1.31 26.0
2026-09-12T12:59:46+08:00 2.11 2.11 0.00 1.26 0.0
2026-09-12T12:59:53+08:00 1.37 1.37 0.00 1.22 0.0
2026-09-12T13:00:03+08:00 1.81 1.81 0.00 1.18 0.0
2026-09-12T13:00:13+08:00 1.43 1.43 0.14 1.08 1.0
2026-09-12T13:00:21+08:00 0.60 0.60 0.05 1.06 1.0
2026-09-12T13:00:31+08:00 0.27 0.27 0.02 1.05 0.0
2026-09-12T13:00:41+08:00 2.99 2.99 0.00 1.20 110.0
2026-09-12T13:00:48+08:00 1.10 1.10 0.00 1.33 249.0
2026-09-12T13:00:58+08:00 1.52 1.52 0.00 1.28 252.0
2026-09-12T13:01:08+08:00 0.56 0.56 0.00 1.32 253.0
2026-09-12T13:01:18+08:00 0.61 0.61 0.00 1.27 247.0
2026-09-12T13:01:26+08:00 2.40 2.40 0.00 1.23 249.0
2026-09-12T13:01:36+08:00 1.30 1.30 0.00 1.19 255.0
2026-09-12T13:01:46+08:00 0.58 0.58 0.00 1.32 249.0
2026-09-12T13:01:54+08:00 0.39 0.39 0.00 1.27 253.0
2026-09-12T13:02:04+08:00 1.39 1.39 0.00 1.31 252.0
2026-09-12T13:02:14+08:00 1.96 1.96 0.00 1.34 255.0
2026-09-12T13:02:21+08:00 0.82 0.82 0.00 1.29 251.0
2026-09-12T13:02:31+08:00 0.86 0.86 0.00 1.32 251.0
2026-09-12T13:02:41+08:00 1.28 1.28 0.00 1.35 250.0
2026-09-12T13:02:49+08:00 0.47 0.47 0.00 1.37 251.0
2026-09-12T13:02:59+08:00 1.10 1.10 0.00 1.31 255.0
2026-09-12T13:03:09+08:00 5.13 5.01 0.00 1.42 251.0
2026-09-12T13:03:16+08:00 2.30 2.25 0.00 1.35 253.0
2026-09-12T13:03:26+08:00 1.09 1.07 0.00 1.30 254.0
2026-09-12T13:03:36+08:00 0.40 0.39 0.00 1.25 254.0
2026-09-12T13:03:46+08:00 1.36 1.36 0.00 1.29 251.0
2026-09-12T13:03:54+08:00 0.62 0.62 0.00 1.25 252.0
2026-09-12T13:04:04+08:00 0.22 0.22 0.00 1.21 247.0
2026-09-12T13:04:14+08:00 0.10 0.10 0.00 1.18 253.0
2026-09-12T13:04:22+08:00 0.62 0.62 0.00 1.22 254.0
2026-09-12T13:04:32+08:00 0.97 0.97 0.00 1.34 253.0
2026-09-12T13:04:42+08:00 1.54 1.54 0.00 1.43 254.0
2026-09-12T13:04:49+08:00 0.56 0.56 0.00 1.36 253.0
2026-09-12T13:04:59+08:00 0.25 0.25 0.00 1.31 252.0
2026-09-12T13:05:09+08:00 0.55 0.55 0.00 1.26 254.0
2026-09-12T13:05:17+08:00 0.92 0.92 0.00 1.14 252.0
2026-09-12T13:05:27+08:00 1.14 1.14 0.00 1.27 253.0
2026-09-12T13:05:37+08:00 1.14 1.14 0.00 1.23 250.0
2026-09-12T13:05:45+08:00 1.36 1.36 0.00 1.19 253.0
2026-09-12T13:05:55+08:00 2.01 2.01 0.00 1.16 256.0
2026-09-12T13:06:05+08:00 0.74 0.74 0.00 1.14 251.0
2026-09-12T13:06:15+08:00 0.81 0.81 0.00 1.12 255.0
2026-09-12T13:06:22+08:00 0.82 0.82 0.00 1.10 102.0
2026-09-12T13:06:32+08:00 0.61 0.61 0.00 1.08 0.0
2026-09-12T13:06:42+08:00 1.52 1.52 0.00 1.07 0.0
2026-09-12T13:06:50+08:00 2.85 2.85 0.00 1.06 0.0
2026-09-12T13:07:00+08:00 1.52 1.52 0.00 1.05 0.0
2026-09-12T13:07:10+08:00 0.70 0.70 0.24 1.12 1.0
2026-09-12T13:07:18+08:00 0.66 0.66 0.08 1.24 1.0
2026-09-12T13:07:28+08:00 0.44 0.44 0.03 1.13 0.0
2026-09-12T13:07:38+08:00 1.67 1.67 0.01 1.11 173.0
2026-09-12T13:07:45+08:00 0.61 0.61 0.00 1.09 251.0
2026-09-12T13:07:55+08:00 5.71 5.71 0.00 1.15 252.0
2026-09-12T13:08:05+08:00 2.28 2.28 0.00 1.13 250.0
2026-09-12T13:08:16+08:00 2.05 2.05 0.00 1.11 254.0
2026-09-12T13:08:23+08:00 1.20 1.20 0.00 1.09 256.0
2026-09-12T13:08:33+08:00 0.44 0.44 0.00 1.08 254.0
2026-09-12T13:08:43+08:00 2.61 2.61 0.00 1.06 254.0
2026-09-12T13:08:51+08:00 1.85 1.85 0.00 1.13 251.0
2026-09-12T13:09:01+08:00 0.68 0.68 0.00 1.11 250.0
2026-09-12T13:09:11+08:00 0.30 0.30 0.00 1.09 251.0
2026-09-12T13:09:18+08:00 0.11 0.11 0.00 1.15 256.0
2026-09-12T13:09:28+08:00 0.04 0.04 0.00 1.13 254.0
2026-09-12T13:09:38+08:00 0.28 0.28 0.00 1.11 252.0
2026-09-12T13:09:46+08:00 0.28 0.28 0.00 1.09 250.0
2026-09-12T13:09:56+08:00 0.37 0.37 0.00 1.48 250.0
2026-09-12T13:10:06+08:00 0.58 0.58 0.00 1.56 254.0
2026-09-12T13:10:13+08:00 0.41 0.41 0.00 1.47 256.0
2026-09-12T13:10:23+08:00 0.51 0.51 0.00 1.40 253.0
2026-09-12T13:10:33+08:00 3.16 3.16 0.00 1.56 254.0
2026-09-12T13:10:43+08:00 1.69 1.69 0.00 1.55 253.0
2026-09-12T13:10:51+08:00 1.43 1.43 0.00 1.47 252.0
2026-09-12T13:11:01+08:00 1.90 0.81 0.00 1.47 251.0
2026-09-12T13:11:11+08:00 1.54 1.05 0.00 1.62 251.0
2026-09-12T13:11:19+08:00 0.81 0.63 0.00 1.60 248.0
2026-09-12T13:11:29+08:00 0.81 0.72 0.00 1.58 247.0
2026-09-12T13:11:39+08:00 2.76 2.43 0.00 1.49 255.0
2026-09-12T13:11:46+08:00 3.17 3.05 0.00 1.49 250.0
2026-09-12T13:11:56+08:00 2.66 2.61 0.00 1.49 253.0
2026-09-12T13:12:06+08:00 4.01 3.91 0.00 1.41 254.0
2026-09-12T13:12:14+08:00 2.24 2.20 0.00 1.35 255.0
2026-09-12T13:12:24+08:00 1.12 1.10 0.00 1.29 254.0
2026-09-12T13:12:34+08:00 2.64 2.48 0.00 1.25 251.0
2026-09-12T13:12:41+08:00 1.18 1.11 0.00 1.29 253.0
2026-09-12T13:12:51+08:00 1.52 1.49 0.00 1.24 249.0
2026-09-12T13:13:01+08:00 0.56 0.55 0.00 1.21 252.0
2026-09-12T13:13:11+08:00 1.24 1.24 0.00 1.17 254.0
2026-09-12T13:13:19+08:00 1.44 1.44 0.00 1.15 0.0
2026-09-12T13:13:29+08:00 2.74 2.74 0.00 1.12 0.0
2026-09-12T13:13:39+08:00 4.30 4.30 0.00 1.10 0.0
2026-09-12T13:13:47+08:00 1.58 1.58 0.00 1.09 0.0
2026-09-12T13:13:57+08:00 0.91 0.91 0.14 1.07 1.0
2026-09-12T13:14:07+08:00 3.08 3.08 0.05 1.06 1.0
2026-09-12T13:14:14+08:00 1.13 1.13 0.01 0.97 0.0
2026-09-12T13:14:24+08:00 1.07 1.07 0.00 1.20 104.0
2026-09-12T13:14:34+08:00 1.98 1.98 0.00 1.17 251.0
2026-09-12T13:14:42+08:00 1.78 1.78 0.00 1.14 251.0
2026-09-12T13:14:52+08:00 0.65 0.65 0.00 1.12 251.0
2026-09-12T13:15:02+08:00 0.36 0.36 0.00 1.17 255.0
2026-09-12T13:15:12+08:00 0.16 0.16 0.00 1.15 254.0
2026-09-12T13:15:19+08:00 0.50 0.50 0.00 1.12 253.0
2026-09-12T13:15:29+08:00 4.45 4.35 0.00 1.18 250.0
2026-09-12T13:15:39+08:00 1.83 1.80 0.00 1.15 249.0
2026-09-12T13:15:47+08:00 1.09 0.95 0.00 1.13 251.0
2026-09-12T13:15:57+08:00 1.08 1.02 0.00 1.18 249.0
2026-09-12T13:16:07+08:00 1.29 1.26 0.00 1.59 250.0
2026-09-12T13:16:15+08:00 1.67 1.66 0.00 1.50 252.0
2026-09-12T13:16:25+08:00 0.75 0.74 0.00 1.43 254.0
2026-09-12T13:16:35+08:00 0.27 0.27 0.00 1.36 249.0
2026-09-12T13:16:42+08:00 0.27 0.27 0.00 1.30 253.0
2026-09-12T13:16:52+08:00 0.54 0.54 0.00 1.26 254.0
2026-09-12T13:17:02+08:00 1.54 1.54 0.00 1.22 254.0
2026-09-12T13:17:10+08:00 0.69 0.69 0.00 1.18 252.0
2026-09-12T13:17:20+08:00 0.40 0.40 0.00 1.15 246.0
2026-09-12T13:17:30+08:00 0.32 0.32 0.00 1.13 253.0
2026-09-12T13:17:40+08:00 0.26 0.26 0.00 1.11 255.0
2026-09-12T13:17:47+08:00 0.84 0.84 0.00 1.09 255.0
2026-09-12T13:17:57+08:00 3.04 3.04 0.00 1.24 249.0
2026-09-12T13:18:07+08:00 1.21 1.21 0.00 1.20 253.0
2026-09-12T13:18:15+08:00 1.04 1.04 0.00 1.39 254.0
2026-09-12T13:18:25+08:00 0.46 0.46 0.00 1.33 254.0
2026-09-12T13:18:35+08:00 2.34 2.34 0.00 1.28 251.0
2026-09-12T13:18:43+08:00 1.23 1.23 0.00 1.24 252.0
2026-09-12T13:18:53+08:00 0.45 0.45 0.00 1.20 253.0
2026-09-12T13:19:03+08:00 0.16 0.16 0.00 1.41 255.0
2026-09-12T13:19:10+08:00 0.80 0.80 0.00 1.35 252.0
2026-09-12T13:19:20+08:00 0.59 0.59 0.00 1.44 251.0
2026-09-12T13:19:30+08:00 0.21 0.21 0.00 1.37 253.0
2026-09-12T13:19:38+08:00 0.09 0.09 0.00 1.31 252.0
2026-09-12T13:19:48+08:00 0.33 0.33 0.00 1.35 252.0
2026-09-12T13:19:58+08:00 0.27 0.27 0.00 1.45 254.0
2026-09-12T13:20:08+08:00 0.57 0.57 0.00 1.46 0.0
2026-09-12T13:20:15+08:00 0.51 0.51 0.00 1.39 0.0
2026-09-12T13:20:26+08:00 0.22 0.22 0.00 1.33 0.0
2026-09-12T13:20:36+08:00 2.10 2.10 0.00 1.28 0.0
2026-09-12T13:20:43+08:00 2.40 2.40 0.00 1.16 0.0
2026-09-12T13:20:53+08:00 1.17 1.17 0.00 1.13 1.0
2026-09-12T13:21:03+08:00 0.43 0.43 0.00 1.11 1.0
2026-09-12T13:21:11+08:00 0.19 0.19 0.00 1.41 118.0
2026-09-12T13:21:21+08:00 9.60 9.60 0.00 1.42 254.0
2026-09-12T13:21:31+08:00 4.58 4.58 0.00 1.43 252.0
2026-09-12T13:21:38+08:00 2.95 2.95 0.00 1.37 252.0
2026-09-12T13:21:48+08:00 1.08 1.08 0.00 1.31 254.0
2026-09-12T13:21:58+08:00 1.00 1.00 0.00 1.26 254.0
2026-09-12T13:22:09+08:00 0.89 0.89 0.00 1.38 253.0
2026-09-12T13:22:16+08:00 1.64 1.64 0.00 1.40 252.0
2026-09-12T13:22:26+08:00 2.47 2.47 0.00 1.58 253.0
2026-09-12T13:22:36+08:00 3.05 3.05 0.00 1.49 254.0
2026-09-12T13:22:44+08:00 1.69 1.69 0.00 1.49 253.0
2026-09-12T13:22:54+08:00 0.76 0.76 0.00 1.50 252.0
2026-09-12T13:23:04+08:00 1.86 1.86 0.00 1.49 254.0
2026-09-12T13:23:11+08:00 1.33 1.33 0.00 1.42 255.0
2026-09-12T13:23:21+08:00 2.36 2.36 0.00 1.43 252.0
t_iso io_some_avg10 io_full_avg10 cpu_some_avg10 loadavg1 vllm_running
2026-09-12T13:45:57+08:00 16.13 16.13 0.00 1.40 NA
2026-09-12T13:46:05+08:00 7.01 7.01 0.00 1.19 NA
2026-09-12T13:46:15+08:00 7.30 10.02 0.00 1.00 NA
2026-09-12T13:46:25+08:00 20.45 20.40 0.00 1.00 NA
2026-09-12T13:46:33+08:00 7.71 7.69 0.00 0.92 NA
2026-09-12T13:46:43+08:00 3.76 3.75 0.00 0.86 NA
2026-09-12T13:46:53+08:00 3.14 2.96 0.54 0.88 NA
2026-09-12T13:47:00+08:00 26.19 26.12 0.19 0.90 NA
2026-09-12T13:47:10+08:00 56.11 56.07 0.08 0.92 NA
2026-09-12T13:47:20+08:00 40.17 40.16 0.03 1.00 NA
2026-09-12T13:47:30+08:00 21.85 21.85 0.01 1.00 NA
2026-09-12T13:47:38+08:00 9.40 9.40 0.00 0.92 1.0
2026-09-12T13:47:48+08:00 4.86 4.86 0.00 0.93 1.0
2026-09-12T13:47:58+08:00 3.67 3.67 0.00 0.94 1.0
2026-09-12T13:48:05+08:00 3.01 3.01 0.00 1.03 1.0
2026-09-12T13:48:15+08:00 1.59 1.59 0.00 1.10 1.0
2026-09-12T13:48:25+08:00 1.28 1.28 0.00 1.09 1.0
2026-09-12T13:48:33+08:00 10.77 10.77 0.00 1.07 1.0
2026-09-12T13:48:43+08:00 5.29 5.29 0.00 1.06 1.0
2026-09-12T13:48:53+08:00 2.57 2.57 0.00 1.20 1.0
2026-09-12T13:49:01+08:00 2.28 2.28 0.00 1.17 1.0
2026-09-12T13:49:11+08:00 2.42 2.42 0.00 1.06 0.0
2026-09-12T13:49:21+08:00 2.35 2.35 0.00 1.29 254.0
2026-09-12T13:49:28+08:00 1.03 1.03 0.00 1.25 255.0
2026-09-12T13:49:38+08:00 0.46 0.46 0.00 1.21 253.0
2026-09-12T13:49:48+08:00 0.16 0.16 0.00 1.18 251.0
2026-09-12T13:49:58+08:00 3.31 3.31 0.00 1.15 255.0
2026-09-12T13:50:06+08:00 1.34 1.34 0.00 1.20 255.0
2026-09-12T13:50:16+08:00 2.56 2.56 0.00 1.53 252.0
2026-09-12T13:50:27+08:00 2.08 2.08 0.00 1.45 253.0
2026-09-12T13:50:34+08:00 0.93 0.93 0.00 1.54 253.0
2026-09-12T13:50:44+08:00 3.22 3.14 0.00 1.68 255.0
2026-09-12T13:50:54+08:00 1.59 1.56 0.00 1.57 250.0
2026-09-12T13:51:02+08:00 1.46 1.45 0.00 1.56 250.0
2026-09-12T13:51:12+08:00 2.11 2.11 0.00 1.55 252.0
2026-09-12T13:51:22+08:00 0.95 0.94 0.00 1.76 253.0
2026-09-12T13:51:29+08:00 2.67 2.67 0.00 1.87 253.0
2026-09-12T13:51:40+08:00 3.14 2.78 0.00 1.81 253.0
2026-09-12T13:51:50+08:00 4.49 3.03 0.00 1.77 254.0
2026-09-12T13:52:00+08:00 1.89 1.35 0.00 1.65 255.0
2026-09-12T13:52:07+08:00 0.69 0.49 0.00 1.70 254.0
2026-09-12T13:52:17+08:00 2.09 2.00 0.00 1.60 250.0
2026-09-12T13:52:27+08:00 1.64 1.49 0.00 1.50 254.0
2026-09-12T13:52:35+08:00 0.83 0.63 0.00 1.51 254.0
2026-09-12T13:52:45+08:00 2.30 1.37 0.00 1.50 252.0
2026-09-12T13:52:55+08:00 3.87 0.68 0.00 1.50 252.0
2026-09-12T13:53:03+08:00 1.74 0.30 0.00 1.42 254.0
2026-09-12T13:53:13+08:00 0.84 0.31 0.00 1.36 253.0
2026-09-12T13:53:23+08:00 0.55 0.35 0.00 1.30 253.0
2026-09-12T13:53:31+08:00 0.24 0.16 0.00 1.25 255.0
2026-09-12T13:53:41+08:00 0.90 0.79 0.00 1.29 256.0
2026-09-12T13:53:51+08:00 1.75 1.71 0.00 1.25 254.0
2026-09-12T13:53:58+08:00 1.38 1.36 0.00 1.21 254.0
2026-09-12T13:54:08+08:00 0.50 0.50 0.00 1.18 254.0
2026-09-12T13:54:18+08:00 0.67 0.67 0.00 1.15 255.0
2026-09-12T13:54:28+08:00 0.32 0.32 0.00 1.27 253.0
2026-09-12T13:54:36+08:00 2.20 2.20 0.00 1.31 254.0
2026-09-12T13:54:46+08:00 1.58 1.58 0.00 1.26 252.0
2026-09-12T13:54:56+08:00 0.82 0.82 0.00 1.22 252.0
2026-09-12T13:55:03+08:00 1.03 1.03 0.00 1.19 250.0
2026-09-12T13:55:13+08:00 0.46 0.46 0.00 1.16 250.0
2026-09-12T13:55:23+08:00 1.35 1.35 0.00 1.13 252.0
2026-09-12T13:55:31+08:00 0.80 0.80 0.00 1.11 253.0
2026-09-12T13:55:41+08:00 0.39 0.39 0.00 1.10 254.0
2026-09-12T13:55:51+08:00 0.68 0.68 0.00 1.08 251.0
2026-09-12T13:56:01+08:00 2.19 2.09 0.00 1.07 252.0
2026-09-12T13:56:11+08:00 3.53 3.27 0.00 1.06 189.0
2026-09-12T13:56:17+08:00 1.42 1.32 0.00 0.97 0.0
2026-09-12T13:56:28+08:00 0.73 0.69 0.00 0.98 0.0
2026-09-12T13:56:38+08:00 1.96 1.95 0.00 0.98 0.0
2026-09-12T13:56:48+08:00 0.98 0.97 0.00 0.98 0.0
2026-09-12T13:56:58+08:00 0.36 0.35 0.00 0.99 0.0
