t_iso io_some_avg10 io_full_avg10 cpu_some_avg10 loadavg1 vllm_running
2026-09-09T02:16:58+08:00 69.18 69.04 0.00 0.94 NA
2026-09-09T02:17:08+08:00 58.15 57.96 0.00 1.10 NA
2026-09-09T02:17:18+08:00 71.77 71.62 0.00 1.25 NA
2026-09-09T02:17:28+08:00 79.23 79.17 0.00 1.36 NA
2026-09-09T02:17:38+08:00 67.75 66.80 0.00 1.62 NA
2026-09-09T02:17:48+08:00 76.32 75.79 0.00 1.68 NA
2026-09-09T02:17:58+08:00 76.44 76.25 0.00 1.73 NA
2026-09-09T02:18:08+08:00 76.10 75.85 0.00 1.77 NA
2026-09-09T02:18:18+08:00 83.86 83.69 0.00 1.80 NA
2026-09-09T02:18:28+08:00 85.91 85.73 0.00 1.83 NA
2026-09-09T02:18:38+08:00 88.99 88.33 0.00 1.86 NA
2026-09-09T02:18:48+08:00 85.77 85.53 0.00 2.04 NA
2026-09-09T02:19:01+08:00 82.20 82.01 0.00 2.18 NA
2026-09-09T02:19:11+08:00 79.79 79.58 0.00 2.41 NA
2026-09-09T02:19:21+08:00 68.17 68.10 0.00 2.19 NA
2026-09-09T02:19:31+08:00 65.05 65.02 0.00 2.01 NA
2026-09-09T02:19:41+08:00 62.85 62.66 0.72 4.00 NA
2026-09-09T02:19:51+08:00 69.40 69.33 0.26 3.85 NA
2026-09-09T02:20:01+08:00 55.21 55.19 0.09 3.72 NA
2026-09-09T02:20:11+08:00 55.39 55.38 0.44 3.37 NA
2026-09-09T02:20:21+08:00 57.51 57.51 0.16 3.01 NA
2026-09-09T02:20:31+08:00 68.08 68.08 0.05 2.70 NA
2026-09-09T02:20:41+08:00 77.05 76.91 0.02 2.44 NA
2026-09-09T02:20:51+08:00 80.30 80.24 0.00 2.22 NA
2026-09-09T02:21:01+08:00 72.38 72.36 0.00 2.03 NA
2026-09-09T02:21:11+08:00 71.36 71.35 0.00 1.87 NA
2026-09-09T02:21:21+08:00 64.46 64.46 0.00 1.73 NA
2026-09-09T02:21:31+08:00 60.54 60.54 0.00 1.62 NA
2026-09-09T02:21:41+08:00 33.60 33.60 0.00 1.53 NA
2026-09-09T02:21:52+08:00 35.50 35.50 0.00 1.36 0.0
2026-09-09T02:22:02+08:00 15.46 15.36 0.00 1.31 1.0
2026-09-09T02:22:12+08:00 10.53 10.31 0.00 1.26 1.0
2026-09-09T02:22:22+08:00 4.24 4.16 0.00 1.30 1.0
2026-09-09T02:22:32+08:00 3.88 3.85 0.00 1.25 1.0
2026-09-09T02:22:42+08:00 2.13 1.68 0.00 1.21 1.0
2026-09-09T02:22:52+08:00 6.06 5.89 0.00 1.18 1.0
2026-09-09T02:23:02+08:00 2.23 2.16 0.00 1.15 1.0
2026-09-09T02:23:12+08:00 2.45 2.42 0.00 1.13 1.0
2026-09-09T02:23:22+08:00 1.53 1.52 0.00 1.11 1.0
2026-09-09T02:23:32+08:00 2.85 2.84 0.00 1.09 1.0
2026-09-09T02:23:42+08:00 2.14 2.14 0.00 1.08 1.0
2026-09-09T02:23:52+08:00 3.68 3.68 0.00 1.06 1.0
2026-09-09T02:24:02+08:00 3.26 3.26 0.00 1.05 1.0
2026-09-09T02:24:12+08:00 1.48 1.48 0.00 1.05 1.0
2026-09-09T02:24:22+08:00 3.21 3.21 0.00 1.04 1.0
2026-09-09T02:24:32+08:00 1.42 1.42 0.00 1.03 1.0
2026-09-09T02:24:42+08:00 1.41 1.41 0.00 1.10 1.0
2026-09-09T02:24:52+08:00 4.75 4.75 0.00 1.08 1.0
2026-09-09T02:25:02+08:00 3.69 3.69 0.00 1.07 1.0
2026-09-09T02:25:12+08:00 3.48 3.48 0.00 1.06 1.0
2026-09-09T02:25:22+08:00 1.48 1.48 0.00 1.05 1.0
2026-09-09T02:25:32+08:00 2.66 2.66 0.00 1.04 1.0
2026-09-09T02:25:42+08:00 1.06 1.06 0.00 1.04 1.0
2026-09-09T02:25:52+08:00 0.53 0.53 0.00 1.11 1.0
2026-09-09T02:26:02+08:00 0.85 0.85 0.00 1.09 1.0
2026-09-09T02:26:12+08:00 3.18 3.18 0.00 1.16 1.0
2026-09-09T02:26:22+08:00 2.23 2.23 0.00 1.13 1.0
2026-09-09T02:26:32+08:00 6.09 6.09 0.00 1.19 1.0
2026-09-09T02:26:42+08:00 4.91 4.91 0.00 1.16 1.0
2026-09-09T02:26:52+08:00 7.84 7.84 0.00 1.22 1.0
2026-09-09T02:27:03+08:00 8.39 8.39 0.00 1.18 1.0
2026-09-09T02:27:13+08:00 4.74 4.74 0.00 1.16 1.0
2026-09-09T02:27:23+08:00 1.94 1.94 0.00 1.21 1.0
2026-09-09T02:27:33+08:00 18.04 17.50 0.00 5.10 1.0
2026-09-09T02:27:43+08:00 7.75 7.55 0.00 4.47 1.0
2026-09-09T02:27:53+08:00 2.85 2.78 0.00 4.01 1.0
2026-09-09T02:28:03+08:00 1.05 1.02 0.00 3.54 1.0
2026-09-09T02:28:13+08:00 1.06 1.05 0.00 3.15 1.0
2026-09-09T02:28:23+08:00 3.54 3.53 0.00 2.82 1.0
2026-09-09T02:28:33+08:00 4.70 4.69 0.00 2.54 1.0
2026-09-09T02:28:43+08:00 5.01 5.01 0.00 2.30 1.0
2026-09-09T02:28:53+08:00 8.56 8.56 0.00 2.18 1.0
2026-09-09T02:29:03+08:00 6.50 6.50 0.00 2.22 1.0
2026-09-09T02:29:13+08:00 4.98 4.98 0.00 2.03 1.0
2026-09-09T02:29:23+08:00 2.86 2.86 0.00 1.87 1.0
2026-09-09T02:29:33+08:00 3.50 3.50 0.00 1.81 1.0
2026-09-09T02:29:43+08:00 2.10 2.10 0.00 1.84 1.0
2026-09-09T02:29:53+08:00 0.85 0.85 0.00 1.71 1.0
2026-09-09T02:30:03+08:00 0.91 0.91 0.00 1.67 1.0
2026-09-09T02:30:13+08:00 0.33 0.33 0.00 1.57 1.0
2026-09-09T02:30:23+08:00 0.36 0.36 0.00 1.48 1.0
2026-09-09T02:30:33+08:00 4.59 4.59 0.00 1.56 1.0
2026-09-09T02:30:43+08:00 3.27 3.27 0.00 1.47 1.0
2026-09-09T02:30:53+08:00 2.01 2.01 0.00 1.40 1.0
2026-09-09T02:31:03+08:00 4.07 4.07 0.00 2.30 1.0
2026-09-09T02:31:13+08:00 1.87 1.87 0.00 2.25 1.0
2026-09-09T02:31:23+08:00 0.69 0.69 0.00 2.65 1.0
2026-09-09T02:31:33+08:00 1.31 1.31 0.00 2.39 1.0
2026-09-09T02:31:44+08:00 4.46 4.46 0.00 2.26 1.0
2026-09-09T02:31:54+08:00 3.83 3.83 0.00 2.14 1.0
2026-09-09T02:32:04+08:00 1.73 1.73 0.00 1.96 1.0
2026-09-09T02:32:14+08:00 0.63 0.63 0.00 1.81 1.0
2026-09-09T02:32:24+08:00 1.12 1.12 0.00 1.69 1.0
2026-09-09T02:32:34+08:00 2.37 2.37 0.00 1.58 1.0
2026-09-09T02:32:44+08:00 3.66 3.66 0.00 1.42 1.0
2026-09-09T02:32:54+08:00 1.34 1.34 0.00 1.35 1.0
2026-09-09T02:33:04+08:00 4.71 4.71 0.00 1.38 1.0
2026-09-09T02:33:14+08:00 3.00 3.00 0.00 1.40 1.0
2026-09-09T02:33:24+08:00 1.83 1.83 0.00 1.42 1.0
2026-09-09T02:33:34+08:00 1.97 1.89 0.00 1.35 1.0
2026-09-09T02:33:44+08:00 4.47 4.44 0.00 1.30 1.0
2026-09-09T02:33:54+08:00 3.01 3.00 0.00 1.25 1.0
2026-09-09T02:34:04+08:00 2.52 2.52 0.00 1.21 1.0
2026-09-09T02:34:14+08:00 5.32 5.32 0.00 1.18 1.0
2026-09-09T02:34:24+08:00 4.25 4.25 0.00 1.23 1.0
2026-09-09T02:34:34+08:00 3.68 3.68 0.00 1.20 1.0
2026-09-09T02:34:44+08:00 4.34 4.34 0.00 1.17 1.0
2026-09-09T02:34:54+08:00 3.47 3.47 0.00 1.14 1.0
2026-09-09T02:35:04+08:00 2.11 2.11 0.00 1.12 1.0
2026-09-09T02:35:14+08:00 1.32 1.32 0.00 1.10 1.0
2026-09-09T02:35:24+08:00 4.08 4.08 0.00 1.08 1.0
2026-09-09T02:35:34+08:00 2.07 2.07 0.00 1.07 1.0
2026-09-09T02:35:44+08:00 3.58 3.58 0.00 1.21 1.0
2026-09-09T02:35:54+08:00 2.77 2.77 0.00 1.18 1.0
2026-09-09T02:36:04+08:00 3.47 3.47 0.00 1.15 1.0
2026-09-09T02:36:14+08:00 1.87 1.87 0.00 1.13 1.0
2026-09-09T02:36:24+08:00 2.71 2.71 0.00 1.18 1.0
2026-09-09T02:36:35+08:00 0.99 0.99 0.00 1.15 1.0
2026-09-09T02:36:45+08:00 0.52 0.52 0.00 1.13 1.0
2026-09-09T02:36:55+08:00 3.54 3.36 0.00 1.19 1.0
2026-09-09T02:37:05+08:00 1.42 1.35 0.00 1.16 1.0
2026-09-09T02:37:15+08:00 2.00 1.98 0.00 1.13 1.0
2026-09-09T02:37:25+08:00 3.55 3.54 0.00 1.11 1.0
2026-09-09T02:37:35+08:00 4.47 4.37 0.00 1.18 1.0
2026-09-09T02:37:45+08:00 2.62 2.58 0.00 1.15 1.0
2026-09-09T02:37:55+08:00 3.58 3.56 0.00 1.20 1.0
2026-09-09T02:38:05+08:00 6.70 6.70 0.00 1.33 1.0
2026-09-09T02:38:15+08:00 5.62 5.62 0.00 1.28 1.0
2026-09-09T02:38:25+08:00 2.78 2.78 0.00 1.23 1.0
2026-09-09T02:38:35+08:00 1.02 1.02 0.00 1.20 1.0
2026-09-09T02:38:45+08:00 1.40 1.40 0.00 1.17 1.0
2026-09-09T02:38:56+08:00 0.88 0.88 0.00 1.14 1.0
2026-09-09T02:39:06+08:00 2.10 2.10 0.00 1.12 1.0
2026-09-09T02:39:16+08:00 2.71 2.71 0.00 1.10 1.0
2026-09-09T02:39:26+08:00 2.08 2.08 0.00 1.08 1.0
2026-09-09T02:39:36+08:00 1.52 1.52 0.00 1.07 1.0
2026-09-09T02:39:46+08:00 1.59 1.59 0.00 1.06 1.0
2026-09-09T02:39:56+08:00 27.68 27.49 0.00 0.98 0.0
2026-09-09T02:40:06+08:00 49.13 49.07 0.00 1.06 0.0
2026-09-09T02:40:16+08:00 18.08 18.06 0.55 1.37 1.0
2026-09-09T02:40:26+08:00 6.04 6.03 0.86 1.62 1.0
2026-09-09T02:40:36+08:00 2.22 2.22 0.95 1.90 1.0
2026-09-09T02:40:46+08:00 1.56 1.56 0.98 2.15 1.0
2026-09-09T02:40:56+08:00 1.31 1.31 0.89 2.36 1.0
2026-09-09T02:41:06+08:00 1.22 1.22 0.96 2.44 1.0
2026-09-09T02:41:16+08:00 1.44 1.44 0.98 2.68 1.0
2026-09-09T02:41:26+08:00 0.87 0.87 0.99 2.65 1.0
2026-09-09T02:41:36+08:00 0.77 0.77 1.14 2.54 1.0
2026-09-09T02:41:46+08:00 0.73 0.73 1.05 2.77 0.0
2026-09-09T02:41:56+08:00 0.74 0.74 1.01 2.88 1.0
2026-09-09T02:42:06+08:00 0.65 0.65 0.90 2.90 1.0
2026-09-09T02:42:16+08:00 0.82 0.82 0.96 2.84 1.0
2026-09-09T02:42:26+08:00 0.66 0.66 0.98 2.79 1.0
2026-09-09T02:42:36+08:00 0.90 0.72 0.99 2.89 1.0
2026-09-09T02:42:46+08:00 0.81 0.64 0.99 2.99 1.0
2026-09-09T02:42:57+08:00 0.87 0.81 1.00 3.07 1.0
2026-09-09T02:43:07+08:00 0.98 0.96 1.00 2.90 1.0
2026-09-09T02:43:17+08:00 1.02 1.01 1.00 2.99 1.0
2026-09-09T02:43:27+08:00 1.03 1.03 1.00 3.07 1.0
2026-09-09T02:43:37+08:00 0.74 0.74 1.00 2.97 1.0
2026-09-09T02:43:47+08:00 0.81 0.81 1.00 3.13 1.0
2026-09-09T02:43:57+08:00 1.14 1.14 1.00 3.18 1.0
2026-09-09T02:44:07+08:00 1.26 1.26 1.00 3.08 1.0
2026-09-09T02:44:17+08:00 1.30 1.30 1.12 2.92 1.0
2026-09-09T02:44:27+08:00 8.38 8.20 0.71 2.76 0.0
2026-09-09T02:44:37+08:00 5.56 5.49 0.26 2.49 1.0
2026-09-09T02:44:48+08:00 2.04 2.02 0.09 2.26 1.0
2026-09-09T02:44:58+08:00 3.45 3.44 0.03 2.15 1.0
2026-09-09T02:45:08+08:00 2.78 2.78 0.01 2.04 1.0
2026-09-09T02:45:18+08:00 3.75 3.74 0.00 1.88 1.0
2026-09-09T02:45:28+08:00 2.65 2.65 0.00 3.67 0.0
2026-09-09T02:45:38+08:00 1.45 1.45 0.00 3.41 2.0
2026-09-09T02:45:48+08:00 1.69 1.69 0.00 3.50 2.0
2026-09-09T02:45:58+08:00 0.77 0.77 0.00 3.50 2.0
2026-09-09T02:46:08+08:00 1.78 1.78 0.00 3.34 2.0
2026-09-09T02:46:18+08:00 0.80 0.80 0.00 3.36 2.0
2026-09-09T02:46:28+08:00 1.43 1.43 0.00 3.38 2.0
2026-09-09T02:46:38+08:00 1.41 1.41 0.00 3.24 2.0
2026-09-09T02:46:48+08:00 1.36 1.36 0.00 3.28 2.0
2026-09-09T02:46:58+08:00 0.79 0.79 0.00 3.32 2.0
2026-09-09T02:47:08+08:00 0.29 0.29 0.00 3.11 2.0
2026-09-09T02:47:18+08:00 0.80 0.80 0.00 3.02 2.0
2026-09-09T02:47:28+08:00 0.89 0.89 0.00 3.09 2.0
2026-09-09T02:47:39+08:00 1.46 1.36 0.00 3.00 2.0
2026-09-09T02:47:49+08:00 1.52 1.49 0.00 3.30 2.0
2026-09-09T02:47:59+08:00 1.30 1.29 0.00 3.26 2.0
2026-09-09T02:48:09+08:00 0.57 0.57 0.00 3.30 2.0
2026-09-09T02:48:19+08:00 0.21 0.21 0.00 3.41 2.0
2026-09-09T02:48:29+08:00 0.07 0.07 0.00 3.42 2.0
2026-09-09T02:48:39+08:00 0.17 0.17 0.00 3.12 2.0
2026-09-09T02:48:49+08:00 2.38 2.38 0.00 3.10 2.0
2026-09-09T02:48:59+08:00 0.80 0.80 0.00 3.16 2.0
2026-09-09T02:49:09+08:00 1.61 1.61 0.00 3.22 2.0
2026-09-09T02:49:19+08:00 0.48 0.48 0.00 3.18 2.0
2026-09-09T02:49:29+08:00 1.66 1.66 0.00 3.08 2.0
2026-09-09T02:49:39+08:00 0.97 0.97 0.00 2.91 1.0
2026-09-09T02:49:49+08:00 1.92 1.92 0.00 2.77 1.0
2026-09-09T02:49:59+08:00 5.24 5.24 0.00 2.50 1.0
2026-09-09T02:50:09+08:00 2.78 2.78 0.00 2.27 1.0
2026-09-09T02:50:19+08:00 3.09 3.09 0.00 2.15 1.0
2026-09-09T02:50:29+08:00 3.98 3.98 0.00 1.97 1.0
2026-09-09T02:50:39+08:00 2.94 2.94 0.00 1.89 0.0
2026-09-09T02:50:49+08:00 2.58 2.58 0.00 1.68 4.0
2026-09-09T02:50:59+08:00 3.24 3.24 0.00 1.73 4.0
2026-09-09T02:51:09+08:00 1.19 1.19 0.00 1.61 4.0
2026-09-09T02:51:19+08:00 0.43 0.43 0.00 1.59 4.0
2026-09-09T02:51:29+08:00 1.87 1.87 0.00 1.58 4.0
2026-09-09T02:51:40+08:00 3.62 3.62 0.00 1.72 4.0
2026-09-09T02:51:50+08:00 3.36 3.36 0.00 1.61 4.0
2026-09-09T02:52:00+08:00 2.03 2.03 0.00 1.51 4.0
2026-09-09T02:52:10+08:00 1.18 1.18 0.00 1.51 4.0
2026-09-09T02:52:20+08:00 1.49 1.49 0.00 1.43 4.0
2026-09-09T02:52:30+08:00 1.36 1.36 0.00 1.44 4.0
2026-09-09T02:52:40+08:00 0.62 0.62 0.00 1.37 4.0
2026-09-09T02:52:50+08:00 0.79 0.79 0.00 1.39 4.0
2026-09-09T02:53:00+08:00 2.03 2.03 0.00 1.49 4.0
2026-09-09T02:53:10+08:00 1.83 1.83 0.00 1.42 4.0
2026-09-09T02:53:20+08:00 1.31 1.31 0.00 1.35 4.0
2026-09-09T02:53:30+08:00 1.68 1.68 0.00 1.30 4.0
2026-09-09T02:53:40+08:00 1.35 1.35 0.00 1.25 4.0
2026-09-09T02:53:50+08:00 1.44 1.44 0.00 1.21 4.0
2026-09-09T02:54:00+08:00 1.14 1.14 0.00 1.18 4.0
2026-09-09T02:54:10+08:00 0.74 0.74 0.00 1.15 4.0
2026-09-09T02:54:20+08:00 0.35 0.35 0.00 1.13 4.0
2026-09-09T02:54:30+08:00 1.16 1.16 0.00 1.11 4.0
2026-09-09T02:54:40+08:00 0.87 0.87 0.00 1.09 4.0
2026-09-09T02:54:50+08:00 3.37 3.37 0.00 1.15 4.0
2026-09-09T02:55:00+08:00 1.68 1.68 0.00 1.13 4.0
2026-09-09T02:55:10+08:00 1.59 1.59 0.00 1.18 4.0
2026-09-09T02:55:20+08:00 1.34 1.34 0.00 1.23 4.0
2026-09-09T02:55:31+08:00 3.17 0.65 0.00 1.34 4.0
2026-09-09T02:55:41+08:00 3.20 2.28 0.00 1.29 4.0
2026-09-09T02:55:51+08:00 1.18 0.83 0.00 1.24 2.0
2026-09-09T02:56:01+08:00 0.43 0.30 0.00 1.26 4.0
2026-09-09T02:56:11+08:00 1.98 1.93 0.00 1.22 4.0
2026-09-09T02:56:21+08:00 2.42 2.41 0.00 1.11 1.0
2026-09-09T02:56:31+08:00 2.24 2.24 0.00 1.10 1.0
2026-09-09T02:56:41+08:00 1.58 1.58 0.00 1.08 1.0
2026-09-09T02:56:51+08:00 0.86 0.86 0.00 1.21 1.0
2026-09-09T02:57:01+08:00 0.31 0.31 0.00 1.26 1.0
2026-09-09T02:57:11+08:00 1.81 1.81 0.00 1.22 1.0
2026-09-09T02:57:21+08:00 1.30 1.30 0.00 1.33 1.0
2026-09-09T02:57:31+08:00 0.48 0.48 0.00 1.36 1.0
2026-09-09T02:57:41+08:00 0.50 0.50 0.00 1.31 1.0
2026-09-09T02:57:51+08:00 0.51 0.51 0.00 1.26 1.0
2026-09-09T02:58:01+08:00 1.89 1.89 0.00 1.22 1.0
2026-09-09T02:58:11+08:00 2.26 2.26 0.00 1.18 1.0
2026-09-09T02:58:21+08:00 1.32 1.32 0.00 1.38 1.0
2026-09-09T02:58:31+08:00 4.48 4.48 0.00 1.32 8.0
2026-09-09T02:58:41+08:00 1.87 1.87 0.00 1.27 8.0
2026-09-09T02:58:51+08:00 0.98 0.98 0.00 1.23 8.0
2026-09-09T02:59:01+08:00 2.41 2.41 0.00 1.20 8.0
2026-09-09T02:59:11+08:00 4.22 4.22 0.00 1.16 8.0
2026-09-09T02:59:21+08:00 3.12 3.12 0.00 1.14 8.0
2026-09-09T02:59:31+08:00 4.48 4.48 0.00 1.19 8.0
2026-09-09T02:59:41+08:00 3.36 3.36 0.00 1.16 8.0
2026-09-09T02:59:51+08:00 3.31 3.31 0.00 1.14 8.0
2026-09-09T03:00:02+08:00 2.91 2.91 0.00 1.11 8.0
2026-09-09T03:00:12+08:00 1.07 1.07 0.00 1.18 8.0
2026-09-09T03:00:22+08:00 1.60 1.60 0.00 1.15 8.0
2026-09-09T03:00:32+08:00 3.02 3.02 0.00 1.13 8.0
2026-09-09T03:00:42+08:00 3.70 3.70 0.00 1.11 8.0
2026-09-09T03:00:52+08:00 3.83 3.83 0.00 1.09 8.0
2026-09-09T03:01:02+08:00 3.94 3.94 0.00 1.08 8.0
2026-09-09T03:01:12+08:00 4.34 4.34 0.00 1.06 8.0
2026-09-09T03:01:22+08:00 3.34 3.34 0.00 1.13 8.0
2026-09-09T03:01:32+08:00 3.70 3.70 0.00 1.19 8.0
2026-09-09T03:01:42+08:00 3.83 3.75 0.00 1.39 8.0
2026-09-09T03:01:52+08:00 3.42 3.39 0.00 1.56 8.0
2026-09-09T03:02:02+08:00 3.57 3.56 0.00 1.63 8.0
2026-09-09T03:02:12+08:00 3.77 3.77 0.00 1.69 8.0
2026-09-09T03:02:22+08:00 2.61 2.60 0.00 1.73 8.0
2026-09-09T03:02:32+08:00 4.02 4.02 0.00 1.78 8.0
2026-09-09T03:02:42+08:00 3.91 3.91 0.00 1.89 8.0
2026-09-09T03:02:52+08:00 3.47 3.47 0.00 1.75 8.0
2026-09-09T03:03:02+08:00 4.11 4.11 0.00 1.64 8.0
2026-09-09T03:03:12+08:00 2.41 2.41 0.00 1.54 8.0
2026-09-09T03:03:22+08:00 3.64 3.64 0.00 1.45 8.0
2026-09-09T03:03:32+08:00 4.03 4.03 0.00 1.38 8.0
2026-09-09T03:03:43+08:00 4.39 4.39 0.00 1.49 8.0
2026-09-09T03:03:53+08:00 4.21 4.21 0.00 1.48 8.0
2026-09-09T03:04:03+08:00 3.26 3.26 0.00 1.41 8.0
2026-09-09T03:04:13+08:00 3.72 3.72 0.00 1.35 8.0
2026-09-09T03:04:23+08:00 3.87 3.87 0.00 1.29 8.0
2026-09-09T03:04:33+08:00 3.94 3.94 0.00 1.25 8.0
2026-09-09T03:04:43+08:00 4.06 3.91 0.00 1.21 8.0
2026-09-09T03:04:53+08:00 3.46 3.41 0.00 1.18 8.0
2026-09-09T03:05:03+08:00 1.63 1.62 0.00 1.15 8.0
2026-09-09T03:05:13+08:00 2.59 2.58 0.00 1.04 0.0
2026-09-09T03:05:23+08:00 3.60 3.60 0.00 1.04 1.0
2026-09-09T03:05:33+08:00 2.05 2.05 0.00 1.03 1.0
2026-09-09T03:05:43+08:00 2.08 2.08 0.00 1.11 1.0
2026-09-09T03:05:53+08:00 1.82 1.82 0.00 1.16 1.0
2026-09-09T03:06:03+08:00 1.32 1.32 0.00 1.14 1.0
2026-09-09T03:06:13+08:00 0.71 0.71 0.00 1.12 1.0
2026-09-09T03:06:23+08:00 3.70 3.70 0.00 1.18 1.0
2026-09-09T03:06:33+08:00 1.36 1.36 0.00 1.15 0.0
2026-09-09T03:06:43+08:00 1.56 1.56 0.00 1.13 16.0
2026-09-09T03:06:53+08:00 1.66 1.66 0.00 1.11 16.0
2026-09-09T03:07:03+08:00 2.78 2.78 0.00 1.09 16.0
2026-09-09T03:07:14+08:00 1.51 1.51 0.00 1.15 16.0
2026-09-09T03:07:24+08:00 1.34 1.34 0.00 1.20 16.0
2026-09-09T03:07:34+08:00 0.49 0.49 0.00 1.17 16.0
2026-09-09T03:07:44+08:00 2.61 2.48 0.00 1.22 4.0
2026-09-09T03:07:54+08:00 3.43 3.27 0.00 1.57 16.0
2026-09-09T03:08:04+08:00 1.50 1.44 0.00 1.48 16.0
2026-09-09T03:08:14+08:00 1.16 1.14 0.00 1.56 16.0
2026-09-09T03:08:24+08:00 0.60 0.60 0.00 1.63 16.0
2026-09-09T03:08:34+08:00 0.40 0.40 0.00 1.68 16.0
2026-09-09T03:08:44+08:00 1.05 1.05 0.00 1.89 14.0
2026-09-09T03:08:54+08:00 0.99 0.99 0.00 1.98 16.0
2026-09-09T03:09:04+08:00 0.97 0.97 0.00 1.98 16.0
2026-09-09T03:09:14+08:00 2.29 2.29 0.00 1.99 16.0
2026-09-09T03:09:24+08:00 2.79 2.79 0.00 1.84 16.0
2026-09-09T03:09:34+08:00 3.15 3.15 0.00 1.95 16.0
2026-09-09T03:09:44+08:00 1.40 1.40 0.00 1.80 16.0
2026-09-09T03:09:54+08:00 2.64 2.64 0.00 1.68 16.0
2026-09-09T03:10:04+08:00 3.98 3.98 0.00 2.17 16.0
2026-09-09T03:10:14+08:00 1.64 1.64 0.00 1.99 14.0
2026-09-09T03:10:24+08:00 1.76 1.76 0.00 1.84 16.0
2026-09-09T03:10:34+08:00 2.59 2.59 0.00 1.71 16.0
2026-09-09T03:10:44+08:00 2.90 2.90 0.00 1.60 16.0
2026-09-09T03:10:54+08:00 2.36 2.36 0.00 1.51 16.0
2026-09-09T03:11:05+08:00 3.10 3.10 0.00 1.43 16.0
2026-09-09T03:11:15+08:00 1.14 1.14 0.00 1.88 16.0
2026-09-09T03:11:25+08:00 0.78 0.78 0.00 1.74 16.0
2026-09-09T03:11:35+08:00 1.50 1.50 0.00 1.63 16.0
2026-09-09T03:11:45+08:00 0.95 0.95 0.00 1.53 16.0
2026-09-09T03:11:55+08:00 0.71 0.71 0.00 1.45 16.0
2026-09-09T03:12:05+08:00 2.71 2.71 0.00 1.38 16.0
2026-09-09T03:12:15+08:00 1.48 1.48 0.00 1.40 16.0
2026-09-09T03:12:25+08:00 0.54 0.54 0.00 1.34 16.0
2026-09-09T03:12:35+08:00 1.62 1.54 0.00 1.29 16.0
2026-09-09T03:12:45+08:00 2.30 2.27 0.00 1.40 16.0
2026-09-09T03:12:55+08:00 1.90 1.89 0.00 1.34 16.0
2026-09-09T03:13:05+08:00 2.03 2.03 0.00 1.29 16.0
2026-09-09T03:13:15+08:00 1.76 1.76 0.00 1.24 16.0
2026-09-09T03:13:25+08:00 1.86 1.86 0.00 1.20 16.0
2026-09-09T03:13:35+08:00 0.80 0.80 0.00 1.17 16.0
2026-09-09T03:13:45+08:00 1.38 1.38 0.00 1.07 0.0
2026-09-09T03:13:55+08:00 3.55 3.47 0.00 0.98 0.0
2026-09-09T03:14:05+08:00 5.16 5.14 0.00 0.98 1.0
2026-09-09T03:14:15+08:00 2.30 2.29 0.00 0.98 1.0
2026-09-09T03:14:25+08:00 2.56 2.55 0.00 1.15 1.0
2026-09-09T03:14:36+08:00 1.26 1.26 0.00 1.12 1.0
2026-09-09T03:14:46+08:00 3.04 3.04 0.00 1.10 1.0
2026-09-09T03:14:56+08:00 1.71 1.71 0.00 1.09 1.0
2026-09-09T03:15:06+08:00 0.63 0.63 0.00 1.07 1.0
2026-09-09T03:15:16+08:00 0.35 0.35 0.00 1.06 1.0
2026-09-09T03:15:26+08:00 2.79 2.79 0.00 1.05 0.0
2026-09-09T03:15:36+08:00 3.64 3.64 0.00 1.04 23.0
2026-09-09T03:15:46+08:00 2.21 2.21 0.00 1.04 32.0
2026-09-09T03:15:56+08:00 2.55 2.55 0.00 1.03 32.0
2026-09-09T03:16:06+08:00 2.73 2.73 0.00 1.02 32.0
2026-09-09T03:16:16+08:00 2.82 2.82 0.00 1.10 32.0
2026-09-09T03:16:26+08:00 1.88 1.88 0.00 1.17 32.0
2026-09-09T03:16:36+08:00 2.17 2.17 0.00 1.22 32.0
2026-09-09T03:16:46+08:00 1.46 1.46 0.00 1.19 32.0
2026-09-09T03:16:56+08:00 2.16 2.16 0.00 1.16 32.0
2026-09-09T03:17:06+08:00 4.55 4.55 0.00 1.13 32.0
2026-09-09T03:17:16+08:00 5.12 5.12 0.00 1.19 32.0
2026-09-09T03:17:26+08:00 2.61 2.61 0.00 1.16 32.0
2026-09-09T03:17:36+08:00 3.71 3.71 0.00 1.13 32.0
2026-09-09T03:17:46+08:00 1.71 1.71 0.00 1.19 32.0
2026-09-09T03:17:56+08:00 1.64 1.64 0.00 1.40 32.0
2026-09-09T03:18:07+08:00 3.12 3.12 0.00 1.34 11.0
2026-09-09T03:18:17+08:00 2.67 2.67 0.00 1.29 11.0
2026-09-09T03:18:27+08:00 2.46 2.46 0.00 1.24 32.0
2026-09-09T03:18:37+08:00 2.98 2.98 0.00 1.21 32.0
2026-09-09T03:18:47+08:00 1.34 1.34 0.00 1.25 32.0
2026-09-09T03:18:57+08:00 1.38 1.38 0.00 1.21 32.0
2026-09-09T03:19:07+08:00 1.84 1.84 0.00 1.18 32.0
2026-09-09T03:19:17+08:00 3.96 2.91 0.00 1.15 32.0
2026-09-09T03:19:27+08:00 1.86 1.48 0.00 1.13 32.0
2026-09-09T03:19:37+08:00 2.01 1.86 0.00 1.18 32.0
2026-09-09T03:19:47+08:00 0.73 0.68 0.00 1.15 8.0
2026-09-09T03:19:57+08:00 3.40 3.38 0.00 1.29 8.0
2026-09-09T03:20:07+08:00 1.33 1.32 0.00 1.25 32.0
2026-09-09T03:20:17+08:00 1.16 1.16 0.00 1.21 32.0
2026-09-09T03:20:27+08:00 0.50 0.50 0.00 1.17 32.0
2026-09-09T03:20:37+08:00 0.59 0.59 0.00 1.15 26.0
2026-09-09T03:20:47+08:00 0.21 0.21 0.00 1.12 32.0
2026-09-09T03:20:57+08:00 0.07 0.07 0.00 1.10 26.0
2026-09-09T03:21:07+08:00 0.60 0.60 0.00 1.16 32.0
2026-09-09T03:21:17+08:00 3.15 3.15 0.36 1.14 32.0
2026-09-09T03:21:27+08:00 5.41 5.41 0.13 1.12 25.0
2026-09-09T03:21:38+08:00 5.60 5.60 0.04 1.10 26.0
2026-09-09T03:21:48+08:00 7.21 7.11 0.01 1.08 32.0
2026-09-09T03:21:58+08:00 6.27 6.23 0.00 1.14 32.0
2026-09-09T03:22:08+08:00 5.31 5.30 0.00 1.12 32.0
2026-09-09T03:22:18+08:00 4.03 4.03 0.00 1.10 26.0
2026-09-09T03:22:28+08:00 1.63 1.63 0.00 1.09 32.0
2026-09-09T03:22:38+08:00 1.44 1.44 0.00 1.07 32.0
2026-09-09T03:22:48+08:00 0.53 0.53 0.00 1.06 32.0
2026-09-09T03:22:58+08:00 0.19 0.19 0.00 1.05 32.0
2026-09-09T03:23:08+08:00 1.56 1.56 0.00 1.04 32.0
2026-09-09T03:23:18+08:00 0.77 0.77 0.00 1.12 32.0
2026-09-09T03:23:28+08:00 1.04 1.04 0.00 1.10 32.0
2026-09-09T03:23:38+08:00 2.60 2.60 0.00 1.08 16.0
2026-09-09T03:23:48+08:00 4.11 4.11 0.00 1.07 0.0
2026-09-09T03:23:58+08:00 2.35 2.35 0.00 1.06 0.0
2026-09-09T03:24:08+08:00 2.23 2.23 0.00 1.05 1.0
2026-09-09T03:24:18+08:00 5.31 5.31 0.00 1.11 1.0
2026-09-09T03:24:28+08:00 2.40 2.40 0.00 1.10 1.0
2026-09-09T03:24:38+08:00 0.88 0.88 0.00 1.08 1.0
2026-09-09T03:24:48+08:00 1.12 1.12 0.00 1.14 1.0
2026-09-09T03:24:58+08:00 1.86 1.86 0.00 1.12 1.0
2026-09-09T03:25:09+08:00 1.09 1.09 0.00 1.10 1.0
2026-09-09T03:25:19+08:00 0.48 0.48 0.00 1.17 1.0
2026-09-09T03:25:29+08:00 3.71 3.61 0.00 1.29 0.0
2026-09-09T03:25:39+08:00 5.34 5.30 0.00 1.25 64.0
2026-09-09T03:25:49+08:00 2.41 2.39 0.00 1.21 64.0
2026-09-09T03:25:59+08:00 2.35 2.34 0.00 1.18 64.0
2026-09-09T03:26:09+08:00 0.86 0.86 0.00 1.23 64.0
2026-09-09T03:26:19+08:00 1.90 1.90 0.00 1.19 28.0
2026-09-09T03:26:29+08:00 0.94 0.94 0.00 1.16 64.0
2026-09-09T03:26:39+08:00 0.34 0.34 0.00 1.14 64.0
2026-09-09T03:26:49+08:00 1.96 1.96 0.00 1.12 64.0
2026-09-09T03:26:59+08:00 1.16 1.16 0.00 1.10 64.0
2026-09-09T03:27:09+08:00 1.09 1.09 0.00 1.38 64.0
2026-09-09T03:27:19+08:00 1.06 1.06 0.00 1.32 64.0
2026-09-09T03:27:29+08:00 0.91 0.91 0.00 1.27 64.0
2026-09-09T03:27:39+08:00 0.86 0.86 0.00 1.23 64.0
2026-09-09T03:27:49+08:00 1.29 1.29 0.00 1.27 64.0
2026-09-09T03:27:59+08:00 0.80 0.80 0.00 1.22 64.0
2026-09-09T03:28:09+08:00 1.47 1.47 0.00 1.19 64.0
2026-09-09T03:28:19+08:00 2.97 2.97 0.00 1.16 64.0
2026-09-09T03:28:29+08:00 1.60 1.60 0.00 1.13 64.0
2026-09-09T03:28:40+08:00 4.96 4.47 0.00 1.11 64.0
2026-09-09T03:28:50+08:00 2.31 2.12 0.00 1.18 43.0
2026-09-09T03:29:00+08:00 2.18 2.11 0.00 1.15 40.0
2026-09-09T03:29:10+08:00 2.25 2.22 0.00 1.12 64.0
2026-09-09T03:29:20+08:00 4.19 4.18 0.00 1.11 58.0
2026-09-09T03:29:30+08:00 2.27 2.27 0.00 1.09 64.0
2026-09-09T03:29:40+08:00 2.38 2.38 0.00 1.07 64.0
2026-09-09T03:29:50+08:00 1.85 1.85 0.00 1.06 58.0
2026-09-09T03:30:00+08:00 2.01 2.01 0.00 1.13 64.0
2026-09-09T03:30:10+08:00 1.31 1.31 0.00 1.11 64.0
2026-09-09T03:30:20+08:00 1.90 1.90 0.00 1.09 64.0
2026-09-09T03:30:30+08:00 1.77 1.77 0.00 1.08 64.0
2026-09-09T03:30:40+08:00 1.91 1.91 0.00 1.07 58.0
2026-09-09T03:30:50+08:00 2.40 2.40 0.00 1.06 64.0
2026-09-09T03:31:00+08:00 2.43 2.43 0.00 1.05 64.0
2026-09-09T03:31:11+08:00 2.34 2.34 0.00 1.04 58.0
2026-09-09T03:31:21+08:00 0.86 0.86 0.00 1.03 64.0
2026-09-09T03:31:31+08:00 1.12 1.12 0.00 1.03 64.0
2026-09-09T03:31:41+08:00 1.42 1.42 0.00 1.02 43.0
2026-09-09T03:31:51+08:00 1.64 1.64 0.00 1.02 28.0
2026-09-09T03:32:01+08:00 2.23 2.23 0.00 1.17 64.0
2026-09-09T03:32:11+08:00 2.56 2.56 0.00 1.14 64.0
2026-09-09T03:32:21+08:00 2.36 2.36 0.00 1.20 28.0
2026-09-09T03:32:31+08:00 2.64 2.64 0.00 1.16 64.0
2026-09-09T03:32:41+08:00 2.76 2.76 0.00 1.14 64.0
2026-09-09T03:32:51+08:00 1.01 1.01 0.00 1.12 28.0
2026-09-09T03:33:01+08:00 1.14 1.14 0.00 1.10 64.0
2026-09-09T03:33:11+08:00 2.23 2.23 0.00 1.08 64.0
2026-09-09T03:33:21+08:00 1.02 1.02 0.00 1.07 64.0
2026-09-09T03:33:31+08:00 0.86 0.86 0.00 1.06 0.0
2026-09-09T03:33:41+08:00 1.00 1.00 0.00 1.05 0.0
2026-09-09T03:33:51+08:00 2.40 2.40 0.00 1.04 0.0
2026-09-09T03:34:01+08:00 2.18 2.18 0.00 1.03 1.0
2026-09-09T03:34:11+08:00 1.53 1.53 0.00 1.03 1.0
2026-09-09T03:34:21+08:00 2.11 2.11 0.00 1.02 1.0
2026-09-09T03:34:31+08:00 4.14 4.14 0.00 1.09 1.0
2026-09-09T03:34:41+08:00 2.80 2.80 0.00 1.08 1.0
2026-09-09T03:34:51+08:00 1.21 1.21 0.00 1.07 1.0
2026-09-09T03:35:02+08:00 0.44 0.44 0.00 0.98 96.0
2026-09-09T03:35:12+08:00 0.16 0.16 0.00 0.98 82.0
2026-09-09T03:35:22+08:00 1.97 1.97 0.00 0.98 96.0
2026-09-09T03:35:32+08:00 4.11 4.11 0.00 1.06 96.0
2026-09-09T03:35:42+08:00 4.59 4.59 0.00 1.05 96.0
2026-09-09T03:35:52+08:00 1.69 1.69 0.00 1.04 96.0
2026-09-09T03:36:02+08:00 0.62 0.62 0.00 1.04 76.0
2026-09-09T03:36:12+08:00 0.60 0.60 0.00 1.03 96.0
2026-09-09T03:36:22+08:00 1.04 1.04 0.00 1.02 60.0
2026-09-09T03:36:32+08:00 1.11 1.11 0.00 1.02 59.0
2026-09-09T03:36:42+08:00 3.85 3.66 0.00 1.09 96.0
2026-09-09T03:36:52+08:00 4.65 4.58 0.00 1.08 52.0
2026-09-09T03:37:02+08:00 3.16 3.13 0.00 1.06 96.0
2026-09-09T03:37:12+08:00 2.13 2.12 0.00 1.05 96.0
