t_iso io_some_avg10 io_full_avg10 cpu_some_avg10 loadavg1 vllm_running
2026-09-10T09:55:08+08:00 25.37 24.92 0.00 1.48 NA
2026-09-10T09:55:18+08:00 14.19 13.99 0.00 1.26 NA
2026-09-10T09:55:28+08:00 8.60 8.53 0.59 1.22 NA
2026-09-10T09:55:35+08:00 16.29 16.16 0.75 1.33 NA
2026-09-10T09:55:45+08:00 41.88 41.83 0.27 1.36 NA
2026-09-10T09:55:55+08:00 36.95 36.93 0.12 1.30 NA
2026-09-10T09:56:03+08:00 31.56 31.47 0.04 1.40 NA
2026-09-10T09:56:14+08:00 50.93 50.89 0.01 1.42 NA
2026-09-10T09:56:22+08:00 34.91 34.90 0.00 2.04 NA
2026-09-10T09:56:32+08:00 23.35 23.34 0.00 1.95 NA
2026-09-10T09:56:42+08:00 18.80 18.65 0.00 1.73 1.0
2026-09-10T09:56:49+08:00 10.57 10.50 0.00 1.85 1.0
2026-09-10T09:56:59+08:00 4.12 4.09 0.00 1.72 1.0
2026-09-10T09:57:09+08:00 1.51 1.50 0.00 1.61 0.0
2026-09-10T09:57:17+08:00 1.89 1.89 0.00 1.68 1.0
2026-09-10T09:57:27+08:00 1.07 1.07 0.00 1.49 1.0
2026-09-10T09:57:37+08:00 1.07 1.07 0.00 1.42 1.0
2026-09-10T09:57:44+08:00 0.75 0.75 0.00 1.51 1.0
2026-09-10T09:57:54+08:00 0.44 0.44 0.00 1.43 1.0
2026-09-10T09:58:05+08:00 0.69 0.59 0.00 1.29 1.0
2026-09-10T09:58:12+08:00 1.66 1.62 0.00 1.48 0.0
2026-09-10T09:58:22+08:00 21.19 21.18 0.00 1.49 0.0
2026-09-10T09:58:32+08:00 8.65 8.64 0.00 1.41 9.0
2026-09-10T09:58:40+08:00 4.18 4.18 0.00 1.67 8.0
2026-09-10T09:58:50+08:00 3.90 3.90 0.00 1.57 12.0
2026-09-10T09:59:00+08:00 1.60 1.59 0.00 1.56 13.0
2026-09-10T09:59:07+08:00 0.71 0.71 0.00 1.63 9.0
2026-09-10T09:59:17+08:00 1.73 1.73 0.00 1.54 10.0
2026-09-10T09:59:27+08:00 0.77 0.77 0.00 1.45 7.0
2026-09-10T09:59:35+08:00 1.74 1.74 0.00 1.54 6.0
2026-09-10T09:59:45+08:00 0.78 0.78 0.00 1.46 8.0
2026-09-10T09:59:55+08:00 0.53 0.53 0.00 1.47 9.0
2026-09-10T10:00:02+08:00 0.82 0.82 0.00 1.63 7.0
2026-09-10T10:00:12+08:00 2.27 2.12 0.00 1.53 14.0
2026-09-10T10:00:22+08:00 0.83 0.78 0.00 1.45 9.0
2026-09-10T10:00:30+08:00 2.68 2.53 0.00 1.54 8.0
2026-09-10T10:00:40+08:00 1.77 1.72 0.00 1.61 12.0
2026-09-10T10:00:50+08:00 0.79 0.77 0.00 1.59 11.0
2026-09-10T10:00:57+08:00 0.71 0.58 0.00 1.66 6.0
2026-09-10T10:01:07+08:00 0.26 0.21 0.00 1.64 6.0
2026-09-10T10:01:17+08:00 0.11 0.09 0.00 1.54 3.0
2026-09-10T10:01:24+08:00 0.40 0.39 0.00 1.62 6.0
2026-09-10T10:01:35+08:00 1.66 1.66 0.00 1.68 15.0
2026-09-10T10:01:45+08:00 1.18 1.18 0.00 1.66 6.0
2026-09-10T10:01:52+08:00 2.06 1.87 0.00 1.80 11.0
2026-09-10T10:02:02+08:00 0.84 0.84 0.00 1.67 16.0
2026-09-10T10:02:12+08:00 1.39 1.39 0.00 1.57 10.0
2026-09-10T10:02:20+08:00 3.84 3.84 0.00 1.48 11.0
2026-09-10T10:02:30+08:00 3.35 3.35 0.00 1.49 13.0
2026-09-10T10:02:40+08:00 1.50 1.50 0.00 1.49 14.0
2026-09-10T10:02:47+08:00 1.40 1.40 0.00 1.57 8.0
2026-09-10T10:02:57+08:00 3.37 3.37 0.00 1.64 13.0
2026-09-10T10:03:07+08:00 1.51 1.51 0.00 1.61 5.0
2026-09-10T10:03:15+08:00 3.45 3.45 0.00 1.84 0.0
2026-09-10T10:03:25+08:00 3.63 3.63 0.00 1.71 0.0
2026-09-10T10:03:35+08:00 5.72 4.82 0.00 1.60 1.0
2026-09-10T10:03:42+08:00 4.56 4.16 0.00 1.67 0.0
2026-09-10T10:03:52+08:00 7.85 7.58 0.00 1.57 23.0
2026-09-10T10:04:02+08:00 7.03 6.93 0.00 1.48 20.0
2026-09-10T10:04:10+08:00 11.18 11.14 0.00 1.56 20.0
2026-09-10T10:04:20+08:00 4.47 4.46 0.00 1.56 21.0
2026-09-10T10:04:30+08:00 2.01 2.00 0.00 1.47 20.0
2026-09-10T10:04:37+08:00 1.36 1.36 0.00 1.56 33.0
2026-09-10T10:04:47+08:00 1.69 1.57 0.00 1.47 13.0
2026-09-10T10:04:57+08:00 0.70 0.65 0.00 1.55 17.0
2026-09-10T10:05:04+08:00 0.43 0.42 0.00 1.47 22.0
2026-09-10T10:05:14+08:00 0.56 0.55 0.00 1.47 16.0
2026-09-10T10:05:25+08:00 0.74 0.74 0.00 1.40 32.0
2026-09-10T10:05:32+08:00 2.29 2.29 0.00 1.41 42.0
2026-09-10T10:05:42+08:00 0.84 0.84 0.00 1.27 23.0
2026-09-10T10:05:52+08:00 0.37 0.37 0.00 1.22 23.0
2026-09-10T10:05:59+08:00 4.28 4.28 0.00 1.27 14.0
2026-09-10T10:06:09+08:00 1.57 1.57 0.00 1.16 17.0
2026-09-10T10:06:20+08:00 2.04 2.04 0.00 1.13 24.0
2026-09-10T10:06:27+08:00 3.84 3.84 0.00 1.27 17.0
2026-09-10T10:06:37+08:00 2.21 2.21 0.00 1.30 23.0
2026-09-10T10:06:47+08:00 2.10 1.84 0.00 1.33 24.0
2026-09-10T10:06:54+08:00 3.41 3.29 0.00 1.50 24.0
2026-09-10T10:07:04+08:00 2.52 2.48 0.00 1.65 19.0
2026-09-10T10:07:15+08:00 2.57 2.56 0.00 1.70 33.0
2026-09-10T10:07:22+08:00 5.57 5.44 0.00 1.76 24.0
2026-09-10T10:07:32+08:00 4.27 4.22 0.00 1.64 26.0
2026-09-10T10:07:42+08:00 2.51 2.49 0.00 1.54 8.0
2026-09-10T10:07:49+08:00 1.28 1.28 0.00 1.62 25.0
2026-09-10T10:07:59+08:00 2.56 2.26 0.00 1.52 19.0
2026-09-10T10:08:09+08:00 2.44 2.33 0.00 1.44 29.0
2026-09-10T10:08:17+08:00 7.07 7.03 0.00 1.61 28.0
2026-09-10T10:08:27+08:00 3.91 3.89 0.00 1.52 0.0
2026-09-10T10:08:37+08:00 1.52 1.51 0.00 1.51 0.0
2026-09-10T10:08:44+08:00 0.97 0.97 0.00 1.43 0.0
2026-09-10T10:08:55+08:00 0.54 0.54 0.00 1.37 1.0
2026-09-10T10:09:05+08:00 0.83 0.83 0.00 1.31 1.0
2026-09-10T10:09:12+08:00 1.08 1.08 0.00 1.26 1.0
2026-09-10T10:09:22+08:00 0.74 0.74 0.00 1.14 21.0
2026-09-10T10:09:32+08:00 1.23 1.23 0.00 1.12 23.0
2026-09-10T10:09:39+08:00 0.60 0.60 0.00 1.10 22.0
2026-09-10T10:09:49+08:00 0.87 0.87 0.00 1.16 39.0
2026-09-10T10:10:00+08:00 0.32 0.32 0.00 1.29 24.0
2026-09-10T10:10:07+08:00 2.02 2.02 0.00 1.56 21.0
2026-09-10T10:10:17+08:00 1.35 1.35 0.00 1.55 22.0
2026-09-10T10:10:27+08:00 0.82 0.82 0.00 1.47 21.0
2026-09-10T10:10:35+08:00 1.80 1.80 0.00 1.39 22.0
2026-09-10T10:10:45+08:00 3.41 3.41 0.00 1.57 35.0
2026-09-10T10:10:55+08:00 1.53 1.53 0.00 1.56 31.0
2026-09-10T10:11:02+08:00 2.08 2.08 0.00 1.95 28.0
2026-09-10T10:11:12+08:00 2.08 1.90 0.00 1.96 22.0
2026-09-10T10:11:22+08:00 4.44 4.36 0.00 1.97 31.0
2026-09-10T10:11:30+08:00 1.78 1.75 0.00 1.82 19.0
2026-09-10T10:11:40+08:00 1.16 1.15 0.00 1.85 20.0
2026-09-10T10:11:50+08:00 0.97 0.96 0.00 1.80 39.0
2026-09-10T10:11:57+08:00 0.43 0.43 0.00 1.67 33.0
2026-09-10T10:12:07+08:00 3.06 3.05 0.00 2.13 31.0
2026-09-10T10:12:17+08:00 2.11 1.96 0.00 2.11 21.0
2026-09-10T10:12:25+08:00 1.13 1.06 0.00 1.94 32.0
2026-09-10T10:12:35+08:00 1.58 1.56 0.00 1.95 16.0
2026-09-10T10:12:45+08:00 1.07 1.06 0.00 1.81 32.0
2026-09-10T10:12:52+08:00 1.04 1.03 0.00 1.84 20.0
2026-09-10T10:13:02+08:00 1.97 1.79 0.00 1.86 39.0
2026-09-10T10:13:12+08:00 1.94 1.87 0.00 1.80 22.0
2026-09-10T10:13:20+08:00 0.86 0.83 0.00 1.68 17.0
2026-09-10T10:13:30+08:00 6.07 6.06 0.00 1.88 39.0
2026-09-10T10:13:40+08:00 4.14 3.96 0.00 1.89 23.0
2026-09-10T10:13:47+08:00 5.59 5.38 0.00 2.00 30.0
2026-09-10T10:13:57+08:00 2.05 1.98 0.00 1.84 0.0
2026-09-10T10:14:07+08:00 0.92 0.89 0.00 1.71 0.0
2026-09-10T10:14:15+08:00 1.87 1.86 0.00 1.60 0.0
2026-09-10T10:14:25+08:00 0.69 0.68 0.00 1.43 1.0
2026-09-10T10:14:35+08:00 3.04 3.04 0.00 1.36 1.0
2026-09-10T10:14:42+08:00 1.36 1.36 0.00 1.31 1.0
2026-09-10T10:14:52+08:00 3.15 3.15 0.00 1.33 15.0
2026-09-10T10:15:02+08:00 1.99 1.34 0.00 1.28 28.0
2026-09-10T10:15:10+08:00 1.43 1.14 0.00 1.24 26.0
2026-09-10T10:15:20+08:00 0.82 0.72 0.00 1.27 31.0
2026-09-10T10:15:30+08:00 1.89 1.85 0.00 1.39 33.0
2026-09-10T10:15:37+08:00 1.03 1.01 0.00 1.40 40.0
2026-09-10T10:15:47+08:00 1.41 1.26 0.00 1.50 19.0
2026-09-10T10:15:57+08:00 0.99 0.92 0.00 1.42 30.0
2026-09-10T10:16:05+08:00 3.35 3.32 0.00 1.59 24.0
2026-09-10T10:16:15+08:00 1.53 1.52 0.00 1.57 28.0
2026-09-10T10:16:25+08:00 1.23 1.22 0.00 1.49 25.0
2026-09-10T10:16:32+08:00 1.41 1.41 0.00 1.49 35.0
2026-09-10T10:16:42+08:00 0.63 0.63 0.00 1.49 29.0
2026-09-10T10:16:52+08:00 0.67 0.67 0.00 1.49 28.0
2026-09-10T10:17:00+08:00 6.83 6.83 0.00 1.65 29.0
2026-09-10T10:17:10+08:00 5.30 5.30 0.00 1.87 28.0
2026-09-10T10:17:20+08:00 2.67 2.67 0.00 1.74 27.0
2026-09-10T10:17:27+08:00 5.45 5.45 0.00 1.86 29.0
2026-09-10T10:17:37+08:00 2.10 2.10 0.00 1.73 24.0
2026-09-10T10:17:47+08:00 1.12 1.12 0.00 1.62 42.0
2026-09-10T10:17:55+08:00 1.93 1.93 0.00 1.52 28.0
2026-09-10T10:18:05+08:00 3.53 3.53 0.00 1.44 40.0
2026-09-10T10:18:15+08:00 2.75 2.75 0.00 1.45 35.0
2026-09-10T10:18:22+08:00 2.00 2.00 0.00 1.46 40.0
2026-09-10T10:18:32+08:00 1.26 1.26 0.00 1.55 27.0
2026-09-10T10:18:42+08:00 2.05 1.90 0.00 1.77 21.0
2026-09-10T10:18:50+08:00 1.65 1.58 0.00 1.73 28.0
2026-09-10T10:19:00+08:00 2.83 2.80 0.00 1.61 24.0
2026-09-10T10:19:10+08:00 2.11 2.10 0.00 1.67 44.0
2026-09-10T10:19:17+08:00 2.12 2.11 0.00 1.80 38.0
2026-09-10T10:19:27+08:00 0.78 0.77 0.00 1.60 0.0
2026-09-10T10:19:37+08:00 0.35 0.34 0.00 1.50 0.0
2026-09-10T10:19:45+08:00 1.74 1.74 0.00 1.43 0.0
2026-09-10T10:19:55+08:00 0.88 0.88 0.00 1.36 0.0
2026-09-10T10:20:05+08:00 0.44 0.44 0.00 1.30 1.0
2026-09-10T10:20:13+08:00 6.70 6.70 0.00 1.34 1.0
2026-09-10T10:20:23+08:00 6.23 6.23 0.00 1.29 0.0
2026-09-10T10:20:33+08:00 4.46 4.46 0.00 1.25 26.0
2026-09-10T10:20:40+08:00 3.37 3.37 0.00 1.43 53.0
2026-09-10T10:20:50+08:00 3.02 3.02 0.00 1.44 30.0
2026-09-10T10:21:00+08:00 2.08 2.08 0.00 1.53 33.0
2026-09-10T10:21:08+08:00 2.84 2.84 0.00 1.60 23.0
2026-09-10T10:21:18+08:00 2.33 2.33 0.00 1.51 46.0
2026-09-10T10:21:28+08:00 1.15 1.15 0.00 1.50 36.0
2026-09-10T10:21:35+08:00 0.71 0.71 0.00 1.43 40.0
2026-09-10T10:21:45+08:00 1.66 1.66 0.00 1.43 58.0
2026-09-10T10:21:55+08:00 0.81 0.81 0.00 1.44 66.0
2026-09-10T10:22:03+08:00 0.72 0.72 0.00 1.45 36.0
2026-09-10T10:22:13+08:00 0.91 0.91 0.00 1.46 39.0
2026-09-10T10:22:23+08:00 0.93 0.93 0.00 1.54 32.0
2026-09-10T10:22:30+08:00 0.86 0.86 0.00 1.53 43.0
2026-09-10T10:22:40+08:00 0.31 0.31 0.00 1.52 31.0
2026-09-10T10:22:50+08:00 0.68 0.68 0.00 1.60 40.0
2026-09-10T10:22:58+08:00 1.19 1.19 0.00 1.58 38.0
2026-09-10T10:23:08+08:00 0.98 0.98 0.00 1.64 32.0
2026-09-10T10:23:18+08:00 0.73 0.73 0.00 1.63 52.0
2026-09-10T10:23:25+08:00 3.14 2.90 0.00 1.53 38.0
2026-09-10T10:23:35+08:00 3.11 3.00 0.00 1.76 33.0
2026-09-10T10:23:45+08:00 1.14 1.10 0.00 1.71 28.0
2026-09-10T10:23:53+08:00 1.25 1.01 0.00 1.68 61.0
2026-09-10T10:24:03+08:00 1.94 1.93 0.00 1.66 51.0
2026-09-10T10:24:13+08:00 1.60 1.60 0.00 1.80 34.0
2026-09-10T10:24:20+08:00 3.84 3.83 0.00 1.91 20.0
2026-09-10T10:24:30+08:00 1.41 1.41 0.00 1.69 37.0
2026-09-10T10:24:40+08:00 1.37 1.19 0.00 1.58 34.0
2026-09-10T10:24:48+08:00 3.17 3.10 0.00 2.28 35.0
2026-09-10T10:24:58+08:00 2.29 2.26 0.00 2.08 43.0
2026-09-10T10:25:08+08:00 1.57 1.56 0.00 1.92 0.0
2026-09-10T10:25:15+08:00 0.69 0.69 0.00 1.77 0.0
2026-09-10T10:25:25+08:00 3.21 3.21 0.00 1.66 0.0
2026-09-10T10:25:35+08:00 2.99 2.99 0.00 1.55 0.0
2026-09-10T10:25:43+08:00 2.78 2.78 0.00 1.47 1.0
2026-09-10T10:25:53+08:00 3.34 3.34 0.00 1.47 1.0
2026-09-10T10:26:03+08:00 1.35 1.35 0.00 1.40 0.0
2026-09-10T10:26:11+08:00 0.99 0.99 0.00 1.34 42.0
2026-09-10T10:26:21+08:00 3.10 3.10 0.00 1.36 53.0
2026-09-10T10:26:31+08:00 2.39 2.39 0.00 1.46 43.0
2026-09-10T10:26:38+08:00 1.75 1.75 0.00 1.47 32.0
2026-09-10T10:26:48+08:00 0.78 0.64 0.00 1.47 33.0
2026-09-10T10:26:58+08:00 2.21 2.21 0.00 1.48 21.0
2026-09-10T10:27:06+08:00 3.61 3.61 0.00 1.64 44.0
2026-09-10T10:27:16+08:00 1.87 1.87 0.00 1.54 41.0
2026-09-10T10:27:26+08:00 0.68 0.68 0.00 1.60 70.0
2026-09-10T10:27:33+08:00 1.33 1.23 0.00 1.58 53.0
2026-09-10T10:27:43+08:00 1.08 1.05 0.00 1.65 47.0
2026-09-10T10:27:53+08:00 0.48 0.47 0.00 1.55 36.0
2026-09-10T10:28:01+08:00 1.72 1.71 0.00 1.62 40.0
2026-09-10T10:28:11+08:00 1.11 1.11 0.00 1.52 41.0
2026-09-10T10:28:21+08:00 0.80 0.80 0.00 1.44 27.0
2026-09-10T10:28:28+08:00 1.08 1.08 0.00 1.60 44.0
2026-09-10T10:28:39+08:00 1.66 1.66 0.00 2.03 23.0
2026-09-10T10:28:49+08:00 1.09 1.09 0.00 2.01 70.0
2026-09-10T10:28:56+08:00 0.68 0.68 0.00 1.93 35.0
2026-09-10T10:29:06+08:00 0.30 0.30 0.00 1.79 59.0
2026-09-10T10:29:16+08:00 3.20 3.20 0.00 1.74 56.0
2026-09-10T10:29:24+08:00 1.46 1.46 0.00 1.63 46.0
2026-09-10T10:29:34+08:00 0.65 0.65 0.00 1.61 43.0
2026-09-10T10:29:44+08:00 0.24 0.24 0.00 1.84 41.0
2026-09-10T10:29:51+08:00 0.89 0.89 0.00 1.71 42.0
2026-09-10T10:30:01+08:00 0.81 0.81 0.00 1.67 54.0
2026-09-10T10:30:11+08:00 0.36 0.36 0.00 1.80 44.0
2026-09-10T10:30:19+08:00 2.42 2.42 0.00 1.90 43.0
2026-09-10T10:30:29+08:00 1.78 1.78 0.00 1.84 67.0
2026-09-10T10:30:39+08:00 1.00 1.00 0.00 1.71 72.0
2026-09-10T10:30:46+08:00 7.38 7.25 0.00 1.75 0.0
2026-09-10T10:30:56+08:00 7.66 7.24 0.00 1.63 0.0
2026-09-10T10:31:06+08:00 5.31 5.16 0.00 1.53 0.0
2026-09-10T10:31:14+08:00 2.75 2.68 0.00 1.45 0.0
2026-09-10T10:31:24+08:00 1.37 1.35 0.00 1.46 1.0
2026-09-10T10:31:34+08:00 1.33 1.32 0.00 1.39 1.0
2026-09-10T10:31:42+08:00 3.13 3.12 0.00 1.33 0.0
2026-09-10T10:31:52+08:00 1.68 1.68 0.00 1.28 43.0
2026-09-10T10:32:02+08:00 1.25 1.25 0.00 1.31 84.0
2026-09-10T10:32:09+08:00 1.82 1.72 0.00 1.34 36.0
2026-09-10T10:32:19+08:00 1.03 0.99 0.00 1.29 40.0
2026-09-10T10:32:29+08:00 1.19 1.17 0.00 1.24 43.0
2026-09-10T10:32:37+08:00 5.12 5.03 0.00 1.29 37.0
2026-09-10T10:32:47+08:00 2.45 2.41 0.00 1.32 53.0
2026-09-10T10:32:57+08:00 0.90 0.88 0.00 1.42 61.0
2026-09-10T10:33:04+08:00 4.10 4.10 0.00 1.51 70.0
2026-09-10T10:33:14+08:00 3.18 3.18 0.00 1.51 55.0
2026-09-10T10:33:24+08:00 1.17 1.16 0.00 1.50 41.0
2026-09-10T10:33:32+08:00 1.86 1.86 0.00 1.50 41.0
2026-09-10T10:33:42+08:00 1.70 1.61 0.00 1.57 113.0
2026-09-10T10:33:52+08:00 0.91 0.87 0.00 1.57 66.0
2026-09-10T10:33:59+08:00 2.03 2.01 0.00 1.48 79.0
2026-09-10T10:34:09+08:00 1.11 1.10 0.00 1.40 84.0
2026-09-10T10:34:19+08:00 0.68 0.67 0.00 1.50 59.0
2026-09-10T10:34:27+08:00 1.67 1.66 0.00 1.42 23.0
2026-09-10T10:34:37+08:00 0.75 0.75 0.00 1.36 72.0
2026-09-10T10:34:47+08:00 2.33 2.33 0.00 1.38 109.0
2026-09-10T10:34:54+08:00 1.77 1.77 0.00 1.40 87.0
2026-09-10T10:35:04+08:00 0.73 0.73 0.00 1.34 73.0
2026-09-10T10:35:14+08:00 0.26 0.26 0.00 1.28 65.0
2026-09-10T10:35:22+08:00 1.45 1.45 0.00 1.39 79.0
2026-09-10T10:35:32+08:00 2.08 1.83 0.00 1.64 84.0
2026-09-10T10:35:42+08:00 0.93 0.82 0.00 1.62 46.0
2026-09-10T10:35:49+08:00 2.52 2.48 0.00 1.60 80.0
2026-09-10T10:35:59+08:00 1.93 1.91 0.00 1.51 71.0
2026-09-10T10:36:10+08:00 0.70 0.70 0.00 1.51 72.0
2026-09-10T10:36:17+08:00 1.03 1.03 0.00 1.43 70.0
2026-09-10T10:36:27+08:00 1.37 1.37 0.00 1.37 0.0
2026-09-10T10:36:37+08:00 3.17 3.17 0.00 1.38 0.0
2026-09-10T10:36:44+08:00 1.54 1.54 0.00 1.32 0.0
2026-09-10T10:36:54+08:00 0.73 0.73 0.00 1.27 0.0
2026-09-10T10:37:05+08:00 2.18 2.18 0.00 1.23 0.0
2026-09-10T10:37:12+08:00 2.86 2.86 0.00 1.35 1.0
2026-09-10T10:37:22+08:00 1.86 1.86 0.00 1.30 1.0
2026-09-10T10:37:32+08:00 0.98 0.98 0.00 1.25 0.0
2026-09-10T10:37:40+08:00 6.01 5.91 0.00 1.44 175.0
2026-09-10T10:37:50+08:00 3.10 3.05 0.00 1.37 253.0
2026-09-10T10:38:00+08:00 1.14 1.12 0.00 1.24 253.0
2026-09-10T10:38:07+08:00 1.70 1.70 0.00 1.28 255.0
2026-09-10T10:38:17+08:00 1.06 1.06 0.00 1.72 253.0
2026-09-10T10:38:27+08:00 1.82 1.82 0.00 1.60 254.0
2026-09-10T10:38:35+08:00 0.81 0.81 0.00 1.51 255.0
2026-09-10T10:38:45+08:00 0.40 0.40 0.00 1.51 255.0
2026-09-10T10:38:55+08:00 1.84 1.84 0.00 1.58 254.0
2026-09-10T10:39:02+08:00 0.85 0.85 0.00 1.65 255.0
2026-09-10T10:39:12+08:00 2.12 2.12 0.00 1.55 254.0
2026-09-10T10:39:22+08:00 1.31 1.31 0.00 1.46 254.0
2026-09-10T10:39:30+08:00 0.96 0.96 0.00 1.39 256.0
2026-09-10T10:39:40+08:00 0.73 0.73 0.00 1.33 255.0
2026-09-10T10:39:50+08:00 0.26 0.26 0.00 1.35 256.0
2026-09-10T10:39:57+08:00 1.83 1.83 0.00 1.53 254.0
2026-09-10T10:40:07+08:00 1.55 1.55 0.00 1.52 254.0
2026-09-10T10:40:17+08:00 0.93 0.93 0.00 1.60 255.0
2026-09-10T10:40:25+08:00 0.78 0.78 0.00 1.51 255.0
2026-09-10T10:40:35+08:00 0.58 0.58 0.00 1.43 255.0
2026-09-10T10:40:45+08:00 0.80 0.62 0.00 1.36 254.0
2026-09-10T10:40:52+08:00 2.02 1.95 0.00 1.39 254.0
2026-09-10T10:41:02+08:00 1.24 1.21 0.00 1.33 255.0
2026-09-10T10:41:12+08:00 1.16 1.15 0.00 1.35 253.0
2026-09-10T10:41:20+08:00 6.12 6.02 0.00 1.37 252.0
2026-09-10T10:41:30+08:00 3.60 3.55 0.00 1.46 255.0
2026-09-10T10:41:40+08:00 1.32 1.30 0.00 1.47 252.0
2026-09-10T10:41:47+08:00 0.78 0.77 0.00 1.39 253.0
2026-09-10T10:41:57+08:00 2.03 2.02 0.00 1.65 254.0
2026-09-10T10:42:08+08:00 0.74 0.74 0.00 1.55 255.0
2026-09-10T10:42:15+08:00 1.90 1.90 0.00 1.62 256.0
2026-09-10T10:42:25+08:00 1.55 1.55 0.00 1.60 254.0
2026-09-10T10:42:35+08:00 0.69 0.69 0.00 1.51 252.0
2026-09-10T10:42:42+08:00 3.57 3.57 0.00 1.59 254.0
2026-09-10T10:42:52+08:00 1.31 1.31 0.00 1.57 254.0
2026-09-10T10:43:03+08:00 0.58 0.58 0.00 1.56 256.0
2026-09-10T10:43:10+08:00 4.02 4.02 0.00 1.55 0.0
2026-09-10T10:43:20+08:00 1.80 1.80 0.00 1.47 0.0
2026-09-10T10:43:30+08:00 0.66 0.66 0.00 1.40 0.0
2026-09-10T10:43:38+08:00 0.78 0.78 0.00 1.33 0.0
2026-09-10T10:43:48+08:00 0.53 0.53 0.00 1.28 0.0
2026-09-10T10:43:58+08:00 4.18 4.18 0.00 1.24 0.0
2026-09-10T10:44:05+08:00 2.27 2.27 0.00 1.20 1.0
2026-09-10T10:44:15+08:00 2.02 1.89 0.00 1.24 1.0
2026-09-10T10:44:25+08:00 3.08 3.02 0.00 1.36 0.0
2026-09-10T10:44:33+08:00 15.60 15.24 0.00 1.75 227.0
2026-09-10T10:44:43+08:00 6.43 6.29 0.00 1.64 255.0
2026-09-10T10:44:53+08:00 3.91 3.85 0.00 1.83 252.0
2026-09-10T10:45:00+08:00 4.24 4.13 0.00 1.71 252.0
2026-09-10T10:45:10+08:00 2.32 2.27 0.00 1.67 249.0
2026-09-10T10:45:20+08:00 2.04 2.03 0.00 1.57 256.0
2026-09-10T10:45:28+08:00 3.74 3.73 0.00 1.63 256.0
2026-09-10T10:45:38+08:00 2.99 2.99 0.00 1.61 256.0
2026-09-10T10:45:48+08:00 1.10 1.10 0.00 1.60 256.0
2026-09-10T10:45:55+08:00 1.45 1.45 0.00 1.50 254.0
2026-09-10T10:46:05+08:00 1.23 1.23 0.00 1.50 255.0
2026-09-10T10:46:15+08:00 0.55 0.55 0.00 1.81 256.0
2026-09-10T10:46:23+08:00 0.79 0.79 0.00 1.68 256.0
2026-09-10T10:46:33+08:00 1.48 1.48 0.00 1.58 256.0
2026-09-10T10:46:43+08:00 2.23 2.23 0.00 1.49 256.0
2026-09-10T10:46:50+08:00 2.71 2.61 0.00 1.57 255.0
2026-09-10T10:47:00+08:00 1.34 1.29 0.00 1.63 253.0
2026-09-10T10:47:11+08:00 0.93 0.92 0.00 1.62 253.0
2026-09-10T10:47:18+08:00 3.11 2.98 0.00 1.67 254.0
2026-09-10T10:47:28+08:00 1.44 1.39 0.00 1.65 255.0
2026-09-10T10:47:38+08:00 2.22 2.20 0.00 1.55 256.0
2026-09-10T10:47:46+08:00 2.49 2.48 0.00 1.54 256.0
2026-09-10T10:47:56+08:00 1.15 1.15 0.00 1.46 255.0
2026-09-10T10:48:06+08:00 0.52 0.51 0.00 1.54 255.0
2026-09-10T10:48:13+08:00 1.02 0.79 0.00 1.46 253.0
2026-09-10T10:48:23+08:00 0.46 0.35 0.00 1.46 253.0
2026-09-10T10:48:33+08:00 0.16 0.13 0.00 1.54 255.0
2026-09-10T10:48:41+08:00 1.30 1.11 0.00 1.45 255.0
2026-09-10T10:48:51+08:00 0.58 0.50 0.00 1.38 255.0
2026-09-10T10:49:00+08:00 3.51 3.48 0.00 1.70 256.0
2026-09-10T10:49:08+08:00 1.68 1.66 0.00 1.59 253.0
2026-09-10T10:49:18+08:00 0.71 0.71 0.00 1.57 255.0
2026-09-10T10:49:27+08:00 1.34 1.34 0.00 1.56 249.0
2026-09-10T10:49:36+08:00 0.60 0.60 0.00 1.47 252.0
2026-09-10T10:49:46+08:00 0.42 0.42 0.00 1.55 252.0
2026-09-10T10:49:55+08:00 0.18 0.18 0.00 1.62 252.0
2026-09-10T10:50:03+08:00 2.25 2.25 0.00 1.52 255.0
2026-09-10T10:50:13+08:00 1.63 1.63 0.00 1.52 255.0
2026-09-10T10:50:21+08:00 2.09 2.09 0.00 1.51 254.0
2026-09-10T10:50:31+08:00 1.64 1.64 0.00 1.43 255.0
2026-09-10T10:50:41+08:00 2.62 2.62 0.00 1.45 252.0
2026-09-10T10:50:48+08:00 0.96 0.96 0.00 1.38 252.0
2026-09-10T10:50:58+08:00 0.83 0.83 0.00 1.32 256.0
2026-09-10T10:51:08+08:00 0.30 0.30 0.00 1.19 0.0
2026-09-10T10:51:16+08:00 0.69 0.69 0.00 1.16 0.0
2026-09-10T10:51:26+08:00 0.61 0.61 0.00 1.13 0.0
2026-09-10T10:51:36+08:00 2.30 2.30 0.00 1.11 0.0
2026-09-10T10:51:44+08:00 1.03 1.03 0.00 1.18 0.0
2026-09-10T10:51:54+08:00 0.46 0.46 0.00 1.15 0.0
2026-09-10T10:52:04+08:00 2.28 2.28 0.00 1.12 0.0
2026-09-10T10:52:11+08:00 1.99 1.99 0.00 1.33 1.0
2026-09-10T10:52:21+08:00 1.73 1.73 0.00 1.28 1.0
2026-09-10T10:52:31+08:00 0.77 0.77 0.00 1.24 0.0
2026-09-10T10:52:39+08:00 1.47 1.47 0.00 3.28 148.0
2026-09-10T10:52:49+08:00 2.99 2.99 0.00 3.01 253.0
2026-09-10T10:52:59+08:00 5.21 5.21 0.00 2.78 252.0
2026-09-10T10:53:06+08:00 3.18 3.18 0.00 2.58 248.0
2026-09-10T10:53:16+08:00 3.80 3.65 0.00 2.34 254.0
2026-09-10T10:53:26+08:00 1.68 1.62 0.00 2.13 254.0
2026-09-10T10:53:34+08:00 0.75 0.73 0.00 2.11 256.0
2026-09-10T10:53:44+08:00 1.34 1.25 0.00 1.94 255.0
2026-09-10T10:53:54+08:00 1.84 1.80 0.00 1.87 256.0
2026-09-10T10:54:01+08:00 2.25 2.24 0.00 1.73 254.0
2026-09-10T10:54:11+08:00 1.23 1.23 0.00 2.01 253.0
2026-09-10T10:54:21+08:00 1.35 1.24 0.00 1.85 252.0
2026-09-10T10:54:29+08:00 1.60 1.57 0.00 1.72 251.0
2026-09-10T10:54:39+08:00 1.67 1.48 0.00 1.61 247.0
2026-09-10T10:54:49+08:00 0.75 0.66 0.00 1.59 253.0
2026-09-10T10:54:57+08:00 0.82 0.78 0.00 1.65 251.0
2026-09-10T10:55:07+08:00 0.66 0.65 0.00 1.55 254.0
2026-09-10T10:55:17+08:00 0.48 0.48 0.00 1.47 253.0
2026-09-10T10:55:24+08:00 0.36 0.36 0.00 1.39 256.0
2026-09-10T10:55:34+08:00 0.21 0.21 0.00 1.49 256.0
2026-09-10T10:55:44+08:00 0.78 0.78 0.00 1.41 256.0
2026-09-10T10:55:52+08:00 0.47 0.47 0.00 1.35 256.0
2026-09-10T10:56:02+08:00 1.28 1.28 0.00 1.29 256.0
2026-09-10T10:56:12+08:00 1.37 1.37 0.00 1.33 256.0
2026-09-10T10:56:19+08:00 5.66 5.66 0.00 1.28 255.0
2026-09-10T10:56:29+08:00 2.54 2.54 0.00 1.32 248.0
2026-09-10T10:56:40+08:00 0.93 0.93 0.00 1.42 256.0
2026-09-10T10:56:47+08:00 0.34 0.34 0.00 1.36 255.0
2026-09-10T10:56:57+08:00 0.15 0.15 0.00 1.30 255.0
2026-09-10T10:57:07+08:00 1.14 1.14 0.00 1.40 256.0
2026-09-10T10:57:15+08:00 1.08 1.08 0.00 1.34 251.0
2026-09-10T10:57:25+08:00 0.85 0.85 0.00 1.29 251.0
2026-09-10T10:57:35+08:00 0.31 0.31 0.00 1.24 254.0
2026-09-10T10:57:42+08:00 0.32 0.32 0.00 1.28 248.0
2026-09-10T10:57:52+08:00 0.11 0.11 0.00 1.39 255.0
2026-09-10T10:58:02+08:00 0.05 0.05 0.00 1.33 255.0
2026-09-10T10:58:10+08:00 4.66 4.10 0.00 1.50 255.0
2026-09-10T10:58:20+08:00 3.32 3.11 0.00 1.50 256.0
2026-09-10T10:58:30+08:00 2.99 2.90 0.00 1.50 256.0
2026-09-10T10:58:37+08:00 5.27 5.24 0.00 1.50 248.0
2026-09-10T10:58:47+08:00 2.73 2.72 0.00 1.58 254.0
2026-09-10T10:58:57+08:00 3.00 2.99 0.00 1.57 248.0
2026-09-10T10:59:05+08:00 4.28 4.28 0.00 1.52 254.0
2026-09-10T10:59:15+08:00 2.42 2.42 0.00 1.44 251.0
2026-09-10T10:59:25+08:00 1.43 1.43 0.00 1.45 256.0
2026-09-10T10:59:32+08:00 4.99 4.99 0.00 1.60 255.0
2026-09-10T10:59:42+08:00 2.20 2.20 0.00 1.59 254.0
2026-09-10T10:59:52+08:00 2.18 2.18 0.00 1.50 256.0
2026-09-10T11:00:00+08:00 0.98 0.98 0.00 1.42 256.0
2026-09-10T11:00:10+08:00 0.84 0.84 0.00 1.36 256.0
2026-09-10T11:00:20+08:00 3.04 3.04 0.00 1.30 256.0
2026-09-10T11:00:27+08:00 2.17 2.17 0.00 1.41 256.0
2026-09-10T11:00:38+08:00 1.09 1.09 0.00 1.51 256.0
2026-09-10T11:00:48+08:00 1.13 1.13 0.00 1.83 0.0
2026-09-10T11:00:55+08:00 4.12 4.12 0.00 1.71 0.0
2026-09-10T11:01:05+08:00 3.34 3.34 0.00 1.60 0.0
2026-09-10T11:01:15+08:00 1.39 1.39 0.00 1.50 0.0
2026-09-10T11:01:23+08:00 0.80 0.80 0.00 1.43 0.0
2026-09-10T11:01:33+08:00 0.29 0.29 0.00 1.36 0.0
2026-09-10T11:01:43+08:00 0.13 0.13 0.00 1.38 0.0
2026-09-10T11:01:50+08:00 0.52 0.52 0.00 1.32 0.0
2026-09-10T11:02:01+08:00 6.46 6.46 0.00 1.19 0.0
2026-09-10T11:02:11+08:00 8.27 8.09 0.00 1.16 0.0
2026-09-10T11:02:18+08:00 53.75 53.68 0.00 1.45 0.0
2026-09-10T11:02:28+08:00 28.90 28.80 0.00 1.38 1.0
2026-09-10T11:02:38+08:00 13.69 13.64 0.00 1.40 1.0
2026-09-10T11:02:46+08:00 12.68 12.66 0.00 1.26 0.0
2026-09-10T11:02:56+08:00 40.04 40.04 0.00 1.22 0.0
2026-09-10T11:03:06+08:00 18.78 18.78 0.00 1.56 256.0
2026-09-10T11:03:13+08:00 8.62 8.62 0.00 1.55 256.0
2026-09-10T11:03:23+08:00 4.94 4.94 0.00 1.46 252.0
2026-09-10T11:03:33+08:00 2.11 2.11 0.00 1.55 254.0
2026-09-10T11:03:41+08:00 1.97 1.97 0.00 1.62 256.0
2026-09-10T11:03:51+08:00 0.72 0.72 0.00 1.61 254.0
2026-09-10T11:04:01+08:00 0.32 0.32 0.00 1.59 254.0
2026-09-10T11:04:08+08:00 0.91 0.91 0.00 1.80 251.0
2026-09-10T11:04:19+08:00 0.83 0.83 0.00 1.75 251.0
2026-09-10T11:04:29+08:00 1.13 1.13 0.00 1.64 256.0
2026-09-10T11:04:36+08:00 1.51 1.51 0.00 1.54 256.0
2026-09-10T11:04:46+08:00 1.88 1.88 0.00 1.54 256.0
2026-09-10T11:04:56+08:00 2.18 2.18 0.00 1.61 247.0
2026-09-10T11:05:04+08:00 0.98 0.98 0.00 1.52 250.0
2026-09-10T11:05:14+08:00 1.56 1.23 0.00 1.44 254.0
2026-09-10T11:05:24+08:00 0.57 0.45 0.00 1.37 254.0
2026-09-10T11:05:31+08:00 0.70 0.64 0.00 1.39 256.0
2026-09-10T11:05:41+08:00 0.55 0.53 0.00 1.40 253.0
2026-09-10T11:05:51+08:00 0.34 0.33 0.00 1.42 248.0
2026-09-10T11:05:59+08:00 0.96 0.96 0.00 1.43 256.0
2026-09-10T11:06:09+08:00 0.53 0.53 0.00 1.52 256.0
2026-09-10T11:06:19+08:00 0.19 0.19 0.00 1.52 256.0
2026-09-10T11:06:26+08:00 0.67 0.67 0.00 1.36 248.0
2026-09-10T11:06:36+08:00 0.30 0.30 0.00 1.31 250.0
2026-09-10T11:06:46+08:00 0.11 0.11 0.00 1.34 251.0
2026-09-10T11:06:54+08:00 6.40 6.28 0.00 1.29 254.0
2026-09-10T11:07:04+08:00 2.67 2.63 0.00 1.32 256.0
2026-09-10T11:07:14+08:00 1.70 1.68 0.00 1.34 249.0
2026-09-10T11:07:21+08:00 1.50 1.20 0.00 1.29 248.0
2026-09-10T11:07:31+08:00 5.93 5.67 0.00 1.24 256.0
2026-09-10T11:07:41+08:00 2.66 2.55 0.18 1.29 256.0
2026-09-10T11:07:49+08:00 1.12 1.08 0.06 1.24 256.0
2026-09-10T11:07:59+08:00 1.14 1.12 0.02 1.20 253.0
2026-09-10T11:08:09+08:00 0.60 0.59 0.00 1.25 247.0
2026-09-10T11:08:17+08:00 0.58 0.58 0.00 1.21 255.0
2026-09-10T11:08:27+08:00 1.34 1.34 0.00 1.18 255.0
t_iso io_some_avg10 io_full_avg10 cpu_some_avg10 loadavg1 vllm_running
2026-09-10T22:45:04+08:00 3.91 3.90 0.00 1.58 NA
2026-09-10T22:45:14+08:00 6.87 6.87 0.00 1.48 NA
2026-09-10T22:45:24+08:00 24.79 23.52 0.72 1.41 NA
2026-09-10T22:45:32+08:00 14.92 14.35 1.04 1.42 NA
2026-09-10T22:45:42+08:00 39.57 39.18 0.38 1.35 NA
2026-09-10T22:45:52+08:00 37.99 37.81 0.17 1.30 NA
2026-09-10T22:45:59+08:00 34.41 34.35 0.06 1.25 NA
2026-09-10T22:46:09+08:00 29.65 29.63 0.02 1.21 NA
2026-09-10T22:46:20+08:00 40.64 40.63 0.10 1.18 NA
2026-09-10T22:46:28+08:00 40.52 40.52 0.03 1.30 NA
2026-09-10T22:46:38+08:00 38.25 38.25 0.01 1.25 NA
2026-09-10T22:46:48+08:00 31.56 31.56 0.00 1.21 1.0
2026-09-10T22:46:55+08:00 12.36 12.18 0.00 1.33 1.0
2026-09-10T22:47:05+08:00 4.55 4.48 0.00 1.36 1.0
2026-09-10T22:47:15+08:00 2.28 2.25 0.00 1.30 1.0
2026-09-10T22:47:23+08:00 0.94 0.93 0.00 1.34 1.0
2026-09-10T22:47:33+08:00 0.78 0.78 0.00 1.28 1.0
2026-09-10T22:47:43+08:00 0.53 0.53 0.00 1.24 1.0
2026-09-10T22:47:51+08:00 2.81 2.63 0.00 1.13 1.0
2026-09-10T22:48:01+08:00 1.36 1.28 0.00 1.11 1.0
2026-09-10T22:48:11+08:00 0.50 0.47 0.00 1.16 1.0
2026-09-10T22:48:19+08:00 2.34 2.33 0.00 1.14 1.0
2026-09-10T22:48:29+08:00 3.65 3.65 0.00 3.04 0.0
2026-09-10T22:48:39+08:00 1.84 1.84 0.00 2.80 75.0
2026-09-10T22:48:46+08:00 1.32 1.32 0.00 2.52 90.0
2026-09-10T22:48:56+08:00 0.78 0.78 0.00 2.29 110.0
2026-09-10T22:49:06+08:00 1.32 1.32 0.00 2.02 71.0
2026-09-10T22:49:14+08:00 0.79 0.79 0.00 1.79 93.0
2026-09-10T22:49:24+08:00 0.29 0.29 0.00 1.67 129.0
2026-09-10T22:49:34+08:00 0.49 0.49 0.00 1.56 106.0
2026-09-10T22:49:42+08:00 1.17 1.01 0.00 1.48 76.0
2026-09-10T22:49:52+08:00 1.07 1.01 0.00 1.55 76.0
2026-09-10T22:50:02+08:00 0.78 0.75 0.00 1.47 42.0
2026-09-10T22:50:10+08:00 0.53 0.52 0.00 1.69 85.0
2026-09-10T22:50:20+08:00 0.44 0.43 0.00 1.58 134.0
2026-09-10T22:50:30+08:00 1.12 1.02 0.00 1.49 89.0
2026-09-10T22:50:37+08:00 0.73 0.61 0.00 1.50 97.0
2026-09-10T22:50:47+08:00 0.82 0.77 0.00 1.72 62.0
2026-09-10T22:50:57+08:00 0.30 0.28 0.00 1.61 71.0
2026-09-10T22:51:05+08:00 0.51 0.51 0.00 1.59 85.0
2026-09-10T22:51:15+08:00 1.47 1.47 0.00 1.58 52.0
2026-09-10T22:51:25+08:00 0.54 0.54 0.00 1.49 72.0
2026-09-10T22:51:33+08:00 0.83 0.83 0.00 1.41 88.0
2026-09-10T22:51:43+08:00 0.30 0.30 0.00 1.42 103.0
2026-09-10T22:51:53+08:00 0.11 0.11 0.00 1.36 165.0
2026-09-10T22:52:01+08:00 0.14 0.14 0.00 1.38 176.0
2026-09-10T22:52:11+08:00 0.05 0.05 0.00 1.40 234.0
2026-09-10T22:52:20+08:00 0.02 0.02 0.00 1.42 247.0
2026-09-10T22:52:28+08:00 0.15 0.15 0.00 1.44 188.0
2026-09-10T22:52:38+08:00 1.51 1.41 0.00 1.44 143.0
2026-09-10T22:52:47+08:00 0.67 0.63 0.00 1.45 113.0
2026-09-10T22:52:56+08:00 2.57 2.40 0.12 1.38 109.0
2026-09-10T22:53:06+08:00 1.47 1.41 0.04 1.33 144.0
2026-09-10T22:53:15+08:00 3.40 3.22 0.01 1.20 0.0
2026-09-10T22:53:24+08:00 1.67 1.61 0.00 1.33 0.0
2026-09-10T22:53:34+08:00 2.20 2.17 0.00 1.35 0.0
2026-09-10T22:53:43+08:00 0.81 0.79 0.00 1.30 0.0
2026-09-10T22:53:52+08:00 0.54 0.53 0.36 1.25 0.0
2026-09-10T22:54:02+08:00 5.97 5.97 0.16 1.29 1.0
2026-09-10T22:54:10+08:00 2.19 2.19 0.05 1.24 1.0
2026-09-10T22:54:20+08:00 1.13 1.13 0.02 1.20 0.0
2026-09-10T22:54:30+08:00 1.44 1.44 0.00 1.17 59.0
2026-09-10T22:54:37+08:00 2.20 2.20 0.00 1.23 110.0
2026-09-10T22:54:47+08:00 1.14 1.14 0.00 1.19 107.0
2026-09-10T22:54:57+08:00 0.71 0.71 0.00 1.23 162.0
2026-09-10T22:55:05+08:00 2.46 2.46 0.00 1.20 143.0
2026-09-10T22:55:15+08:00 1.10 1.10 0.00 1.25 200.0
2026-09-10T22:55:25+08:00 0.40 0.40 0.00 1.28 227.0
2026-09-10T22:55:33+08:00 1.96 1.96 0.00 1.31 254.0
2026-09-10T22:55:43+08:00 2.72 2.64 0.00 1.27 253.0
2026-09-10T22:55:53+08:00 1.10 1.07 0.00 1.22 256.0
2026-09-10T22:56:00+08:00 1.65 1.54 0.00 1.27 255.0
2026-09-10T22:56:11+08:00 0.75 0.71 0.00 1.31 253.0
2026-09-10T22:56:21+08:00 0.27 0.26 0.00 1.27 255.0
2026-09-10T22:56:28+08:00 0.73 0.72 0.00 1.22 252.0
2026-09-10T22:56:38+08:00 1.24 1.23 0.00 1.19 225.0
2026-09-10T22:56:48+08:00 0.55 0.55 0.00 1.16 252.0
2026-09-10T22:56:56+08:00 0.61 0.61 0.00 1.13 253.0
2026-09-10T22:57:06+08:00 1.50 1.50 0.00 1.27 253.0
2026-09-10T22:57:16+08:00 1.56 1.56 0.00 1.31 255.0
2026-09-10T22:57:24+08:00 2.11 2.11 0.00 1.26 255.0
2026-09-10T22:57:34+08:00 0.95 0.95 0.00 1.30 256.0
2026-09-10T22:57:44+08:00 1.53 1.53 0.00 1.26 256.0
2026-09-10T22:57:51+08:00 1.90 1.90 0.00 1.22 255.0
2026-09-10T22:58:02+08:00 0.85 0.85 0.00 1.18 253.0
2026-09-10T22:58:12+08:00 0.31 0.31 0.00 1.15 255.0
2026-09-10T22:58:19+08:00 1.57 1.57 0.00 1.65 255.0
2026-09-10T22:58:29+08:00 0.70 0.70 0.00 1.62 256.0
2026-09-10T22:58:39+08:00 0.42 0.42 0.00 1.52 254.0
2026-09-10T22:58:47+08:00 1.88 1.88 0.00 1.52 256.0
2026-09-10T22:58:57+08:00 2.02 2.02 0.00 1.44 254.0
2026-09-10T22:59:07+08:00 0.90 0.90 0.00 1.53 85.0
2026-09-10T22:59:15+08:00 0.70 0.70 0.00 1.85 0.0
2026-09-10T22:59:25+08:00 0.34 0.34 0.00 1.72 0.0
2026-09-10T22:59:35+08:00 0.44 0.44 0.00 1.61 0.0
2026-09-10T22:59:42+08:00 2.98 2.98 0.19 1.51 0.0
2026-09-10T22:59:52+08:00 1.26 1.26 0.07 1.35 0.0
2026-09-10T23:00:03+08:00 0.56 0.56 0.03 1.30 1.0
2026-09-10T23:00:10+08:00 0.57 0.57 0.01 1.33 1.0
2026-09-10T23:00:20+08:00 0.72 0.72 0.00 1.43 0.0
2026-09-10T23:00:30+08:00 2.84 2.69 0.00 1.44 103.0
2026-09-10T23:00:38+08:00 3.78 3.64 0.00 1.37 174.0
2026-09-10T23:00:48+08:00 2.69 2.63 0.00 1.39 235.0
2026-09-10T23:00:58+08:00 1.07 1.05 0.00 1.33 252.0
2026-09-10T23:01:06+08:00 5.36 5.36 0.00 1.36 253.0
2026-09-10T23:01:16+08:00 2.81 2.80 0.00 1.30 253.0
2026-09-10T23:01:26+08:00 2.23 2.23 0.00 1.26 253.0
2026-09-10T23:01:33+08:00 1.54 1.54 0.00 1.22 255.0
2026-09-10T23:01:43+08:00 2.94 2.94 0.00 1.18 253.0
2026-09-10T23:01:53+08:00 1.32 1.32 0.00 1.16 254.0
2026-09-10T23:02:01+08:00 2.92 2.92 0.00 1.20 255.0
2026-09-10T23:02:11+08:00 1.27 1.27 0.00 1.17 253.0
2026-09-10T23:02:21+08:00 0.57 0.57 0.00 1.15 253.0
2026-09-10T23:02:29+08:00 0.57 0.57 0.00 1.20 256.0
2026-09-10T23:02:39+08:00 1.84 1.65 0.00 1.17 254.0
2026-09-10T23:02:49+08:00 2.06 1.98 0.00 1.14 254.0
2026-09-10T23:02:57+08:00 4.15 4.12 0.00 2.17 255.0
2026-09-10T23:03:07+08:00 2.62 2.61 0.00 1.99 253.0
2026-09-10T23:03:17+08:00 1.17 1.17 0.00 1.84 252.0
2026-09-10T23:03:24+08:00 1.26 1.26 0.00 1.71 255.0
2026-09-10T23:03:34+08:00 3.72 3.72 0.00 1.60 254.0
2026-09-10T23:03:44+08:00 1.36 1.36 0.00 1.59 255.0
2026-09-10T23:03:52+08:00 2.90 2.90 0.00 1.66 255.0
2026-09-10T23:04:02+08:00 1.30 1.30 0.00 1.55 255.0
2026-09-10T23:04:12+08:00 1.26 1.26 0.00 1.47 255.0
2026-09-10T23:04:20+08:00 0.81 0.81 0.00 1.56 255.0
2026-09-10T23:04:30+08:00 0.48 0.48 0.00 1.55 254.0
2026-09-10T23:04:40+08:00 0.46 0.46 0.00 1.55 254.0
2026-09-10T23:04:48+08:00 0.94 0.94 0.00 1.54 252.0
2026-09-10T23:04:58+08:00 2.14 2.14 0.00 1.53 256.0
2026-09-10T23:05:08+08:00 0.78 0.78 0.00 1.45 253.0
2026-09-10T23:05:16+08:00 3.14 3.14 0.00 1.38 256.0
2026-09-10T23:05:26+08:00 1.32 1.32 0.00 1.32 94.0
2026-09-10T23:05:36+08:00 5.63 5.63 0.00 1.27 0.0
2026-09-10T23:05:43+08:00 4.92 4.92 0.00 1.23 0.0
2026-09-10T23:05:53+08:00 2.35 2.35 0.00 1.19 0.0
2026-09-10T23:06:03+08:00 1.95 1.95 0.00 1.16 0.0
2026-09-10T23:06:11+08:00 1.60 1.60 0.00 1.22 0.0
