t_iso io_some_avg10 io_full_avg10 cpu_some_avg10 loadavg1 vllm_running
2026-09-10T14:46:58+08:00 2.40 2.40 0.00 1.05 NA
2026-09-10T14:47:08+08:00 16.80 16.80 0.00 0.96 NA
2026-09-10T14:47:18+08:00 12.72 12.72 0.00 0.97 NA
2026-09-10T14:47:25+08:00 11.14 11.14 0.44 1.21 NA
2026-09-10T14:47:35+08:00 46.49 46.27 0.19 1.18 NA
2026-09-10T14:47:45+08:00 57.81 57.73 0.07 1.15 NA
2026-09-10T14:47:53+08:00 43.76 43.58 0.02 1.53 NA
2026-09-10T14:48:03+08:00 47.32 47.12 0.01 1.45 NA
2026-09-10T14:48:13+08:00 53.68 53.61 0.00 1.38 NA
2026-09-10T14:48:22+08:00 56.33 56.29 0.00 1.32 NA
2026-09-10T14:48:32+08:00 54.53 54.52 0.00 1.27 NA
2026-09-10T14:48:42+08:00 50.12 50.11 0.00 1.38 NA
2026-09-10T14:48:50+08:00 58.01 58.01 0.00 1.36 NA
2026-09-10T14:49:00+08:00 65.27 65.27 0.00 1.30 NA
2026-09-10T14:49:10+08:00 66.36 66.36 0.00 1.26 NA
2026-09-10T14:49:17+08:00 65.74 65.74 0.00 1.36 NA
2026-09-10T14:49:28+08:00 67.19 66.83 0.00 1.39 NA
2026-09-10T14:49:38+08:00 54.79 54.57 0.00 1.49 NA
2026-09-10T14:49:46+08:00 31.72 31.64 0.00 1.33 0.0
2026-09-10T14:49:56+08:00 16.04 16.00 0.00 1.28 1.0
2026-09-10T14:50:06+08:00 14.78 14.76 0.00 1.32 1.0
2026-09-10T14:50:13+08:00 6.88 6.88 0.00 1.27 1.0
2026-09-10T14:50:23+08:00 4.43 4.30 0.00 1.23 1.0
2026-09-10T14:50:33+08:00 1.63 1.58 0.00 1.27 1.0
2026-09-10T14:50:41+08:00 0.83 0.81 0.00 1.23 1.0
2026-09-10T14:50:51+08:00 1.03 1.02 0.00 1.19 1.0
2026-09-10T14:51:00+08:00 0.37 0.37 0.00 1.16 1.0
2026-09-10T14:51:09+08:00 0.36 0.36 0.00 1.21 1.0
2026-09-10T14:51:19+08:00 0.13 0.13 0.00 1.42 1.0
2026-09-10T14:51:28+08:00 0.42 0.42 0.00 1.36 1.0
2026-09-10T14:51:36+08:00 1.65 1.65 0.00 1.30 1.0
2026-09-10T14:51:46+08:00 4.00 4.00 0.00 1.25 1.0
2026-09-10T14:51:55+08:00 2.32 2.20 0.00 1.29 1.0
2026-09-10T14:52:04+08:00 2.79 2.75 0.00 1.24 1.0
2026-09-10T14:52:14+08:00 3.68 3.54 0.00 1.13 1.0
2026-09-10T14:52:22+08:00 3.05 3.00 0.00 1.11 1.0
2026-09-10T14:52:32+08:00 2.65 2.63 0.00 1.09 1.0
2026-09-10T14:52:42+08:00 5.06 5.05 0.00 1.16 1.0
2026-09-10T14:52:49+08:00 1.86 1.85 0.00 1.13 1.0
2026-09-10T14:52:59+08:00 2.12 2.12 0.00 1.19 1.0
2026-09-10T14:53:09+08:00 1.58 1.58 0.00 1.16 1.0
2026-09-10T14:53:17+08:00 0.76 0.76 0.00 1.13 1.0
2026-09-10T14:53:27+08:00 0.78 0.78 0.00 1.11 1.0
2026-09-10T14:53:37+08:00 0.68 0.68 0.00 1.17 1.0
2026-09-10T14:53:44+08:00 8.48 8.30 0.00 1.06 0.0
2026-09-10T14:53:55+08:00 45.17 45.01 0.00 1.05 0.0
2026-09-10T14:54:05+08:00 33.01 32.94 0.00 0.96 4.0
2026-09-10T14:54:12+08:00 12.15 12.12 0.00 0.97 5.0
2026-09-10T14:54:22+08:00 8.15 8.06 0.00 0.98 9.0
2026-09-10T14:54:32+08:00 6.38 6.34 0.00 0.98 10.0
2026-09-10T14:54:40+08:00 2.71 2.69 0.00 1.06 5.0
2026-09-10T14:54:50+08:00 1.81 1.80 0.00 1.05 15.0
2026-09-10T14:55:00+08:00 0.74 0.74 0.00 1.04 4.0
2026-09-10T14:55:07+08:00 1.44 1.44 0.00 1.04 7.0
2026-09-10T14:55:17+08:00 0.64 0.64 0.00 1.03 3.0
2026-09-10T14:55:27+08:00 0.31 0.31 0.00 1.10 8.0
2026-09-10T14:55:35+08:00 0.86 0.86 0.00 1.08 10.0
2026-09-10T14:55:45+08:00 0.40 0.40 0.00 1.07 9.0
2026-09-10T14:55:55+08:00 0.14 0.14 0.00 1.06 5.0
2026-09-10T14:56:02+08:00 0.75 0.75 0.00 1.27 7.0
2026-09-10T14:56:13+08:00 1.98 1.98 0.00 1.23 11.0
2026-09-10T14:56:23+08:00 0.99 0.99 0.00 1.19 5.0
2026-09-10T14:56:30+08:00 4.09 4.09 0.00 1.31 8.0
2026-09-10T14:56:40+08:00 3.62 3.62 0.00 1.26 5.0
2026-09-10T14:56:50+08:00 2.76 2.76 0.00 1.22 4.0
2026-09-10T14:56:58+08:00 1.79 1.79 0.00 1.19 13.0
2026-09-10T14:57:08+08:00 0.95 0.95 0.00 1.16 8.0
2026-09-10T14:57:18+08:00 2.06 2.06 0.00 1.13 6.0
2026-09-10T14:57:25+08:00 4.00 4.00 0.00 1.11 9.0
2026-09-10T14:57:35+08:00 1.47 1.47 0.00 1.09 12.0
2026-09-10T14:57:45+08:00 0.90 0.90 0.00 1.08 12.0
2026-09-10T14:57:53+08:00 1.89 1.89 0.00 1.36 11.0
2026-09-10T14:58:03+08:00 3.28 3.28 0.00 1.31 4.0
2026-09-10T14:58:13+08:00 2.17 2.17 0.00 1.26 7.0
2026-09-10T14:58:20+08:00 1.34 1.34 0.00 1.37 7.0
2026-09-10T14:58:30+08:00 2.44 2.44 0.00 1.31 0.0
2026-09-10T14:58:41+08:00 4.11 4.11 0.00 1.18 1.0
2026-09-10T14:58:48+08:00 4.68 4.68 0.00 1.23 1.0
2026-09-10T14:58:58+08:00 4.18 4.18 0.00 1.19 1.0
2026-09-10T14:59:08+08:00 9.55 9.55 0.00 1.16 1.0
2026-09-10T14:59:16+08:00 5.27 5.27 0.00 1.22 1.0
2026-09-10T14:59:26+08:00 3.70 3.70 0.00 1.18 0.0
2026-09-10T14:59:36+08:00 2.76 2.76 0.00 1.07 14.0
2026-09-10T14:59:43+08:00 1.83 1.83 0.00 1.06 19.0
2026-09-10T14:59:53+08:00 1.60 1.60 0.00 1.05 20.0
2026-09-10T15:00:03+08:00 4.37 4.37 0.00 1.12 24.0
2026-09-10T15:00:11+08:00 2.99 2.99 0.00 1.18 17.0
2026-09-10T15:00:21+08:00 1.82 1.82 0.00 1.15 22.0
2026-09-10T15:00:31+08:00 1.81 1.81 0.00 1.13 23.0
2026-09-10T15:00:39+08:00 1.82 1.82 0.00 1.40 22.0
2026-09-10T15:00:49+08:00 0.81 0.81 0.00 1.34 11.0
2026-09-10T15:00:59+08:00 0.45 0.45 0.00 1.58 18.0
2026-09-10T15:01:06+08:00 2.30 2.30 0.00 1.49 17.0
2026-09-10T15:01:16+08:00 2.29 2.29 0.00 1.42 15.0
2026-09-10T15:01:26+08:00 0.84 0.84 0.00 1.35 7.0
2026-09-10T15:01:34+08:00 0.57 0.57 0.00 1.30 16.0
2026-09-10T15:01:44+08:00 0.39 0.39 0.00 1.25 20.0
2026-09-10T15:01:54+08:00 0.30 0.30 0.00 1.21 9.0
2026-09-10T15:02:01+08:00 1.27 1.27 0.00 1.26 13.0
2026-09-10T15:02:11+08:00 0.54 0.54 0.00 1.22 18.0
2026-09-10T15:02:22+08:00 0.24 0.24 0.00 1.18 14.0
2026-09-10T15:02:29+08:00 3.02 3.02 0.00 1.16 27.0
2026-09-10T15:02:39+08:00 9.62 9.44 0.00 1.13 24.0
2026-09-10T15:02:49+08:00 4.52 4.44 0.00 1.11 20.0
2026-09-10T15:02:57+08:00 2.69 2.66 0.00 1.17 18.0
2026-09-10T15:03:07+08:00 1.84 1.83 0.00 1.14 15.0
2026-09-10T15:03:17+08:00 2.50 2.41 0.00 1.12 11.0
2026-09-10T15:03:24+08:00 1.34 1.31 0.00 1.10 21.0
2026-09-10T15:03:34+08:00 0.60 0.58 0.00 1.08 11.0
2026-09-10T15:03:44+08:00 0.22 0.21 0.00 1.07 23.0
2026-09-10T15:03:52+08:00 0.77 0.67 0.00 1.14 14.0
2026-09-10T15:04:02+08:00 2.45 2.42 0.00 1.12 0.0
2026-09-10T15:04:12+08:00 3.09 3.07 0.00 1.10 0.0
2026-09-10T15:04:20+08:00 3.82 3.82 0.00 1.01 1.0
2026-09-10T15:04:30+08:00 2.10 2.09 0.00 1.08 1.0
2026-09-10T15:04:40+08:00 1.93 1.93 0.00 1.07 1.0
2026-09-10T15:04:47+08:00 1.71 1.71 0.00 1.06 1.0
2026-09-10T15:04:57+08:00 1.62 1.62 0.00 1.05 1.0
2026-09-10T15:05:07+08:00 1.00 1.00 0.00 0.96 0.0
2026-09-10T15:05:15+08:00 0.97 0.79 0.00 0.97 11.0
2026-09-10T15:05:25+08:00 0.43 0.35 0.00 0.97 11.0
2026-09-10T15:05:35+08:00 0.40 0.37 0.00 0.98 18.0
2026-09-10T15:05:42+08:00 1.64 1.63 0.00 1.05 15.0
2026-09-10T15:05:52+08:00 1.55 1.55 0.00 1.19 13.0
2026-09-10T15:06:02+08:00 0.72 0.71 0.00 1.16 24.0
2026-09-10T15:06:10+08:00 0.62 0.62 0.00 1.14 20.0
2026-09-10T15:06:20+08:00 0.22 0.22 0.00 1.12 19.0
2026-09-10T15:06:30+08:00 0.10 0.10 0.00 1.10 14.0
2026-09-10T15:06:38+08:00 3.15 3.15 0.00 1.08 20.0
2026-09-10T15:06:48+08:00 1.15 1.15 0.00 1.07 17.0
2026-09-10T15:06:58+08:00 0.52 0.52 0.00 1.06 13.0
2026-09-10T15:07:05+08:00 3.04 3.04 0.00 1.13 23.0
2026-09-10T15:07:15+08:00 3.12 3.12 0.00 1.63 14.0
2026-09-10T15:07:25+08:00 1.15 1.15 0.00 1.68 16.0
2026-09-10T15:07:33+08:00 3.86 3.86 0.00 1.58 27.0
2026-09-10T15:07:43+08:00 7.16 7.04 0.00 1.57 11.0
2026-09-10T15:07:53+08:00 7.79 7.56 0.00 1.48 13.0
2026-09-10T15:08:01+08:00 4.30 4.20 0.00 1.41 16.0
2026-09-10T15:08:11+08:00 1.58 1.54 0.00 1.34 18.0
2026-09-10T15:08:21+08:00 0.83 0.81 0.00 1.29 18.0
2026-09-10T15:08:28+08:00 0.60 0.60 0.00 1.33 19.0
2026-09-10T15:08:38+08:00 0.22 0.22 0.00 1.27 18.0
2026-09-10T15:08:48+08:00 2.89 2.88 0.00 1.23 11.0
2026-09-10T15:08:56+08:00 1.36 1.36 0.00 1.20 15.0
2026-09-10T15:09:06+08:00 0.61 0.61 0.00 1.16 16.0
2026-09-10T15:09:16+08:00 3.56 3.56 0.00 1.21 20.0
2026-09-10T15:09:23+08:00 3.02 3.02 0.00 1.25 26.0
2026-09-10T15:09:33+08:00 1.99 1.99 0.00 1.21 26.0
2026-09-10T15:09:43+08:00 1.38 1.38 0.00 1.18 11.0
2026-09-10T15:09:51+08:00 2.51 2.51 0.00 1.15 0.0
2026-09-10T15:10:01+08:00 0.92 0.92 0.00 1.05 1.0
2026-09-10T15:10:11+08:00 0.82 0.82 0.00 0.96 1.0
2026-09-10T15:10:19+08:00 1.77 1.77 0.00 0.97 1.0
2026-09-10T15:10:29+08:00 0.83 0.83 0.00 0.97 1.0
2026-09-10T15:10:39+08:00 1.15 1.15 0.00 1.05 1.0
2026-09-10T15:10:46+08:00 3.08 3.08 0.00 1.04 0.0
2026-09-10T15:10:56+08:00 3.54 3.54 0.00 1.04 17.0
2026-09-10T15:11:06+08:00 2.56 2.56 0.00 1.19 23.0
2026-09-10T15:11:14+08:00 1.09 1.09 0.00 1.16 13.0
2026-09-10T15:11:24+08:00 0.79 0.79 0.00 1.13 27.0
2026-09-10T15:11:34+08:00 0.83 0.83 0.00 1.11 27.0
2026-09-10T15:11:41+08:00 2.86 2.86 0.00 1.18 27.0
2026-09-10T15:11:51+08:00 1.28 1.28 0.00 1.23 16.0
2026-09-10T15:12:01+08:00 2.11 2.11 0.00 1.19 25.0
2026-09-10T15:12:09+08:00 1.85 1.85 0.00 1.24 13.0
2026-09-10T15:12:19+08:00 3.81 3.71 0.00 1.20 20.0
2026-09-10T15:12:29+08:00 1.71 1.66 0.00 1.17 29.0
2026-09-10T15:12:37+08:00 2.14 2.13 0.00 1.14 23.0
2026-09-10T15:12:47+08:00 0.79 0.78 0.00 1.12 21.0
2026-09-10T15:12:57+08:00 1.07 1.07 0.00 1.18 20.0
2026-09-10T15:13:04+08:00 1.12 1.12 0.00 1.15 18.0
2026-09-10T15:13:14+08:00 0.50 0.50 0.00 1.13 19.0
2026-09-10T15:13:24+08:00 0.91 0.91 0.00 1.11 19.0
2026-09-10T15:13:32+08:00 0.77 0.77 0.00 1.09 17.0
2026-09-10T15:13:42+08:00 0.35 0.35 0.00 1.08 21.0
2026-09-10T15:13:52+08:00 0.27 0.27 0.00 1.06 21.0
2026-09-10T15:13:59+08:00 1.69 1.69 0.00 1.05 21.0
2026-09-10T15:14:09+08:00 4.68 4.68 0.00 1.12 26.0
2026-09-10T15:14:19+08:00 2.44 2.44 0.00 1.10 20.0
2026-09-10T15:14:27+08:00 1.79 1.79 0.00 1.08 18.0
2026-09-10T15:14:37+08:00 2.24 2.24 0.00 1.07 19.0
2026-09-10T15:14:47+08:00 4.70 4.70 0.00 1.14 16.0
2026-09-10T15:14:55+08:00 2.40 2.40 0.00 1.12 27.0
2026-09-10T15:15:05+08:00 1.29 1.29 0.00 1.10 17.0
2026-09-10T15:15:15+08:00 1.17 1.17 0.00 1.08 19.0
2026-09-10T15:15:22+08:00 3.99 3.84 0.00 1.07 24.0
2026-09-10T15:15:32+08:00 2.82 2.75 0.00 1.06 0.0
2026-09-10T15:15:42+08:00 4.11 4.09 0.00 0.98 0.0
2026-09-10T15:15:50+08:00 3.64 3.63 0.00 0.90 1.0
2026-09-10T15:16:00+08:00 2.12 2.11 0.00 0.99 1.0
2026-09-10T15:16:10+08:00 2.35 2.35 0.00 0.99 1.0
2026-09-10T15:16:17+08:00 2.09 2.09 0.00 1.07 1.0
2026-09-10T15:16:27+08:00 2.70 2.70 0.00 1.06 1.0
2026-09-10T15:16:38+08:00 1.21 1.21 0.00 1.13 0.0
2026-09-10T15:16:45+08:00 1.89 1.89 0.00 1.03 26.0
2026-09-10T15:16:55+08:00 0.69 0.69 0.00 1.03 20.0
2026-09-10T15:17:05+08:00 1.94 1.94 0.00 1.02 15.0
2026-09-10T15:17:13+08:00 1.95 1.95 0.00 1.10 24.0
2026-09-10T15:17:23+08:00 0.87 0.87 0.00 1.08 26.0
2026-09-10T15:17:33+08:00 0.70 0.70 0.00 1.07 22.0
2026-09-10T15:17:40+08:00 0.40 0.40 0.00 1.13 18.0
2026-09-10T15:17:50+08:00 0.18 0.18 0.00 1.11 24.0
2026-09-10T15:18:00+08:00 10.23 10.23 0.00 1.17 31.0
2026-09-10T15:18:08+08:00 4.99 4.99 0.00 1.46 17.0
2026-09-10T15:18:18+08:00 2.73 2.73 0.00 1.39 17.0
2026-09-10T15:18:28+08:00 1.00 1.00 0.00 1.56 25.0
2026-09-10T15:18:36+08:00 0.99 0.99 0.00 1.47 20.0
2026-09-10T15:18:46+08:00 0.95 0.95 0.00 1.47 22.0
2026-09-10T15:18:56+08:00 2.79 2.79 0.00 1.40 21.0
2026-09-10T15:19:03+08:00 1.41 1.41 0.00 1.31 19.0
2026-09-10T15:19:13+08:00 2.46 2.46 0.00 1.41 13.0
2026-09-10T15:19:23+08:00 1.25 1.25 0.00 1.35 15.0
2026-09-10T15:19:31+08:00 1.50 1.50 0.00 1.29 29.0
2026-09-10T15:19:41+08:00 1.30 1.30 0.00 1.25 23.0
2026-09-10T15:19:51+08:00 0.47 0.47 0.00 1.21 15.0
2026-09-10T15:19:59+08:00 1.41 1.41 0.00 1.18 22.0
2026-09-10T15:20:09+08:00 0.63 0.63 0.00 1.15 23.0
2026-09-10T15:20:19+08:00 0.23 0.23 0.00 1.29 20.0
2026-09-10T15:20:26+08:00 1.30 1.30 0.00 1.24 18.0
2026-09-10T15:20:36+08:00 0.48 0.48 0.00 1.50 23.0
2026-09-10T15:20:46+08:00 3.83 3.83 0.00 1.35 27.0
2026-09-10T15:20:54+08:00 1.41 1.41 0.00 1.29 20.0
2026-09-10T15:21:04+08:00 1.40 1.40 0.00 1.25 23.0
2026-09-10T15:21:14+08:00 0.63 0.63 0.00 1.21 21.0
2026-09-10T15:21:21+08:00 0.38 0.38 0.00 1.10 0.0
2026-09-10T15:21:31+08:00 1.94 1.94 0.00 1.08 0.0
2026-09-10T15:21:41+08:00 0.71 0.71 0.00 1.00 1.0
2026-09-10T15:21:49+08:00 1.09 1.09 0.00 1.07 1.0
2026-09-10T15:21:59+08:00 2.87 2.87 0.00 1.06 1.0
2026-09-10T15:22:09+08:00 2.32 2.32 0.00 1.21 1.0
2026-09-10T15:22:17+08:00 13.84 13.55 0.00 1.32 1.0
2026-09-10T15:22:27+08:00 5.86 5.75 0.00 1.35 0.0
2026-09-10T15:22:37+08:00 3.81 3.77 0.00 1.29 24.0
2026-09-10T15:22:44+08:00 4.68 4.66 0.00 1.25 17.0
2026-09-10T15:22:54+08:00 2.16 2.16 0.00 1.21 25.0
2026-09-10T15:23:04+08:00 1.07 1.07 0.00 1.47 30.0
2026-09-10T15:23:12+08:00 2.74 2.73 0.00 1.40 15.0
2026-09-10T15:23:22+08:00 1.08 1.08 0.00 1.42 31.0
2026-09-10T15:23:32+08:00 1.56 1.56 0.00 1.35 17.0
2026-09-10T15:23:39+08:00 0.89 0.89 0.00 1.30 23.0
2026-09-10T15:23:49+08:00 2.58 2.58 0.00 1.25 25.0
2026-09-10T15:23:59+08:00 1.31 1.31 0.00 1.29 25.0
2026-09-10T15:24:07+08:00 2.71 2.71 0.00 1.32 22.0
2026-09-10T15:24:17+08:00 2.30 2.30 0.00 1.27 12.0
2026-09-10T15:24:27+08:00 0.84 0.84 0.00 1.23 22.0
2026-09-10T15:24:35+08:00 2.60 2.60 0.00 1.27 24.0
2026-09-10T15:24:45+08:00 4.03 3.83 0.00 1.23 22.0
2026-09-10T15:24:55+08:00 2.09 2.00 0.00 1.20 30.0
2026-09-10T15:25:02+08:00 1.21 1.18 0.00 1.33 21.0
2026-09-10T15:25:12+08:00 0.85 0.84 0.00 1.27 26.0
2026-09-10T15:25:22+08:00 0.38 0.37 0.00 1.23 26.0
2026-09-10T15:25:30+08:00 1.85 1.85 0.00 1.20 29.0
2026-09-10T15:25:40+08:00 0.83 0.83 0.00 1.16 19.0
2026-09-10T15:25:50+08:00 1.70 1.70 0.00 1.22 26.0
2026-09-10T15:25:57+08:00 1.31 1.31 0.00 1.11 22.0
2026-09-10T15:26:07+08:00 0.79 0.79 0.00 1.09 33.0
2026-09-10T15:26:18+08:00 0.92 0.92 0.00 1.39 21.0
2026-09-10T15:26:25+08:00 4.92 4.92 0.00 1.33 32.0
2026-09-10T15:26:35+08:00 2.30 2.30 0.00 1.20 20.0
2026-09-10T15:26:45+08:00 0.93 0.93 0.00 1.17 35.0
2026-09-10T15:26:53+08:00 5.08 4.93 0.00 1.22 26.0
2026-09-10T15:27:03+08:00 1.87 1.81 0.00 1.18 29.0
2026-09-10T15:27:13+08:00 0.84 0.81 0.00 1.16 0.0
2026-09-10T15:27:20+08:00 1.52 1.52 0.00 1.14 0.0
2026-09-10T15:27:30+08:00 4.22 4.22 0.00 1.12 0.0
2026-09-10T15:27:40+08:00 2.56 2.55 0.00 1.10 1.0
2026-09-10T15:27:48+08:00 1.96 1.96 0.00 1.38 1.0
2026-09-10T15:27:58+08:00 0.88 0.88 0.00 1.32 1.0
2026-09-10T15:28:08+08:00 3.49 3.49 0.00 1.27 1.0
2026-09-10T15:28:16+08:00 2.28 2.28 0.00 1.15 0.0
2026-09-10T15:28:26+08:00 1.02 1.02 0.00 1.13 34.0
2026-09-10T15:28:36+08:00 0.94 0.94 0.00 1.11 29.0
2026-09-10T15:28:43+08:00 0.57 0.57 0.00 1.09 21.0
2026-09-10T15:28:53+08:00 2.08 2.08 0.00 1.08 36.0
2026-09-10T15:29:03+08:00 3.27 2.52 0.00 1.06 30.0
2026-09-10T15:29:11+08:00 2.66 2.39 0.00 1.05 24.0
2026-09-10T15:29:21+08:00 0.97 0.87 0.00 1.05 36.0
2026-09-10T15:29:31+08:00 0.43 0.39 0.00 1.04 21.0
2026-09-10T15:29:38+08:00 1.90 1.89 0.00 1.11 30.0
2026-09-10T15:29:48+08:00 0.85 0.85 0.00 1.09 18.0
2026-09-10T15:29:58+08:00 0.31 0.31 0.00 1.08 19.0
2026-09-10T15:30:06+08:00 1.32 1.32 0.00 1.14 26.0
2026-09-10T15:30:16+08:00 2.67 2.48 0.00 1.12 18.0
2026-09-10T15:30:26+08:00 1.10 1.03 0.00 1.10 21.0
2026-09-10T15:30:34+08:00 1.78 1.75 0.00 1.09 20.0
2026-09-10T15:30:44+08:00 1.14 1.13 0.00 1.37 28.0
2026-09-10T15:30:54+08:00 2.61 2.60 0.00 1.31 30.0
2026-09-10T15:31:01+08:00 1.39 1.39 0.00 1.34 18.0
2026-09-10T15:31:11+08:00 1.57 1.57 0.00 1.20 30.0
2026-09-10T15:31:21+08:00 1.99 1.99 0.00 1.25 26.0
2026-09-10T15:31:29+08:00 1.96 1.96 0.00 1.37 25.0
2026-09-10T15:31:39+08:00 1.81 1.81 0.00 1.39 28.0
2026-09-10T15:31:49+08:00 2.00 2.00 0.00 1.33 16.0
2026-09-10T15:31:56+08:00 1.02 1.02 0.00 1.43 25.0
2026-09-10T15:32:06+08:00 0.45 0.45 0.00 1.36 25.0
2026-09-10T15:32:17+08:00 0.16 0.16 0.00 1.30 19.0
2026-09-10T15:32:24+08:00 1.92 1.92 0.00 1.41 26.0
2026-09-10T15:32:34+08:00 1.37 1.37 0.00 1.34 19.0
2026-09-10T15:32:44+08:00 0.58 0.58 0.00 1.37 30.0
2026-09-10T15:32:52+08:00 0.50 0.50 0.00 1.46 24.0
2026-09-10T15:33:02+08:00 0.51 0.51 0.00 1.39 0.0
2026-09-10T15:33:12+08:00 0.22 0.22 0.00 1.33 0.0
2026-09-10T15:33:19+08:00 0.53 0.53 0.00 1.59 1.0
2026-09-10T15:33:29+08:00 0.80 0.80 0.00 1.50 1.0
2026-09-10T15:33:39+08:00 0.35 0.35 0.00 1.42 1.0
2026-09-10T15:33:47+08:00 1.10 1.10 0.00 1.50 1.0
2026-09-10T15:33:57+08:00 5.55 5.55 0.00 1.42 1.0
2026-09-10T15:34:07+08:00 2.24 2.24 0.00 1.36 0.0
2026-09-10T15:34:15+08:00 4.72 4.72 0.00 1.52 27.0
2026-09-10T15:34:25+08:00 3.01 2.86 0.00 1.44 40.0
2026-09-10T15:34:35+08:00 1.10 1.05 0.00 1.37 40.0
2026-09-10T15:34:42+08:00 0.71 0.69 0.00 1.54 39.0
2026-09-10T15:34:52+08:00 8.06 8.05 0.00 1.45 40.0
2026-09-10T15:35:02+08:00 3.37 3.37 0.00 1.46 40.0
2026-09-10T15:35:10+08:00 1.63 1.63 0.00 1.77 38.0
2026-09-10T15:35:20+08:00 1.33 1.33 0.00 1.65 29.0
2026-09-10T15:35:30+08:00 0.84 0.84 0.00 1.77 40.0
2026-09-10T15:35:37+08:00 1.85 1.85 0.00 1.80 32.0
2026-09-10T15:35:47+08:00 1.34 1.34 0.00 1.68 40.0
2026-09-10T15:35:57+08:00 0.96 0.96 0.00 1.57 39.0
2026-09-10T15:36:05+08:00 2.26 2.26 0.00 1.63 39.0
2026-09-10T15:36:15+08:00 1.31 1.31 0.00 1.53 40.0
2026-09-10T15:36:25+08:00 3.41 3.41 0.00 1.45 40.0
2026-09-10T15:36:33+08:00 1.53 1.53 0.00 1.46 40.0
2026-09-10T15:36:43+08:00 1.10 1.10 0.00 1.39 40.0
2026-09-10T15:36:53+08:00 1.07 1.07 0.00 1.41 40.0
2026-09-10T15:37:00+08:00 1.07 1.07 0.00 1.57 40.0
2026-09-10T15:37:10+08:00 1.00 1.00 0.00 1.56 40.0
2026-09-10T15:37:20+08:00 0.45 0.45 0.00 1.47 40.0
2026-09-10T15:37:28+08:00 3.97 3.97 0.00 1.70 40.0
2026-09-10T15:37:38+08:00 2.16 2.16 0.00 1.59 40.0
2026-09-10T15:37:48+08:00 1.27 1.27 0.00 1.50 23.0
2026-09-10T15:37:55+08:00 1.37 1.37 0.00 1.57 29.0
2026-09-10T15:38:05+08:00 0.73 0.73 0.00 1.48 40.0
2026-09-10T15:38:16+08:00 0.27 0.27 0.00 1.41 36.0
2026-09-10T15:38:23+08:00 1.48 1.48 0.00 1.57 40.0
2026-09-10T15:38:33+08:00 1.05 1.05 0.00 1.48 40.0
2026-09-10T15:38:43+08:00 1.12 1.12 0.00 1.49 32.0
2026-09-10T15:38:51+08:00 2.69 2.69 0.00 1.48 0.0
2026-09-10T15:39:01+08:00 2.78 2.78 0.00 1.41 0.0
2026-09-10T15:39:11+08:00 1.20 1.20 0.00 1.34 0.0
2026-09-10T15:39:18+08:00 0.66 0.66 0.00 1.29 1.0
2026-09-10T15:39:28+08:00 0.48 0.48 0.00 1.25 1.0
2026-09-10T15:39:38+08:00 1.90 1.90 0.00 1.21 1.0
2026-09-10T15:39:46+08:00 5.75 5.75 0.00 1.17 1.0
2026-09-10T15:39:56+08:00 2.82 2.82 0.00 1.15 1.0
2026-09-10T15:40:06+08:00 1.71 1.71 0.00 1.12 0.0
2026-09-10T15:40:14+08:00 0.81 0.81 0.00 1.10 40.0
2026-09-10T15:40:24+08:00 1.39 1.39 0.00 1.09 40.0
2026-09-10T15:40:34+08:00 1.70 1.70 0.00 1.15 40.0
2026-09-10T15:40:41+08:00 0.88 0.88 0.00 1.20 40.0
2026-09-10T15:40:51+08:00 0.68 0.68 0.00 1.17 39.0
2026-09-10T15:41:01+08:00 0.43 0.43 0.00 1.15 39.0
2026-09-10T15:41:09+08:00 1.70 1.70 0.00 1.27 39.0
2026-09-10T15:41:19+08:00 1.59 1.59 0.00 1.31 39.0
2026-09-10T15:41:29+08:00 0.71 0.71 0.00 1.34 40.0
2026-09-10T15:41:36+08:00 0.46 0.46 0.00 1.37 40.0
2026-09-10T15:41:46+08:00 0.31 0.31 0.00 1.39 40.0
2026-09-10T15:41:56+08:00 0.38 0.38 0.00 1.33 39.0
2026-09-10T15:42:04+08:00 0.24 0.24 0.18 1.28 40.0
2026-09-10T15:42:14+08:00 2.78 2.78 0.08 1.31 40.0
2026-09-10T15:42:24+08:00 1.32 1.32 0.02 1.26 40.0
2026-09-10T15:42:32+08:00 4.44 4.44 0.00 1.37 40.0
2026-09-10T15:42:42+08:00 2.84 2.84 0.00 1.31 40.0
2026-09-10T15:42:52+08:00 1.04 1.04 0.00 1.34 40.0
2026-09-10T15:42:59+08:00 0.77 0.77 0.00 1.36 40.0
2026-09-10T15:43:09+08:00 4.84 4.84 0.00 1.38 40.0
2026-09-10T15:43:19+08:00 3.57 3.57 0.00 1.32 40.0
2026-09-10T15:43:27+08:00 1.82 1.82 0.00 1.35 38.0
2026-09-10T15:43:37+08:00 1.00 1.00 0.00 1.37 39.0
2026-09-10T15:43:47+08:00 1.29 1.29 0.00 1.31 40.0
2026-09-10T15:43:54+08:00 0.57 0.57 0.00 1.35 40.0
2026-09-10T15:44:04+08:00 0.25 0.25 0.00 1.45 40.0
2026-09-10T15:44:14+08:00 0.19 0.19 0.00 1.82 40.0
2026-09-10T15:44:22+08:00 0.17 0.17 0.00 1.69 40.0
2026-09-10T15:44:32+08:00 0.07 0.07 0.00 1.74 39.0
2026-09-10T15:44:42+08:00 4.19 4.19 0.00 1.71 40.0
2026-09-10T15:44:50+08:00 2.00 2.00 0.00 1.67 38.0
2026-09-10T15:45:00+08:00 0.73 0.73 0.00 1.57 40.0
2026-09-10T15:45:10+08:00 1.72 1.72 0.00 1.48 39.0
2026-09-10T15:45:17+08:00 1.55 1.55 0.00 1.41 40.0
2026-09-10T15:45:27+08:00 1.65 1.65 0.00 1.34 39.0
2026-09-10T15:45:37+08:00 1.68 1.68 0.00 1.29 0.0
2026-09-10T15:45:45+08:00 0.71 0.71 0.00 1.25 0.0
2026-09-10T15:45:55+08:00 0.26 0.26 0.00 1.28 0.0
2026-09-10T15:46:05+08:00 0.66 0.66 0.00 1.32 0.0
2026-09-10T15:46:13+08:00 1.38 1.38 0.00 1.27 1.0
2026-09-10T15:46:23+08:00 0.62 0.62 0.00 1.23 1.0
2026-09-10T15:46:33+08:00 1.69 1.69 0.00 1.19 1.0
2026-09-10T15:46:40+08:00 0.72 0.72 0.00 1.24 1.0
2026-09-10T15:46:50+08:00 0.32 0.32 0.00 1.20 1.0
2026-09-10T15:47:00+08:00 1.27 1.27 0.00 1.17 0.0
2026-09-10T15:47:08+08:00 0.77 0.77 0.00 1.14 40.0
2026-09-10T15:47:18+08:00 1.07 1.07 0.00 1.35 40.0
2026-09-10T15:47:28+08:00 0.69 0.69 0.00 1.29 40.0
2026-09-10T15:47:35+08:00 0.41 0.41 0.00 1.25 40.0
2026-09-10T15:47:45+08:00 1.09 1.09 0.00 1.36 40.0
2026-09-10T15:47:55+08:00 0.49 0.49 0.00 1.31 40.0
2026-09-10T15:48:03+08:00 0.97 0.97 0.00 1.41 40.0
2026-09-10T15:48:13+08:00 1.53 1.53 0.00 1.43 40.0
2026-09-10T15:48:23+08:00 3.50 3.38 0.00 1.36 40.0
2026-09-10T15:48:31+08:00 1.38 1.34 0.00 1.30 40.0
2026-09-10T15:48:41+08:00 2.45 2.43 0.00 1.49 40.0
2026-09-10T15:48:51+08:00 2.04 2.03 0.00 1.57 40.0
2026-09-10T15:48:58+08:00 1.29 1.29 0.00 1.56 37.0
2026-09-10T15:49:08+08:00 1.72 1.72 0.00 1.71 39.0
2026-09-10T15:49:18+08:00 0.63 0.63 0.00 1.75 40.0
2026-09-10T15:49:26+08:00 3.04 2.94 0.00 1.87 40.0
2026-09-10T15:49:36+08:00 1.66 1.62 0.00 1.73 40.0
2026-09-10T15:49:46+08:00 0.61 0.59 0.00 1.62 39.0
2026-09-10T15:49:54+08:00 0.37 0.36 0.00 1.60 39.0
2026-09-10T15:50:04+08:00 0.13 0.13 0.00 1.59 39.0
2026-09-10T15:50:14+08:00 0.73 0.73 0.00 1.57 39.0
2026-09-10T15:50:21+08:00 0.27 0.27 0.00 1.49 39.0
2026-09-10T15:50:31+08:00 0.12 0.12 0.00 1.48 40.0
2026-09-10T15:50:41+08:00 0.54 0.54 0.00 1.41 40.0
2026-09-10T15:50:49+08:00 0.76 0.76 0.00 1.35 40.0
2026-09-10T15:50:59+08:00 0.34 0.34 0.00 1.37 40.0
2026-09-10T15:51:09+08:00 1.01 1.01 0.00 1.39 40.0
2026-09-10T15:51:17+08:00 1.25 1.25 0.00 1.48 40.0
2026-09-10T15:51:27+08:00 1.05 1.05 0.00 1.40 39.0
2026-09-10T15:51:36+08:00 1.57 1.57 0.00 1.34 40.0
2026-09-10T15:51:44+08:00 2.00 2.00 0.00 1.44 40.0
2026-09-10T15:51:54+08:00 4.17 4.17 0.00 1.37 40.0
2026-09-10T15:52:03+08:00 1.87 1.87 0.00 1.31 40.0
2026-09-10T15:52:12+08:00 0.87 0.87 0.00 1.34 40.0
2026-09-10T15:52:22+08:00 1.49 1.49 0.00 1.29 39.0
2026-09-10T15:52:31+08:00 3.02 3.02 0.00 1.32 40.0
2026-09-10T15:52:39+08:00 1.35 1.35 0.00 1.27 39.0
2026-09-10T15:52:49+08:00 0.60 0.60 0.00 1.23 39.0
2026-09-10T15:52:58+08:00 1.31 1.31 0.00 1.12 40.0
2026-09-10T15:53:07+08:00 0.56 0.56 0.00 1.17 38.0
2026-09-10T15:53:17+08:00 0.25 0.25 0.00 1.22 40.0
2026-09-10T15:53:25+08:00 0.09 0.09 0.00 1.19 40.0
2026-09-10T15:53:35+08:00 1.85 1.85 0.00 1.16 0.0
2026-09-10T15:53:45+08:00 2.49 2.49 0.00 1.13 0.0
2026-09-10T15:53:52+08:00 1.36 1.36 0.00 1.11 0.0
2026-09-10T15:54:02+08:00 4.46 4.46 0.00 1.09 1.0
2026-09-10T15:54:12+08:00 1.64 1.64 0.00 1.08 1.0
2026-09-10T15:54:20+08:00 0.73 0.73 0.00 1.07 1.0
2026-09-10T15:54:30+08:00 5.86 5.86 0.00 1.20 1.0
2026-09-10T15:54:40+08:00 13.75 13.39 0.00 1.17 1.0
2026-09-10T15:54:47+08:00 6.19 6.06 0.00 1.22 0.0
2026-09-10T15:54:57+08:00 11.53 11.48 0.00 1.11 0.0
2026-09-10T15:55:07+08:00 5.33 5.31 0.00 1.09 40.0
2026-09-10T15:55:15+08:00 2.06 2.05 0.00 1.08 40.0
2026-09-10T15:55:25+08:00 1.12 1.12 0.00 1.07 40.0
2026-09-10T15:55:35+08:00 1.05 1.05 0.00 1.14 40.0
2026-09-10T15:55:43+08:00 0.63 0.63 0.00 1.12 40.0
2026-09-10T15:55:53+08:00 6.34 6.34 0.00 1.32 40.0
2026-09-10T15:56:03+08:00 9.16 9.16 0.00 1.35 40.0
2026-09-10T15:56:10+08:00 4.12 4.12 0.00 1.30 39.0
2026-09-10T15:56:20+08:00 1.59 1.59 0.00 1.25 40.0
2026-09-10T15:56:30+08:00 0.58 0.58 0.00 1.21 40.0
2026-09-10T15:56:38+08:00 1.30 1.30 0.00 1.41 40.0
2026-09-10T15:56:48+08:00 1.70 1.70 0.00 1.49 40.0
2026-09-10T15:56:58+08:00 1.55 1.55 0.00 1.50 39.0
2026-09-10T15:57:05+08:00 2.60 2.60 0.00 1.57 40.0
2026-09-10T15:57:16+08:00 1.92 1.92 0.00 1.63 40.0
2026-09-10T15:57:26+08:00 1.26 1.26 0.00 1.54 40.0
2026-09-10T15:57:33+08:00 0.76 0.76 0.00 1.45 40.0
2026-09-10T15:57:43+08:00 3.07 3.07 0.00 1.46 40.0
2026-09-10T15:57:53+08:00 1.29 1.29 0.00 1.47 39.0
2026-09-10T15:58:01+08:00 3.19 3.19 0.00 1.47 39.0
2026-09-10T15:58:11+08:00 3.94 3.94 0.00 1.54 40.0
2026-09-10T15:58:21+08:00 1.59 1.59 0.00 1.46 40.0
2026-09-10T15:58:28+08:00 2.64 2.64 0.00 1.55 40.0
2026-09-10T15:58:38+08:00 4.18 4.03 0.00 1.70 40.0
2026-09-10T15:58:48+08:00 1.97 1.91 0.00 1.60 40.0
2026-09-10T15:58:56+08:00 1.20 0.94 0.00 1.50 40.0
2026-09-10T15:59:06+08:00 0.60 0.51 0.00 1.43 40.0
2026-09-10T15:59:16+08:00 0.51 0.47 0.00 1.43 40.0
2026-09-10T15:59:24+08:00 4.80 4.71 0.00 1.44 40.0
2026-09-10T15:59:34+08:00 3.60 3.55 0.00 1.53 40.0
2026-09-10T15:59:44+08:00 2.32 2.30 0.00 1.52 40.0
2026-09-10T15:59:51+08:00 1.39 1.39 0.00 1.44 40.0
2026-09-10T16:00:01+08:00 1.25 1.25 0.00 1.45 40.0
2026-09-10T16:00:11+08:00 0.54 0.54 0.00 1.38 40.0
2026-09-10T16:00:19+08:00 0.48 0.48 0.00 1.77 40.0
2026-09-10T16:00:29+08:00 0.17 0.17 0.00 1.72 40.0
