t_iso io_some_avg10 io_full_avg10 cpu_some_avg10 loadavg1 vllm_running
2026-09-12T04:20:21+08:00 6.52 6.50 0.00 1.04 NA
2026-09-12T04:20:29+08:00 4.44 4.43 0.00 0.96 NA
2026-09-12T04:20:39+08:00 9.24 9.24 0.54 0.97 NA
2026-09-12T04:20:49+08:00 8.40 8.39 0.68 1.12 NA
2026-09-12T04:20:56+08:00 7.06 7.06 0.25 1.10 0.0
2026-09-12T04:21:06+08:00 3.91 3.91 0.11 1.09 1.0
2026-09-12T04:21:17+08:00 1.44 1.44 0.04 1.07 1.0
2026-09-12T04:21:24+08:00 0.52 0.52 0.01 1.06 1.0
2026-09-12T04:21:34+08:00 0.78 0.78 0.00 1.05 1.0
2026-09-12T04:21:44+08:00 0.28 0.28 0.00 1.04 1.0
2026-09-12T04:21:54+08:00 0.12 0.12 0.00 1.04 1.0
2026-09-12T04:22:02+08:00 0.04 0.04 0.00 1.03 0.0
2026-09-12T04:22:12+08:00 0.01 0.01 0.00 1.02 1.0
2026-09-12T04:22:22+08:00 0.00 0.00 0.00 1.02 1.0
2026-09-12T04:22:29+08:00 0.36 0.36 0.00 1.02 1.0
2026-09-12T04:22:39+08:00 2.12 2.12 0.00 1.09 1.0
2026-09-12T04:22:50+08:00 3.42 3.42 0.00 1.08 1.0
2026-09-12T04:22:58+08:00 1.63 1.63 0.00 1.07 1.0
2026-09-12T04:23:08+08:00 1.47 1.47 0.00 1.14 1.0
2026-09-12T04:23:18+08:00 0.66 0.66 0.00 1.12 1.0
2026-09-12T04:23:25+08:00 1.90 1.90 0.00 1.10 1.0
2026-09-12T04:23:35+08:00 2.28 2.28 0.00 1.08 1.0
2026-09-12T04:23:45+08:00 1.02 1.02 0.00 1.07 1.0
2026-09-12T04:23:55+08:00 0.37 0.37 0.00 1.06 1.0
2026-09-12T04:24:03+08:00 0.16 0.16 0.00 1.05 1.0
2026-09-12T04:24:13+08:00 0.06 0.06 0.00 1.04 1.0
2026-09-12T04:24:23+08:00 0.02 0.02 0.00 1.03 1.0
2026-09-12T04:24:30+08:00 0.10 0.10 0.00 1.03 1.0
2026-09-12T04:24:40+08:00 2.93 2.93 0.00 1.02 1.0
2026-09-12T04:24:51+08:00 1.08 1.08 0.00 1.02 1.0
2026-09-12T04:24:58+08:00 0.48 0.48 0.00 1.02 1.0
2026-09-12T04:25:08+08:00 2.55 2.55 0.00 1.01 0.0
2026-09-12T04:25:18+08:00 2.72 2.72 0.32 1.17 1.0
2026-09-12T04:25:26+08:00 1.36 1.24 0.75 1.29 1.0
2026-09-12T04:25:36+08:00 2.67 2.63 0.91 1.33 1.0
2026-09-12T04:25:46+08:00 2.29 2.27 0.96 1.28 1.0
2026-09-12T04:25:53+08:00 4.79 4.78 0.98 1.23 1.0
2026-09-12T04:26:03+08:00 1.76 1.76 0.99 1.34 1.0
2026-09-12T04:26:13+08:00 0.79 0.79 0.99 1.37 1.0
2026-09-12T04:26:23+08:00 0.29 0.29 1.00 1.55 1.0
2026-09-12T04:26:31+08:00 1.37 1.37 1.00 1.54 1.0
2026-09-12T04:26:41+08:00 0.50 0.50 1.00 1.54 1.0
2026-09-12T04:26:51+08:00 0.18 0.18 1.00 1.76 1.0
2026-09-12T04:26:59+08:00 0.98 0.98 1.00 1.88 1.0
2026-09-12T04:27:09+08:00 0.72 0.72 1.14 2.05 1.0
2026-09-12T04:27:19+08:00 0.75 0.62 1.05 1.96 1.0
2026-09-12T04:27:26+08:00 0.33 0.28 1.12 1.81 1.0
2026-09-12T04:27:36+08:00 0.12 0.10 1.04 1.77 1.0
2026-09-12T04:27:46+08:00 0.05 0.04 1.01 2.04 1.0
2026-09-12T04:27:54+08:00 0.01 0.01 1.00 1.88 1.0
2026-09-12T04:28:04+08:00 0.00 0.00 1.00 1.97 1.0
2026-09-12T04:28:14+08:00 0.00 0.00 1.00 1.98 1.0
2026-09-12T04:28:24+08:00 0.24 0.24 1.00 1.83 1.0
2026-09-12T04:28:32+08:00 0.27 0.27 1.00 1.86 1.0
2026-09-12T04:28:42+08:00 0.22 0.22 1.00 1.73 1.0
2026-09-12T04:28:52+08:00 0.26 0.26 1.00 1.62 1.0
2026-09-12T04:28:59+08:00 0.11 0.11 0.81 1.52 0.0
2026-09-12T04:29:09+08:00 0.12 0.12 0.30 1.44 1.0
2026-09-12T04:29:19+08:00 2.04 2.04 0.10 1.45 1.0
2026-09-12T04:29:27+08:00 1.83 1.83 0.04 1.45 1.0
2026-09-12T04:29:37+08:00 0.67 0.67 0.01 1.38 1.0
2026-09-12T04:29:47+08:00 0.89 0.89 0.00 1.32 1.0
2026-09-12T04:29:54+08:00 0.32 0.32 0.00 1.27 0.0
2026-09-12T04:30:04+08:00 1.55 1.55 0.00 1.24 8.0
2026-09-12T04:30:14+08:00 2.39 2.27 0.00 1.20 8.0
2026-09-12T04:30:22+08:00 1.04 1.00 0.00 1.17 8.0
2026-09-12T04:30:32+08:00 0.85 0.83 0.00 1.14 8.0
2026-09-12T04:30:42+08:00 1.41 1.41 0.00 1.12 8.0
2026-09-12T04:30:52+08:00 0.52 0.51 0.00 1.10 8.0
2026-09-12T04:30:59+08:00 1.22 1.22 0.00 1.09 8.0
2026-09-12T04:31:10+08:00 2.77 2.77 0.00 1.07 8.0
2026-09-12T04:31:20+08:00 1.58 1.58 0.00 1.06 8.0
2026-09-12T04:31:27+08:00 1.90 1.90 0.00 0.98 8.0
2026-09-12T04:31:37+08:00 6.14 6.14 0.00 1.06 8.0
2026-09-12T04:31:47+08:00 5.68 5.68 0.00 1.13 8.0
2026-09-12T04:31:55+08:00 2.09 2.09 0.00 1.11 8.0
2026-09-12T04:32:05+08:00 0.76 0.76 0.00 1.09 8.0
2026-09-12T04:32:15+08:00 1.98 1.98 0.00 1.24 8.0
2026-09-12T04:32:22+08:00 1.76 1.76 0.00 1.20 8.0
2026-09-12T04:32:32+08:00 3.25 3.25 0.00 1.17 8.0
2026-09-12T04:32:42+08:00 1.46 1.46 0.00 1.22 8.0
2026-09-12T04:32:52+08:00 1.61 1.61 0.00 1.19 8.0
2026-09-12T04:33:00+08:00 2.41 2.41 0.00 1.23 8.0
2026-09-12T04:33:10+08:00 2.48 2.48 0.00 1.27 8.0
2026-09-12T04:33:20+08:00 0.91 0.91 0.00 1.23 8.0
2026-09-12T04:33:28+08:00 7.43 7.43 0.00 1.19 0.0
2026-09-12T04:33:38+08:00 4.50 4.50 0.00 1.24 1.0
2026-09-12T04:33:48+08:00 2.00 2.00 0.00 1.21 1.0
2026-09-12T04:33:55+08:00 1.08 1.08 0.00 1.17 1.0
2026-09-12T04:34:06+08:00 1.12 1.12 0.00 1.15 1.0
2026-09-12T04:34:16+08:00 2.55 2.55 0.00 1.12 1.0
2026-09-12T04:34:23+08:00 5.47 5.47 0.00 1.10 0.0
2026-09-12T04:34:33+08:00 2.16 2.16 0.00 1.09 32.0
2026-09-12T04:34:43+08:00 2.19 2.19 0.00 1.07 32.0
2026-09-12T04:34:53+08:00 0.98 0.98 0.00 1.06 32.0
2026-09-12T04:35:03+08:00 1.26 1.26 0.00 1.05 32.0
2026-09-12T04:35:10+08:00 2.30 2.30 0.00 1.19 32.0
2026-09-12T04:35:20+08:00 3.01 3.01 0.00 1.32 32.0
2026-09-12T04:35:30+08:00 2.24 2.24 0.00 1.34 32.0
2026-09-12T04:35:37+08:00 1.01 1.01 0.00 1.37 29.0
2026-09-12T04:35:47+08:00 1.12 1.12 0.00 1.46 10.0
2026-09-12T04:35:57+08:00 5.31 5.31 0.00 1.39 32.0
2026-09-12T04:36:05+08:00 6.71 6.71 0.00 1.33 32.0
2026-09-12T04:36:15+08:00 2.47 2.47 0.00 1.28 32.0
2026-09-12T04:36:25+08:00 1.55 1.55 0.00 1.32 32.0
2026-09-12T04:36:35+08:00 3.19 3.19 0.00 1.27 32.0
2026-09-12T04:36:45+08:00 1.47 1.47 0.00 1.23 32.0
2026-09-12T04:36:52+08:00 1.05 1.05 0.00 1.19 32.0
2026-09-12T04:37:02+08:00 0.38 0.38 0.00 1.16 32.0
2026-09-12T04:37:12+08:00 1.93 1.93 0.00 1.14 32.0
2026-09-12T04:37:19+08:00 0.87 0.87 0.00 1.11 32.0
2026-09-12T04:37:29+08:00 0.31 0.31 0.00 1.10 32.0
2026-09-12T04:37:39+08:00 0.32 0.32 0.00 1.08 32.0
2026-09-12T04:37:47+08:00 0.11 0.11 0.00 1.14 32.0
2026-09-12T04:37:57+08:00 0.32 0.32 0.00 1.12 0.0
2026-09-12T04:38:07+08:00 1.13 1.13 0.00 1.10 0.0
2026-09-12T04:38:17+08:00 1.45 1.45 0.00 1.08 1.0
2026-09-12T04:38:24+08:00 2.47 2.47 0.00 1.07 1.0
2026-09-12T04:38:34+08:00 0.91 0.91 0.00 1.06 1.0
2026-09-12T04:38:45+08:00 0.41 0.41 0.00 1.13 1.0
2026-09-12T04:38:52+08:00 1.60 1.60 0.00 1.11 1.0
2026-09-12T04:39:02+08:00 1.88 1.88 0.00 1.09 1.0
2026-09-12T04:39:12+08:00 0.79 0.79 0.00 1.08 128.0
2026-09-12T04:39:20+08:00 2.10 1.92 0.00 1.14 128.0
2026-09-12T04:39:30+08:00 1.66 1.59 0.00 1.41 128.0
2026-09-12T04:39:40+08:00 4.18 4.15 0.00 1.42 92.0
2026-09-12T04:39:47+08:00 5.15 5.14 0.00 1.36 128.0
2026-09-12T04:39:57+08:00 2.78 2.78 0.00 1.30 92.0
2026-09-12T04:40:07+08:00 2.33 2.33 0.00 1.33 128.0
2026-09-12T04:40:17+08:00 1.53 1.53 0.00 1.36 117.0
2026-09-12T04:40:25+08:00 1.95 1.95 0.00 1.30 128.0
2026-09-12T04:40:35+08:00 1.86 1.86 0.00 1.26 128.0
2026-09-12T04:40:45+08:00 0.68 0.68 0.00 1.29 128.0
2026-09-12T04:40:52+08:00 1.11 1.11 0.00 1.39 128.0
2026-09-12T04:41:02+08:00 7.03 7.03 0.00 1.33 125.0
2026-09-12T04:41:13+08:00 8.73 8.73 0.00 1.36 128.0
2026-09-12T04:41:20+08:00 7.03 7.03 0.00 1.31 92.0
2026-09-12T04:41:30+08:00 4.51 4.51 0.00 1.26 128.0
2026-09-12T04:41:40+08:00 10.50 10.50 0.00 1.59 95.0
2026-09-12T04:41:48+08:00 7.61 7.61 0.00 1.58 128.0
2026-09-12T04:41:58+08:00 4.74 4.74 0.00 1.64 128.0
2026-09-12T04:42:08+08:00 2.13 2.13 0.00 1.86 128.0
2026-09-12T04:42:15+08:00 12.23 12.23 0.00 1.96 128.0
2026-09-12T04:42:25+08:00 11.83 11.83 0.00 1.97 0.0
2026-09-12T04:42:35+08:00 5.81 5.81 0.00 1.89 0.0
2026-09-12T04:42:45+08:00 6.17 6.17 0.00 1.76 0.0
2026-09-12T04:42:53+08:00 8.47 8.47 0.00 1.64 0.0
2026-09-12T04:43:03+08:00 5.79 5.79 0.00 1.54 0.0
2026-09-12T04:43:13+08:00 5.55 5.55 0.00 1.46 1.0
2026-09-12T04:43:20+08:00 4.56 4.56 0.00 1.54 1.0
2026-09-12T04:43:31+08:00 9.03 9.03 0.00 1.46 1.0
2026-09-12T04:43:41+08:00 4.59 4.59 0.00 1.39 1.0
2026-09-12T04:43:48+08:00 8.88 8.88 0.00 1.33 1.0
2026-09-12T04:43:58+08:00 7.04 7.04 0.00 1.36 20.0
2026-09-12T04:44:08+08:00 5.09 5.09 0.00 1.31 256.0
2026-09-12T04:44:16+08:00 1.87 1.87 0.00 1.26 232.0
2026-09-12T04:44:26+08:00 3.36 3.36 0.00 1.30 256.0
2026-09-12T04:44:36+08:00 5.96 4.92 0.00 1.33 256.0
2026-09-12T04:44:46+08:00 5.34 4.33 0.00 1.36 222.0
2026-09-12T04:44:53+08:00 3.36 2.90 0.00 1.54 256.0
2026-09-12T04:45:03+08:00 4.69 4.52 0.00 1.69 256.0
2026-09-12T04:45:13+08:00 4.56 4.49 0.00 1.65 222.0
2026-09-12T04:45:21+08:00 2.95 2.92 0.00 1.71 256.0
2026-09-12T04:45:31+08:00 7.53 7.52 0.00 1.83 256.0
2026-09-12T04:45:41+08:00 7.75 7.38 0.00 1.85 236.0
2026-09-12T04:45:48+08:00 6.30 5.98 0.00 1.87 256.0
2026-09-12T04:45:58+08:00 2.68 2.56 0.00 1.74 223.0
2026-09-12T04:46:08+08:00 2.39 2.34 0.00 1.71 256.0
2026-09-12T04:46:16+08:00 2.17 2.15 0.00 1.60 256.0
2026-09-12T04:46:26+08:00 2.59 2.58 0.00 1.58 236.0
2026-09-12T04:46:36+08:00 6.17 5.07 0.00 1.56 254.0
2026-09-12T04:46:44+08:00 2.27 1.86 0.00 1.62 224.0
2026-09-12T04:46:54+08:00 2.09 1.91 0.00 1.61 256.0
2026-09-12T04:47:04+08:00 4.28 4.21 0.00 1.59 256.0
2026-09-12T04:47:14+08:00 2.11 2.08 0.00 1.50 240.0
2026-09-12T04:47:21+08:00 4.31 4.15 0.00 1.42 0.0
2026-09-12T04:47:31+08:00 11.63 11.57 0.00 1.36 0.0
2026-09-12T04:47:42+08:00 6.55 6.53 0.00 1.30 0.0
2026-09-12T04:47:49+08:00 4.93 4.92 0.00 1.25 0.0
2026-09-12T04:47:59+08:00 7.14 7.14 0.00 1.37 0.0
2026-09-12T04:48:09+08:00 5.66 5.66 0.00 1.47 0.0
