t_iso io_some_avg10 io_full_avg10 cpu_some_avg10 loadavg1 vllm_running
2026-09-10T04:11:22+08:00 48.88 48.62 0.00 1.96 NA
2026-09-10T04:11:32+08:00 27.99 27.87 0.00 1.89 NA
2026-09-10T04:11:41+08:00 48.70 48.66 0.00 1.90 NA
2026-09-10T04:11:51+08:00 61.35 61.25 0.00 1.77 NA
2026-09-10T04:12:01+08:00 64.01 63.97 0.00 1.73 NA
2026-09-10T04:12:09+08:00 75.32 75.30 0.00 1.77 NA
2026-09-10T04:12:19+08:00 82.44 82.43 0.00 1.81 NA
2026-09-10T04:12:30+08:00 86.28 86.15 0.00 1.99 NA
2026-09-10T04:12:39+08:00 83.80 82.98 0.00 2.39 NA
2026-09-10T04:12:49+08:00 85.27 84.78 0.00 5.94 NA
2026-09-10T04:13:00+08:00 83.54 83.28 0.00 5.79 NA
2026-09-10T04:13:09+08:00 76.50 76.07 0.00 5.36 NA
2026-09-10T04:13:19+08:00 65.32 65.03 0.00 4.93 NA
2026-09-10T04:13:29+08:00 64.97 64.55 0.00 4.63 NA
2026-09-10T04:13:37+08:00 73.26 73.11 0.00 4.45 NA
2026-09-10T04:13:47+08:00 81.08 80.92 0.00 4.23 NA
2026-09-10T04:13:57+08:00 70.90 70.65 0.00 4.20 NA
2026-09-10T04:14:06+08:00 64.04 63.32 0.36 4.02 NA
2026-09-10T04:14:16+08:00 61.80 61.00 0.72 4.02 NA
2026-09-10T04:14:26+08:00 58.68 58.26 0.26 3.94 NA
2026-09-10T04:14:35+08:00 57.91 57.72 0.11 3.79 NA
2026-09-10T04:14:45+08:00 72.49 72.05 0.04 4.71 NA
2026-09-10T04:14:55+08:00 87.07 86.54 0.01 5.99 NA
2026-09-10T04:15:03+08:00 91.64 90.81 0.00 7.22 NA
2026-09-10T04:15:13+08:00 73.48 72.74 0.00 7.09 NA
2026-09-10T04:15:23+08:00 71.52 71.15 0.18 6.31 NA
2026-09-10T04:15:31+08:00 52.91 52.68 0.06 5.64 NA
2026-09-10T04:15:41+08:00 37.53 37.42 0.02 5.08 NA
2026-09-10T04:15:51+08:00 29.68 29.64 0.00 4.93 NA
2026-09-10T04:15:59+08:00 39.15 39.13 0.00 4.55 NA
2026-09-10T04:16:09+08:00 53.55 53.55 0.00 4.16 NA
2026-09-10T04:16:19+08:00 78.93 78.81 0.00 5.59 NA
2026-09-10T04:16:27+08:00 89.24 88.56 0.00 6.89 NA
2026-09-10T04:16:37+08:00 92.76 92.19 0.00 8.22 NA
2026-09-10T04:16:47+08:00 86.51 85.91 0.00 8.95 NA
2026-09-10T04:16:55+08:00 77.01 76.79 0.00 7.89 NA
2026-09-10T04:17:05+08:00 48.82 48.72 0.18 6.98 NA
2026-09-10T04:17:15+08:00 19.06 19.02 0.16 6.13 NA
2026-09-10T04:17:23+08:00 13.51 13.50 0.24 5.50 NA
2026-09-10T04:17:33+08:00 13.79 13.79 0.10 4.96 NA
2026-09-10T04:17:43+08:00 13.68 13.67 0.03 4.58 NA
2026-09-10T04:17:51+08:00 27.73 27.72 0.01 4.25 NA
t_iso io_some_avg10 io_full_avg10 cpu_some_avg10 loadavg1 vllm_running
2026-09-10T04:35:53+08:00 61.02 60.62 0.04 2.04 NA
2026-09-10T04:36:03+08:00 55.47 55.07 0.01 1.95 NA
2026-09-10T04:36:13+08:00 74.66 74.52 0.00 1.96 NA
2026-09-10T04:36:23+08:00 83.01 82.95 0.00 1.96 NA
2026-09-10T04:36:33+08:00 75.42 74.64 0.00 2.13 NA
2026-09-10T04:36:44+08:00 83.10 82.63 0.00 2.11 NA
2026-09-10T04:36:54+08:00 83.96 83.79 0.00 2.09 NA
2026-09-10T04:37:04+08:00 86.92 86.71 0.00 2.08 NA
2026-09-10T04:37:14+08:00 87.02 86.95 0.00 2.07 NA
2026-09-10T04:37:24+08:00 79.02 78.79 0.00 2.13 NA
2026-09-10T04:37:32+08:00 82.43 82.16 0.00 2.51 NA
2026-09-10T04:37:42+08:00 77.59 77.49 0.00 2.73 NA
2026-09-10T04:37:52+08:00 71.36 71.33 0.00 2.85 NA
2026-09-10T04:38:02+08:00 73.37 73.36 0.00 2.88 NA
2026-09-10T04:38:12+08:00 46.51 46.22 0.18 2.90 NA
2026-09-10T04:38:22+08:00 50.29 50.19 0.06 2.83 NA
2026-09-10T04:38:32+08:00 49.63 49.29 0.26 3.01 NA
2026-09-10T04:38:42+08:00 45.68 45.25 0.34 3.16 NA
2026-09-10T04:38:52+08:00 52.02 51.83 0.15 2.91 NA
2026-09-10T04:39:00+08:00 79.80 79.40 0.05 4.30 NA
2026-09-10T04:39:10+08:00 83.40 83.13 0.01 4.61 NA
2026-09-10T04:39:20+08:00 60.79 60.69 0.00 4.05 NA
2026-09-10T04:39:29+08:00 47.33 47.28 0.00 3.58 NA
2026-09-10T04:39:39+08:00 37.34 37.22 0.00 3.18 NA
2026-09-10T04:39:49+08:00 52.85 52.80 0.00 3.73 NA
2026-09-10T04:39:57+08:00 76.34 76.04 0.00 5.00 NA
2026-09-10T04:40:07+08:00 87.38 86.62 0.00 6.08 NA
2026-09-10T04:40:17+08:00 75.12 74.66 0.00 5.30 NA
2026-09-10T04:40:25+08:00 66.87 66.48 0.00 4.64 NA
2026-09-10T04:40:35+08:00 43.40 43.22 0.00 4.08 NA
2026-09-10T04:40:45+08:00 24.90 24.84 0.00 3.53 1.0
2026-09-10T04:40:54+08:00 14.92 14.89 0.00 3.29 1.0
2026-09-10T04:41:04+08:00 6.70 6.69 0.00 2.94 1.0
2026-09-10T04:41:14+08:00 4.67 4.67 0.00 2.64 1.0
2026-09-10T04:41:22+08:00 3.05 3.05 0.00 2.31 1.0
2026-09-10T04:41:32+08:00 2.26 2.26 0.00 2.19 1.0
2026-09-10T04:41:42+08:00 1.96 1.96 0.00 2.00 1.0
2026-09-10T04:41:50+08:00 2.01 2.01 0.00 1.85 1.0
2026-09-10T04:42:00+08:00 0.98 0.98 0.00 1.72 1.0
2026-09-10T04:42:10+08:00 3.11 3.11 0.00 1.61 1.0
2026-09-10T04:42:18+08:00 11.57 11.57 0.00 1.51 1.0
2026-09-10T04:42:28+08:00 17.76 17.22 0.30 1.51 0.0
2026-09-10T04:42:38+08:00 54.45 54.25 0.11 1.74 0.0
2026-09-10T04:42:46+08:00 62.55 62.48 0.03 1.78 0.0
2026-09-10T04:42:56+08:00 37.08 36.80 0.13 1.81 0.0
2026-09-10T04:43:06+08:00 14.07 13.97 0.47 1.91 1.0
2026-09-10T04:43:14+08:00 5.93 5.89 0.90 2.07 1.0
2026-09-10T04:43:24+08:00 2.66 2.65 0.95 2.29 1.0
2026-09-10T04:43:34+08:00 0.98 0.97 0.98 2.33 1.0
2026-09-10T04:43:42+08:00 0.36 0.35 0.99 2.44 1.0
2026-09-10T04:43:52+08:00 0.13 0.13 0.99 2.46 1.0
2026-09-10T04:44:02+08:00 0.15 0.15 1.00 2.39 1.0
2026-09-10T04:44:10+08:00 2.41 2.41 1.14 2.87 1.0
2026-09-10T04:44:21+08:00 1.18 1.18 1.06 2.88 1.0
2026-09-10T04:44:31+08:00 0.94 0.94 0.84 3.13 0.0
2026-09-10T04:44:38+08:00 3.58 3.58 0.30 2.73 1.0
2026-09-10T04:44:48+08:00 1.61 1.61 0.13 2.46 1.0
2026-09-10T04:44:58+08:00 2.11 2.11 0.05 2.24 0.0
2026-09-10T04:45:07+08:00 2.09 2.09 0.01 2.20 2.0
2026-09-10T04:45:17+08:00 0.94 0.94 0.00 2.18 2.0
2026-09-10T04:45:27+08:00 0.34 0.34 0.00 1.99 2.0
2026-09-10T04:45:35+08:00 0.30 0.30 0.00 1.93 2.0
2026-09-10T04:45:45+08:00 0.11 0.11 0.00 1.87 2.0
2026-09-10T04:45:55+08:00 0.19 0.19 0.00 1.73 2.0
2026-09-10T04:46:03+08:00 0.77 0.77 0.00 1.69 2.0
2026-09-10T04:46:13+08:00 0.28 0.28 0.00 1.67 2.0
2026-09-10T04:46:23+08:00 0.62 0.62 0.00 1.64 2.0
2026-09-10T04:46:31+08:00 0.67 0.67 0.00 1.77 2.0
2026-09-10T04:46:41+08:00 0.24 0.24 0.00 1.89 2.0
2026-09-10T04:46:51+08:00 0.11 0.11 0.00 1.82 0.0
2026-09-10T04:46:59+08:00 1.02 1.02 0.00 1.69 1.0
2026-09-10T04:47:09+08:00 0.37 0.37 0.00 1.59 1.0
2026-09-10T04:47:19+08:00 0.16 0.16 0.00 1.49 4.0
2026-09-10T04:47:27+08:00 0.24 0.24 0.00 1.41 4.0
2026-09-10T04:47:37+08:00 2.92 2.92 0.00 1.35 4.0
2026-09-10T04:47:47+08:00 1.90 1.90 0.00 1.38 4.0
2026-09-10T04:47:55+08:00 1.12 1.12 0.00 1.32 4.0
2026-09-10T04:48:05+08:00 2.96 2.96 0.00 1.27 4.0
2026-09-10T04:48:15+08:00 1.33 1.33 0.00 1.23 4.0
2026-09-10T04:48:23+08:00 3.08 3.08 0.00 1.19 4.0
2026-09-10T04:48:33+08:00 1.79 1.43 0.00 1.16 4.0
2026-09-10T04:48:43+08:00 0.80 0.64 0.00 1.14 4.0
2026-09-10T04:48:51+08:00 0.47 0.41 0.00 1.11 4.0
2026-09-10T04:49:01+08:00 3.25 3.23 0.00 1.10 4.0
2026-09-10T04:49:11+08:00 1.85 1.84 0.00 0.93 1.0
2026-09-10T04:49:19+08:00 3.58 3.57 0.00 0.94 1.0
2026-09-10T04:49:29+08:00 1.60 1.60 0.00 0.95 0.0
2026-09-10T04:49:39+08:00 4.91 4.91 0.00 1.12 4.0
2026-09-10T04:49:47+08:00 4.69 4.51 0.00 1.18 8.0
2026-09-10T04:49:57+08:00 2.57 2.39 0.00 1.15 8.0
2026-09-10T04:50:07+08:00 2.03 1.96 0.00 1.13 8.0
2026-09-10T04:50:15+08:00 1.15 1.13 0.00 1.11 8.0
2026-09-10T04:50:25+08:00 0.52 0.50 0.00 1.09 8.0
2026-09-10T04:50:35+08:00 0.19 0.18 0.00 1.08 8.0
2026-09-10T04:50:43+08:00 1.62 1.62 0.00 1.06 8.0
2026-09-10T04:50:53+08:00 2.06 2.06 0.00 1.13 8.0
2026-09-10T04:51:03+08:00 3.43 3.43 0.00 1.11 8.0
2026-09-10T04:51:11+08:00 3.36 3.17 0.00 1.10 8.0
2026-09-10T04:51:21+08:00 6.91 6.83 0.00 1.15 4.0
2026-09-10T04:51:31+08:00 3.50 3.47 0.00 1.14 1.0
2026-09-10T04:51:39+08:00 1.67 1.66 0.00 1.28 1.0
2026-09-10T04:51:49+08:00 0.75 0.74 0.00 1.23 1.0
2026-09-10T04:51:59+08:00 0.27 0.27 0.00 1.04 16.0
2026-09-10T04:52:07+08:00 0.54 0.54 0.00 1.04 16.0
2026-09-10T04:52:17+08:00 0.24 0.24 0.00 1.10 16.0
2026-09-10T04:52:27+08:00 0.08 0.08 0.00 1.08 16.0
2026-09-10T04:52:35+08:00 0.62 0.62 0.00 1.23 16.0
2026-09-10T04:52:45+08:00 0.76 0.76 0.00 1.27 16.0
2026-09-10T04:52:55+08:00 2.59 2.47 0.00 1.23 16.0
2026-09-10T04:53:03+08:00 1.72 1.68 0.00 1.35 16.0
2026-09-10T04:53:13+08:00 0.89 0.87 0.00 1.30 10.0
2026-09-10T04:53:23+08:00 2.73 2.72 0.00 1.33 16.0
2026-09-10T04:53:31+08:00 3.84 3.57 0.00 1.44 16.0
2026-09-10T04:53:41+08:00 1.72 1.60 0.00 1.37 15.0
2026-09-10T04:53:51+08:00 2.82 2.65 0.00 1.31 16.0
2026-09-10T04:53:59+08:00 3.01 2.95 0.00 1.43 0.0
2026-09-10T04:54:09+08:00 1.59 1.56 0.00 1.28 0.0
2026-09-10T04:54:19+08:00 1.65 1.64 0.00 1.24 1.0
2026-09-10T04:54:27+08:00 1.73 1.72 0.00 1.36 0.0
2026-09-10T04:54:37+08:00 1.98 1.98 0.00 1.15 32.0
2026-09-10T04:54:47+08:00 1.51 1.51 0.00 1.13 32.0
2026-09-10T04:54:55+08:00 2.33 2.33 0.00 1.26 32.0
2026-09-10T04:55:05+08:00 1.53 1.53 0.00 1.44 32.0
2026-09-10T04:55:15+08:00 2.81 2.81 0.00 1.54 23.0
2026-09-10T04:55:23+08:00 2.79 2.79 0.00 1.69 32.0
2026-09-10T04:55:33+08:00 2.54 2.42 0.00 1.50 32.0
2026-09-10T04:55:43+08:00 4.74 4.41 0.00 1.42 32.0
2026-09-10T04:55:51+08:00 6.06 5.73 0.00 1.52 32.0
2026-09-10T04:56:01+08:00 2.47 2.35 0.00 1.44 32.0
2026-09-10T04:56:11+08:00 1.39 1.35 0.00 1.67 14.0
2026-09-10T04:56:19+08:00 1.40 1.38 0.00 1.72 32.0
2026-09-10T04:56:29+08:00 5.35 5.35 0.00 1.69 12.0
2026-09-10T04:56:39+08:00 6.26 6.25 0.00 1.66 30.0
2026-09-10T04:56:47+08:00 6.22 5.95 0.00 1.72 15.0
2026-09-10T04:56:57+08:00 4.45 4.35 0.00 1.53 0.0
2026-09-10T04:57:07+08:00 1.63 1.60 0.00 1.45 0.0
2026-09-10T04:57:15+08:00 5.03 5.02 0.00 1.62 1.0
2026-09-10T04:57:25+08:00 2.15 2.14 0.00 1.44 1.0
2026-09-10T04:57:35+08:00 7.86 7.86 0.00 1.37 0.0
2026-09-10T04:57:43+08:00 7.60 7.01 0.00 1.47 64.0
2026-09-10T04:57:53+08:00 3.54 3.32 0.00 1.40 64.0
2026-09-10T04:58:03+08:00 9.36 9.10 0.00 1.42 64.0
2026-09-10T04:58:11+08:00 7.20 7.08 0.00 1.52 64.0
2026-09-10T04:58:21+08:00 5.52 5.48 0.00 1.44 64.0
2026-09-10T04:58:31+08:00 3.84 3.82 0.00 1.37 64.0
2026-09-10T04:58:39+08:00 3.21 3.08 0.00 1.31 64.0
2026-09-10T04:58:49+08:00 3.89 3.67 0.00 1.26 64.0
2026-09-10T04:58:59+08:00 2.11 2.01 0.00 1.30 64.0
2026-09-10T04:59:07+08:00 2.51 2.48 0.00 1.49 64.0
2026-09-10T04:59:17+08:00 1.22 1.11 0.00 1.41 64.0
2026-09-10T04:59:27+08:00 1.76 1.71 0.00 1.35 64.0
2026-09-10T04:59:35+08:00 1.89 1.87 0.00 1.38 64.0
2026-09-10T04:59:45+08:00 0.79 0.78 0.00 1.32 63.0
2026-09-10T04:59:55+08:00 1.44 1.44 0.00 1.27 63.0
2026-09-10T05:00:03+08:00 2.22 2.04 0.00 1.39 63.0
2026-09-10T05:00:13+08:00 2.40 2.33 0.00 1.33 43.0
2026-09-10T05:00:23+08:00 4.35 4.32 0.00 1.28 43.0
2026-09-10T05:00:31+08:00 2.84 2.83 0.00 1.39 0.0
2026-09-10T05:00:41+08:00 3.37 3.36 0.00 1.33 0.0
2026-09-10T05:00:51+08:00 2.02 2.02 0.00 1.28 0.0
2026-09-10T05:00:59+08:00 5.73 5.58 0.00 1.64 1.0
2026-09-10T05:01:09+08:00 2.21 2.15 0.00 1.47 1.0
2026-09-10T05:01:19+08:00 0.99 0.96 0.00 1.32 0.0
2026-09-10T05:01:27+08:00 2.58 2.57 0.00 1.27 58.0
2026-09-10T05:01:37+08:00 1.34 1.34 0.00 1.23 96.0
2026-09-10T05:01:47+08:00 0.60 0.60 0.00 1.19 96.0
2026-09-10T05:01:55+08:00 9.14 9.14 0.00 1.64 96.0
2026-09-10T05:02:05+08:00 4.30 4.30 0.00 1.54 96.0
2026-09-10T05:02:15+08:00 7.28 7.28 0.00 1.46 72.0
2026-09-10T05:02:23+08:00 5.22 5.22 0.00 1.47 81.0
2026-09-10T05:02:33+08:00 3.22 3.22 0.00 1.40 96.0
2026-09-10T05:02:43+08:00 1.99 1.99 0.00 1.34 96.0
2026-09-10T05:02:51+08:00 1.05 1.05 0.00 1.44 96.0
2026-09-10T05:03:01+08:00 1.96 1.96 0.00 1.37 88.0
2026-09-10T05:03:11+08:00 1.26 1.26 0.00 1.63 60.0
2026-09-10T05:03:19+08:00 0.91 0.91 0.00 1.61 96.0
2026-09-10T05:03:29+08:00 2.44 2.29 0.00 1.52 96.0
2026-09-10T05:03:39+08:00 1.09 1.03 0.00 1.52 96.0
2026-09-10T05:03:47+08:00 3.02 2.72 0.00 1.36 96.0
2026-09-10T05:03:57+08:00 2.85 2.63 0.00 1.31 96.0
2026-09-10T05:04:07+08:00 1.46 1.36 0.00 1.26 66.0
2026-09-10T05:04:16+08:00 2.45 2.27 0.00 2.01 96.0
2026-09-10T05:04:26+08:00 0.90 0.83 0.00 1.85 96.0
2026-09-10T05:04:36+08:00 1.19 1.16 0.00 1.88 96.0
2026-09-10T05:04:43+08:00 0.58 0.57 0.00 1.74 40.0
2026-09-10T05:04:53+08:00 1.87 1.87 0.00 1.71 0.0
2026-09-10T05:05:03+08:00 3.02 3.02 0.00 1.68 0.0
2026-09-10T05:05:11+08:00 7.06 6.97 0.00 1.81 0.0
2026-09-10T05:05:21+08:00 7.29 7.25 0.00 1.60 0.0
2026-09-10T05:05:31+08:00 4.31 4.30 0.00 1.51 1.0
2026-09-10T05:05:39+08:00 6.82 6.81 0.00 1.59 1.0
2026-09-10T05:05:49+08:00 3.24 3.24 0.00 1.50 128.0
2026-09-10T05:05:59+08:00 2.82 2.82 0.00 1.42 128.0
2026-09-10T05:06:07+08:00 1.89 1.88 0.00 1.36 128.0
2026-09-10T05:06:17+08:00 2.78 2.78 0.00 1.53 126.0
2026-09-10T05:06:27+08:00 3.03 3.03 0.00 1.68 128.0
2026-09-10T05:06:35+08:00 5.42 5.42 0.00 1.74 128.0
2026-09-10T05:06:45+08:00 4.05 4.05 0.00 1.94 93.0
2026-09-10T05:06:55+08:00 2.39 2.39 0.00 1.87 93.0
2026-09-10T05:07:03+08:00 1.91 1.91 0.00 1.98 128.0
2026-09-10T05:07:13+08:00 1.78 1.78 0.00 1.91 128.0
2026-09-10T05:07:23+08:00 0.65 0.65 0.00 1.77 107.0
2026-09-10T05:07:31+08:00 0.84 0.84 0.00 1.81 110.0
2026-09-10T05:07:41+08:00 4.58 4.48 0.00 1.76 128.0
2026-09-10T05:07:51+08:00 4.04 4.00 0.00 1.72 128.0
2026-09-10T05:07:59+08:00 1.88 1.77 0.00 1.61 124.0
2026-09-10T05:08:09+08:00 2.80 2.65 0.00 1.60 127.0
2026-09-10T05:08:19+08:00 4.11 4.05 0.00 1.58 128.0
2026-09-10T05:08:27+08:00 2.30 2.28 0.00 1.49 128.0
2026-09-10T05:08:37+08:00 1.43 1.42 0.00 1.56 92.0
2026-09-10T05:08:47+08:00 0.60 0.60 0.00 1.47 128.0
2026-09-10T05:08:55+08:00 0.83 0.82 0.00 1.56 128.0
2026-09-10T05:09:05+08:00 1.16 1.16 0.00 1.47 109.0
2026-09-10T05:09:15+08:00 0.42 0.42 0.00 1.40 103.0
2026-09-10T05:09:23+08:00 2.43 2.43 0.00 1.42 0.0
2026-09-10T05:09:33+08:00 3.73 3.73 0.00 1.28 0.0
2026-09-10T05:09:43+08:00 1.47 1.47 0.00 1.24 0.0
2026-09-10T05:09:51+08:00 1.63 1.63 0.00 1.28 0.0
2026-09-10T05:10:01+08:00 1.13 1.13 0.00 1.24 0.0
2026-09-10T05:10:11+08:00 6.74 6.62 0.00 1.21 1.0
2026-09-10T05:10:19+08:00 3.74 3.69 0.00 1.18 1.0
2026-09-10T05:10:29+08:00 2.41 2.39 0.00 1.30 0.0
2026-09-10T05:10:39+08:00 2.10 2.09 0.00 1.32 153.0
2026-09-10T05:10:47+08:00 2.13 2.13 0.00 1.35 192.0
2026-09-10T05:10:57+08:00 2.81 2.73 0.00 1.45 184.0
2026-09-10T05:11:07+08:00 2.36 2.33 0.00 1.38 192.0
2026-09-10T05:11:15+08:00 1.95 1.94 0.00 1.32 192.0
2026-09-10T05:11:25+08:00 3.18 3.18 0.00 1.32 158.0
2026-09-10T05:11:35+08:00 5.03 5.02 0.00 1.43 192.0
2026-09-10T05:11:43+08:00 3.49 3.49 0.00 1.44 155.0
2026-09-10T05:11:53+08:00 1.77 1.77 0.00 1.45 192.0
2026-09-10T05:12:03+08:00 0.89 0.89 0.00 1.46 157.0
2026-09-10T05:12:11+08:00 1.25 1.25 0.00 1.53 192.0
2026-09-10T05:12:21+08:00 2.40 2.40 0.00 1.45 192.0
2026-09-10T05:12:31+08:00 3.80 3.80 0.00 1.38 170.0
2026-09-10T05:12:39+08:00 2.05 2.05 0.00 1.40 192.0
2026-09-10T05:12:49+08:00 2.36 2.36 0.00 1.42 158.0
2026-09-10T05:12:59+08:00 1.65 1.65 0.00 1.44 192.0
2026-09-10T05:13:07+08:00 1.49 1.49 0.00 1.37 158.0
2026-09-10T05:13:17+08:00 1.17 1.17 0.00 1.47 192.0
2026-09-10T05:13:27+08:00 1.11 1.11 0.00 1.39 192.0
2026-09-10T05:13:35+08:00 1.90 1.90 0.00 1.41 192.0
2026-09-10T05:13:45+08:00 2.28 2.20 0.00 1.42 192.0
2026-09-10T05:13:55+08:00 1.20 1.17 0.00 1.43 157.0
2026-09-10T05:14:03+08:00 1.17 1.15 0.00 1.37 192.0
2026-09-10T05:14:13+08:00 2.96 2.96 0.00 1.31 157.0
2026-09-10T05:14:23+08:00 1.63 1.62 0.00 1.26 192.0
2026-09-10T05:14:31+08:00 1.79 1.79 0.00 1.37 181.0
2026-09-10T05:14:41+08:00 2.03 2.03 0.00 1.23 0.0
2026-09-10T05:14:51+08:00 2.30 2.30 0.00 1.27 0.0
2026-09-10T05:14:59+08:00 1.64 1.64 0.00 1.31 0.0
2026-09-10T05:15:09+08:00 0.92 0.92 0.00 1.26 0.0
2026-09-10T05:15:19+08:00 1.83 1.83 0.00 1.22 0.0
2026-09-10T05:15:27+08:00 2.95 2.95 0.00 1.33 0.0
2026-09-10T05:15:37+08:00 5.54 5.45 0.00 1.36 1.0
2026-09-10T05:15:47+08:00 5.22 5.18 0.00 1.31 1.0
2026-09-10T05:15:55+08:00 2.10 2.08 0.00 1.18 46.0
2026-09-10T05:16:05+08:00 1.24 1.23 0.00 1.22 213.0
2026-09-10T05:16:15+08:00 2.18 2.18 0.00 1.19 256.0
2026-09-10T05:16:22+08:00 2.01 2.01 0.00 1.39 256.0
2026-09-10T05:16:32+08:00 1.35 1.25 0.00 1.33 256.0
2026-09-10T05:16:42+08:00 0.66 0.62 0.00 1.28 222.0
2026-09-10T05:16:50+08:00 5.49 5.48 0.00 1.23 222.0
2026-09-10T05:17:00+08:00 2.99 2.98 0.00 1.20 255.0
2026-09-10T05:17:10+08:00 1.10 1.09 0.00 1.17 256.0
2026-09-10T05:17:18+08:00 0.73 0.73 0.00 1.21 256.0
2026-09-10T05:17:28+08:00 0.27 0.27 0.00 1.26 222.0
2026-09-10T05:17:38+08:00 0.74 0.74 0.00 1.22 222.0
2026-09-10T05:17:46+08:00 0.43 0.43 0.00 1.26 256.0
2026-09-10T05:17:56+08:00 0.40 0.40 0.00 1.30 256.0
2026-09-10T05:18:06+08:00 0.35 0.35 0.00 1.26 256.0
2026-09-10T05:18:14+08:00 0.99 0.99 0.00 1.36 222.0
2026-09-10T05:18:24+08:00 0.36 0.36 0.00 1.31 222.0
2026-09-10T05:18:34+08:00 0.16 0.16 0.00 1.26 256.0
2026-09-10T05:18:42+08:00 1.76 1.76 0.00 1.45 256.0
2026-09-10T05:18:52+08:00 1.01 1.01 0.00 1.38 256.0
2026-09-10T05:19:02+08:00 1.04 1.04 0.00 1.40 222.0
2026-09-10T05:19:09+08:00 0.38 0.38 0.00 1.41 222.0
2026-09-10T05:19:19+08:00 1.59 1.35 0.00 1.50 255.0
2026-09-10T05:19:30+08:00 2.30 2.19 0.00 1.65 256.0
2026-09-10T05:19:37+08:00 1.25 1.21 0.00 1.62 256.0
2026-09-10T05:19:47+08:00 1.57 1.55 0.00 1.67 222.0
2026-09-10T05:19:57+08:00 1.21 1.20 0.00 1.57 223.0
2026-09-10T05:20:05+08:00 0.97 0.96 0.00 1.48 241.0
2026-09-10T05:20:15+08:00 0.94 0.94 0.00 1.48 256.0
2026-09-10T05:20:25+08:00 0.79 0.79 0.00 1.71 256.0
2026-09-10T05:20:33+08:00 1.02 1.02 0.00 1.60 0.0
2026-09-10T05:20:43+08:00 1.18 1.18 0.00 1.51 0.0
2026-09-10T05:20:53+08:00 1.81 1.81 0.00 1.43 0.0
2026-09-10T05:21:00+08:00 1.03 1.03 0.00 1.36 0.0
2026-09-10T05:21:10+08:00 0.37 0.37 0.00 1.45 0.0
2026-09-10T05:21:20+08:00 3.12 2.97 0.00 1.30 0.0
