t_iso io_some_avg10 io_full_avg10 cpu_some_avg10 loadavg1 vllm_running
2026-09-10T18:47:59+08:00 4.77 4.67 0.00 1.62 NA
t_iso io_some_avg10 io_full_avg10 cpu_some_avg10 loadavg1 vllm_running
2026-09-10T19:01:18+08:00 1.78 1.77 0.00 0.92 NA
2026-09-10T19:01:27+08:00 4.03 4.03 0.00 0.77 NA
2026-09-10T19:01:35+08:00 7.31 7.31 0.00 0.65 NA
2026-09-10T19:01:45+08:00 2.81 2.81 0.00 0.55 NA
2026-09-10T19:01:53+08:00 1.56 1.56 0.00 0.47 NA
2026-09-10T19:02:03+08:00 1.97 1.82 0.72 0.87 NA
2026-09-10T19:02:13+08:00 10.19 10.14 0.59 1.05 NA
2026-09-10T19:02:20+08:00 24.70 24.49 0.26 1.19 NA
2026-09-10T19:02:30+08:00 31.19 31.12 0.09 1.56 NA
2026-09-10T19:02:41+08:00 33.28 33.25 0.03 1.63 NA
2026-09-10T19:02:48+08:00 37.59 37.58 0.01 1.68 NA
2026-09-10T19:02:58+08:00 22.43 22.42 0.15 1.73 NA
2026-09-10T19:03:08+08:00 17.75 17.65 0.06 1.77 NA
2026-09-10T19:03:16+08:00 14.20 14.16 0.02 1.81 NA
2026-09-10T19:03:26+08:00 11.98 11.97 0.18 1.84 NA
2026-09-10T19:03:36+08:00 6.29 6.28 0.20 1.71 NA
2026-09-10T19:03:44+08:00 9.81 9.81 0.07 1.67 NA
2026-09-10T19:03:54+08:00 13.49 13.49 0.02 1.65 NA
2026-09-10T19:04:04+08:00 9.45 9.09 0.01 1.63 NA
2026-09-10T19:04:12+08:00 5.56 5.43 0.00 1.61 0.0
2026-09-10T19:04:22+08:00 3.62 3.56 0.00 1.51 1.0
2026-09-10T19:04:32+08:00 1.33 1.31 0.00 1.51 1.0
2026-09-10T19:04:39+08:00 1.75 1.56 0.00 1.43 1.0
2026-09-10T19:04:49+08:00 3.16 3.07 0.00 1.37 1.0
2026-09-10T19:04:59+08:00 4.85 4.82 0.00 1.31 1.0
2026-09-10T19:05:07+08:00 2.37 2.36 0.00 1.42 1.0
2026-09-10T19:05:17+08:00 2.99 2.98 0.00 1.36 1.0
2026-09-10T19:05:27+08:00 1.10 1.09 0.00 1.30 1.0
2026-09-10T19:05:35+08:00 1.46 0.85 0.00 1.26 1.0
2026-09-10T19:05:45+08:00 3.55 3.32 0.00 1.22 1.0
2026-09-10T19:05:55+08:00 2.48 2.37 0.00 1.26 1.0
2026-09-10T19:06:02+08:00 2.73 2.69 0.00 1.22 1.0
2026-09-10T19:06:12+08:00 1.25 1.23 0.00 1.18 1.0
2026-09-10T19:06:22+08:00 0.56 0.55 0.00 1.15 1.0
2026-09-10T19:06:30+08:00 2.45 2.44 0.00 1.13 1.0
2026-09-10T19:06:40+08:00 1.39 1.39 0.00 1.18 1.0
2026-09-10T19:06:50+08:00 0.59 0.59 0.00 1.15 1.0
2026-09-10T19:06:57+08:00 2.70 2.60 0.00 1.20 1.0
2026-09-10T19:07:08+08:00 1.21 1.17 0.00 1.17 1.0
2026-09-10T19:07:18+08:00 7.80 7.61 0.00 1.51 1.0
2026-09-10T19:07:25+08:00 6.72 6.63 0.00 1.43 1.0
2026-09-10T19:07:35+08:00 4.97 4.93 0.00 1.45 1.0
2026-09-10T19:07:45+08:00 1.82 1.81 0.00 1.38 1.0
2026-09-10T19:07:53+08:00 4.54 4.38 0.00 2.04 1.0
2026-09-10T19:08:03+08:00 3.96 3.90 0.00 1.88 1.0
2026-09-10T19:08:13+08:00 2.73 2.53 0.00 1.74 1.0
2026-09-10T19:08:21+08:00 2.09 2.01 0.00 1.63 1.0
2026-09-10T19:08:31+08:00 7.04 7.01 0.00 1.53 0.0
2026-09-10T19:08:41+08:00 3.16 3.15 0.00 1.60 0.0
2026-09-10T19:08:48+08:00 2.07 2.06 0.63 1.66 1.0
2026-09-10T19:08:59+08:00 1.57 1.57 1.04 2.19 1.0
2026-09-10T19:09:09+08:00 0.80 0.80 1.16 2.00 1.0
2026-09-10T19:09:16+08:00 0.39 0.39 1.29 2.32 1.0
2026-09-10T19:09:26+08:00 0.17 0.17 1.12 2.27 1.0
2026-09-10T19:09:36+08:00 0.30 0.30 1.29 2.07 1.0
2026-09-10T19:09:44+08:00 1.00 1.00 1.10 1.99 1.0
2026-09-10T19:09:54+08:00 0.45 0.45 1.04 2.14 1.0
2026-09-10T19:10:04+08:00 0.24 0.24 1.13 2.12 1.0
2026-09-10T19:10:11+08:00 0.11 0.11 1.06 1.94 1.0
2026-09-10T19:10:22+08:00 0.40 0.40 1.12 2.04 1.0
2026-09-10T19:10:32+08:00 2.13 1.89 1.14 2.19 1.0
2026-09-10T19:10:39+08:00 0.95 0.85 1.16 2.08 1.0
2026-09-10T19:10:49+08:00 0.47 0.43 1.05 2.00 1.0
2026-09-10T19:10:59+08:00 0.21 0.19 1.02 2.08 1.0
2026-09-10T19:11:07+08:00 0.07 0.07 1.15 1.92 1.0
2026-09-10T19:11:17+08:00 1.24 1.23 1.23 1.77 1.0
2026-09-10T19:11:27+08:00 0.55 0.55 1.28 1.82 1.0
2026-09-10T19:11:35+08:00 0.20 0.20 1.22 1.91 1.0
2026-09-10T19:11:45+08:00 0.09 0.09 1.10 1.77 1.0
2026-09-10T19:11:55+08:00 0.03 0.03 1.03 1.73 1.0
2026-09-10T19:12:02+08:00 0.74 0.74 1.01 1.99 1.0
2026-09-10T19:12:12+08:00 0.33 0.33 1.00 2.06 1.0
2026-09-10T19:12:22+08:00 0.12 0.12 1.08 1.97 1.0
2026-09-10T19:12:30+08:00 0.71 0.71 0.85 2.14 0.0
2026-09-10T19:12:40+08:00 1.08 1.08 0.31 1.89 1.0
2026-09-10T19:12:50+08:00 0.39 0.39 0.11 1.75 1.0
2026-09-10T19:12:58+08:00 0.72 0.72 0.05 1.64 1.0
2026-09-10T19:13:08+08:00 0.26 0.26 0.01 1.62 1.0
2026-09-10T19:13:18+08:00 0.31 0.31 0.00 1.52 1.0
2026-09-10T19:13:25+08:00 1.20 1.20 0.00 1.36 0.0
2026-09-10T19:13:35+08:00 6.88 6.88 0.00 1.31 2.0
2026-09-10T19:13:45+08:00 3.09 3.09 0.00 1.26 2.0
2026-09-10T19:13:53+08:00 1.54 1.54 0.00 1.29 2.0
2026-09-10T19:14:03+08:00 0.84 0.84 0.00 1.33 1.0
2026-09-10T19:14:13+08:00 0.60 0.45 0.00 1.52 2.0
2026-09-10T19:14:21+08:00 0.37 0.31 0.00 1.44 2.0
2026-09-10T19:14:31+08:00 0.16 0.14 0.00 1.37 2.0
2026-09-10T19:14:41+08:00 0.06 0.05 0.00 1.31 2.0
2026-09-10T19:14:48+08:00 0.47 0.46 0.00 1.42 2.0
2026-09-10T19:14:58+08:00 1.02 1.02 0.00 1.35 2.0
2026-09-10T19:15:08+08:00 0.37 0.37 0.00 1.53 2.0
2026-09-10T19:15:16+08:00 0.34 0.34 0.00 1.52 2.0
2026-09-10T19:15:26+08:00 0.12 0.12 0.00 1.44 2.0
2026-09-10T19:15:36+08:00 0.05 0.05 0.00 1.45 2.0
2026-09-10T19:15:44+08:00 0.53 0.53 0.00 1.38 2.0
2026-09-10T19:15:54+08:00 0.19 0.19 0.00 1.47 2.0
2026-09-10T19:16:04+08:00 0.08 0.08 0.00 1.39 2.0
2026-09-10T19:16:11+08:00 0.17 0.17 0.00 1.49 2.0
2026-09-10T19:16:21+08:00 0.07 0.07 0.00 1.41 2.0
2026-09-10T19:16:31+08:00 2.46 2.46 0.00 1.50 2.0
2026-09-10T19:16:39+08:00 1.28 1.28 0.00 1.49 2.0
2026-09-10T19:16:49+08:00 0.57 0.57 0.00 1.42 2.0
2026-09-10T19:16:59+08:00 0.21 0.21 0.00 1.51 2.0
2026-09-10T19:17:07+08:00 0.09 0.09 0.00 1.51 2.0
2026-09-10T19:17:17+08:00 1.12 1.12 0.00 1.66 1.0
2026-09-10T19:17:27+08:00 1.49 1.49 0.00 1.56 1.0
2026-09-10T19:17:34+08:00 0.67 0.67 0.00 1.47 1.0
2026-09-10T19:17:44+08:00 2.10 1.98 0.00 1.40 1.0
2026-09-10T19:17:55+08:00 4.15 4.10 0.00 1.56 1.0
2026-09-10T19:18:02+08:00 8.41 8.39 0.00 1.55 1.0
2026-09-10T19:18:12+08:00 8.66 8.65 0.00 1.61 0.0
2026-09-10T19:18:22+08:00 3.89 3.89 0.00 1.52 4.0
2026-09-10T19:18:30+08:00 1.87 1.87 0.00 1.51 3.0
2026-09-10T19:18:40+08:00 0.69 0.69 0.00 1.43 4.0
2026-09-10T19:18:50+08:00 0.30 0.30 0.00 1.37 4.0
2026-09-10T19:18:57+08:00 2.42 2.42 0.00 1.31 4.0
2026-09-10T19:19:07+08:00 1.08 1.08 0.00 1.26 4.0
2026-09-10T19:19:18+08:00 1.05 1.05 0.00 1.22 4.0
2026-09-10T19:19:25+08:00 0.68 0.53 0.00 1.27 4.0
2026-09-10T19:19:35+08:00 0.97 0.90 0.00 1.22 4.0
2026-09-10T19:19:45+08:00 0.35 0.33 0.00 1.19 4.0
2026-09-10T19:19:53+08:00 0.30 0.29 0.00 1.16 2.0
2026-09-10T19:20:03+08:00 0.11 0.10 0.00 1.14 4.0
2026-09-10T19:20:13+08:00 0.04 0.03 0.00 1.11 4.0
2026-09-10T19:20:21+08:00 0.56 0.56 0.00 1.10 4.0
2026-09-10T19:20:31+08:00 1.17 1.17 0.00 1.08 4.0
2026-09-10T19:20:41+08:00 0.67 0.67 0.00 1.07 4.0
2026-09-10T19:20:48+08:00 0.84 0.84 0.00 1.06 4.0
2026-09-10T19:20:58+08:00 0.30 0.30 0.00 1.05 4.0
2026-09-10T19:21:08+08:00 0.13 0.13 0.00 1.12 4.0
2026-09-10T19:21:16+08:00 6.38 6.38 0.00 1.09 4.0
2026-09-10T19:21:26+08:00 2.87 2.87 0.00 1.08 4.0
2026-09-10T19:21:36+08:00 1.05 1.05 0.00 1.07 4.0
2026-09-10T19:21:44+08:00 2.16 2.16 0.00 0.98 4.0
2026-09-10T19:21:54+08:00 0.97 0.97 0.00 0.99 4.0
2026-09-10T19:22:04+08:00 0.95 0.95 0.00 0.91 0.0
2026-09-10T19:22:11+08:00 0.79 0.79 0.00 1.00 1.0
2026-09-10T19:22:21+08:00 0.29 0.29 0.00 1.00 1.0
2026-09-10T19:22:31+08:00 0.10 0.10 0.00 1.00 1.0
2026-09-10T19:22:39+08:00 0.22 0.22 0.00 1.00 1.0
2026-09-10T19:22:49+08:00 0.08 0.08 0.00 1.08 1.0
2026-09-10T19:22:59+08:00 0.03 0.03 0.00 1.07 0.0
2026-09-10T19:23:07+08:00 3.02 3.02 0.00 0.98 6.0
2026-09-10T19:23:17+08:00 1.91 1.91 0.00 0.99 8.0
2026-09-10T19:23:27+08:00 2.19 2.19 0.00 0.91 8.0
2026-09-10T19:23:34+08:00 1.10 1.10 0.00 1.01 8.0
2026-09-10T19:23:45+08:00 0.40 0.40 0.00 1.09 8.0
2026-09-10T19:23:55+08:00 0.42 0.42 0.00 1.15 8.0
2026-09-10T19:24:02+08:00 0.74 0.60 0.00 1.12 8.0
2026-09-10T19:24:12+08:00 1.30 1.23 0.00 1.10 8.0
2026-09-10T19:24:22+08:00 0.47 0.45 0.00 1.09 8.0
2026-09-10T19:24:30+08:00 0.76 0.76 0.00 1.07 8.0
2026-09-10T19:24:40+08:00 0.34 0.34 0.00 1.30 8.0
2026-09-10T19:24:50+08:00 0.22 0.22 0.00 1.26 8.0
2026-09-10T19:24:57+08:00 6.62 6.47 0.00 1.22 8.0
2026-09-10T19:25:08+08:00 2.43 2.38 0.00 1.26 8.0
2026-09-10T19:25:18+08:00 2.34 2.32 0.00 1.46 8.0
2026-09-10T19:25:25+08:00 2.67 2.66 0.00 1.61 8.0
2026-09-10T19:25:35+08:00 5.48 5.48 0.00 1.60 8.0
2026-09-10T19:25:45+08:00 2.58 2.58 0.00 1.51 8.0
2026-09-10T19:25:53+08:00 2.16 2.16 0.00 1.43 8.0
2026-09-10T19:26:03+08:00 0.79 0.79 0.00 1.36 8.0
2026-09-10T19:26:13+08:00 0.47 0.47 0.00 1.46 8.0
2026-09-10T19:26:21+08:00 0.32 0.32 0.00 1.39 8.0
2026-09-10T19:26:31+08:00 0.24 0.24 0.00 1.33 8.0
2026-09-10T19:26:41+08:00 0.69 0.69 0.00 1.35 8.0
2026-09-10T19:26:48+08:00 1.04 1.04 0.00 1.30 0.0
2026-09-10T19:26:58+08:00 0.83 0.83 0.00 1.18 1.0
2026-09-10T19:27:08+08:00 2.24 2.24 0.00 1.15 1.0
2026-09-10T19:27:16+08:00 2.84 2.84 0.00 1.13 1.0
2026-09-10T19:27:26+08:00 3.99 3.63 0.00 1.11 1.0
2026-09-10T19:27:36+08:00 1.86 1.73 0.00 1.02 1.0
2026-09-10T19:27:44+08:00 1.97 1.91 0.00 1.09 1.0
2026-09-10T19:27:54+08:00 2.10 1.93 0.00 1.08 0.0
2026-09-10T19:28:04+08:00 9.39 9.14 0.00 1.15 16.0
2026-09-10T19:28:12+08:00 4.21 4.12 0.00 1.12 16.0
2026-09-10T19:28:22+08:00 4.22 4.18 0.00 1.02 16.0
2026-09-10T19:28:32+08:00 1.89 1.88 0.00 1.18 16.0
2026-09-10T19:28:39+08:00 1.22 1.21 0.00 1.15 16.0
2026-09-10T19:28:49+08:00 2.82 2.82 0.00 1.20 16.0
2026-09-10T19:28:59+08:00 1.66 1.66 0.00 1.17 16.0
2026-09-10T19:29:07+08:00 2.61 2.61 0.00 1.14 16.0
2026-09-10T19:29:17+08:00 1.17 1.17 0.00 1.12 16.0
2026-09-10T19:29:27+08:00 0.43 0.43 0.00 1.87 16.0
2026-09-10T19:29:35+08:00 0.15 0.15 0.00 1.74 16.0
2026-09-10T19:29:45+08:00 1.55 1.55 0.00 1.62 16.0
2026-09-10T19:29:55+08:00 0.57 0.57 0.00 1.53 16.0
2026-09-10T19:30:02+08:00 0.40 0.40 0.00 1.45 16.0
2026-09-10T19:30:12+08:00 2.26 2.26 0.00 1.38 16.0
2026-09-10T19:30:22+08:00 3.30 3.30 0.00 1.40 1.0
2026-09-10T19:30:30+08:00 2.19 2.19 0.00 1.41 16.0
2026-09-10T19:30:40+08:00 3.35 3.26 0.00 1.35 16.0
2026-09-10T19:30:50+08:00 2.10 2.06 0.00 1.29 16.0
2026-09-10T19:30:58+08:00 2.28 2.27 0.00 1.25 16.0
2026-09-10T19:31:08+08:00 1.22 1.21 0.00 1.36 16.0
2026-09-10T19:31:18+08:00 0.54 0.54 0.00 1.30 16.0
2026-09-10T19:31:26+08:00 1.91 1.91 0.00 1.33 16.0
2026-09-10T19:31:36+08:00 2.74 2.73 0.00 1.28 16.0
2026-09-10T19:31:46+08:00 3.90 3.90 0.00 1.16 0.0
2026-09-10T19:31:53+08:00 1.63 1.63 0.00 1.13 0.0
2026-09-10T19:32:03+08:00 0.73 0.73 0.00 1.11 1.0
2026-09-10T19:32:13+08:00 0.43 0.43 0.00 1.09 1.0
2026-09-10T19:32:21+08:00 0.47 0.47 0.00 1.16 1.0
2026-09-10T19:32:31+08:00 1.55 1.55 0.00 1.13 1.0
2026-09-10T19:32:41+08:00 0.56 0.56 0.00 1.11 1.0
2026-09-10T19:32:49+08:00 2.59 2.59 0.00 1.17 0.0
2026-09-10T19:32:59+08:00 6.55 6.45 0.00 1.14 32.0
2026-09-10T19:33:09+08:00 2.49 2.45 0.00 1.12 32.0
2026-09-10T19:33:16+08:00 1.26 1.25 0.00 1.18 32.0
2026-09-10T19:33:26+08:00 3.78 3.77 0.00 1.15 32.0
2026-09-10T19:33:36+08:00 3.87 3.87 0.00 1.12 32.0
2026-09-10T19:33:44+08:00 1.54 1.54 0.00 1.10 32.0
2026-09-10T19:33:54+08:00 1.13 1.13 0.00 1.09 32.0
2026-09-10T19:34:04+08:00 0.51 0.51 0.00 1.07 32.0
2026-09-10T19:34:12+08:00 3.95 3.95 0.00 1.06 32.0
2026-09-10T19:34:22+08:00 2.32 2.32 0.00 0.97 32.0
2026-09-10T19:34:32+08:00 0.95 0.85 0.00 1.46 32.0
2026-09-10T19:34:39+08:00 0.47 0.43 0.00 1.39 32.0
2026-09-10T19:34:49+08:00 5.87 5.86 0.00 1.41 32.0
2026-09-10T19:34:59+08:00 6.86 6.57 0.00 1.42 32.0
2026-09-10T19:35:07+08:00 3.23 3.10 0.00 1.35 32.0
2026-09-10T19:35:17+08:00 5.65 5.49 0.00 1.30 32.0
2026-09-10T19:35:27+08:00 4.62 4.55 0.00 1.33 32.0
2026-09-10T19:35:35+08:00 4.74 4.72 0.00 1.28 32.0
2026-09-10T19:35:45+08:00 6.51 6.40 0.00 1.24 32.0
2026-09-10T19:35:55+08:00 3.65 3.60 0.00 1.20 32.0
2026-09-10T19:36:02+08:00 7.11 7.09 0.00 1.17 32.0
2026-09-10T19:36:12+08:00 9.69 9.68 0.00 1.22 32.0
2026-09-10T19:36:22+08:00 8.26 8.26 0.00 1.26 32.0
2026-09-10T19:36:30+08:00 3.70 3.70 0.00 1.22 32.0
2026-09-10T19:36:40+08:00 5.17 5.16 0.00 1.11 0.0
2026-09-10T19:36:50+08:00 3.43 3.43 0.00 1.09 0.0
2026-09-10T19:36:58+08:00 6.94 6.58 0.00 1.00 0.0
2026-09-10T19:37:08+08:00 4.61 4.45 0.00 1.00 1.0
2026-09-10T19:37:18+08:00 1.84 1.78 0.00 1.00 1.0
2026-09-10T19:37:25+08:00 6.18 6.03 0.00 1.00 1.0
2026-09-10T19:37:35+08:00 3.46 3.40 0.00 1.00 1.0
2026-09-10T19:37:46+08:00 1.57 1.55 0.00 1.00 1.0
2026-09-10T19:37:53+08:00 0.82 0.81 0.00 0.99 0.0
2026-09-10T19:38:03+08:00 0.62 0.54 0.00 1.07 64.0
2026-09-10T19:38:13+08:00 0.23 0.19 0.00 1.22 64.0
2026-09-10T19:38:21+08:00 0.52 0.50 0.00 1.18 64.0
2026-09-10T19:38:31+08:00 0.19 0.18 0.00 1.23 64.0
2026-09-10T19:38:41+08:00 0.68 0.68 0.00 1.35 64.0
2026-09-10T19:38:49+08:00 3.45 3.08 0.00 1.29 64.0
2026-09-10T19:38:59+08:00 1.27 1.13 0.00 1.25 64.0
2026-09-10T19:39:09+08:00 1.01 0.95 0.00 1.21 64.0
2026-09-10T19:39:16+08:00 0.37 0.35 0.00 1.18 61.0
2026-09-10T19:39:26+08:00 0.16 0.15 0.00 1.15 64.0
2026-09-10T19:39:36+08:00 1.44 1.44 0.00 1.29 64.0
2026-09-10T19:39:44+08:00 0.85 0.75 0.00 1.24 64.0
2026-09-10T19:39:54+08:00 0.38 0.33 0.00 1.20 64.0
2026-09-10T19:40:04+08:00 0.14 0.12 0.00 1.17 64.0
2026-09-10T19:40:12+08:00 0.18 0.17 0.00 1.15 64.0
2026-09-10T19:40:22+08:00 0.31 0.30 0.00 1.12 64.0
2026-09-10T19:40:32+08:00 7.15 7.15 0.00 1.18 64.0
2026-09-10T19:40:39+08:00 3.70 3.70 0.00 1.15 64.0
2026-09-10T19:40:50+08:00 1.60 1.60 0.00 1.13 64.0
2026-09-10T19:41:00+08:00 1.03 1.03 0.00 1.11 64.0
2026-09-10T19:41:07+08:00 9.41 9.41 0.00 1.24 64.0
2026-09-10T19:41:17+08:00 5.61 5.61 0.00 1.21 64.0
2026-09-10T19:41:27+08:00 4.19 4.19 0.00 1.33 64.0
2026-09-10T19:41:35+08:00 2.79 2.79 0.00 1.28 0.0
2026-09-10T19:41:45+08:00 1.51 1.51 0.00 1.23 0.0
2026-09-10T19:41:55+08:00 1.76 1.76 0.00 1.20 0.0
2026-09-10T19:42:03+08:00 1.85 1.85 0.00 1.17 0.0
2026-09-10T19:42:13+08:00 1.12 1.12 0.00 1.14 1.0
2026-09-10T19:42:23+08:00 1.00 1.00 0.00 1.12 1.0
2026-09-10T19:42:30+08:00 0.99 0.99 0.00 1.25 1.0
2026-09-10T19:42:41+08:00 1.97 1.97 0.00 1.21 1.0
2026-09-10T19:42:51+08:00 1.16 1.16 0.00 1.18 1.0
2026-09-10T19:42:58+08:00 0.74 0.74 0.00 1.15 1.0
2026-09-10T19:43:08+08:00 0.42 0.42 0.00 1.13 0.0
2026-09-10T19:43:18+08:00 0.45 0.45 0.00 1.11 96.0
2026-09-10T19:43:26+08:00 0.32 0.32 0.00 1.09 96.0
2026-09-10T19:43:36+08:00 0.52 0.52 0.00 1.08 96.0
2026-09-10T19:43:46+08:00 1.17 1.17 0.00 1.06 96.0
2026-09-10T19:43:54+08:00 1.35 1.35 0.00 1.05 96.0
2026-09-10T19:44:04+08:00 1.77 1.77 0.00 1.05 96.0
2026-09-10T19:44:14+08:00 2.13 2.13 0.00 1.20 96.0
2026-09-10T19:44:21+08:00 2.35 2.35 0.00 1.33 96.0
2026-09-10T19:44:31+08:00 1.35 1.35 0.00 1.28 96.0
2026-09-10T19:44:41+08:00 1.92 1.92 0.00 1.23 96.0
2026-09-10T19:44:49+08:00 1.89 1.89 0.00 1.20 96.0
2026-09-10T19:44:59+08:00 1.09 1.09 0.00 1.17 96.0
2026-09-10T19:45:09+08:00 0.40 0.40 0.00 1.14 96.0
2026-09-10T19:45:17+08:00 2.86 2.68 0.00 1.12 96.0
2026-09-10T19:45:27+08:00 3.96 3.75 0.00 1.10 96.0
2026-09-10T19:45:37+08:00 1.45 1.38 0.00 1.24 96.0
2026-09-10T19:45:44+08:00 1.99 1.83 0.00 1.21 96.0
2026-09-10T19:45:54+08:00 1.38 1.32 0.00 1.17 96.0
2026-09-10T19:46:05+08:00 0.50 0.48 0.00 1.23 96.0
2026-09-10T19:46:12+08:00 8.76 8.39 0.00 1.34 96.0
2026-09-10T19:46:22+08:00 3.22 3.08 0.00 1.29 96.0
2026-09-10T19:46:32+08:00 1.99 1.93 0.00 1.24 96.0
2026-09-10T19:46:40+08:00 1.03 1.00 0.00 1.50 0.0
2026-09-10T19:46:50+08:00 0.77 0.76 0.00 1.42 0.0
2026-09-10T19:47:00+08:00 0.34 0.34 0.00 1.36 0.0
2026-09-10T19:47:08+08:00 0.70 0.70 0.00 1.30 0.0
2026-09-10T19:47:18+08:00 0.70 0.70 0.00 1.25 0.0
2026-09-10T19:47:28+08:00 0.31 0.31 0.00 1.14 1.0
2026-09-10T19:47:36+08:00 0.31 0.31 0.00 1.20 1.0
2026-09-10T19:47:46+08:00 0.14 0.14 0.00 1.17 1.0
2026-09-10T19:47:56+08:00 12.76 12.58 0.00 1.30 1.0
2026-09-10T19:48:03+08:00 5.20 5.14 0.00 1.26 1.0
2026-09-10T19:48:13+08:00 2.46 2.43 0.00 1.22 1.0
2026-09-10T19:48:23+08:00 3.32 3.31 0.00 1.26 0.0
2026-09-10T19:48:31+08:00 1.61 1.60 0.00 1.30 128.0
2026-09-10T19:48:41+08:00 0.59 0.59 0.00 1.26 128.0
2026-09-10T19:48:51+08:00 1.68 1.68 0.00 1.14 35.0
2026-09-10T19:48:59+08:00 1.15 1.15 0.00 1.20 128.0
2026-09-10T19:49:09+08:00 3.51 3.39 0.00 1.33 128.0
2026-09-10T19:49:19+08:00 3.64 3.59 0.00 1.27 128.0
2026-09-10T19:49:26+08:00 1.73 1.71 0.00 1.23 128.0
2026-09-10T19:49:36+08:00 1.88 1.87 0.00 1.27 98.0
2026-09-10T19:49:46+08:00 2.48 2.35 0.00 1.30 128.0
2026-09-10T19:49:54+08:00 4.25 4.12 0.00 1.48 119.0
2026-09-10T19:50:04+08:00 1.56 1.51 0.00 1.56 128.0
2026-09-10T19:50:14+08:00 2.34 2.31 0.00 1.58 35.0
2026-09-10T19:50:22+08:00 3.36 3.36 0.00 1.49 128.0
2026-09-10T19:50:32+08:00 1.75 1.75 0.00 1.50 128.0
2026-09-10T19:50:42+08:00 0.64 0.64 0.00 1.74 128.0
2026-09-10T19:50:50+08:00 1.47 1.47 0.00 1.78 35.0
2026-09-10T19:51:00+08:00 1.02 1.02 0.00 1.66 128.0
2026-09-10T19:51:10+08:00 2.41 2.41 0.00 1.56 119.0
2026-09-10T19:51:17+08:00 1.28 1.28 0.00 1.47 128.0
2026-09-10T19:51:27+08:00 0.47 0.47 0.00 1.48 128.0
2026-09-10T19:51:37+08:00 0.42 0.42 0.00 1.57 128.0
2026-09-10T19:51:45+08:00 1.08 1.08 0.00 1.48 0.0
2026-09-10T19:51:55+08:00 0.39 0.39 0.00 1.40 0.0
2026-09-10T19:52:05+08:00 1.08 1.08 0.00 1.34 0.0
2026-09-10T19:52:13+08:00 1.88 1.88 0.00 1.29 0.0
2026-09-10T19:52:23+08:00 0.69 0.69 0.00 1.32 0.0
2026-09-10T19:52:33+08:00 2.31 2.31 0.00 1.20 1.0
2026-09-10T19:52:41+08:00 1.54 1.54 0.00 1.17 1.0
2026-09-10T19:52:51+08:00 3.36 3.36 0.00 1.14 1.0
2026-09-10T19:53:01+08:00 2.12 2.12 0.00 1.20 1.0
2026-09-10T19:53:08+08:00 9.51 9.51 0.00 1.40 1.0
2026-09-10T19:53:18+08:00 6.21 6.21 0.00 1.34 1.0
2026-09-10T19:53:28+08:00 2.93 2.93 0.00 1.28 0.0
2026-09-10T19:53:36+08:00 1.40 1.40 0.00 1.24 192.0
2026-09-10T19:53:46+08:00 1.37 1.27 0.00 1.20 192.0
2026-09-10T19:53:56+08:00 3.24 3.21 0.00 1.17 192.0
2026-09-10T19:54:04+08:00 3.50 3.48 0.00 1.14 192.0
2026-09-10T19:54:14+08:00 1.57 1.56 0.00 1.28 134.0
2026-09-10T19:54:24+08:00 1.28 1.28 0.00 1.24 154.0
2026-09-10T19:54:31+08:00 3.35 3.35 0.00 1.20 192.0
2026-09-10T19:54:42+08:00 3.58 3.58 0.00 1.17 192.0
2026-09-10T19:54:52+08:00 2.65 2.65 0.00 1.14 192.0
2026-09-10T19:54:59+08:00 1.19 1.19 0.00 1.12 192.0
2026-09-10T19:55:09+08:00 1.79 1.79 0.00 1.10 192.0
2026-09-10T19:55:19+08:00 1.04 1.04 0.00 1.25 192.0
2026-09-10T19:55:27+08:00 0.48 0.48 0.00 1.21 134.0
2026-09-10T19:55:37+08:00 0.35 0.35 0.00 1.18 192.0
2026-09-10T19:55:47+08:00 0.40 0.40 0.00 1.30 192.0
2026-09-10T19:55:55+08:00 0.39 0.39 0.00 1.25 192.0
2026-09-10T19:56:05+08:00 0.17 0.17 0.00 1.21 192.0
2026-09-10T19:56:14+08:00 0.06 0.06 0.00 1.25 192.0
2026-09-10T19:56:22+08:00 1.87 1.87 0.00 1.21 192.0
2026-09-10T19:56:32+08:00 0.84 0.84 0.00 1.34 192.0
2026-09-10T19:56:42+08:00 0.30 0.30 0.00 1.29 134.0
2026-09-10T19:56:50+08:00 0.43 0.43 0.00 1.24 192.0
2026-09-10T19:57:00+08:00 0.19 0.19 0.00 1.20 0.0
2026-09-10T19:57:08+08:00 0.07 0.07 0.00 1.17 0.0
2026-09-10T19:57:18+08:00 0.13 0.13 0.00 1.15 0.0
2026-09-10T19:57:28+08:00 0.04 0.04 0.00 1.12 0.0
2026-09-10T19:57:35+08:00 0.41 0.41 0.00 1.10 0.0
2026-09-10T19:57:46+08:00 0.38 0.38 0.00 1.09 0.0
2026-09-10T19:57:56+08:00 16.62 16.47 0.00 1.07 1.0
2026-09-10T19:58:03+08:00 7.47 7.40 0.00 1.06 1.0
2026-09-10T19:58:13+08:00 9.71 9.68 0.00 1.13 1.0
2026-09-10T19:58:23+08:00 3.73 3.72 0.00 1.11 1.0
2026-09-10T19:58:31+08:00 4.01 3.91 0.00 1.09 1.0
2026-09-10T19:58:41+08:00 1.47 1.43 0.00 1.08 0.0
2026-09-10T19:58:51+08:00 1.07 1.05 0.00 1.07 256.0
2026-09-10T19:58:59+08:00 0.48 0.47 0.00 1.13 256.0
2026-09-10T19:59:09+08:00 0.25 0.25 0.00 1.26 256.0
2026-09-10T19:59:19+08:00 1.50 1.50 0.00 1.22 108.0
2026-09-10T19:59:27+08:00 0.55 0.55 0.00 1.19 256.0
2026-09-10T19:59:37+08:00 1.18 1.18 0.00 1.16 256.0
2026-09-10T19:59:47+08:00 0.52 0.52 0.00 1.21 256.0
2026-09-10T19:59:54+08:00 0.85 0.85 0.00 1.25 256.0
2026-09-10T20:00:04+08:00 1.77 1.77 0.00 1.29 180.0
2026-09-10T20:00:14+08:00 0.65 0.65 0.00 1.24 256.0
2026-09-10T20:00:22+08:00 2.34 2.34 0.00 1.20 236.0
2026-09-10T20:00:32+08:00 1.05 1.05 0.00 1.25 256.0
2026-09-10T20:00:42+08:00 0.38 0.38 0.00 1.21 256.0
2026-09-10T20:00:50+08:00 0.53 0.53 0.00 1.10 248.0
2026-09-10T20:01:00+08:00 4.24 4.24 0.00 1.32 256.0
2026-09-10T20:01:10+08:00 4.47 4.47 0.00 1.27 162.0
2026-09-10T20:01:18+08:00 2.01 2.01 0.00 1.23 256.0
2026-09-10T20:01:28+08:00 1.47 1.47 0.00 1.27 256.0
2026-09-10T20:01:38+08:00 1.32 1.32 0.00 1.23 248.0
2026-09-10T20:01:45+08:00 1.88 1.88 0.00 1.19 256.0
2026-09-10T20:01:55+08:00 1.99 1.99 0.00 1.31 158.0
2026-09-10T20:02:05+08:00 0.89 0.89 0.00 1.26 256.0
2026-09-10T20:02:13+08:00 0.59 0.59 0.00 1.22 40.0
2026-09-10T20:02:23+08:00 0.33 0.33 0.00 1.19 0.0
2026-09-10T20:02:33+08:00 0.15 0.15 0.00 1.16 0.0
2026-09-10T20:02:41+08:00 0.64 0.64 0.00 1.13 0.0
2026-09-10T20:02:51+08:00 0.43 0.43 0.00 1.19 0.0
2026-09-10T20:03:01+08:00 0.16 0.16 0.00 1.16 0.0
2026-09-10T20:03:08+08:00 1.31 1.31 0.00 1.14 0.0
2026-09-10T20:03:18+08:00 12.66 12.66 0.00 1.12 NA
