t_iso io_some_avg10 io_full_avg10 cpu_some_avg10 loadavg1 vllm_running
2026-09-11T04:11:34+08:00 0.25 0.25 0.26 0.58 0.0
2026-09-11T04:11:44+08:00 0.90 0.90 0.09 0.65 1.0
2026-09-11T04:11:54+08:00 5.59 5.59 0.03 0.70 1.0
2026-09-11T04:12:04+08:00 3.60 3.60 0.01 0.75 1.0
2026-09-11T04:12:11+08:00 1.98 1.98 0.00 1.01 1.0
2026-09-11T04:12:21+08:00 0.73 0.73 0.00 1.01 1.0
2026-09-11T04:12:31+08:00 2.01 2.01 0.00 1.01 1.0
2026-09-11T04:12:39+08:00 1.39 1.39 0.00 1.01 1.0
2026-09-11T04:12:49+08:00 2.86 2.86 0.00 1.09 1.0
2026-09-11T04:12:59+08:00 2.14 2.14 0.00 1.07 1.0
2026-09-11T04:13:06+08:00 2.12 2.12 0.00 1.06 1.0
2026-09-11T04:13:16+08:00 4.57 4.57 0.00 1.13 1.0
2026-09-11T04:13:26+08:00 3.01 3.01 0.00 1.11 1.0
2026-09-11T04:13:34+08:00 2.29 2.29 0.00 1.09 1.0
2026-09-11T04:13:44+08:00 0.84 0.84 0.00 1.08 1.0
2026-09-11T04:13:54+08:00 0.60 0.60 0.00 1.07 1.0
2026-09-11T04:14:04+08:00 0.27 0.27 0.00 1.06 1.0
2026-09-11T04:14:11+08:00 6.44 1.00 0.00 1.13 1.0
2026-09-11T04:14:21+08:00 2.37 0.36 0.00 1.11 1.0
2026-09-11T04:14:32+08:00 1.60 0.70 0.00 1.09 1.0
2026-09-11T04:14:39+08:00 0.83 0.50 0.00 1.08 1.0
2026-09-11T04:14:49+08:00 1.46 1.31 0.00 1.06 1.0
2026-09-11T04:14:59+08:00 1.03 0.97 0.00 1.05 1.0
2026-09-11T04:15:07+08:00 3.34 3.32 0.00 1.04 1.0
2026-09-11T04:15:17+08:00 2.39 2.38 0.00 1.04 1.0
2026-09-11T04:15:27+08:00 1.40 1.40 0.00 1.03 1.0
2026-09-11T04:15:34+08:00 2.55 2.55 0.00 1.10 1.0
2026-09-11T04:15:44+08:00 1.26 1.26 0.00 1.08 23.0
2026-09-11T04:15:54+08:00 0.62 0.54 0.00 1.07 61.0
2026-09-11T04:16:04+08:00 0.28 0.24 0.00 1.14 56.0
2026-09-11T04:16:12+08:00 1.24 0.57 0.00 1.20 73.0
2026-09-11T04:16:22+08:00 1.00 0.75 0.00 1.17 58.0
2026-09-11T04:16:32+08:00 0.84 0.73 0.00 1.14 92.0
2026-09-11T04:16:39+08:00 0.63 0.59 0.00 1.12 121.0
2026-09-11T04:16:49+08:00 2.27 2.25 0.00 1.26 249.0
2026-09-11T04:16:59+08:00 1.87 1.57 0.00 1.29 256.0
2026-09-11T04:17:07+08:00 0.68 0.57 0.00 1.25 252.0
2026-09-11T04:17:17+08:00 1.84 1.79 0.00 1.21 252.0
2026-09-11T04:17:27+08:00 0.67 0.66 0.00 1.18 256.0
2026-09-11T04:17:34+08:00 0.33 0.32 0.00 1.15 252.0
2026-09-11T04:17:44+08:00 1.48 1.48 0.00 1.13 250.0
2026-09-11T04:17:54+08:00 0.54 0.54 0.00 1.11 255.0
2026-09-11T04:18:04+08:00 0.44 0.44 0.00 1.09 253.0
2026-09-11T04:18:12+08:00 0.16 0.16 0.00 1.08 255.0
2026-09-11T04:18:22+08:00 0.26 0.26 0.00 1.14 256.0
2026-09-11T04:18:32+08:00 2.34 2.34 0.00 1.12 254.0
2026-09-11T04:18:40+08:00 1.10 1.10 0.00 1.10 255.0
2026-09-11T04:18:50+08:00 0.85 0.85 0.00 1.08 254.0
2026-09-11T04:19:00+08:00 0.31 0.31 0.00 1.07 256.0
2026-09-11T04:19:07+08:00 1.81 1.81 0.00 1.06 253.0
2026-09-11T04:19:17+08:00 0.81 0.81 0.00 1.05 255.0
2026-09-11T04:19:27+08:00 0.29 0.29 0.00 1.04 256.0
2026-09-11T04:19:35+08:00 0.10 0.10 0.00 1.03 252.0
2026-09-11T04:19:45+08:00 0.04 0.04 0.00 1.03 0.0
2026-09-11T04:19:55+08:00 0.18 0.18 0.00 1.02 0.0
2026-09-11T04:20:02+08:00 0.87 0.87 0.00 1.02 0.0
2026-09-11T04:20:13+08:00 0.32 0.32 0.00 1.02 0.0
2026-09-11T04:20:23+08:00 0.11 0.11 0.00 1.01 0.0
2026-09-11T04:20:33+08:00 1.14 1.14 0.00 0.94 1.0
2026-09-11T04:20:40+08:00 0.42 0.42 0.00 0.95 1.0
2026-09-11T04:20:50+08:00 3.33 3.33 0.00 1.03 1.0
2026-09-11T04:21:00+08:00 3.33 3.33 0.00 1.02 1.0
2026-09-11T04:21:08+08:00 1.71 1.71 0.00 1.02 1.0
2026-09-11T04:21:18+08:00 3.19 3.19 0.00 0.94 0.0
2026-09-11T04:21:28+08:00 2.06 2.06 0.00 1.24 71.0
2026-09-11T04:21:35+08:00 1.44 1.44 0.00 1.20 76.0
2026-09-11T04:21:45+08:00 2.18 2.18 0.00 1.25 73.0
2026-09-11T04:21:55+08:00 1.00 1.00 0.00 1.21 54.0
2026-09-11T04:22:03+08:00 0.36 0.36 0.00 1.18 73.0
2026-09-11T04:22:13+08:00 0.31 0.31 0.00 1.15 59.0
2026-09-11T04:22:23+08:00 0.51 0.51 0.00 1.60 256.0
2026-09-11T04:22:33+08:00 1.75 1.75 0.00 1.66 256.0
2026-09-11T04:22:40+08:00 0.64 0.64 0.00 1.85 250.0
2026-09-11T04:22:50+08:00 0.23 0.23 0.00 1.88 256.0
2026-09-11T04:23:00+08:00 1.29 1.29 0.00 1.89 256.0
2026-09-11T04:23:08+08:00 0.88 0.80 0.00 1.91 251.0
2026-09-11T04:23:18+08:00 1.30 1.26 0.00 1.77 255.0
2026-09-11T04:23:28+08:00 0.47 0.46 0.00 1.81 255.0
2026-09-11T04:23:36+08:00 0.97 0.96 0.00 1.84 253.0
2026-09-11T04:23:46+08:00 2.42 2.42 0.00 1.71 254.0
2026-09-11T04:23:56+08:00 2.18 2.18 0.00 1.68 255.0
2026-09-11T04:24:03+08:00 1.39 1.39 0.00 1.72 252.0
2026-09-11T04:24:13+08:00 1.35 1.35 0.00 1.68 250.0
2026-09-11T04:24:23+08:00 4.94 4.35 0.00 1.73 256.0
2026-09-11T04:24:33+08:00 2.46 2.20 0.00 1.69 255.0
2026-09-11T04:24:41+08:00 1.64 1.54 0.00 1.73 253.0
2026-09-11T04:24:51+08:00 0.60 0.56 0.00 1.69 256.0
2026-09-11T04:25:01+08:00 0.81 0.79 0.00 1.82 252.0
2026-09-11T04:25:08+08:00 0.59 0.59 0.00 1.85 186.0
2026-09-11T04:25:18+08:00 1.24 1.23 0.00 1.71 0.0
2026-09-11T04:25:28+08:00 1.36 1.36 0.00 1.60 0.0
2026-09-11T04:25:36+08:00 3.30 3.30 0.00 1.51 0.0
2026-09-11T04:25:46+08:00 2.21 2.21 0.00 1.43 0.0
2026-09-11T04:25:56+08:00 0.81 0.81 0.00 1.28 0.0
2026-09-11T04:26:03+08:00 0.78 0.78 0.00 1.24 1.0
2026-09-11T04:26:13+08:00 0.35 0.35 0.00 1.20 1.0
2026-09-11T04:26:23+08:00 3.65 3.65 0.00 1.17 1.0
2026-09-11T04:26:33+08:00 1.64 1.64 0.00 1.29 1.0
2026-09-11T04:26:41+08:00 1.87 1.87 0.00 1.25 1.0
2026-09-11T04:26:51+08:00 1.53 1.53 0.00 2.65 39.0
2026-09-11T04:27:01+08:00 0.69 0.69 0.00 2.56 62.0
2026-09-11T04:27:09+08:00 0.55 0.55 0.00 2.48 60.0
2026-09-11T04:27:19+08:00 0.24 0.24 0.00 2.25 80.0
2026-09-11T04:27:29+08:00 0.21 0.21 0.00 2.06 51.0
2026-09-11T04:27:36+08:00 0.97 0.97 0.00 1.89 100.0
2026-09-11T04:27:46+08:00 0.73 0.73 0.00 1.76 150.0
2026-09-11T04:27:56+08:00 0.83 0.71 0.00 1.71 256.0
2026-09-11T04:28:04+08:00 0.55 0.50 0.00 1.82 254.0
2026-09-11T04:28:14+08:00 0.69 0.67 0.00 1.86 251.0
2026-09-11T04:28:24+08:00 0.99 0.84 0.00 1.81 246.0
2026-09-11T04:28:34+08:00 0.44 0.37 0.00 1.68 256.0
2026-09-11T04:28:41+08:00 0.71 0.69 0.00 1.74 232.0
2026-09-11T04:28:51+08:00 0.26 0.25 0.00 1.70 69.0
2026-09-11T04:29:01+08:00 0.11 0.11 0.00 1.84 81.0
2026-09-11T04:29:09+08:00 0.36 0.36 0.00 1.86 67.0
2026-09-11T04:29:19+08:00 1.00 1.00 0.00 1.81 54.0
2026-09-11T04:29:29+08:00 1.40 1.40 0.00 2.00 57.0
2026-09-11T04:29:36+08:00 1.26 1.26 0.00 2.00 70.0
2026-09-11T04:29:46+08:00 0.56 0.56 0.00 1.93 65.0
2026-09-11T04:29:56+08:00 1.82 1.72 0.00 1.79 61.0
2026-09-11T04:30:04+08:00 1.06 0.93 0.00 1.66 91.0
2026-09-11T04:30:14+08:00 0.48 0.41 0.00 1.56 52.0
2026-09-11T04:30:24+08:00 2.16 1.98 0.00 1.47 59.0
2026-09-11T04:30:32+08:00 1.75 1.49 0.00 1.48 25.0
2026-09-11T04:30:42+08:00 1.91 1.81 0.00 1.33 0.0
2026-09-11T04:30:52+08:00 0.70 0.66 0.00 1.28 0.0
2026-09-11T04:31:02+08:00 2.34 2.33 0.00 1.24 0.0
