t_iso io_some_avg10 io_full_avg10 cpu_some_avg10 loadavg1 vllm_running
2026-09-11T10:25:32+08:00 36.73 36.73 0.00 0.99 0.0
2026-09-11T10:25:42+08:00 18.86 18.77 0.00 0.99 1.0
2026-09-11T10:25:49+08:00 8.28 8.24 0.00 1.07 1.0
2026-09-11T10:25:59+08:00 7.57 7.55 0.00 1.06 1.0
2026-09-11T10:26:09+08:00 5.31 5.30 0.00 1.05 1.0
2026-09-11T10:26:17+08:00 2.15 2.15 0.00 1.04 1.0
2026-09-11T10:26:27+08:00 0.96 0.96 0.00 1.03 1.0
2026-09-11T10:26:37+08:00 0.43 0.43 0.00 1.11 1.0
2026-09-11T10:26:47+08:00 0.16 0.16 0.00 1.09 1.0
2026-09-11T10:26:55+08:00 0.73 0.73 0.00 1.08 1.0
2026-09-11T10:27:05+08:00 0.63 0.63 0.00 1.06 1.0
2026-09-11T10:27:15+08:00 0.48 0.48 0.00 1.13 1.0
2026-09-11T10:27:22+08:00 1.18 1.18 0.00 1.11 1.0
2026-09-11T10:27:32+08:00 0.43 0.43 0.00 1.09 1.0
2026-09-11T10:27:42+08:00 0.19 0.19 0.00 1.08 1.0
2026-09-11T10:27:50+08:00 0.07 0.07 0.00 1.06 1.0
2026-09-11T10:28:00+08:00 0.02 0.02 0.00 1.05 1.0
2026-09-11T10:28:10+08:00 0.01 0.01 0.00 1.05 1.0
2026-09-11T10:28:17+08:00 0.00 0.00 0.00 1.11 1.0
2026-09-11T10:28:27+08:00 1.26 1.26 0.00 1.09 1.0
2026-09-11T10:28:37+08:00 0.46 0.46 0.00 1.08 1.0
2026-09-11T10:28:47+08:00 1.02 1.02 0.00 0.99 1.0
2026-09-11T10:28:55+08:00 2.70 2.70 0.00 1.00 1.0
2026-09-11T10:29:05+08:00 3.42 3.42 0.00 1.00 1.0
2026-09-11T10:29:15+08:00 1.53 1.53 0.00 1.00 1.0
2026-09-11T10:29:23+08:00 1.49 1.49 0.00 0.92 0.0
2026-09-11T10:29:33+08:00 33.81 33.81 0.00 0.93 0.0
2026-09-11T10:29:43+08:00 38.59 38.59 0.00 1.10 15.0
2026-09-11T10:29:50+08:00 15.58 15.58 0.00 1.08 12.0
2026-09-11T10:30:00+08:00 9.30 9.30 0.00 1.07 22.0
2026-09-11T10:30:10+08:00 4.63 4.63 0.00 1.06 23.0
2026-09-11T10:30:18+08:00 1.78 1.78 0.00 1.05 15.0
2026-09-11T10:30:28+08:00 2.39 2.39 0.00 1.04 13.0
2026-09-11T10:30:38+08:00 1.47 1.32 0.00 1.03 17.0
2026-09-11T10:30:48+08:00 1.55 1.50 0.00 1.03 17.0
2026-09-11T10:30:55+08:00 1.58 1.56 0.00 1.26 12.0
2026-09-11T10:31:05+08:00 4.63 4.62 0.00 1.22 8.0
2026-09-11T10:31:15+08:00 1.70 1.70 0.00 1.19 17.0
2026-09-11T10:31:23+08:00 0.76 0.76 0.00 1.16 17.0
2026-09-11T10:31:33+08:00 1.47 1.47 0.00 1.13 14.0
2026-09-11T10:31:43+08:00 1.35 1.35 0.00 1.11 10.0
2026-09-11T10:31:50+08:00 0.59 0.59 0.00 1.24 14.0
2026-09-11T10:32:00+08:00 0.22 0.22 0.00 1.20 9.0
2026-09-11T10:32:10+08:00 0.39 0.39 0.00 1.17 17.0
2026-09-11T10:32:18+08:00 2.66 2.66 0.00 1.15 15.0
2026-09-11T10:32:28+08:00 2.29 2.29 0.00 1.12 11.0
2026-09-11T10:32:38+08:00 1.82 1.82 0.00 1.10 23.0
2026-09-11T10:32:48+08:00 1.57 1.57 0.00 1.16 14.0
2026-09-11T10:32:55+08:00 0.70 0.70 0.00 1.14 18.0
2026-09-11T10:33:05+08:00 0.80 0.80 0.00 1.11 19.0
2026-09-11T10:33:16+08:00 0.29 0.29 0.00 1.10 16.0
2026-09-11T10:33:23+08:00 0.25 0.25 0.00 1.23 12.0
2026-09-11T10:33:33+08:00 0.09 0.09 0.00 1.19 22.0
2026-09-11T10:33:43+08:00 0.04 0.04 0.00 1.16 21.0
2026-09-11T10:33:51+08:00 0.01 0.01 0.00 1.14 12.0
2026-09-11T10:34:01+08:00 0.36 0.36 0.00 1.26 17.0
2026-09-11T10:34:11+08:00 1.83 1.83 0.00 1.22 13.0
2026-09-11T10:34:18+08:00 1.32 1.32 0.00 1.19 37.0
2026-09-11T10:34:28+08:00 0.59 0.59 0.00 1.16 38.0
2026-09-11T10:34:38+08:00 0.61 0.61 0.00 1.21 39.0
2026-09-11T10:34:48+08:00 0.37 0.37 0.00 1.18 38.0
2026-09-11T10:34:56+08:00 1.15 1.15 0.00 1.15 40.0
2026-09-11T10:35:06+08:00 1.76 1.76 0.00 1.12 38.0
2026-09-11T10:35:16+08:00 0.64 0.64 0.00 1.10 37.0
2026-09-11T10:35:23+08:00 0.29 0.29 0.00 1.09 37.0
2026-09-11T10:35:33+08:00 5.14 5.14 0.00 1.07 40.0
2026-09-11T10:35:43+08:00 2.31 2.31 0.00 1.06 38.0
2026-09-11T10:35:51+08:00 1.39 1.39 0.00 1.05 39.0
2026-09-11T10:36:01+08:00 0.51 0.51 0.00 1.04 36.0
2026-09-11T10:36:11+08:00 2.58 2.58 0.00 1.03 29.0
2026-09-11T10:36:19+08:00 0.95 0.95 0.00 1.03 40.0
2026-09-11T10:36:29+08:00 0.97 0.97 0.00 1.10 40.0
2026-09-11T10:36:39+08:00 0.35 0.35 0.00 1.32 39.0
2026-09-11T10:36:49+08:00 2.84 2.84 0.00 1.35 36.0
2026-09-11T10:36:56+08:00 2.18 2.18 0.00 1.29 37.0
2026-09-11T10:37:06+08:00 2.39 2.39 0.00 1.25 39.0
2026-09-11T10:37:16+08:00 0.88 0.88 0.00 1.21 38.0
2026-09-11T10:37:24+08:00 0.63 0.63 0.00 1.18 40.0
2026-09-11T10:37:34+08:00 0.23 0.23 0.00 1.22 39.0
2026-09-11T10:37:44+08:00 2.21 2.21 0.00 1.19 36.0
2026-09-11T10:37:51+08:00 1.11 1.11 0.00 1.16 39.0
2026-09-11T10:38:01+08:00 0.57 0.57 0.00 1.13 39.0
2026-09-11T10:38:11+08:00 0.99 0.99 0.00 1.11 38.0
2026-09-11T10:38:19+08:00 1.50 1.50 0.00 1.18 37.0
2026-09-11T10:38:29+08:00 0.97 0.97 0.00 1.15 38.0
2026-09-11T10:38:39+08:00 0.35 0.35 0.00 1.12 35.0
2026-09-11T10:38:46+08:00 0.62 0.62 0.00 1.35 40.0
2026-09-11T10:38:56+08:00 2.22 2.22 0.00 1.29 20.0
2026-09-11T10:39:06+08:00 1.54 1.54 0.00 1.25 14.0
2026-09-11T10:39:16+08:00 0.56 0.56 0.00 1.21 19.0
2026-09-11T10:39:24+08:00 0.97 0.97 0.00 1.18 16.0
2026-09-11T10:39:34+08:00 2.99 2.99 0.00 1.15 19.0
2026-09-11T10:39:44+08:00 1.70 1.70 0.00 1.12 8.0
2026-09-11T10:39:51+08:00 3.90 3.90 0.00 1.18 14.0
2026-09-11T10:40:01+08:00 2.37 2.37 0.00 1.15 20.0
2026-09-11T10:40:11+08:00 1.36 1.36 0.00 1.13 19.0
2026-09-11T10:40:19+08:00 0.66 0.66 0.00 1.11 16.0
2026-09-11T10:40:29+08:00 0.29 0.29 0.00 1.02 10.0
2026-09-11T10:40:39+08:00 0.10 0.10 0.00 1.01 15.0
2026-09-11T10:40:47+08:00 1.32 1.32 0.00 1.01 23.0
2026-09-11T10:40:57+08:00 0.77 0.77 0.00 1.01 17.0
2026-09-11T10:41:07+08:00 0.77 0.77 0.00 1.01 18.0
2026-09-11T10:41:17+08:00 0.28 0.28 0.00 1.01 21.0
2026-09-11T10:41:24+08:00 0.12 0.12 0.00 1.00 17.0
2026-09-11T10:41:34+08:00 0.04 0.04 0.00 1.08 9.0
2026-09-11T10:41:44+08:00 0.93 0.80 0.00 1.29 10.0
2026-09-11T10:41:52+08:00 4.08 4.04 0.00 1.33 13.0
2026-09-11T10:42:02+08:00 2.10 2.08 0.00 1.28 15.0
2026-09-11T10:42:12+08:00 0.94 0.93 0.00 1.23 16.0
2026-09-11T10:42:19+08:00 2.30 2.29 0.00 1.20 14.0
2026-09-11T10:42:29+08:00 2.61 2.61 0.00 1.24 11.0
2026-09-11T10:42:39+08:00 1.85 1.85 0.00 1.28 18.0
2026-09-11T10:42:47+08:00 2.75 2.75 0.00 1.23 14.0
2026-09-11T10:42:57+08:00 1.83 1.83 0.00 1.20 20.0
2026-09-11T10:43:07+08:00 0.67 0.67 0.00 1.17 9.0
2026-09-11T10:43:17+08:00 0.55 0.55 0.00 1.14 13.0
2026-09-11T10:43:24+08:00 0.84 0.84 0.00 1.34 21.0
2026-09-11T10:43:34+08:00 1.20 1.20 0.00 1.29 21.0
2026-09-11T10:43:44+08:00 4.58 4.58 0.00 1.32 6.0
2026-09-11T10:43:52+08:00 3.13 3.13 0.00 1.27 18.0
2026-09-11T10:44:02+08:00 1.55 1.55 0.00 1.37 15.0
2026-09-11T10:44:12+08:00 0.69 0.69 0.00 1.32 23.0
2026-09-11T10:44:20+08:00 1.83 1.83 0.00 1.34 15.0
2026-09-11T10:44:30+08:00 1.36 1.36 0.00 1.37 10.0
2026-09-11T10:44:40+08:00 0.50 0.50 0.00 1.39 13.0
2026-09-11T10:44:47+08:00 2.35 2.35 0.00 1.41 21.0
2026-09-11T10:44:57+08:00 1.72 1.72 0.00 1.35 12.0
2026-09-11T10:45:07+08:00 0.63 0.63 0.00 1.29 17.0
2026-09-11T10:45:17+08:00 0.23 0.23 0.00 1.25 15.0
2026-09-11T10:45:25+08:00 0.82 0.82 0.00 1.21 24.0
2026-09-11T10:45:35+08:00 0.84 0.84 0.00 1.18 11.0
2026-09-11T10:45:45+08:00 0.68 0.68 0.00 1.15 19.0
2026-09-11T10:45:52+08:00 0.61 0.61 0.00 1.13 6.0
2026-09-11T10:46:02+08:00 0.40 0.40 0.00 1.11 15.0
2026-09-11T10:46:12+08:00 0.30 0.30 0.00 1.09 15.0
2026-09-11T10:46:20+08:00 0.11 0.11 0.00 1.08 13.0
2026-09-11T10:46:30+08:00 0.04 0.04 0.00 1.14 16.0
2026-09-11T10:46:40+08:00 0.91 0.91 0.00 1.12 27.0
2026-09-11T10:46:47+08:00 0.33 0.33 0.00 1.18 18.0
2026-09-11T10:46:57+08:00 1.84 1.84 0.00 1.46 17.0
2026-09-11T10:47:07+08:00 3.66 3.66 0.00 1.55 19.0
2026-09-11T10:47:17+08:00 1.44 1.44 0.00 1.61 14.0
2026-09-11T10:47:25+08:00 0.65 0.65 0.00 1.52 13.0
2026-09-11T10:47:35+08:00 0.23 0.23 0.00 1.44 15.0
2026-09-11T10:47:45+08:00 4.57 4.47 0.00 1.45 18.0
2026-09-11T10:47:53+08:00 2.72 2.68 0.00 1.61 23.0
2026-09-11T10:48:03+08:00 1.18 1.16 0.00 1.51 25.0
2026-09-11T10:48:13+08:00 0.53 0.52 0.00 1.60 19.0
2026-09-11T10:48:20+08:00 1.09 1.08 0.00 1.50 20.0
2026-09-11T10:48:30+08:00 1.37 1.37 0.00 1.43 18.0
2026-09-11T10:48:40+08:00 1.55 1.55 0.00 1.43 9.0
2026-09-11T10:48:48+08:00 0.57 0.57 0.00 1.37 19.0
2026-09-11T10:48:58+08:00 0.75 0.75 0.00 1.31 26.0
2026-09-11T10:49:08+08:00 0.27 0.27 0.00 1.26 15.0
2026-09-11T10:49:18+08:00 0.10 0.10 0.00 1.22 13.0
2026-09-11T10:49:25+08:00 2.16 2.16 0.00 1.41 19.0
2026-09-11T10:49:35+08:00 3.79 3.79 0.00 1.43 25.0
2026-09-11T10:49:45+08:00 1.70 1.70 0.00 1.51 13.0
2026-09-11T10:49:53+08:00 0.79 0.79 0.00 1.43 21.0
2026-09-11T10:50:03+08:00 1.68 1.68 0.00 1.37 14.0
2026-09-11T10:50:13+08:00 0.75 0.75 0.00 1.31 21.0
2026-09-11T10:50:20+08:00 2.76 2.76 0.00 1.26 19.0
2026-09-11T10:50:30+08:00 1.24 1.24 0.00 1.22 13.0
2026-09-11T10:50:40+08:00 3.35 3.35 0.00 1.19 14.0
2026-09-11T10:50:48+08:00 1.88 1.88 0.00 1.16 12.0
2026-09-11T10:50:58+08:00 0.84 0.84 0.00 1.13 19.0
2026-09-11T10:51:08+08:00 0.31 0.31 0.00 1.26 19.0
2026-09-11T10:51:18+08:00 0.11 0.11 0.00 1.22 22.0
2026-09-11T10:51:26+08:00 0.41 0.41 0.00 1.18 17.0
2026-09-11T10:51:36+08:00 2.33 2.33 0.00 1.16 13.0
2026-09-11T10:51:46+08:00 1.19 1.19 0.00 1.13 20.0
2026-09-11T10:51:53+08:00 0.44 0.44 0.00 1.11 10.0
2026-09-11T10:52:03+08:00 3.61 3.61 0.00 1.24 10.0
2026-09-11T10:52:13+08:00 3.01 3.01 0.00 1.28 16.0
2026-09-11T10:52:21+08:00 1.51 1.51 0.00 1.23 14.0
2026-09-11T10:52:31+08:00 1.54 1.54 0.00 1.20 14.0
2026-09-11T10:52:41+08:00 0.98 0.98 0.00 1.17 12.0
2026-09-11T10:52:48+08:00 1.89 1.89 0.00 1.06 0.0
2026-09-11T10:52:58+08:00 0.85 0.85 0.00 1.12 0.0
2026-09-11T10:53:08+08:00 0.43 0.43 0.00 1.11 0.0
2026-09-11T10:53:18+08:00 0.52 0.52 0.00 1.09 0.0
2026-09-11T10:53:26+08:00 0.23 0.23 0.00 1.07 0.0
2026-09-11T10:53:36+08:00 0.53 0.53 0.00 1.06 0.0
2026-09-11T10:53:46+08:00 0.65 0.53 0.00 1.05 0.0
2026-09-11T10:53:54+08:00 0.24 0.24 0.00 1.04 1.0
2026-09-11T10:54:04+08:00 1.40 1.40 0.00 1.12 1.0
2026-09-11T10:54:14+08:00 5.71 5.71 0.00 1.10 1.0
2026-09-11T10:54:21+08:00 4.59 4.59 0.00 1.08 1.0
2026-09-11T10:54:31+08:00 1.85 1.85 0.00 1.07 1.0
2026-09-11T10:54:41+08:00 1.13 1.13 0.00 1.14 16.0
2026-09-11T10:54:49+08:00 0.41 0.41 0.00 1.12 13.0
2026-09-11T10:54:59+08:00 0.39 0.39 0.00 1.10 19.0
2026-09-11T10:55:09+08:00 0.17 0.17 0.00 1.08 22.0
2026-09-11T10:55:16+08:00 0.06 0.06 0.00 1.07 14.0
2026-09-11T10:55:26+08:00 0.17 0.17 0.00 1.06 15.0
2026-09-11T10:55:36+08:00 2.59 2.59 0.00 1.12 21.0
2026-09-11T10:55:47+08:00 1.92 1.92 0.00 1.10 15.0
2026-09-11T10:55:54+08:00 2.82 2.82 0.00 1.09 14.0
2026-09-11T10:56:04+08:00 1.63 1.63 0.00 1.07 10.0
2026-09-11T10:56:14+08:00 0.73 0.73 0.00 1.06 15.0
2026-09-11T10:56:22+08:00 1.46 1.46 0.00 1.05 20.0
2026-09-11T10:56:32+08:00 0.68 0.68 0.00 1.04 18.0
2026-09-11T10:56:42+08:00 0.85 0.85 0.00 1.11 11.0
2026-09-11T10:56:49+08:00 0.31 0.31 0.00 1.09 18.0
2026-09-11T10:56:59+08:00 0.11 0.11 0.00 1.08 13.0
2026-09-11T10:57:09+08:00 1.09 1.09 0.00 1.15 16.0
2026-09-11T10:57:17+08:00 0.40 0.40 0.00 1.12 21.0
2026-09-11T10:57:27+08:00 1.62 1.62 0.00 1.26 18.0
2026-09-11T10:57:37+08:00 0.59 0.59 0.00 1.37 26.0
2026-09-11T10:57:47+08:00 0.81 0.81 0.00 1.31 9.0
2026-09-11T10:57:54+08:00 0.36 0.36 0.00 1.26 14.0
2026-09-11T10:58:04+08:00 1.00 1.00 0.00 1.30 8.0
2026-09-11T10:58:14+08:00 0.45 0.45 0.00 1.26 12.0
2026-09-11T10:58:22+08:00 0.46 0.46 0.00 1.29 15.0
2026-09-11T10:58:32+08:00 0.16 0.16 0.00 1.25 16.0
2026-09-11T10:58:42+08:00 4.74 4.74 0.00 1.52 17.0
2026-09-11T10:58:50+08:00 1.84 1.84 0.00 1.52 14.0
2026-09-11T10:59:00+08:00 1.55 1.55 0.00 1.44 16.0
2026-09-11T10:59:10+08:00 0.87 0.87 0.00 1.37 17.0
2026-09-11T10:59:17+08:00 0.86 0.86 0.00 1.32 40.0
2026-09-11T10:59:27+08:00 0.99 0.99 0.00 1.27 40.0
2026-09-11T10:59:37+08:00 0.54 0.54 0.00 1.30 39.0
2026-09-11T10:59:47+08:00 1.79 1.79 0.00 1.25 40.0
2026-09-11T10:59:55+08:00 2.14 2.14 0.00 1.29 38.0
2026-09-11T11:00:05+08:00 0.78 0.78 0.00 1.25 40.0
2026-09-11T11:00:15+08:00 1.49 1.49 0.00 1.36 40.0
2026-09-11T11:00:22+08:00 0.91 0.91 0.00 1.30 40.0
2026-09-11T11:00:32+08:00 5.27 5.27 0.00 1.58 40.0
2026-09-11T11:00:42+08:00 2.73 2.73 0.00 1.73 39.0
2026-09-11T11:00:50+08:00 1.00 1.00 0.00 1.78 40.0
2026-09-11T11:01:00+08:00 2.09 2.09 0.00 1.66 40.0
2026-09-11T11:01:10+08:00 2.15 2.15 0.00 1.56 39.0
2026-09-11T11:01:17+08:00 3.58 3.58 0.00 1.47 40.0
2026-09-11T11:01:27+08:00 1.81 1.81 0.00 1.40 39.0
2026-09-11T11:01:37+08:00 2.66 2.66 0.00 1.34 40.0
2026-09-11T11:01:47+08:00 3.94 3.94 0.00 1.28 36.0
2026-09-11T11:01:55+08:00 1.77 1.77 0.00 1.24 39.0
2026-09-11T11:02:05+08:00 1.30 1.30 0.00 1.20 40.0
2026-09-11T11:02:15+08:00 0.58 0.58 0.00 1.17 40.0
2026-09-11T11:02:22+08:00 0.57 0.57 0.00 1.22 40.0
2026-09-11T11:02:33+08:00 2.52 2.52 0.00 1.34 40.0
2026-09-11T11:02:43+08:00 1.81 1.81 0.00 1.29 40.0
2026-09-11T11:02:50+08:00 2.69 2.69 0.00 1.39 39.0
2026-09-11T11:03:00+08:00 1.07 1.07 0.00 1.33 40.0
2026-09-11T11:03:10+08:00 0.48 0.48 0.00 1.28 40.0
2026-09-11T11:03:18+08:00 0.17 0.17 0.00 1.32 40.0
2026-09-11T11:03:28+08:00 0.07 0.07 0.00 1.27 32.0
2026-09-11T11:03:38+08:00 2.26 2.26 0.00 1.23 37.0
2026-09-11T11:03:45+08:00 0.83 0.83 0.00 1.19 39.0
2026-09-11T11:03:55+08:00 0.37 0.37 0.00 1.16 18.0
2026-09-11T11:04:05+08:00 2.56 2.56 0.00 1.21 12.0
2026-09-11T11:04:15+08:00 1.27 1.27 0.00 1.18 12.0
2026-09-11T11:04:23+08:00 1.98 1.98 0.00 1.22 14.0
2026-09-11T11:04:33+08:00 3.76 3.76 0.00 1.26 20.0
2026-09-11T11:04:43+08:00 1.93 1.93 0.00 1.37 19.0
2026-09-11T11:04:50+08:00 1.11 1.11 0.00 1.31 19.0
2026-09-11T11:05:00+08:00 0.69 0.69 0.00 1.26 15.0
2026-09-11T11:05:10+08:00 0.67 0.67 0.00 1.30 13.0
2026-09-11T11:05:18+08:00 0.97 0.97 0.00 1.25 28.0
2026-09-11T11:05:28+08:00 1.63 1.63 0.00 1.21 21.0
2026-09-11T11:05:38+08:00 1.33 1.33 0.00 1.18 8.0
2026-09-11T11:05:45+08:00 1.56 1.56 0.00 1.22 15.0
2026-09-11T11:05:55+08:00 0.70 0.70 0.00 1.19 21.0
2026-09-11T11:06:05+08:00 0.68 0.68 0.00 1.16 18.0
2026-09-11T11:06:15+08:00 0.90 0.90 0.00 1.14 8.0
2026-09-11T11:06:23+08:00 0.41 0.41 0.00 1.04 20.0
2026-09-11T11:06:33+08:00 1.72 1.72 0.00 1.03 14.0
2026-09-11T11:06:43+08:00 0.77 0.77 0.00 1.03 19.0
2026-09-11T11:06:51+08:00 0.28 0.28 0.00 1.10 20.0
2026-09-11T11:07:01+08:00 0.59 0.59 0.00 1.09 13.0
2026-09-11T11:07:11+08:00 0.38 0.38 0.00 1.23 22.0
2026-09-11T11:07:18+08:00 0.30 0.30 0.00 1.20 17.0
2026-09-11T11:07:28+08:00 0.13 0.13 0.00 1.17 14.0
2026-09-11T11:07:38+08:00 0.37 0.37 0.00 1.30 19.0
2026-09-11T11:07:46+08:00 0.13 0.13 0.00 1.25 12.0
2026-09-11T11:07:56+08:00 0.20 0.20 0.00 1.21 16.0
2026-09-11T11:08:06+08:00 0.07 0.07 0.00 1.10 11.0
2026-09-11T11:08:16+08:00 0.03 0.03 0.00 1.16 14.0
2026-09-11T11:08:23+08:00 1.44 1.44 0.00 1.13 22.0
2026-09-11T11:08:33+08:00 0.81 0.81 0.00 1.11 23.0
2026-09-11T11:08:43+08:00 0.36 0.36 0.00 1.10 11.0
2026-09-11T11:08:51+08:00 0.49 0.49 0.00 1.08 14.0
2026-09-11T11:09:01+08:00 1.45 1.45 0.00 1.07 10.0
2026-09-11T11:09:11+08:00 1.01 1.01 0.00 1.14 24.0
2026-09-11T11:09:18+08:00 0.55 0.55 0.00 1.12 16.0
2026-09-11T11:09:28+08:00 0.54 0.54 0.00 1.10 13.0
2026-09-11T11:09:38+08:00 1.01 1.01 0.00 1.08 19.0
2026-09-11T11:09:46+08:00 0.37 0.37 0.00 1.07 24.0
2026-09-11T11:09:56+08:00 0.16 0.16 0.00 1.28 15.0
2026-09-11T11:10:06+08:00 4.83 4.83 0.00 1.24 19.0
2026-09-11T11:10:16+08:00 4.59 4.59 0.00 1.28 23.0
2026-09-11T11:10:24+08:00 1.69 1.69 0.00 1.24 13.0
2026-09-11T11:10:34+08:00 0.62 0.62 0.00 1.20 11.0
2026-09-11T11:10:44+08:00 0.27 0.27 0.00 1.25 22.0
2026-09-11T11:10:51+08:00 0.57 0.57 0.00 1.21 15.0
2026-09-11T11:11:01+08:00 5.92 5.92 0.00 1.18 12.0
2026-09-11T11:11:11+08:00 4.64 4.64 0.00 1.23 19.0
2026-09-11T11:11:19+08:00 5.05 5.05 0.00 1.28 8.0
2026-09-11T11:11:29+08:00 2.27 2.27 0.00 1.38 14.0
2026-09-11T11:11:39+08:00 1.27 1.27 0.00 1.32 24.0
2026-09-11T11:11:46+08:00 0.83 0.83 0.00 1.27 18.0
2026-09-11T11:11:56+08:00 0.47 0.47 0.00 1.31 18.0
2026-09-11T11:12:06+08:00 0.17 0.17 0.00 1.26 12.0
2026-09-11T11:12:16+08:00 1.76 1.76 0.00 1.30 10.0
2026-09-11T11:12:24+08:00 1.89 1.89 0.00 1.25 18.0
2026-09-11T11:12:34+08:00 1.58 1.58 0.00 1.21 15.0
2026-09-11T11:12:44+08:00 1.01 1.01 0.00 1.35 17.0
2026-09-11T11:12:51+08:00 2.36 2.36 0.00 1.29 11.0
2026-09-11T11:13:01+08:00 1.41 1.41 0.00 1.25 16.0
2026-09-11T11:13:11+08:00 0.63 0.63 0.00 1.21 13.0
2026-09-11T11:13:19+08:00 0.23 0.23 0.00 1.18 20.0
2026-09-11T11:13:29+08:00 0.10 0.10 0.00 1.15 13.0
2026-09-11T11:13:39+08:00 1.82 1.82 0.00 1.04 15.0
2026-09-11T11:13:46+08:00 0.66 0.66 0.00 1.04 20.0
2026-09-11T11:13:57+08:00 0.30 0.30 0.00 1.03 17.0
2026-09-11T11:14:07+08:00 0.10 0.10 0.00 1.03 13.0
2026-09-11T11:14:17+08:00 0.48 0.48 0.00 1.02 23.0
2026-09-11T11:14:24+08:00 3.62 3.62 0.00 1.10 14.0
2026-09-11T11:14:34+08:00 2.67 2.67 0.00 1.16 22.0
2026-09-11T11:14:44+08:00 1.34 1.34 0.00 1.14 24.0
2026-09-11T11:14:52+08:00 0.49 0.49 0.00 1.12 18.0
2026-09-11T11:15:02+08:00 1.19 1.19 0.00 1.10 14.0
2026-09-11T11:15:12+08:00 3.11 3.11 0.00 1.24 16.0
2026-09-11T11:15:19+08:00 1.30 1.30 0.00 1.20 14.0
2026-09-11T11:15:29+08:00 0.88 0.88 0.00 1.10 12.0
2026-09-11T11:15:39+08:00 0.32 0.32 0.00 1.08 10.0
2026-09-11T11:15:47+08:00 2.03 2.03 0.00 1.14 9.0
2026-09-11T11:15:57+08:00 3.04 3.04 0.00 1.27 15.0
2026-09-11T11:16:07+08:00 1.12 1.12 0.00 1.31 14.0
2026-09-11T11:16:17+08:00 1.24 1.24 0.00 1.26 11.0
2026-09-11T11:16:24+08:00 0.45 0.45 0.00 1.22 34.0
2026-09-11T11:16:34+08:00 0.65 0.65 0.00 1.34 22.0
2026-09-11T11:16:44+08:00 3.07 3.07 0.00 1.44 21.0
2026-09-11T11:16:52+08:00 1.13 1.13 0.00 1.38 18.0
2026-09-11T11:17:02+08:00 2.29 2.29 0.00 1.39 24.0
2026-09-11T11:17:12+08:00 1.03 1.03 0.00 1.33 13.0
2026-09-11T11:17:20+08:00 0.70 0.70 0.00 1.28 17.0
2026-09-11T11:17:30+08:00 0.81 0.81 0.00 1.38 18.0
2026-09-11T11:17:40+08:00 0.29 0.29 0.00 1.32 9.0
2026-09-11T11:17:47+08:00 1.12 1.12 0.00 1.35 0.0
2026-09-11T11:17:57+08:00 1.84 1.84 0.00 1.45 0.0
2026-09-11T11:18:07+08:00 1.20 1.20 0.00 1.46 0.0
2026-09-11T11:18:15+08:00 2.13 2.13 0.00 1.46 0.0
2026-09-11T11:18:25+08:00 1.67 1.67 0.00 1.55 0.0
2026-09-11T11:18:35+08:00 1.02 1.02 0.00 1.47 0.0
2026-09-11T11:18:45+08:00 5.81 5.81 0.00 1.39 1.0
2026-09-11T11:18:52+08:00 2.13 2.13 0.00 1.33 1.0
2026-09-11T11:19:02+08:00 1.44 1.44 0.00 1.36 1.0
2026-09-11T11:19:12+08:00 5.11 5.11 0.00 1.30 1.0
2026-09-11T11:19:20+08:00 2.87 2.87 0.00 1.26 1.0
2026-09-11T11:19:30+08:00 4.08 4.08 0.00 1.22 0.0
2026-09-11T11:19:40+08:00 4.07 4.07 0.00 1.51 18.0
2026-09-11T11:19:47+08:00 1.82 1.82 0.00 1.51 14.0
2026-09-11T11:19:57+08:00 0.81 0.81 0.00 1.50 17.0
2026-09-11T11:20:07+08:00 0.30 0.30 0.00 1.42 16.0
2026-09-11T11:20:15+08:00 0.87 0.72 0.00 1.60 13.0
2026-09-11T11:20:25+08:00 0.68 0.63 0.00 1.51 11.0
2026-09-11T11:20:35+08:00 0.41 0.39 0.00 1.43 20.0
2026-09-11T11:20:45+08:00 0.63 0.62 0.00 1.36 17.0
2026-09-11T11:20:52+08:00 0.55 0.55 0.00 1.31 23.0
2026-09-11T11:21:03+08:00 1.01 1.01 0.00 1.26 15.0
2026-09-11T11:21:13+08:00 1.79 1.79 0.00 1.30 17.0
2026-09-11T11:21:20+08:00 0.90 0.90 0.00 1.26 23.0
2026-09-11T11:21:30+08:00 1.14 1.14 0.00 1.46 19.0
2026-09-11T11:21:40+08:00 0.58 0.58 0.00 1.46 13.0
2026-09-11T11:21:48+08:00 0.36 0.36 0.00 1.39 15.0
2026-09-11T11:21:58+08:00 0.88 0.88 0.00 1.33 12.0
2026-09-11T11:22:08+08:00 0.80 0.80 0.00 1.28 17.0
2026-09-11T11:22:15+08:00 0.36 0.36 0.00 1.24 16.0
2026-09-11T11:22:25+08:00 0.13 0.13 0.00 1.20 16.0
2026-09-11T11:22:35+08:00 1.01 1.01 0.00 1.49 16.0
2026-09-11T11:22:45+08:00 1.89 1.89 0.00 1.56 10.0
2026-09-11T11:22:53+08:00 2.53 2.53 0.00 1.47 16.0
2026-09-11T11:23:03+08:00 1.91 1.91 0.00 1.40 10.0
2026-09-11T11:23:13+08:00 0.85 0.85 0.00 1.41 17.0
2026-09-11T11:23:20+08:00 0.84 0.84 0.00 1.56 16.0
2026-09-11T11:23:30+08:00 0.97 0.97 0.00 1.47 17.0
2026-09-11T11:23:40+08:00 0.53 0.53 0.00 1.40 15.0
2026-09-11T11:23:48+08:00 0.27 0.27 0.00 1.31 16.0
2026-09-11T11:23:58+08:00 2.80 2.70 0.00 1.26 18.0
2026-09-11T11:24:08+08:00 1.03 0.99 0.00 1.22 16.0
2026-09-11T11:24:15+08:00 0.46 0.44 0.00 1.19 39.0
2026-09-11T11:24:25+08:00 0.86 0.85 0.00 1.24 39.0
2026-09-11T11:24:35+08:00 0.80 0.80 0.00 1.20 40.0
2026-09-11T11:24:45+08:00 0.56 0.56 0.00 1.17 40.0
2026-09-11T11:24:53+08:00 0.97 0.97 0.00 1.14 40.0
2026-09-11T11:25:03+08:00 1.05 1.05 0.00 1.12 39.0
2026-09-11T11:25:13+08:00 1.61 1.61 0.00 1.26 39.0
2026-09-11T11:25:21+08:00 0.59 0.59 0.00 1.22 38.0
2026-09-11T11:25:31+08:00 0.36 0.36 0.00 1.19 40.0
2026-09-11T11:25:41+08:00 0.87 0.77 0.00 1.24 40.0
2026-09-11T11:25:48+08:00 0.32 0.28 0.00 1.42 39.0
2026-09-11T11:25:58+08:00 0.44 0.42 0.00 1.36 40.0
2026-09-11T11:26:08+08:00 2.21 2.20 0.00 1.46 40.0
2026-09-11T11:26:16+08:00 3.43 3.43 0.00 1.39 39.0
2026-09-11T11:26:26+08:00 2.05 2.05 0.00 1.33 40.0
2026-09-11T11:26:36+08:00 1.55 1.55 0.00 1.28 40.0
2026-09-11T11:26:46+08:00 0.69 0.69 0.00 1.24 40.0
2026-09-11T11:26:53+08:00 0.35 0.35 0.00 1.20 38.0
2026-09-11T11:27:03+08:00 0.82 0.82 0.00 1.32 40.0
2026-09-11T11:27:13+08:00 1.03 1.03 0.00 1.35 40.0
2026-09-11T11:27:21+08:00 0.62 0.62 0.00 1.29 40.0
2026-09-11T11:27:31+08:00 0.28 0.28 0.00 1.25 38.0
2026-09-11T11:27:41+08:00 0.10 0.10 0.00 1.14 40.0
2026-09-11T11:27:49+08:00 0.43 0.43 0.00 1.11 39.0
2026-09-11T11:27:59+08:00 0.73 0.73 0.00 1.10 39.0
2026-09-11T11:28:09+08:00 2.83 2.65 0.00 1.08 40.0
2026-09-11T11:28:16+08:00 1.46 1.39 0.00 1.07 40.0
2026-09-11T11:28:26+08:00 0.65 0.62 0.00 1.06 40.0
2026-09-11T11:28:36+08:00 2.48 2.47 0.00 1.21 40.0
2026-09-11T11:28:46+08:00 1.36 1.35 0.00 1.26 38.0
2026-09-11T11:28:54+08:00 1.02 1.02 0.00 1.37 40.0
2026-09-11T11:29:04+08:00 1.18 1.18 0.00 1.31 40.0
2026-09-11T11:29:14+08:00 0.53 0.53 0.00 1.26 40.0
2026-09-11T11:29:21+08:00 0.19 0.19 0.00 1.22 40.0
2026-09-11T11:29:31+08:00 0.48 0.48 0.00 1.34 40.0
2026-09-11T11:29:41+08:00 0.37 0.37 0.00 1.29 40.0
2026-09-11T11:29:49+08:00 2.21 2.21 0.00 1.25 40.0
2026-09-11T11:29:59+08:00 2.88 2.88 0.00 1.28 39.0
2026-09-11T11:30:09+08:00 2.39 2.39 0.00 1.24 40.0
2026-09-11T11:30:16+08:00 0.88 0.88 0.00 1.43 40.0
2026-09-11T11:30:26+08:00 1.58 1.58 0.00 1.44 40.0
2026-09-11T11:30:37+08:00 0.88 0.88 0.00 1.30 40.0
2026-09-11T11:30:44+08:00 0.39 0.39 0.00 1.25 40.0
2026-09-11T11:30:54+08:00 0.14 0.14 0.00 1.14 40.0
2026-09-11T11:31:04+08:00 0.05 0.05 0.00 1.19 40.0
2026-09-11T11:31:14+08:00 2.07 2.07 0.00 1.16 40.0
2026-09-11T11:31:22+08:00 2.36 2.36 0.00 1.13 40.0
2026-09-11T11:31:32+08:00 1.06 1.06 0.00 1.11 40.0
2026-09-11T11:31:42+08:00 0.39 0.39 0.00 1.10 39.0
2026-09-11T11:31:49+08:00 1.79 1.79 0.00 1.08 40.0
2026-09-11T11:31:59+08:00 0.80 0.80 0.00 1.07 36.0
2026-09-11T11:32:09+08:00 0.29 0.29 0.00 1.06 22.0
2026-09-11T11:32:17+08:00 1.18 1.18 0.00 1.05 16.0
2026-09-11T11:32:27+08:00 0.53 0.53 0.00 1.04 24.0
2026-09-11T11:32:37+08:00 0.19 0.19 0.00 1.03 10.0
2026-09-11T11:32:44+08:00 0.33 0.33 0.00 1.10 15.0
2026-09-11T11:32:54+08:00 0.12 0.12 0.00 1.08 18.0
2026-09-11T11:33:04+08:00 0.04 0.04 0.00 1.07 13.0
2026-09-11T11:33:14+08:00 0.31 0.31 0.00 1.06 11.0
2026-09-11T11:33:22+08:00 0.21 0.21 0.00 0.97 18.0
2026-09-11T11:33:32+08:00 0.21 0.21 0.00 1.20 24.0
2026-09-11T11:33:42+08:00 1.34 1.34 0.00 1.17 18.0
2026-09-11T11:33:49+08:00 2.01 2.01 0.00 1.30 20.0
2026-09-11T11:33:59+08:00 1.76 1.61 0.00 1.25 21.0
2026-09-11T11:34:10+08:00 0.84 0.79 0.00 1.21 21.0
2026-09-11T11:34:17+08:00 0.41 0.39 0.00 1.42 28.0
2026-09-11T11:34:27+08:00 2.35 2.34 0.00 1.44 13.0
2026-09-11T11:34:37+08:00 3.80 3.79 0.00 1.37 21.0
2026-09-11T11:34:45+08:00 1.95 1.95 0.00 1.31 25.0
2026-09-11T11:34:55+08:00 1.98 1.98 0.00 1.26 16.0
2026-09-11T11:35:05+08:00 1.97 1.87 0.00 1.22 16.0
2026-09-11T11:35:15+08:00 0.88 0.84 0.00 1.19 14.0
2026-09-11T11:35:22+08:00 0.99 0.97 0.00 1.38 11.0
2026-09-11T11:35:32+08:00 0.44 0.43 0.00 1.32 10.0
2026-09-11T11:35:42+08:00 0.67 0.67 0.00 1.27 16.0
2026-09-11T11:35:50+08:00 0.24 0.24 0.00 1.23 17.0
2026-09-11T11:36:00+08:00 0.11 0.11 0.00 1.19 14.0
2026-09-11T11:36:10+08:00 0.52 0.52 0.00 1.56 17.0
2026-09-11T11:36:17+08:00 0.73 0.73 0.00 1.48 21.0
2026-09-11T11:36:27+08:00 0.53 0.43 0.00 1.40 11.0
2026-09-11T11:36:38+08:00 0.73 0.70 0.00 1.50 22.0
2026-09-11T11:36:45+08:00 2.09 2.07 0.00 1.42 17.0
2026-09-11T11:36:55+08:00 0.76 0.76 0.00 1.36 18.0
2026-09-11T11:37:05+08:00 0.96 0.96 0.00 1.30 9.0
2026-09-11T11:37:15+08:00 0.97 0.97 0.00 1.34 16.0
2026-09-11T11:37:23+08:00 2.15 2.15 0.00 1.28 16.0
2026-09-11T11:37:33+08:00 4.05 4.05 0.00 1.32 15.0
2026-09-11T11:37:43+08:00 3.88 3.88 0.00 1.43 16.0
2026-09-11T11:37:50+08:00 1.42 1.42 0.00 1.36 15.0
2026-09-11T11:38:00+08:00 1.61 1.61 0.00 1.30 15.0
2026-09-11T11:38:10+08:00 1.74 1.74 0.00 1.48 15.0
2026-09-11T11:38:18+08:00 2.08 2.08 0.00 1.49 12.0
2026-09-11T11:38:28+08:00 0.93 0.93 0.00 1.41 14.0
2026-09-11T11:38:38+08:00 0.52 0.52 0.00 1.43 15.0
2026-09-11T11:38:45+08:00 0.35 0.35 0.00 1.52 23.0
2026-09-11T11:38:55+08:00 1.42 1.42 0.00 1.59 15.0
2026-09-11T11:39:05+08:00 1.14 1.14 0.00 1.58 9.0
2026-09-11T11:39:13+08:00 1.89 1.89 0.00 1.65 20.0
2026-09-11T11:39:23+08:00 0.69 0.69 0.00 1.70 10.0
2026-09-11T11:39:33+08:00 3.75 3.75 0.00 1.67 19.0
2026-09-11T11:39:43+08:00 2.41 2.41 0.00 1.56 22.0
2026-09-11T11:39:50+08:00 1.13 1.13 0.00 1.48 15.0
2026-09-11T11:40:00+08:00 0.50 0.50 0.00 1.48 17.0
2026-09-11T11:40:10+08:00 0.42 0.42 0.00 1.40 17.0
2026-09-11T11:40:18+08:00 1.61 1.61 0.00 1.34 11.0
2026-09-11T11:40:28+08:00 1.21 1.21 0.00 1.45 17.0
2026-09-11T11:40:38+08:00 2.34 2.34 0.00 1.38 9.0
2026-09-11T11:40:46+08:00 1.05 1.05 0.00 1.32 7.0
2026-09-11T11:40:56+08:00 0.55 0.55 0.00 1.27 20.0
2026-09-11T11:41:06+08:00 1.94 1.94 0.00 1.23 9.0
2026-09-11T11:41:13+08:00 2.86 2.86 0.00 1.19 10.0
2026-09-11T11:41:23+08:00 1.05 1.05 0.00 1.16 32.0
2026-09-11T11:41:33+08:00 0.63 0.63 0.00 1.14 13.0
2026-09-11T11:41:43+08:00 1.02 1.02 0.00 1.12 16.0
2026-09-11T11:41:51+08:00 3.22 3.22 0.00 1.10 22.0
2026-09-11T11:42:01+08:00 2.40 2.40 0.00 1.08 25.0
2026-09-11T11:42:11+08:00 2.51 2.51 0.00 1.07 11.0
2026-09-11T11:42:18+08:00 1.96 1.96 0.00 1.06 14.0
2026-09-11T11:42:28+08:00 0.88 0.88 0.00 1.05 22.0
2026-09-11T11:42:38+08:00 0.44 0.44 0.00 1.20 14.0
2026-09-11T11:42:46+08:00 0.20 0.20 0.00 1.10 0.0
2026-09-11T11:42:56+08:00 0.07 0.07 0.00 1.08 0.0
2026-09-11T11:43:06+08:00 0.02 0.02 0.00 1.07 0.0
2026-09-11T11:43:13+08:00 0.01 0.01 0.00 1.06 0.0
2026-09-11T11:43:23+08:00 1.84 1.84 0.00 1.05 0.0
2026-09-11T11:43:33+08:00 0.80 0.80 0.00 1.04 0.0
2026-09-11T11:43:44+08:00 0.35 0.35 0.00 1.03 0.0
2026-09-11T11:43:51+08:00 1.16 1.16 0.00 1.03 0.0
